./scripts/run.sh --test
==> Generating Xcode project from project.yml
⚙️  Generating plists...
⚙️  Generating project...
⚙️  Writing project...
Created project at /Users/michielvh/code/one-b2c/ssm-connect/SSMConnect.xcodeproj
==> Running tests
Command line invocation:
    /Applications/Xcode.app/Contents/Developer/usr/bin/xcodebuild test -project SSMConnect.xcodeproj -scheme SSMConnect -destination platform=macOS,arch=arm64 -derivedDataPath .build/DerivedData -skipPackagePluginValidation

Resolve Package Graph


Resolved source packages:
  swift-system: https://github.com/apple/swift-system.git @ 1.6.4
  aws-crt-swift: https://github.com/awslabs/aws-crt-swift @ 0.61.1
  swift-distributed-tracing: https://github.com/apple/swift-distributed-tracing.git @ 1.4.1
  swift-configuration: https://github.com/apple/swift-configuration.git @ 1.2.0
  swift-certificates: https://github.com/apple/swift-certificates.git @ 1.19.1
  swift-http-types: https://github.com/apple/swift-http-types.git @ 1.6.0
  swift-argument-parser: https://github.com/apple/swift-argument-parser.git @ 1.8.2
  swift-async-algorithms: https://github.com/apple/swift-async-algorithms.git @ 1.1.4
  swift-asn1: https://github.com/apple/swift-asn1.git @ 1.7.0
  swift-nio-extras: https://github.com/apple/swift-nio-extras.git @ 1.34.1
  swift-nio-http2: https://github.com/apple/swift-nio-http2.git @ 1.44.0
  swift-atomics: https://github.com/apple/swift-atomics.git @ 1.3.0
  swift-nio: https://github.com/apple/swift-nio.git @ 2.100.0
  smithy-swift: https://github.com/smithy-lang/smithy-swift @ 0.214.0
  swift-nio-ssl: https://github.com/apple/swift-nio-ssl.git @ 2.37.0
  swift-numerics: https://github.com/apple/swift-numerics.git @ 1.1.1
  swift-collections: https://github.com/apple/swift-collections.git @ 1.5.1
  swift-service-lifecycle: https://github.com/swift-server/swift-service-lifecycle @ 2.11.0
  aws-sdk-swift: https://github.com/awslabs/aws-sdk-swift.git @ 1.7.13
  swift-http-structured-headers: https://github.com/apple/swift-http-structured-headers.git @ 1.7.0
  swift-algorithms: https://github.com/apple/swift-algorithms.git @ 1.2.1
  swift-crypto: https://github.com/apple/swift-crypto.git @ 4.5.0
  swift-service-context: https://github.com/apple/swift-service-context.git @ 1.3.0
  swift-nio-transport-services: https://github.com/apple/swift-nio-transport-services.git @ 1.28.0
  swift-log: https://github.com/apple/swift-log.git @ 1.13.1
  async-http-client: https://github.com/swift-server/async-http-client.git @ 1.34.0

ComputePackagePrebuildTargetDependencyGraph

Prepare packages

Compile plug-in “SmithyCodeGeneratorPlugin” in package “smithy-swift”
[debug]: Compiling plugin to executable at /Users/michielvh/code/one-b2c/ssm-connect/.build/DerivedData/Build/Products/PluginExecutables/SmithyCodeGeneratorPlugin
[debug]: Using compiler /Applications/Xcode.app/Contents/Developer/Toolchains/XcodeDefault.xctoolchain/usr/bin/swiftc
[debug]: Plugin compilation output directory '/Users/michielvh/code/one-b2c/ssm-connect/.build/DerivedData/Build/Products/PluginExecutables'
[debug]: Computed hash of plugin compilation inputs: a8d9cc13799602fc142ae9efeb70a15d60b3b7d34f2e20e3c10fefea42a91bbb


Apply build tool plug-in “SmithyCodeGeneratorPlugin” to target “AWSSSO” in package “aws-sdk-swift”

working directory:
   /Users/michielvh/code/one-b2c/ssm-connect/.build/DerivedData/SourcePackages/checkouts/aws-sdk-swift
tool mapping:
   SmithyCodegenCLI: /${BUILD_DIR}/${CONFIGURATION}/SmithyCodegenCLI
tool search paths:
   /Applications/Xcode.app/Contents/Developer/Toolchains/XcodeDefault.xctoolchain/usr/bin
   /Applications/Xcode.app/Contents/Developer/usr/bin
   /Library/Apple/usr/bin
   /Library/Frameworks/Python.framework/Versions/3.13/bin
   /Library/Frameworks/Python.framework/Versions/3.13/bin
   /System/Cryptexes/App/usr/bin
   /Users/michielvh/.antigravity/antigravity/bin
   /Users/michielvh/.antigravity/antigravity/bin
   /Users/michielvh/.vscode/extensions/ms-python.debugpy-2026.6.0-darwin-arm64/bundled/scripts/noConfigScripts
   /Users/michielvh/.zi/polaris/bin
   /Users/michielvh/.zi/polaris/sbin
   /Users/michielvh/Library/Application Support/Code/User/globalStorage/github.copilot-chat/copilotCli
   /Users/michielvh/Library/Application Support/Code/User/globalStorage/github.copilot-chat/copilotCli
   /Users/michielvh/Library/Application Support/Code/User/globalStorage/github.copilot-chat/debugCommand
   /Users/michielvh/Library/Application Support/Code/User/globalStorage/github.copilot-chat/debugCommand
   /Users/michielvh/go/bin
   /Users/michielvh/go/bin
   /bin
   /opt/homebrew/bin
   /opt/homebrew/sbin
   /opt/pkg/env/active/bin
   /opt/pmk/env/global/bin
   /sbin
   /usr/bin
   /usr/local/bin
   /usr/sbin
   /var/run/com.apple.security.cryptexd/codex.system/bootstrap/usr/appleinternal/bin
   /var/run/com.apple.security.cryptexd/codex.system/bootstrap/usr/bin
   /var/run/com.apple.security.cryptexd/codex.system/bootstrap/usr/local/bin

working directory:
   /Users/michielvh/code/one-b2c/ssm-connect/.build/DerivedData/SourcePackages/checkouts/aws-sdk-swift
tool mapping:
   SmithyCodegenCLI: /${BUILD_DIR}/${CONFIGURATION}/SmithyCodegenCLI
tool search paths:
   /Applications/Xcode.app/Contents/Developer/Toolchains/XcodeDefault.xctoolchain/usr/bin
   /Applications/Xcode.app/Contents/Developer/usr/bin
   /Library/Apple/usr/bin
   /Library/Frameworks/Python.framework/Versions/3.13/bin
   /Library/Frameworks/Python.framework/Versions/3.13/bin
   /System/Cryptexes/App/usr/bin
   /Users/michielvh/.antigravity/antigravity/bin
   /Users/michielvh/.antigravity/antigravity/bin
   /Users/michielvh/.vscode/extensions/ms-python.debugpy-2026.6.0-darwin-arm64/bundled/scripts/noConfigScripts
   /Users/michielvh/.zi/polaris/bin
   /Users/michielvh/.zi/polaris/sbin
   /Users/michielvh/Library/Application Support/Code/User/globalStorage/github.copilot-chat/copilotCli
   /Users/michielvh/Library/Application Support/Code/User/globalStorage/github.copilot-chat/copilotCli
   /Users/michielvh/Library/Application Support/Code/User/globalStorage/github.copilot-chat/debugCommand
   /Users/michielvh/Library/Application Support/Code/User/globalStorage/github.copilot-chat/debugCommand
   /Users/michielvh/go/bin
   /Users/michielvh/go/bin
   /bin
   /opt/homebrew/bin
   /opt/homebrew/sbin
   /opt/pkg/env/active/bin
   /opt/pmk/env/global/bin
   /sbin
   /usr/bin
   /usr/local/bin
   /usr/sbin
   /var/run/com.apple.security.cryptexd/codex.system/bootstrap/usr/appleinternal/bin
   /var/run/com.apple.security.cryptexd/codex.system/bootstrap/usr/bin
   /var/run/com.apple.security.cryptexd/codex.system/bootstrap/usr/local/bin

working directory:
   /Users/michielvh/code/one-b2c/ssm-connect/.build/DerivedData/SourcePackages/checkouts/aws-sdk-swift
tool mapping:
   SmithyCodegenCLI: /${BUILD_DIR}/${CONFIGURATION}/SmithyCodegenCLI
tool search paths:
   /Applications/Xcode.app/Contents/Developer/Toolchains/XcodeDefault.xctoolchain/usr/bin
   /Applications/Xcode.app/Contents/Developer/usr/bin
   /Library/Apple/usr/bin
   /Library/Frameworks/Python.framework/Versions/3.13/bin
   /Library/Frameworks/Python.framework/Versions/3.13/bin
   /System/Cryptexes/App/usr/bin
   /Users/michielvh/.antigravity/antigravity/bin
   /Users/michielvh/.antigravity/antigravity/bin
   /Users/michielvh/.vscode/extensions/ms-python.debugpy-2026.6.0-darwin-arm64/bundled/scripts/noConfigScripts
   /Users/michielvh/.zi/polaris/bin
   /Users/michielvh/.zi/polaris/sbin
   /Users/michielvh/Library/Application Support/Code/User/globalStorage/github.copilot-chat/copilotCli
   /Users/michielvh/Library/Application Support/Code/User/globalStorage/github.copilot-chat/copilotCli
   /Users/michielvh/Library/Application Support/Code/User/globalStorage/github.copilot-chat/debugCommand
   /Users/michielvh/Library/Application Support/Code/User/globalStorage/github.copilot-chat/debugCommand
   /Users/michielvh/go/bin
   /Users/michielvh/go/bin
   /bin
   /opt/homebrew/bin
   /opt/homebrew/sbin
   /opt/pkg/env/active/bin
   /opt/pmk/env/global/bin
   /sbin
   /usr/bin
   /usr/local/bin
   /usr/sbin
   /var/run/com.apple.security.cryptexd/codex.system/bootstrap/usr/appleinternal/bin
   /var/run/com.apple.security.cryptexd/codex.system/bootstrap/usr/bin
   /var/run/com.apple.security.cryptexd/codex.system/bootstrap/usr/local/bin

working directory:
   /Users/michielvh/code/one-b2c/ssm-connect/.build/DerivedData/SourcePackages/checkouts/aws-sdk-swift
tool mapping:
   SmithyCodegenCLI: /${BUILD_DIR}/${CONFIGURATION}/SmithyCodegenCLI
tool search paths:
   /Applications/Xcode.app/Contents/Developer/Toolchains/XcodeDefault.xctoolchain/usr/bin
   /Applications/Xcode.app/Contents/Developer/usr/bin
   /Library/Apple/usr/bin
   /Library/Frameworks/Python.framework/Versions/3.13/bin
   /Library/Frameworks/Python.framework/Versions/3.13/bin
   /System/Cryptexes/App/usr/bin
   /Users/michielvh/.antigravity/antigravity/bin
   /Users/michielvh/.antigravity/antigravity/bin
   /Users/michielvh/.vscode/extensions/ms-python.debugpy-2026.6.0-darwin-arm64/bundled/scripts/noConfigScripts
   /Users/michielvh/.zi/polaris/bin
   /Users/michielvh/.zi/polaris/sbin
   /Users/michielvh/Library/Application Support/Code/User/globalStorage/github.copilot-chat/copilotCli
   /Users/michielvh/Library/Application Support/Code/User/globalStorage/github.copilot-chat/copilotCli
   /Users/michielvh/Library/Application Support/Code/User/globalStorage/github.copilot-chat/debugCommand
   /Users/michielvh/Library/Application Support/Code/User/globalStorage/github.copilot-chat/debugCommand
   /Users/michielvh/go/bin
   /Users/michielvh/go/bin
   /bin
   /opt/homebrew/bin
   /opt/homebrew/sbin
   /opt/pkg/env/active/bin
   /opt/pmk/env/global/bin
   /sbin
   /usr/bin
   /usr/local/bin
   /usr/sbin
   /var/run/com.apple.security.cryptexd/codex.system/bootstrap/usr/appleinternal/bin
   /var/run/com.apple.security.cryptexd/codex.system/bootstrap/usr/bin
   /var/run/com.apple.security.cryptexd/codex.system/bootstrap/usr/local/bin

working directory:
   /Users/michielvh/code/one-b2c/ssm-connect/.build/DerivedData/SourcePackages/checkouts/aws-sdk-swift
tool mapping:
   SmithyCodegenCLI: /${BUILD_DIR}/${CONFIGURATION}/SmithyCodegenCLI
tool search paths:
   /Applications/Xcode.app/Contents/Developer/Toolchains/XcodeDefault.xctoolchain/usr/bin
   /Applications/Xcode.app/Contents/Developer/usr/bin
   /Library/Apple/usr/bin
   /Library/Frameworks/Python.framework/Versions/3.13/bin
   /Library/Frameworks/Python.framework/Versions/3.13/bin
   /System/Cryptexes/App/usr/bin
   /Users/michielvh/.antigravity/antigravity/bin
   /Users/michielvh/.antigravity/antigravity/bin
   /Users/michielvh/.vscode/extensions/ms-python.debugpy-2026.6.0-darwin-arm64/bundled/scripts/noConfigScripts
   /Users/michielvh/.zi/polaris/bin
   /Users/michielvh/.zi/polaris/sbin
   /Users/michielvh/Library/Application Support/Code/User/globalStorage/github.copilot-chat/copilotCli
   /Users/michielvh/Library/Application Support/Code/User/globalStorage/github.copilot-chat/copilotCli
   /Users/michielvh/Library/Application Support/Code/User/globalStorage/github.copilot-chat/debugCommand
   /Users/michielvh/Library/Application Support/Code/User/globalStorage/github.copilot-chat/debugCommand
   /Users/michielvh/go/bin
   /Users/michielvh/go/bin
   /bin
   /opt/homebrew/bin
   /opt/homebrew/sbin
   /opt/pkg/env/active/bin
   /opt/pmk/env/global/bin
   /sbin
   /usr/bin
   /usr/local/bin
   /usr/sbin
   /var/run/com.apple.security.cryptexd/codex.system/bootstrap/usr/appleinternal/bin
   /var/run/com.apple.security.cryptexd/codex.system/bootstrap/usr/bin
   /var/run/com.apple.security.cryptexd/codex.system/bootstrap/usr/local/bin

working directory:
   /Users/michielvh/code/one-b2c/ssm-connect/.build/DerivedData/SourcePackages/checkouts/aws-sdk-swift
tool mapping:
   SmithyCodegenCLI: /${BUILD_DIR}/${CONFIGURATION}/SmithyCodegenCLI
tool search paths:
   /Applications/Xcode.app/Contents/Developer/Toolchains/XcodeDefault.xctoolchain/usr/bin
   /Applications/Xcode.app/Contents/Developer/usr/bin
   /Library/Apple/usr/bin
   /Library/Frameworks/Python.framework/Versions/3.13/bin
   /Library/Frameworks/Python.framework/Versions/3.13/bin
   /System/Cryptexes/App/usr/bin
   /Users/michielvh/.antigravity/antigravity/bin
   /Users/michielvh/.antigravity/antigravity/bin
   /Users/michielvh/.vscode/extensions/ms-python.debugpy-2026.6.0-darwin-arm64/bundled/scripts/noConfigScripts
   /Users/michielvh/.zi/polaris/bin
   /Users/michielvh/.zi/polaris/sbin
   /Users/michielvh/Library/Application Support/Code/User/globalStorage/github.copilot-chat/copilotCli
   /Users/michielvh/Library/Application Support/Code/User/globalStorage/github.copilot-chat/copilotCli
   /Users/michielvh/Library/Application Support/Code/User/globalStorage/github.copilot-chat/debugCommand
   /Users/michielvh/Library/Application Support/Code/User/globalStorage/github.copilot-chat/debugCommand
   /Users/michielvh/go/bin
   /Users/michielvh/go/bin
   /bin
   /opt/homebrew/bin
   /opt/homebrew/sbin
   /opt/pkg/env/active/bin
   /opt/pmk/env/global/bin
   /sbin
   /usr/bin
   /usr/local/bin
   /usr/sbin
   /var/run/com.apple.security.cryptexd/codex.system/bootstrap/usr/appleinternal/bin
   /var/run/com.apple.security.cryptexd/codex.system/bootstrap/usr/bin
   /var/run/com.apple.security.cryptexd/codex.system/bootstrap/usr/local/bin

working directory:
   /Users/michielvh/code/one-b2c/ssm-connect/.build/DerivedData/SourcePackages/checkouts/aws-sdk-swift
tool mapping:
   SmithyCodegenCLI: /${BUILD_DIR}/${CONFIGURATION}/SmithyCodegenCLI
tool search paths:
   /Applications/Xcode.app/Contents/Developer/Toolchains/XcodeDefault.xctoolchain/usr/bin
   /Applications/Xcode.app/Contents/Developer/usr/bin
   /Library/Apple/usr/bin
   /Library/Frameworks/Python.framework/Versions/3.13/bin
   /Library/Frameworks/Python.framework/Versions/3.13/bin
   /System/Cryptexes/App/usr/bin
   /Users/michielvh/.antigravity/antigravity/bin
   /Users/michielvh/.antigravity/antigravity/bin
   /Users/michielvh/.vscode/extensions/ms-python.debugpy-2026.6.0-darwin-arm64/bundled/scripts/noConfigScripts
   /Users/michielvh/.zi/polaris/bin
   /Users/michielvh/.zi/polaris/sbin
   /Users/michielvh/Library/Application Support/Code/User/globalStorage/github.copilot-chat/copilotCli
   /Users/michielvh/Library/Application Support/Code/User/globalStorage/github.copilot-chat/copilotCli
   /Users/michielvh/Library/Application Support/Code/User/globalStorage/github.copilot-chat/debugCommand
   /Users/michielvh/Library/Application Support/Code/User/globalStorage/github.copilot-chat/debugCommand
   /Users/michielvh/go/bin
   /Users/michielvh/go/bin
   /bin
   /opt/homebrew/bin
   /opt/homebrew/sbin
   /opt/pkg/env/active/bin
   /opt/pmk/env/global/bin
   /sbin
   /usr/bin
   /usr/local/bin
   /usr/sbin
   /var/run/com.apple.security.cryptexd/codex.system/bootstrap/usr/appleinternal/bin
   /var/run/com.apple.security.cryptexd/codex.system/bootstrap/usr/bin
   /var/run/com.apple.security.cryptexd/codex.system/bootstrap/usr/local/bin

working directory:
   /Users/michielvh/code/one-b2c/ssm-connect/.build/DerivedData/SourcePackages/checkouts/aws-sdk-swift
tool mapping:
   SmithyCodegenCLI: /${BUILD_DIR}/${CONFIGURATION}/SmithyCodegenCLI
tool search paths:
   /Applications/Xcode.app/Contents/Developer/Toolchains/XcodeDefault.xctoolchain/usr/bin
   /Applications/Xcode.app/Contents/Developer/usr/bin
   /Library/Apple/usr/bin
   /Library/Frameworks/Python.framework/Versions/3.13/bin
   /Library/Frameworks/Python.framework/Versions/3.13/bin
   /System/Cryptexes/App/usr/bin
   /Users/michielvh/.antigravity/antigravity/bin
   /Users/michielvh/.antigravity/antigravity/bin
   /Users/michielvh/.vscode/extensions/ms-python.debugpy-2026.6.0-darwin-arm64/bundled/scripts/noConfigScripts
   /Users/michielvh/.zi/polaris/bin
   /Users/michielvh/.zi/polaris/sbin
   /Users/michielvh/Library/Application Support/Code/User/globalStorage/github.copilot-chat/copilotCli
   /Users/michielvh/Library/Application Support/Code/User/globalStorage/github.copilot-chat/copilotCli
   /Users/michielvh/Library/Application Support/Code/User/globalStorage/github.copilot-chat/debugCommand
   /Users/michielvh/Library/Application Support/Code/User/globalStorage/github.copilot-chat/debugCommand
   /Users/michielvh/go/bin
   /Users/michielvh/go/bin
   /bin
   /opt/homebrew/bin
   /opt/homebrew/sbin
   /opt/pkg/env/active/bin
   /opt/pmk/env/global/bin
   /sbin
   /usr/bin
   /usr/local/bin
   /usr/sbin
   /var/run/com.apple.security.cryptexd/codex.system/bootstrap/usr/appleinternal/bin
   /var/run/com.apple.security.cryptexd/codex.system/bootstrap/usr/bin
   /var/run/com.apple.security.cryptexd/codex.system/bootstrap/usr/local/bin

working directory:
   /Users/michielvh/code/one-b2c/ssm-connect/.build/DerivedData/SourcePackages/checkouts/aws-sdk-swift
tool mapping:
   SmithyCodegenCLI: /${BUILD_DIR}/${CONFIGURATION}/SmithyCodegenCLI
tool search paths:
   /Applications/Xcode.app/Contents/Developer/Toolchains/XcodeDefault.xctoolchain/usr/bin
   /Applications/Xcode.app/Contents/Developer/usr/bin
   /Library/Apple/usr/bin
   /Library/Frameworks/Python.framework/Versions/3.13/bin
   /Library/Frameworks/Python.framework/Versions/3.13/bin
   /System/Cryptexes/App/usr/bin
   /Users/michielvh/.antigravity/antigravity/bin
   /Users/michielvh/.antigravity/antigravity/bin
   /Users/michielvh/.vscode/extensions/ms-python.debugpy-2026.6.0-darwin-arm64/bundled/scripts/noConfigScripts
   /Users/michielvh/.zi/polaris/bin
   /Users/michielvh/.zi/polaris/sbin
   /Users/michielvh/Library/Application Support/Code/User/globalStorage/github.copilot-chat/copilotCli
   /Users/michielvh/Library/Application Support/Code/User/globalStorage/github.copilot-chat/copilotCli
   /Users/michielvh/Library/Application Support/Code/User/globalStorage/github.copilot-chat/debugCommand
   /Users/michielvh/Library/Application Support/Code/User/globalStorage/github.copilot-chat/debugCommand
   /Users/michielvh/go/bin
   /Users/michielvh/go/bin
   /bin
   /opt/homebrew/bin
   /opt/homebrew/sbin
   /opt/pkg/env/active/bin
   /opt/pmk/env/global/bin
   /sbin
   /usr/bin
   /usr/local/bin
   /usr/sbin
   /var/run/com.apple.security.cryptexd/codex.system/bootstrap/usr/appleinternal/bin
   /var/run/com.apple.security.cryptexd/codex.system/bootstrap/usr/bin
   /var/run/com.apple.security.cryptexd/codex.system/bootstrap/usr/local/bin

Process build tool plug-in results
package: <IDESwiftPackageCore.IDESwiftPackageDependency:0x75c215e00 path:'/Users/michielvh/code/one-b2c/ssm-connect/.build/DerivedData/SourcePackages/checkouts/aws-sdk-swift'>
    target: InternalAWSCognitoIdentity
        prebuildCommandOutputPaths: []
        buildCommands: [SwiftPM.SPMCustomBuildCommand(displayName: Optional("Generating Swift source files from model file /Users/michielvh/code/one-b2c/ssm-connect/.build/DerivedData/SourcePackages/checkouts/aws-sdk-swift/codegen/sdk-codegen/aws-models/cognito-identity.json"), executable: "/${BUILD_DIR}/${CONFIGURATION}/SmithyCodegenCLI", arguments: ["com.amazonaws.cognitoidentity#AWSCognitoIdentityService", "/Users/michielvh/code/one-b2c/ssm-connect/.build/DerivedData/SourcePackages/checkouts/aws-sdk-swift/codegen/sdk-codegen/aws-models/cognito-identity.json", "--internal", "true", "--sdk-id", "Cognito Identity", "--schemas-path", "/Users/michielvh/code/one-b2c/ssm-connect/.build/DerivedData/Build/Intermediates.noindex/BuildToolPluginIntermediates/aws-sdk-swift.output/InternalAWSCognitoIdentity/SmithyCodeGeneratorPlugin/InternalAWSCognitoIdentitySchemas.swift", "--serialize-path", "/Users/michielvh/code/one-b2c/ssm-connect/.build/DerivedData/Build/Intermediates.noindex/BuildToolPluginIntermediates/aws-sdk-swift.output/InternalAWSCognitoIdentity/SmithyCodeGeneratorPlugin/InternalAWSCognitoIdentitySerialize.swift", "--deserialize-path", "/Users/michielvh/code/one-b2c/ssm-connect/.build/DerivedData/Build/Intermediates.noindex/BuildToolPluginIntermediates/aws-sdk-swift.output/InternalAWSCognitoIdentity/SmithyCodeGeneratorPlugin/InternalAWSCognitoIdentityDeserialize.swift", "--type-registry-path", "/Users/michielvh/code/one-b2c/ssm-connect/.build/DerivedData/Build/Intermediates.noindex/BuildToolPluginIntermediates/aws-sdk-swift.output/InternalAWSCognitoIdentity/SmithyCodeGeneratorPlugin/InternalAWSCognitoIdentityTypeRegistry.swift", "--operations-path", "/Users/michielvh/code/one-b2c/ssm-connect/.build/DerivedData/Build/Intermediates.noindex/BuildToolPluginIntermediates/aws-sdk-swift.output/InternalAWSCognitoIdentity/SmithyCodeGeneratorPlugin/InternalAWSCognitoIdentityOperations.swift", "--operations", "com.amazonaws.cognitoidentity#GetId,com.amazonaws.cognitoidentity#GetCredentialsForIdentity"], environment: [:], workingDir: nil, inputPaths: [SwiftPM.SPMAbsolutePath(absolutePath: <AbsolutePath:"/Users/michielvh/code/one-b2c/ssm-connect/.build/DerivedData/SourcePackages/checkouts/aws-sdk-swift/Sources/Core/AWSSDKIdentity/InternalClients/InternalAWSCognitoIdentity/Sources/InternalAWSCognitoIdentity/swift-settings.json">), SwiftPM.SPMAbsolutePath(absolutePath: <AbsolutePath:"/Users/michielvh/code/one-b2c/ssm-connect/.build/DerivedData/SourcePackages/checkouts/aws-sdk-swift/codegen/sdk-codegen/aws-models/cognito-identity.json">)], pluginOutputDir: SwiftPM.SPMAbsolutePath(absolutePath: <AbsolutePath:"/Users/michielvh/code/one-b2c/ssm-connect/.build/DerivedData/Build/Intermediates.noindex/BuildToolPluginIntermediates/aws-sdk-swift.output/InternalAWSCognitoIdentity/SmithyCodeGeneratorPlugin">), outputPaths: ["/Users/michielvh/code/one-b2c/ssm-connect/.build/DerivedData/Build/Intermediates.noindex/BuildToolPluginIntermediates/aws-sdk-swift.output/InternalAWSCognitoIdentity/SmithyCodeGeneratorPlugin/InternalAWSCognitoIdentitySchemas.swift", "/Users/michielvh/code/one-b2c/ssm-connect/.build/DerivedData/Build/Intermediates.noindex/BuildToolPluginIntermediates/aws-sdk-swift.output/InternalAWSCognitoIdentity/SmithyCodeGeneratorPlugin/InternalAWSCognitoIdentitySerialize.swift", "/Users/michielvh/code/one-b2c/ssm-connect/.build/DerivedData/Build/Intermediates.noindex/BuildToolPluginIntermediates/aws-sdk-swift.output/InternalAWSCognitoIdentity/SmithyCodeGeneratorPlugin/InternalAWSCognitoIdentityDeserialize.swift", "/Users/michielvh/code/one-b2c/ssm-connect/.build/DerivedData/Build/Intermediates.noindex/BuildToolPluginIntermediates/aws-sdk-swift.output/InternalAWSCognitoIdentity/SmithyCodeGeneratorPlugin/InternalAWSCognitoIdentityTypeRegistry.swift", "/Users/michielvh/code/one-b2c/ssm-connect/.build/DerivedData/Build/Intermediates.noindex/BuildToolPluginIntermediates/aws-sdk-swift.output/InternalAWSCognitoIdentity/SmithyCodeGeneratorPlugin/InternalAWSCognitoIdentityOperations.swift"], sandboxProfile: Optional(SwiftPM.SPMSandboxProfile(strictness: Basics.Sandbox.Strictness.writableTemporaryDirectory, writableDirectories: [<AbsolutePath:"/Users/michielvh/code/one-b2c/ssm-connect/.build/DerivedData/Build/Intermediates.noindex/BuildToolPluginIntermediates/aws-sdk-swift.output/InternalAWSCognitoIdentity/SmithyCodeGeneratorPlugin">], readOnlyDirectories: [<AbsolutePath:"/Users/michielvh/code/one-b2c/ssm-connect/.build/DerivedData/SourcePackages/checkouts/aws-sdk-swift">])))]
        allDerivedOutputPaths: [SwiftPM.SPMAbsolutePath(absolutePath: <AbsolutePath:"/Users/michielvh/code/one-b2c/ssm-connect/.build/DerivedData/Build/Intermediates.noindex/BuildToolPluginIntermediates/aws-sdk-swift.output/InternalAWSCognitoIdentity/SmithyCodeGeneratorPlugin/InternalAWSCognitoIdentitySchemas.swift">), SwiftPM.SPMAbsolutePath(absolutePath: <AbsolutePath:"/Users/michielvh/code/one-b2c/ssm-connect/.build/DerivedData/Build/Intermediates.noindex/BuildToolPluginIntermediates/aws-sdk-swift.output/InternalAWSCognitoIdentity/SmithyCodeGeneratorPlugin/InternalAWSCognitoIdentitySerialize.swift">), SwiftPM.SPMAbsolutePath(absolutePath: <AbsolutePath:"/Users/michielvh/code/one-b2c/ssm-connect/.build/DerivedData/Build/Intermediates.noindex/BuildToolPluginIntermediates/aws-sdk-swift.output/InternalAWSCognitoIdentity/SmithyCodeGeneratorPlugin/InternalAWSCognitoIdentityDeserialize.swift">), SwiftPM.SPMAbsolutePath(absolutePath: <AbsolutePath:"/Users/michielvh/code/one-b2c/ssm-connect/.build/DerivedData/Build/Intermediates.noindex/BuildToolPluginIntermediates/aws-sdk-swift.output/InternalAWSCognitoIdentity/SmithyCodeGeneratorPlugin/InternalAWSCognitoIdentityTypeRegistry.swift">), SwiftPM.SPMAbsolutePath(absolutePath: <AbsolutePath:"/Users/michielvh/code/one-b2c/ssm-connect/.build/DerivedData/Build/Intermediates.noindex/BuildToolPluginIntermediates/aws-sdk-swift.output/InternalAWSCognitoIdentity/SmithyCodeGeneratorPlugin/InternalAWSCognitoIdentityOperations.swift">)]
    target: InternalAWSSSOOIDC
        prebuildCommandOutputPaths: []
        buildCommands: []
        allDerivedOutputPaths: []
    target: AWSSSO
        prebuildCommandOutputPaths: []
        buildCommands: []
        allDerivedOutputPaths: []
    target: AWSSecretsManager
        prebuildCommandOutputPaths: []
        buildCommands: [SwiftPM.SPMCustomBuildCommand(displayName: Optional("Generating Swift source files from model file /Users/michielvh/code/one-b2c/ssm-connect/.build/DerivedData/SourcePackages/checkouts/aws-sdk-swift/codegen/sdk-codegen/aws-models/secrets-manager.json"), executable: "/${BUILD_DIR}/${CONFIGURATION}/SmithyCodegenCLI", arguments: ["com.amazonaws.secretsmanager#secretsmanager", "/Users/michielvh/code/one-b2c/ssm-connect/.build/DerivedData/SourcePackages/checkouts/aws-sdk-swift/codegen/sdk-codegen/aws-models/secrets-manager.json", "--internal", "false", "--sdk-id", "Secrets Manager", "--schemas-path", "/Users/michielvh/code/one-b2c/ssm-connect/.build/DerivedData/Build/Intermediates.noindex/BuildToolPluginIntermediates/aws-sdk-swift.output/AWSSecretsManager/SmithyCodeGeneratorPlugin/AWSSecretsManagerSchemas.swift", "--serialize-path", "/Users/michielvh/code/one-b2c/ssm-connect/.build/DerivedData/Build/Intermediates.noindex/BuildToolPluginIntermediates/aws-sdk-swift.output/AWSSecretsManager/SmithyCodeGeneratorPlugin/AWSSecretsManagerSerialize.swift", "--deserialize-path", "/Users/michielvh/code/one-b2c/ssm-connect/.build/DerivedData/Build/Intermediates.noindex/BuildToolPluginIntermediates/aws-sdk-swift.output/AWSSecretsManager/SmithyCodeGeneratorPlugin/AWSSecretsManagerDeserialize.swift", "--type-registry-path", "/Users/michielvh/code/one-b2c/ssm-connect/.build/DerivedData/Build/Intermediates.noindex/BuildToolPluginIntermediates/aws-sdk-swift.output/AWSSecretsManager/SmithyCodeGeneratorPlugin/AWSSecretsManagerTypeRegistry.swift", "--operations-path", "/Users/michielvh/code/one-b2c/ssm-connect/.build/DerivedData/Build/Intermediates.noindex/BuildToolPluginIntermediates/aws-sdk-swift.output/AWSSecretsManager/SmithyCodeGeneratorPlugin/AWSSecretsManagerOperations.swift"], environment: [:], workingDir: nil, inputPaths: [SwiftPM.SPMAbsolutePath(absolutePath: <AbsolutePath:"/Users/michielvh/code/one-b2c/ssm-connect/.build/DerivedData/SourcePackages/checkouts/aws-sdk-swift/Sources/Services/AWSSecretsManager/Sources/AWSSecretsManager/swift-settings.json">), SwiftPM.SPMAbsolutePath(absolutePath: <AbsolutePath:"/Users/michielvh/code/one-b2c/ssm-connect/.build/DerivedData/SourcePackages/checkouts/aws-sdk-swift/codegen/sdk-codegen/aws-models/secrets-manager.json">)], pluginOutputDir: SwiftPM.SPMAbsolutePath(absolutePath: <AbsolutePath:"/Users/michielvh/code/one-b2c/ssm-connect/.build/DerivedData/Build/Intermediates.noindex/BuildToolPluginIntermediates/aws-sdk-swift.output/AWSSecretsManager/SmithyCodeGeneratorPlugin">), outputPaths: ["/Users/michielvh/code/one-b2c/ssm-connect/.build/DerivedData/Build/Intermediates.noindex/BuildToolPluginIntermediates/aws-sdk-swift.output/AWSSecretsManager/SmithyCodeGeneratorPlugin/AWSSecretsManagerSchemas.swift", "/Users/michielvh/code/one-b2c/ssm-connect/.build/DerivedData/Build/Intermediates.noindex/BuildToolPluginIntermediates/aws-sdk-swift.output/AWSSecretsManager/SmithyCodeGeneratorPlugin/AWSSecretsManagerSerialize.swift", "/Users/michielvh/code/one-b2c/ssm-connect/.build/DerivedData/Build/Intermediates.noindex/BuildToolPluginIntermediates/aws-sdk-swift.output/AWSSecretsManager/SmithyCodeGeneratorPlugin/AWSSecretsManagerDeserialize.swift", "/Users/michielvh/code/one-b2c/ssm-connect/.build/DerivedData/Build/Intermediates.noindex/BuildToolPluginIntermediates/aws-sdk-swift.output/AWSSecretsManager/SmithyCodeGeneratorPlugin/AWSSecretsManagerTypeRegistry.swift", "/Users/michielvh/code/one-b2c/ssm-connect/.build/DerivedData/Build/Intermediates.noindex/BuildToolPluginIntermediates/aws-sdk-swift.output/AWSSecretsManager/SmithyCodeGeneratorPlugin/AWSSecretsManagerOperations.swift"], sandboxProfile: Optional(SwiftPM.SPMSandboxProfile(strictness: Basics.Sandbox.Strictness.writableTemporaryDirectory, writableDirectories: [<AbsolutePath:"/Users/michielvh/code/one-b2c/ssm-connect/.build/DerivedData/Build/Intermediates.noindex/BuildToolPluginIntermediates/aws-sdk-swift.output/AWSSecretsManager/SmithyCodeGeneratorPlugin">], readOnlyDirectories: [<AbsolutePath:"/Users/michielvh/code/one-b2c/ssm-connect/.build/DerivedData/SourcePackages/checkouts/aws-sdk-swift">])))]
        allDerivedOutputPaths: [SwiftPM.SPMAbsolutePath(absolutePath: <AbsolutePath:"/Users/michielvh/code/one-b2c/ssm-connect/.build/DerivedData/Build/Intermediates.noindex/BuildToolPluginIntermediates/aws-sdk-swift.output/AWSSecretsManager/SmithyCodeGeneratorPlugin/AWSSecretsManagerSchemas.swift">), SwiftPM.SPMAbsolutePath(absolutePath: <AbsolutePath:"/Users/michielvh/code/one-b2c/ssm-connect/.build/DerivedData/Build/Intermediates.noindex/BuildToolPluginIntermediates/aws-sdk-swift.output/AWSSecretsManager/SmithyCodeGeneratorPlugin/AWSSecretsManagerSerialize.swift">), SwiftPM.SPMAbsolutePath(absolutePath: <AbsolutePath:"/Users/michielvh/code/one-b2c/ssm-connect/.build/DerivedData/Build/Intermediates.noindex/BuildToolPluginIntermediates/aws-sdk-swift.output/AWSSecretsManager/SmithyCodeGeneratorPlugin/AWSSecretsManagerDeserialize.swift">), SwiftPM.SPMAbsolutePath(absolutePath: <AbsolutePath:"/Users/michielvh/code/one-b2c/ssm-connect/.build/DerivedData/Build/Intermediates.noindex/BuildToolPluginIntermediates/aws-sdk-swift.output/AWSSecretsManager/SmithyCodeGeneratorPlugin/AWSSecretsManagerTypeRegistry.swift">), SwiftPM.SPMAbsolutePath(absolutePath: <AbsolutePath:"/Users/michielvh/code/one-b2c/ssm-connect/.build/DerivedData/Build/Intermediates.noindex/BuildToolPluginIntermediates/aws-sdk-swift.output/AWSSecretsManager/SmithyCodeGeneratorPlugin/AWSSecretsManagerOperations.swift">)]
    target: AWSSSM
        prebuildCommandOutputPaths: []
        buildCommands: [SwiftPM.SPMCustomBuildCommand(displayName: Optional("Generating Swift source files from model file /Users/michielvh/code/one-b2c/ssm-connect/.build/DerivedData/SourcePackages/checkouts/aws-sdk-swift/codegen/sdk-codegen/aws-models/ssm.json"), executable: "/${BUILD_DIR}/${CONFIGURATION}/SmithyCodegenCLI", arguments: ["com.amazonaws.ssm#AmazonSSM", "/Users/michielvh/code/one-b2c/ssm-connect/.build/DerivedData/SourcePackages/checkouts/aws-sdk-swift/codegen/sdk-codegen/aws-models/ssm.json", "--internal", "false", "--sdk-id", "SSM", "--schemas-path", "/Users/michielvh/code/one-b2c/ssm-connect/.build/DerivedData/Build/Intermediates.noindex/BuildToolPluginIntermediates/aws-sdk-swift.output/AWSSSM/SmithyCodeGeneratorPlugin/AWSSSMSchemas.swift", "--serialize-path", "/Users/michielvh/code/one-b2c/ssm-connect/.build/DerivedData/Build/Intermediates.noindex/BuildToolPluginIntermediates/aws-sdk-swift.output/AWSSSM/SmithyCodeGeneratorPlugin/AWSSSMSerialize.swift", "--deserialize-path", "/Users/michielvh/code/one-b2c/ssm-connect/.build/DerivedData/Build/Intermediates.noindex/BuildToolPluginIntermediates/aws-sdk-swift.output/AWSSSM/SmithyCodeGeneratorPlugin/AWSSSMDeserialize.swift", "--type-registry-path", "/Users/michielvh/code/one-b2c/ssm-connect/.build/DerivedData/Build/Intermediates.noindex/BuildToolPluginIntermediates/aws-sdk-swift.output/AWSSSM/SmithyCodeGeneratorPlugin/AWSSSMTypeRegistry.swift", "--operations-path", "/Users/michielvh/code/one-b2c/ssm-connect/.build/DerivedData/Build/Intermediates.noindex/BuildToolPluginIntermediates/aws-sdk-swift.output/AWSSSM/SmithyCodeGeneratorPlugin/AWSSSMOperations.swift"], environment: [:], workingDir: nil, inputPaths: [SwiftPM.SPMAbsolutePath(absolutePath: <AbsolutePath:"/Users/michielvh/code/one-b2c/ssm-connect/.build/DerivedData/SourcePackages/checkouts/aws-sdk-swift/Sources/Services/AWSSSM/Sources/AWSSSM/swift-settings.json">), SwiftPM.SPMAbsolutePath(absolutePath: <AbsolutePath:"/Users/michielvh/code/one-b2c/ssm-connect/.build/DerivedData/SourcePackages/checkouts/aws-sdk-swift/codegen/sdk-codegen/aws-models/ssm.json">)], pluginOutputDir: SwiftPM.SPMAbsolutePath(absolutePath: <AbsolutePath:"/Users/michielvh/code/one-b2c/ssm-connect/.build/DerivedData/Build/Intermediates.noindex/BuildToolPluginIntermediates/aws-sdk-swift.output/AWSSSM/SmithyCodeGeneratorPlugin">), outputPaths: ["/Users/michielvh/code/one-b2c/ssm-connect/.build/DerivedData/Build/Intermediates.noindex/BuildToolPluginIntermediates/aws-sdk-swift.output/AWSSSM/SmithyCodeGeneratorPlugin/AWSSSMSchemas.swift", "/Users/michielvh/code/one-b2c/ssm-connect/.build/DerivedData/Build/Intermediates.noindex/BuildToolPluginIntermediates/aws-sdk-swift.output/AWSSSM/SmithyCodeGeneratorPlugin/AWSSSMSerialize.swift", "/Users/michielvh/code/one-b2c/ssm-connect/.build/DerivedData/Build/Intermediates.noindex/BuildToolPluginIntermediates/aws-sdk-swift.output/AWSSSM/SmithyCodeGeneratorPlugin/AWSSSMDeserialize.swift", "/Users/michielvh/code/one-b2c/ssm-connect/.build/DerivedData/Build/Intermediates.noindex/BuildToolPluginIntermediates/aws-sdk-swift.output/AWSSSM/SmithyCodeGeneratorPlugin/AWSSSMTypeRegistry.swift", "/Users/michielvh/code/one-b2c/ssm-connect/.build/DerivedData/Build/Intermediates.noindex/BuildToolPluginIntermediates/aws-sdk-swift.output/AWSSSM/SmithyCodeGeneratorPlugin/AWSSSMOperations.swift"], sandboxProfile: Optional(SwiftPM.SPMSandboxProfile(strictness: Basics.Sandbox.Strictness.writableTemporaryDirectory, writableDirectories: [<AbsolutePath:"/Users/michielvh/code/one-b2c/ssm-connect/.build/DerivedData/Build/Intermediates.noindex/BuildToolPluginIntermediates/aws-sdk-swift.output/AWSSSM/SmithyCodeGeneratorPlugin">], readOnlyDirectories: [<AbsolutePath:"/Users/michielvh/code/one-b2c/ssm-connect/.build/DerivedData/SourcePackages/checkouts/aws-sdk-swift">])))]
        allDerivedOutputPaths: [SwiftPM.SPMAbsolutePath(absolutePath: <AbsolutePath:"/Users/michielvh/code/one-b2c/ssm-connect/.build/DerivedData/Build/Intermediates.noindex/BuildToolPluginIntermediates/aws-sdk-swift.output/AWSSSM/SmithyCodeGeneratorPlugin/AWSSSMSchemas.swift">), SwiftPM.SPMAbsolutePath(absolutePath: <AbsolutePath:"/Users/michielvh/code/one-b2c/ssm-connect/.build/DerivedData/Build/Intermediates.noindex/BuildToolPluginIntermediates/aws-sdk-swift.output/AWSSSM/SmithyCodeGeneratorPlugin/AWSSSMSerialize.swift">), SwiftPM.SPMAbsolutePath(absolutePath: <AbsolutePath:"/Users/michielvh/code/one-b2c/ssm-connect/.build/DerivedData/Build/Intermediates.noindex/BuildToolPluginIntermediates/aws-sdk-swift.output/AWSSSM/SmithyCodeGeneratorPlugin/AWSSSMDeserialize.swift">), SwiftPM.SPMAbsolutePath(absolutePath: <AbsolutePath:"/Users/michielvh/code/one-b2c/ssm-connect/.build/DerivedData/Build/Intermediates.noindex/BuildToolPluginIntermediates/aws-sdk-swift.output/AWSSSM/SmithyCodeGeneratorPlugin/AWSSSMTypeRegistry.swift">), SwiftPM.SPMAbsolutePath(absolutePath: <AbsolutePath:"/Users/michielvh/code/one-b2c/ssm-connect/.build/DerivedData/Build/Intermediates.noindex/BuildToolPluginIntermediates/aws-sdk-swift.output/AWSSSM/SmithyCodeGeneratorPlugin/AWSSSMOperations.swift">)]
    target: AWSEC2
        prebuildCommandOutputPaths: []
        buildCommands: []
        allDerivedOutputPaths: []
    target: InternalAWSSTS
        prebuildCommandOutputPaths: []
        buildCommands: []
        allDerivedOutputPaths: []
    target: AWSSSOOIDC
        prebuildCommandOutputPaths: []
        buildCommands: []
        allDerivedOutputPaths: []
    target: InternalAWSSSO
        prebuildCommandOutputPaths: []
        buildCommands: []
        allDerivedOutputPaths: []
    target: InternalAWSSignin
        prebuildCommandOutputPaths: []
        buildCommands: []
        allDerivedOutputPaths: []

CreateBuildRequest

SendProjectDescription

CreateBuildOperation

ComputeTargetDependencyGraph
note: Building targets in dependency order
note: Target dependency graph (95 targets)
    Target 'SSMConnectTests' in project 'SSMConnect'
        ➜ Explicit dependency on target 'SSMConnect' in project 'SSMConnect'
    Target 'SSMConnect' in project 'SSMConnect'
        ➜ Explicit dependency on target 'AWSSSOOIDC' in project 'aws-sdk-swift'
        ➜ Explicit dependency on target 'AWSSSO' in project 'aws-sdk-swift'
        ➜ Explicit dependency on target 'AWSEC2' in project 'aws-sdk-swift'
        ➜ Explicit dependency on target 'AWSSSM' in project 'aws-sdk-swift'
        ➜ Explicit dependency on target 'AWSSecretsManager' in project 'aws-sdk-swift'
    Target 'AWSSecretsManager' in project 'aws-sdk-swift'
        ➜ Explicit dependency on target 'AWSSecretsManager' in project 'aws-sdk-swift'
        ➜ Explicit dependency on target 'AWSSDKCommon' in project 'aws-sdk-swift'
        ➜ Explicit dependency on target 'AWSSDKIdentityAPI' in project 'aws-sdk-swift'
        ➜ Explicit dependency on target 'AWSSDKChecksums' in project 'aws-sdk-swift'
        ➜ Explicit dependency on target 'AWSSDKHTTPAuth' in project 'aws-sdk-swift'
        ➜ Explicit dependency on target 'AWSSDKDynamic' in project 'aws-sdk-swift'
        ➜ Explicit dependency on target 'AWSClientRuntime' in project 'aws-sdk-swift'
        ➜ Explicit dependency on target 'SmithyCodeGeneratorPlugin' in project 'smithy-swift'
        ➜ Explicit dependency on target 'InternalAWSCognitoIdentity' in project 'aws-sdk-swift'
        ➜ Explicit dependency on target 'InternalAWSSSO' in project 'aws-sdk-swift'
        ➜ Explicit dependency on target 'InternalAWSSSOOIDC' in project 'aws-sdk-swift'
        ➜ Explicit dependency on target 'InternalAWSSTS' in project 'aws-sdk-swift'
        ➜ Explicit dependency on target 'InternalAWSSignin' in project 'aws-sdk-swift'
        ➜ Explicit dependency on target 'AWSSDKIdentity' in project 'aws-sdk-swift'
        ➜ Explicit dependency on target 'AwsCommonRuntimeKit' in project 'aws-crt-swift'
        ➜ Explicit dependency on target 'Smithy' in project 'smithy-swift'
        ➜ Explicit dependency on target 'SmithyIdentityAPI' in project 'smithy-swift'
        ➜ Explicit dependency on target 'SmithyChecksums' in project 'smithy-swift'
        ➜ Explicit dependency on target 'SmithyHTTPAPI' in project 'smithy-swift'
        ➜ Explicit dependency on target 'SmithyHTTPAuth' in project 'smithy-swift'
        ➜ Explicit dependency on target 'ClientRuntime' in project 'smithy-swift'
        ➜ Explicit dependency on target 'SmithyIdentity' in project 'smithy-swift'
        ➜ Explicit dependency on target 'SmithyRetriesAPI' in project 'smithy-swift'
        ➜ Explicit dependency on target 'SmithyRetries' in project 'smithy-swift'
        ➜ Explicit dependency on target 'SmithyTimestamps' in project 'smithy-swift'
        ➜ Explicit dependency on target 'SmithyAWSJSON' in project 'smithy-swift'
        ➜ Explicit dependency on target 'SmithyHTTPAuthAPI' in project 'smithy-swift'
        ➜ Explicit dependency on target 'SmithyJSON' in project 'smithy-swift'
        ➜ Explicit dependency on target 'SmithyReadWrite' in project 'smithy-swift'
        ➜ Explicit dependency on target 'SmithyFormURL' in project 'smithy-swift'
        ➜ Explicit dependency on target 'SmithyXML' in project 'smithy-swift'
    Target 'AWSSecretsManager' in project 'aws-sdk-swift'
        ➜ Explicit dependency on target 'AWSSDKCommon' in project 'aws-sdk-swift'
        ➜ Explicit dependency on target 'AWSSDKIdentityAPI' in project 'aws-sdk-swift'
        ➜ Explicit dependency on target 'AWSSDKChecksums' in project 'aws-sdk-swift'
        ➜ Explicit dependency on target 'AWSSDKHTTPAuth' in project 'aws-sdk-swift'
        ➜ Explicit dependency on target 'AWSSDKDynamic' in project 'aws-sdk-swift'
        ➜ Explicit dependency on target 'AWSClientRuntime' in project 'aws-sdk-swift'
        ➜ Explicit dependency on target 'SmithyCodeGeneratorPlugin' in project 'smithy-swift'
        ➜ Explicit dependency on target 'InternalAWSCognitoIdentity' in project 'aws-sdk-swift'
        ➜ Explicit dependency on target 'InternalAWSSSO' in project 'aws-sdk-swift'
        ➜ Explicit dependency on target 'InternalAWSSSOOIDC' in project 'aws-sdk-swift'
        ➜ Explicit dependency on target 'InternalAWSSTS' in project 'aws-sdk-swift'
        ➜ Explicit dependency on target 'InternalAWSSignin' in project 'aws-sdk-swift'
        ➜ Explicit dependency on target 'AWSSDKIdentity' in project 'aws-sdk-swift'
        ➜ Explicit dependency on target 'AwsCommonRuntimeKit' in project 'aws-crt-swift'
        ➜ Explicit dependency on target 'Smithy' in project 'smithy-swift'
        ➜ Explicit dependency on target 'SmithyIdentityAPI' in project 'smithy-swift'
        ➜ Explicit dependency on target 'SmithyChecksums' in project 'smithy-swift'
        ➜ Explicit dependency on target 'SmithyHTTPAPI' in project 'smithy-swift'
        ➜ Explicit dependency on target 'SmithyHTTPAuth' in project 'smithy-swift'
        ➜ Explicit dependency on target 'ClientRuntime' in project 'smithy-swift'
        ➜ Explicit dependency on target 'SmithyIdentity' in project 'smithy-swift'
        ➜ Explicit dependency on target 'SmithyRetriesAPI' in project 'smithy-swift'
        ➜ Explicit dependency on target 'SmithyRetries' in project 'smithy-swift'
        ➜ Explicit dependency on target 'SmithyTimestamps' in project 'smithy-swift'
        ➜ Explicit dependency on target 'SmithyAWSJSON' in project 'smithy-swift'
        ➜ Explicit dependency on target 'SmithyHTTPAuthAPI' in project 'smithy-swift'
        ➜ Explicit dependency on target 'SmithyJSON' in project 'smithy-swift'
        ➜ Explicit dependency on target 'SmithyReadWrite' in project 'smithy-swift'
        ➜ Explicit dependency on target 'SmithyFormURL' in project 'smithy-swift'
        ➜ Explicit dependency on target 'SmithyXML' in project 'smithy-swift'
    Target 'AWSSSM' in project 'aws-sdk-swift'
        ➜ Explicit dependency on target 'AWSSSM' in project 'aws-sdk-swift'
        ➜ Explicit dependency on target 'AWSSDKCommon' in project 'aws-sdk-swift'
        ➜ Explicit dependency on target 'AWSSDKIdentityAPI' in project 'aws-sdk-swift'
        ➜ Explicit dependency on target 'AWSSDKChecksums' in project 'aws-sdk-swift'
        ➜ Explicit dependency on target 'AWSSDKHTTPAuth' in project 'aws-sdk-swift'
        ➜ Explicit dependency on target 'AWSSDKDynamic' in project 'aws-sdk-swift'
        ➜ Explicit dependency on target 'AWSClientRuntime' in project 'aws-sdk-swift'
        ➜ Explicit dependency on target 'SmithyCodeGeneratorPlugin' in project 'smithy-swift'
        ➜ Explicit dependency on target 'InternalAWSCognitoIdentity' in project 'aws-sdk-swift'
        ➜ Explicit dependency on target 'InternalAWSSSO' in project 'aws-sdk-swift'
        ➜ Explicit dependency on target 'InternalAWSSSOOIDC' in project 'aws-sdk-swift'
        ➜ Explicit dependency on target 'InternalAWSSTS' in project 'aws-sdk-swift'
        ➜ Explicit dependency on target 'InternalAWSSignin' in project 'aws-sdk-swift'
        ➜ Explicit dependency on target 'AWSSDKIdentity' in project 'aws-sdk-swift'
        ➜ Explicit dependency on target 'AwsCommonRuntimeKit' in project 'aws-crt-swift'
        ➜ Explicit dependency on target 'Smithy' in project 'smithy-swift'
        ➜ Explicit dependency on target 'SmithyIdentityAPI' in project 'smithy-swift'
        ➜ Explicit dependency on target 'SmithyChecksums' in project 'smithy-swift'
        ➜ Explicit dependency on target 'SmithyHTTPAPI' in project 'smithy-swift'
        ➜ Explicit dependency on target 'SmithyHTTPAuth' in project 'smithy-swift'
        ➜ Explicit dependency on target 'ClientRuntime' in project 'smithy-swift'
        ➜ Explicit dependency on target 'SmithyIdentity' in project 'smithy-swift'
        ➜ Explicit dependency on target 'SmithyRetriesAPI' in project 'smithy-swift'
        ➜ Explicit dependency on target 'SmithyRetries' in project 'smithy-swift'
        ➜ Explicit dependency on target 'SmithyTimestamps' in project 'smithy-swift'
        ➜ Explicit dependency on target 'SmithyAWSJSON' in project 'smithy-swift'
        ➜ Explicit dependency on target 'SmithyHTTPAuthAPI' in project 'smithy-swift'
        ➜ Explicit dependency on target 'SmithyJSON' in project 'smithy-swift'
        ➜ Explicit dependency on target 'SmithyReadWrite' in project 'smithy-swift'
        ➜ Explicit dependency on target 'SmithyFormURL' in project 'smithy-swift'
        ➜ Explicit dependency on target 'SmithyXML' in project 'smithy-swift'
        ➜ Explicit dependency on target 'SmithyWaitersAPI' in project 'smithy-swift'
    Target 'AWSSSM' in project 'aws-sdk-swift'
        ➜ Explicit dependency on target 'AWSSDKCommon' in project 'aws-sdk-swift'
        ➜ Explicit dependency on target 'AWSSDKIdentityAPI' in project 'aws-sdk-swift'
        ➜ Explicit dependency on target 'AWSSDKChecksums' in project 'aws-sdk-swift'
        ➜ Explicit dependency on target 'AWSSDKHTTPAuth' in project 'aws-sdk-swift'
        ➜ Explicit dependency on target 'AWSSDKDynamic' in project 'aws-sdk-swift'
        ➜ Explicit dependency on target 'AWSClientRuntime' in project 'aws-sdk-swift'
        ➜ Explicit dependency on target 'SmithyCodeGeneratorPlugin' in project 'smithy-swift'
        ➜ Explicit dependency on target 'InternalAWSCognitoIdentity' in project 'aws-sdk-swift'
        ➜ Explicit dependency on target 'InternalAWSSSO' in project 'aws-sdk-swift'
        ➜ Explicit dependency on target 'InternalAWSSSOOIDC' in project 'aws-sdk-swift'
        ➜ Explicit dependency on target 'InternalAWSSTS' in project 'aws-sdk-swift'
        ➜ Explicit dependency on target 'InternalAWSSignin' in project 'aws-sdk-swift'
        ➜ Explicit dependency on target 'AWSSDKIdentity' in project 'aws-sdk-swift'
        ➜ Explicit dependency on target 'AwsCommonRuntimeKit' in project 'aws-crt-swift'
        ➜ Explicit dependency on target 'Smithy' in project 'smithy-swift'
        ➜ Explicit dependency on target 'SmithyIdentityAPI' in project 'smithy-swift'
        ➜ Explicit dependency on target 'SmithyChecksums' in project 'smithy-swift'
        ➜ Explicit dependency on target 'SmithyHTTPAPI' in project 'smithy-swift'
        ➜ Explicit dependency on target 'SmithyHTTPAuth' in project 'smithy-swift'
        ➜ Explicit dependency on target 'ClientRuntime' in project 'smithy-swift'
        ➜ Explicit dependency on target 'SmithyIdentity' in project 'smithy-swift'
        ➜ Explicit dependency on target 'SmithyRetriesAPI' in project 'smithy-swift'
        ➜ Explicit dependency on target 'SmithyRetries' in project 'smithy-swift'
        ➜ Explicit dependency on target 'SmithyTimestamps' in project 'smithy-swift'
        ➜ Explicit dependency on target 'SmithyAWSJSON' in project 'smithy-swift'
        ➜ Explicit dependency on target 'SmithyHTTPAuthAPI' in project 'smithy-swift'
        ➜ Explicit dependency on target 'SmithyJSON' in project 'smithy-swift'
        ➜ Explicit dependency on target 'SmithyReadWrite' in project 'smithy-swift'
        ➜ Explicit dependency on target 'SmithyFormURL' in project 'smithy-swift'
        ➜ Explicit dependency on target 'SmithyXML' in project 'smithy-swift'
        ➜ Explicit dependency on target 'SmithyWaitersAPI' in project 'smithy-swift'
    Target 'AWSEC2' in project 'aws-sdk-swift'
        ➜ Explicit dependency on target 'AWSEC2' in project 'aws-sdk-swift'
        ➜ Explicit dependency on target 'AWSSDKCommon' in project 'aws-sdk-swift'
        ➜ Explicit dependency on target 'AWSSDKIdentityAPI' in project 'aws-sdk-swift'
        ➜ Explicit dependency on target 'AWSSDKChecksums' in project 'aws-sdk-swift'
        ➜ Explicit dependency on target 'AWSSDKHTTPAuth' in project 'aws-sdk-swift'
        ➜ Explicit dependency on target 'AWSSDKDynamic' in project 'aws-sdk-swift'
        ➜ Explicit dependency on target 'AWSClientRuntime' in project 'aws-sdk-swift'
        ➜ Explicit dependency on target 'SmithyCodeGeneratorPlugin' in project 'smithy-swift'
        ➜ Explicit dependency on target 'InternalAWSCognitoIdentity' in project 'aws-sdk-swift'
        ➜ Explicit dependency on target 'InternalAWSSSO' in project 'aws-sdk-swift'
        ➜ Explicit dependency on target 'InternalAWSSSOOIDC' in project 'aws-sdk-swift'
        ➜ Explicit dependency on target 'InternalAWSSTS' in project 'aws-sdk-swift'
        ➜ Explicit dependency on target 'InternalAWSSignin' in project 'aws-sdk-swift'
        ➜ Explicit dependency on target 'AWSSDKIdentity' in project 'aws-sdk-swift'
        ➜ Explicit dependency on target 'AwsCommonRuntimeKit' in project 'aws-crt-swift'
        ➜ Explicit dependency on target 'Smithy' in project 'smithy-swift'
        ➜ Explicit dependency on target 'SmithyIdentityAPI' in project 'smithy-swift'
        ➜ Explicit dependency on target 'SmithyChecksums' in project 'smithy-swift'
        ➜ Explicit dependency on target 'SmithyHTTPAPI' in project 'smithy-swift'
        ➜ Explicit dependency on target 'SmithyHTTPAuth' in project 'smithy-swift'
        ➜ Explicit dependency on target 'ClientRuntime' in project 'smithy-swift'
        ➜ Explicit dependency on target 'SmithyIdentity' in project 'smithy-swift'
        ➜ Explicit dependency on target 'SmithyRetriesAPI' in project 'smithy-swift'
        ➜ Explicit dependency on target 'SmithyRetries' in project 'smithy-swift'
        ➜ Explicit dependency on target 'SmithyTimestamps' in project 'smithy-swift'
        ➜ Explicit dependency on target 'SmithyAWSJSON' in project 'smithy-swift'
        ➜ Explicit dependency on target 'SmithyHTTPAuthAPI' in project 'smithy-swift'
        ➜ Explicit dependency on target 'SmithyJSON' in project 'smithy-swift'
        ➜ Explicit dependency on target 'SmithyReadWrite' in project 'smithy-swift'
        ➜ Explicit dependency on target 'SmithyFormURL' in project 'smithy-swift'
        ➜ Explicit dependency on target 'SmithyXML' in project 'smithy-swift'
        ➜ Explicit dependency on target 'SmithyWaitersAPI' in project 'smithy-swift'
    Target 'AWSEC2' in project 'aws-sdk-swift'
        ➜ Explicit dependency on target 'AWSSDKCommon' in project 'aws-sdk-swift'
        ➜ Explicit dependency on target 'AWSSDKIdentityAPI' in project 'aws-sdk-swift'
        ➜ Explicit dependency on target 'AWSSDKChecksums' in project 'aws-sdk-swift'
        ➜ Explicit dependency on target 'AWSSDKHTTPAuth' in project 'aws-sdk-swift'
        ➜ Explicit dependency on target 'AWSSDKDynamic' in project 'aws-sdk-swift'
        ➜ Explicit dependency on target 'AWSClientRuntime' in project 'aws-sdk-swift'
        ➜ Explicit dependency on target 'SmithyCodeGeneratorPlugin' in project 'smithy-swift'
        ➜ Explicit dependency on target 'InternalAWSCognitoIdentity' in project 'aws-sdk-swift'
        ➜ Explicit dependency on target 'InternalAWSSSO' in project 'aws-sdk-swift'
        ➜ Explicit dependency on target 'InternalAWSSSOOIDC' in project 'aws-sdk-swift'
        ➜ Explicit dependency on target 'InternalAWSSTS' in project 'aws-sdk-swift'
        ➜ Explicit dependency on target 'InternalAWSSignin' in project 'aws-sdk-swift'
        ➜ Explicit dependency on target 'AWSSDKIdentity' in project 'aws-sdk-swift'
        ➜ Explicit dependency on target 'AwsCommonRuntimeKit' in project 'aws-crt-swift'
        ➜ Explicit dependency on target 'Smithy' in project 'smithy-swift'
        ➜ Explicit dependency on target 'SmithyIdentityAPI' in project 'smithy-swift'
        ➜ Explicit dependency on target 'SmithyChecksums' in project 'smithy-swift'
        ➜ Explicit dependency on target 'SmithyHTTPAPI' in project 'smithy-swift'
        ➜ Explicit dependency on target 'SmithyHTTPAuth' in project 'smithy-swift'
        ➜ Explicit dependency on target 'ClientRuntime' in project 'smithy-swift'
        ➜ Explicit dependency on target 'SmithyIdentity' in project 'smithy-swift'
        ➜ Explicit dependency on target 'SmithyRetriesAPI' in project 'smithy-swift'
        ➜ Explicit dependency on target 'SmithyRetries' in project 'smithy-swift'
        ➜ Explicit dependency on target 'SmithyTimestamps' in project 'smithy-swift'
        ➜ Explicit dependency on target 'SmithyAWSJSON' in project 'smithy-swift'
        ➜ Explicit dependency on target 'SmithyHTTPAuthAPI' in project 'smithy-swift'
        ➜ Explicit dependency on target 'SmithyJSON' in project 'smithy-swift'
        ➜ Explicit dependency on target 'SmithyReadWrite' in project 'smithy-swift'
        ➜ Explicit dependency on target 'SmithyFormURL' in project 'smithy-swift'
        ➜ Explicit dependency on target 'SmithyXML' in project 'smithy-swift'
        ➜ Explicit dependency on target 'SmithyWaitersAPI' in project 'smithy-swift'
    Target 'SmithyWaitersAPI' in project 'smithy-swift'
        ➜ Explicit dependency on target 'SmithyWaitersAPI' in project 'smithy-swift'
    Target 'SmithyWaitersAPI' in project 'smithy-swift' (no dependencies)
    Target 'AWSSSO' in project 'aws-sdk-swift'
        ➜ Explicit dependency on target 'AWSSSO' in project 'aws-sdk-swift'
        ➜ Explicit dependency on target 'AWSSDKCommon' in project 'aws-sdk-swift'
        ➜ Explicit dependency on target 'AWSSDKIdentityAPI' in project 'aws-sdk-swift'
        ➜ Explicit dependency on target 'AWSSDKChecksums' in project 'aws-sdk-swift'
        ➜ Explicit dependency on target 'AWSSDKHTTPAuth' in project 'aws-sdk-swift'
        ➜ Explicit dependency on target 'AWSSDKDynamic' in project 'aws-sdk-swift'
        ➜ Explicit dependency on target 'AWSClientRuntime' in project 'aws-sdk-swift'
        ➜ Explicit dependency on target 'SmithyCodeGeneratorPlugin' in project 'smithy-swift'
        ➜ Explicit dependency on target 'InternalAWSCognitoIdentity' in project 'aws-sdk-swift'
        ➜ Explicit dependency on target 'InternalAWSSSO' in project 'aws-sdk-swift'
        ➜ Explicit dependency on target 'InternalAWSSSOOIDC' in project 'aws-sdk-swift'
        ➜ Explicit dependency on target 'InternalAWSSTS' in project 'aws-sdk-swift'
        ➜ Explicit dependency on target 'InternalAWSSignin' in project 'aws-sdk-swift'
        ➜ Explicit dependency on target 'AWSSDKIdentity' in project 'aws-sdk-swift'
        ➜ Explicit dependency on target 'AwsCommonRuntimeKit' in project 'aws-crt-swift'
        ➜ Explicit dependency on target 'Smithy' in project 'smithy-swift'
        ➜ Explicit dependency on target 'SmithyIdentityAPI' in project 'smithy-swift'
        ➜ Explicit dependency on target 'SmithyChecksums' in project 'smithy-swift'
        ➜ Explicit dependency on target 'SmithyHTTPAPI' in project 'smithy-swift'
        ➜ Explicit dependency on target 'SmithyHTTPAuth' in project 'smithy-swift'
        ➜ Explicit dependency on target 'ClientRuntime' in project 'smithy-swift'
        ➜ Explicit dependency on target 'SmithyIdentity' in project 'smithy-swift'
        ➜ Explicit dependency on target 'SmithyRetriesAPI' in project 'smithy-swift'
        ➜ Explicit dependency on target 'SmithyRetries' in project 'smithy-swift'
        ➜ Explicit dependency on target 'SmithyTimestamps' in project 'smithy-swift'
        ➜ Explicit dependency on target 'SmithyAWSJSON' in project 'smithy-swift'
        ➜ Explicit dependency on target 'SmithyHTTPAuthAPI' in project 'smithy-swift'
        ➜ Explicit dependency on target 'SmithyJSON' in project 'smithy-swift'
        ➜ Explicit dependency on target 'SmithyReadWrite' in project 'smithy-swift'
        ➜ Explicit dependency on target 'SmithyFormURL' in project 'smithy-swift'
        ➜ Explicit dependency on target 'SmithyXML' in project 'smithy-swift'
    Target 'AWSSSO' in project 'aws-sdk-swift'
        ➜ Explicit dependency on target 'AWSSDKCommon' in project 'aws-sdk-swift'
        ➜ Explicit dependency on target 'AWSSDKIdentityAPI' in project 'aws-sdk-swift'
        ➜ Explicit dependency on target 'AWSSDKChecksums' in project 'aws-sdk-swift'
        ➜ Explicit dependency on target 'AWSSDKHTTPAuth' in project 'aws-sdk-swift'
        ➜ Explicit dependency on target 'AWSSDKDynamic' in project 'aws-sdk-swift'
        ➜ Explicit dependency on target 'AWSClientRuntime' in project 'aws-sdk-swift'
        ➜ Explicit dependency on target 'SmithyCodeGeneratorPlugin' in project 'smithy-swift'
        ➜ Explicit dependency on target 'InternalAWSCognitoIdentity' in project 'aws-sdk-swift'
        ➜ Explicit dependency on target 'InternalAWSSSO' in project 'aws-sdk-swift'
        ➜ Explicit dependency on target 'InternalAWSSSOOIDC' in project 'aws-sdk-swift'
        ➜ Explicit dependency on target 'InternalAWSSTS' in project 'aws-sdk-swift'
        ➜ Explicit dependency on target 'InternalAWSSignin' in project 'aws-sdk-swift'
        ➜ Explicit dependency on target 'AWSSDKIdentity' in project 'aws-sdk-swift'
        ➜ Explicit dependency on target 'AwsCommonRuntimeKit' in project 'aws-crt-swift'
        ➜ Explicit dependency on target 'Smithy' in project 'smithy-swift'
        ➜ Explicit dependency on target 'SmithyIdentityAPI' in project 'smithy-swift'
        ➜ Explicit dependency on target 'SmithyChecksums' in project 'smithy-swift'
        ➜ Explicit dependency on target 'SmithyHTTPAPI' in project 'smithy-swift'
        ➜ Explicit dependency on target 'SmithyHTTPAuth' in project 'smithy-swift'
        ➜ Explicit dependency on target 'ClientRuntime' in project 'smithy-swift'
        ➜ Explicit dependency on target 'SmithyIdentity' in project 'smithy-swift'
        ➜ Explicit dependency on target 'SmithyRetriesAPI' in project 'smithy-swift'
        ➜ Explicit dependency on target 'SmithyRetries' in project 'smithy-swift'
        ➜ Explicit dependency on target 'SmithyTimestamps' in project 'smithy-swift'
        ➜ Explicit dependency on target 'SmithyAWSJSON' in project 'smithy-swift'
        ➜ Explicit dependency on target 'SmithyHTTPAuthAPI' in project 'smithy-swift'
        ➜ Explicit dependency on target 'SmithyJSON' in project 'smithy-swift'
        ➜ Explicit dependency on target 'SmithyReadWrite' in project 'smithy-swift'
        ➜ Explicit dependency on target 'SmithyFormURL' in project 'smithy-swift'
        ➜ Explicit dependency on target 'SmithyXML' in project 'smithy-swift'
    Target 'AWSSSOOIDC' in project 'aws-sdk-swift'
        ➜ Explicit dependency on target 'AWSSSOOIDC' in project 'aws-sdk-swift'
        ➜ Explicit dependency on target 'AWSSDKCommon' in project 'aws-sdk-swift'
        ➜ Explicit dependency on target 'AWSSDKIdentityAPI' in project 'aws-sdk-swift'
        ➜ Explicit dependency on target 'AWSSDKChecksums' in project 'aws-sdk-swift'
        ➜ Explicit dependency on target 'AWSSDKHTTPAuth' in project 'aws-sdk-swift'
        ➜ Explicit dependency on target 'AWSSDKDynamic' in project 'aws-sdk-swift'
        ➜ Explicit dependency on target 'AWSClientRuntime' in project 'aws-sdk-swift'
        ➜ Explicit dependency on target 'SmithyCodeGeneratorPlugin' in project 'smithy-swift'
        ➜ Explicit dependency on target 'InternalAWSCognitoIdentity' in project 'aws-sdk-swift'
        ➜ Explicit dependency on target 'InternalAWSSSO' in project 'aws-sdk-swift'
        ➜ Explicit dependency on target 'InternalAWSSSOOIDC' in project 'aws-sdk-swift'
        ➜ Explicit dependency on target 'InternalAWSSTS' in project 'aws-sdk-swift'
        ➜ Explicit dependency on target 'InternalAWSSignin' in project 'aws-sdk-swift'
        ➜ Explicit dependency on target 'AWSSDKIdentity' in project 'aws-sdk-swift'
        ➜ Explicit dependency on target 'AwsCommonRuntimeKit' in project 'aws-crt-swift'
        ➜ Explicit dependency on target 'Smithy' in project 'smithy-swift'
        ➜ Explicit dependency on target 'SmithyIdentityAPI' in project 'smithy-swift'
        ➜ Explicit dependency on target 'SmithyChecksums' in project 'smithy-swift'
        ➜ Explicit dependency on target 'SmithyHTTPAPI' in project 'smithy-swift'
        ➜ Explicit dependency on target 'SmithyHTTPAuth' in project 'smithy-swift'
        ➜ Explicit dependency on target 'ClientRuntime' in project 'smithy-swift'
        ➜ Explicit dependency on target 'SmithyIdentity' in project 'smithy-swift'
        ➜ Explicit dependency on target 'SmithyRetriesAPI' in project 'smithy-swift'
        ➜ Explicit dependency on target 'SmithyRetries' in project 'smithy-swift'
        ➜ Explicit dependency on target 'SmithyTimestamps' in project 'smithy-swift'
        ➜ Explicit dependency on target 'SmithyAWSJSON' in project 'smithy-swift'
        ➜ Explicit dependency on target 'SmithyHTTPAuthAPI' in project 'smithy-swift'
        ➜ Explicit dependency on target 'SmithyJSON' in project 'smithy-swift'
        ➜ Explicit dependency on target 'SmithyReadWrite' in project 'smithy-swift'
        ➜ Explicit dependency on target 'SmithyFormURL' in project 'smithy-swift'
        ➜ Explicit dependency on target 'SmithyXML' in project 'smithy-swift'
    Target 'AWSSSOOIDC' in project 'aws-sdk-swift'
        ➜ Explicit dependency on target 'AWSSDKCommon' in project 'aws-sdk-swift'
        ➜ Explicit dependency on target 'AWSSDKIdentityAPI' in project 'aws-sdk-swift'
        ➜ Explicit dependency on target 'AWSSDKChecksums' in project 'aws-sdk-swift'
        ➜ Explicit dependency on target 'AWSSDKHTTPAuth' in project 'aws-sdk-swift'
        ➜ Explicit dependency on target 'AWSSDKDynamic' in project 'aws-sdk-swift'
        ➜ Explicit dependency on target 'AWSClientRuntime' in project 'aws-sdk-swift'
        ➜ Explicit dependency on target 'SmithyCodeGeneratorPlugin' in project 'smithy-swift'
        ➜ Explicit dependency on target 'InternalAWSCognitoIdentity' in project 'aws-sdk-swift'
        ➜ Explicit dependency on target 'InternalAWSSSO' in project 'aws-sdk-swift'
        ➜ Explicit dependency on target 'InternalAWSSSOOIDC' in project 'aws-sdk-swift'
        ➜ Explicit dependency on target 'InternalAWSSTS' in project 'aws-sdk-swift'
        ➜ Explicit dependency on target 'InternalAWSSignin' in project 'aws-sdk-swift'
        ➜ Explicit dependency on target 'AWSSDKIdentity' in project 'aws-sdk-swift'
        ➜ Explicit dependency on target 'AwsCommonRuntimeKit' in project 'aws-crt-swift'
        ➜ Explicit dependency on target 'Smithy' in project 'smithy-swift'
        ➜ Explicit dependency on target 'SmithyIdentityAPI' in project 'smithy-swift'
        ➜ Explicit dependency on target 'SmithyChecksums' in project 'smithy-swift'
        ➜ Explicit dependency on target 'SmithyHTTPAPI' in project 'smithy-swift'
        ➜ Explicit dependency on target 'SmithyHTTPAuth' in project 'smithy-swift'
        ➜ Explicit dependency on target 'ClientRuntime' in project 'smithy-swift'
        ➜ Explicit dependency on target 'SmithyIdentity' in project 'smithy-swift'
        ➜ Explicit dependency on target 'SmithyRetriesAPI' in project 'smithy-swift'
        ➜ Explicit dependency on target 'SmithyRetries' in project 'smithy-swift'
        ➜ Explicit dependency on target 'SmithyTimestamps' in project 'smithy-swift'
        ➜ Explicit dependency on target 'SmithyAWSJSON' in project 'smithy-swift'
        ➜ Explicit dependency on target 'SmithyHTTPAuthAPI' in project 'smithy-swift'
        ➜ Explicit dependency on target 'SmithyJSON' in project 'smithy-swift'
        ➜ Explicit dependency on target 'SmithyReadWrite' in project 'smithy-swift'
        ➜ Explicit dependency on target 'SmithyFormURL' in project 'smithy-swift'
        ➜ Explicit dependency on target 'SmithyXML' in project 'smithy-swift'
    Target 'AWSSDKIdentity' in project 'aws-sdk-swift'
        ➜ Explicit dependency on target 'AWSSDKIdentityAPI' in project 'aws-sdk-swift'
        ➜ Explicit dependency on target 'AWSSDKCommon' in project 'aws-sdk-swift'
        ➜ Explicit dependency on target 'AWSSDKChecksums' in project 'aws-sdk-swift'
        ➜ Explicit dependency on target 'AWSSDKHTTPAuth' in project 'aws-sdk-swift'
        ➜ Explicit dependency on target 'AWSSDKDynamic' in project 'aws-sdk-swift'
        ➜ Explicit dependency on target 'AWSClientRuntime' in project 'aws-sdk-swift'
        ➜ Explicit dependency on target 'SmithyCodeGeneratorPlugin' in project 'smithy-swift'
        ➜ Explicit dependency on target 'InternalAWSCognitoIdentity' in project 'aws-sdk-swift'
        ➜ Explicit dependency on target 'InternalAWSSSO' in project 'aws-sdk-swift'
        ➜ Explicit dependency on target 'InternalAWSSSOOIDC' in project 'aws-sdk-swift'
        ➜ Explicit dependency on target 'InternalAWSSTS' in project 'aws-sdk-swift'
        ➜ Explicit dependency on target 'InternalAWSSignin' in project 'aws-sdk-swift'
        ➜ Explicit dependency on target 'Smithy' in project 'smithy-swift'
        ➜ Explicit dependency on target 'SmithyIdentityAPI' in project 'smithy-swift'
        ➜ Explicit dependency on target 'AwsCommonRuntimeKit' in project 'aws-crt-swift'
        ➜ Explicit dependency on target 'SmithyChecksums' in project 'smithy-swift'
        ➜ Explicit dependency on target 'SmithyHTTPAPI' in project 'smithy-swift'
        ➜ Explicit dependency on target 'SmithyHTTPAuth' in project 'smithy-swift'
        ➜ Explicit dependency on target 'ClientRuntime' in project 'smithy-swift'
        ➜ Explicit dependency on target 'SmithyIdentity' in project 'smithy-swift'
        ➜ Explicit dependency on target 'SmithyRetriesAPI' in project 'smithy-swift'
        ➜ Explicit dependency on target 'SmithyRetries' in project 'smithy-swift'
        ➜ Explicit dependency on target 'SmithyTimestamps' in project 'smithy-swift'
        ➜ Explicit dependency on target 'SmithyAWSJSON' in project 'smithy-swift'
        ➜ Explicit dependency on target 'SmithyHTTPAuthAPI' in project 'smithy-swift'
        ➜ Explicit dependency on target 'SmithyJSON' in project 'smithy-swift'
        ➜ Explicit dependency on target 'SmithyReadWrite' in project 'smithy-swift'
        ➜ Explicit dependency on target 'SmithyFormURL' in project 'smithy-swift'
        ➜ Explicit dependency on target 'SmithyXML' in project 'smithy-swift'
    Target 'InternalAWSSignin' in project 'aws-sdk-swift'
        ➜ Explicit dependency on target 'AWSSDKCommon' in project 'aws-sdk-swift'
        ➜ Explicit dependency on target 'AWSSDKIdentityAPI' in project 'aws-sdk-swift'
        ➜ Explicit dependency on target 'AWSSDKChecksums' in project 'aws-sdk-swift'
        ➜ Explicit dependency on target 'AWSSDKHTTPAuth' in project 'aws-sdk-swift'
        ➜ Explicit dependency on target 'AWSSDKDynamic' in project 'aws-sdk-swift'
        ➜ Explicit dependency on target 'AWSClientRuntime' in project 'aws-sdk-swift'
        ➜ Explicit dependency on target 'SmithyCodeGeneratorPlugin' in project 'smithy-swift'
        ➜ Explicit dependency on target 'AwsCommonRuntimeKit' in project 'aws-crt-swift'
        ➜ Explicit dependency on target 'Smithy' in project 'smithy-swift'
        ➜ Explicit dependency on target 'SmithyIdentityAPI' in project 'smithy-swift'
        ➜ Explicit dependency on target 'SmithyChecksums' in project 'smithy-swift'
        ➜ Explicit dependency on target 'SmithyHTTPAPI' in project 'smithy-swift'
        ➜ Explicit dependency on target 'SmithyHTTPAuth' in project 'smithy-swift'
        ➜ Explicit dependency on target 'ClientRuntime' in project 'smithy-swift'
        ➜ Explicit dependency on target 'SmithyIdentity' in project 'smithy-swift'
        ➜ Explicit dependency on target 'SmithyRetriesAPI' in project 'smithy-swift'
        ➜ Explicit dependency on target 'SmithyRetries' in project 'smithy-swift'
        ➜ Explicit dependency on target 'SmithyTimestamps' in project 'smithy-swift'
        ➜ Explicit dependency on target 'SmithyHTTPAuthAPI' in project 'smithy-swift'
        ➜ Explicit dependency on target 'SmithyJSON' in project 'smithy-swift'
        ➜ Explicit dependency on target 'SmithyReadWrite' in project 'smithy-swift'
    Target 'InternalAWSSTS' in project 'aws-sdk-swift'
        ➜ Explicit dependency on target 'AWSSDKCommon' in project 'aws-sdk-swift'
        ➜ Explicit dependency on target 'AWSSDKIdentityAPI' in project 'aws-sdk-swift'
        ➜ Explicit dependency on target 'AWSSDKChecksums' in project 'aws-sdk-swift'
        ➜ Explicit dependency on target 'AWSSDKHTTPAuth' in project 'aws-sdk-swift'
        ➜ Explicit dependency on target 'AWSSDKDynamic' in project 'aws-sdk-swift'
        ➜ Explicit dependency on target 'AWSClientRuntime' in project 'aws-sdk-swift'
        ➜ Explicit dependency on target 'SmithyCodeGeneratorPlugin' in project 'smithy-swift'
        ➜ Explicit dependency on target 'AwsCommonRuntimeKit' in project 'aws-crt-swift'
        ➜ Explicit dependency on target 'Smithy' in project 'smithy-swift'
        ➜ Explicit dependency on target 'SmithyIdentityAPI' in project 'smithy-swift'
        ➜ Explicit dependency on target 'SmithyChecksums' in project 'smithy-swift'
        ➜ Explicit dependency on target 'SmithyHTTPAPI' in project 'smithy-swift'
        ➜ Explicit dependency on target 'SmithyHTTPAuth' in project 'smithy-swift'
        ➜ Explicit dependency on target 'ClientRuntime' in project 'smithy-swift'
        ➜ Explicit dependency on target 'SmithyIdentity' in project 'smithy-swift'
        ➜ Explicit dependency on target 'SmithyRetriesAPI' in project 'smithy-swift'
        ➜ Explicit dependency on target 'SmithyRetries' in project 'smithy-swift'
        ➜ Explicit dependency on target 'SmithyTimestamps' in project 'smithy-swift'
        ➜ Explicit dependency on target 'SmithyFormURL' in project 'smithy-swift'
        ➜ Explicit dependency on target 'SmithyHTTPAuthAPI' in project 'smithy-swift'
        ➜ Explicit dependency on target 'SmithyReadWrite' in project 'smithy-swift'
        ➜ Explicit dependency on target 'SmithyXML' in project 'smithy-swift'
    Target 'SmithyXML' in project 'smithy-swift'
        ➜ Explicit dependency on target 'SmithyXML' in project 'smithy-swift'
        ➜ Explicit dependency on target 'Smithy' in project 'smithy-swift'
        ➜ Explicit dependency on target 'SmithySerialization' in project 'smithy-swift'
        ➜ Explicit dependency on target 'SmithyTimestamps' in project 'smithy-swift'
        ➜ Explicit dependency on target 'SmithyReadWrite' in project 'smithy-swift'
        ➜ Explicit dependency on target 'Logging' in project 'swift-log'
    Target 'SmithyFormURL' in project 'smithy-swift'
        ➜ Explicit dependency on target 'SmithyFormURL' in project 'smithy-swift'
        ➜ Explicit dependency on target 'Smithy' in project 'smithy-swift'
        ➜ Explicit dependency on target 'SmithyTimestamps' in project 'smithy-swift'
        ➜ Explicit dependency on target 'SmithyReadWrite' in project 'smithy-swift'
        ➜ Explicit dependency on target 'Logging' in project 'swift-log'
    Target 'InternalAWSSSOOIDC' in project 'aws-sdk-swift'
        ➜ Explicit dependency on target 'AWSSDKCommon' in project 'aws-sdk-swift'
        ➜ Explicit dependency on target 'AWSSDKIdentityAPI' in project 'aws-sdk-swift'
        ➜ Explicit dependency on target 'AWSSDKChecksums' in project 'aws-sdk-swift'
        ➜ Explicit dependency on target 'AWSSDKHTTPAuth' in project 'aws-sdk-swift'
        ➜ Explicit dependency on target 'AWSSDKDynamic' in project 'aws-sdk-swift'
        ➜ Explicit dependency on target 'AWSClientRuntime' in project 'aws-sdk-swift'
        ➜ Explicit dependency on target 'SmithyCodeGeneratorPlugin' in project 'smithy-swift'
        ➜ Explicit dependency on target 'AwsCommonRuntimeKit' in project 'aws-crt-swift'
        ➜ Explicit dependency on target 'Smithy' in project 'smithy-swift'
        ➜ Explicit dependency on target 'SmithyIdentityAPI' in project 'smithy-swift'
        ➜ Explicit dependency on target 'SmithyChecksums' in project 'smithy-swift'
        ➜ Explicit dependency on target 'SmithyHTTPAPI' in project 'smithy-swift'
        ➜ Explicit dependency on target 'SmithyHTTPAuth' in project 'smithy-swift'
        ➜ Explicit dependency on target 'ClientRuntime' in project 'smithy-swift'
        ➜ Explicit dependency on target 'SmithyIdentity' in project 'smithy-swift'
        ➜ Explicit dependency on target 'SmithyRetriesAPI' in project 'smithy-swift'
        ➜ Explicit dependency on target 'SmithyRetries' in project 'smithy-swift'
        ➜ Explicit dependency on target 'SmithyTimestamps' in project 'smithy-swift'
        ➜ Explicit dependency on target 'SmithyHTTPAuthAPI' in project 'smithy-swift'
        ➜ Explicit dependency on target 'SmithyJSON' in project 'smithy-swift'
        ➜ Explicit dependency on target 'SmithyReadWrite' in project 'smithy-swift'
    Target 'InternalAWSSSO' in project 'aws-sdk-swift'
        ➜ Explicit dependency on target 'AWSSDKCommon' in project 'aws-sdk-swift'
        ➜ Explicit dependency on target 'AWSSDKIdentityAPI' in project 'aws-sdk-swift'
        ➜ Explicit dependency on target 'AWSSDKChecksums' in project 'aws-sdk-swift'
        ➜ Explicit dependency on target 'AWSSDKHTTPAuth' in project 'aws-sdk-swift'
        ➜ Explicit dependency on target 'AWSSDKDynamic' in project 'aws-sdk-swift'
        ➜ Explicit dependency on target 'AWSClientRuntime' in project 'aws-sdk-swift'
        ➜ Explicit dependency on target 'SmithyCodeGeneratorPlugin' in project 'smithy-swift'
        ➜ Explicit dependency on target 'AwsCommonRuntimeKit' in project 'aws-crt-swift'
        ➜ Explicit dependency on target 'Smithy' in project 'smithy-swift'
        ➜ Explicit dependency on target 'SmithyIdentityAPI' in project 'smithy-swift'
        ➜ Explicit dependency on target 'SmithyChecksums' in project 'smithy-swift'
        ➜ Explicit dependency on target 'SmithyHTTPAPI' in project 'smithy-swift'
        ➜ Explicit dependency on target 'SmithyHTTPAuth' in project 'smithy-swift'
        ➜ Explicit dependency on target 'ClientRuntime' in project 'smithy-swift'
        ➜ Explicit dependency on target 'SmithyIdentity' in project 'smithy-swift'
        ➜ Explicit dependency on target 'SmithyRetriesAPI' in project 'smithy-swift'
        ➜ Explicit dependency on target 'SmithyRetries' in project 'smithy-swift'
        ➜ Explicit dependency on target 'SmithyTimestamps' in project 'smithy-swift'
        ➜ Explicit dependency on target 'SmithyHTTPAuthAPI' in project 'smithy-swift'
        ➜ Explicit dependency on target 'SmithyJSON' in project 'smithy-swift'
        ➜ Explicit dependency on target 'SmithyReadWrite' in project 'smithy-swift'
    Target 'SmithyReadWrite' in project 'smithy-swift'
        ➜ Explicit dependency on target 'SmithyReadWrite' in project 'smithy-swift'
        ➜ Explicit dependency on target 'Smithy' in project 'smithy-swift'
        ➜ Explicit dependency on target 'SmithyTimestamps' in project 'smithy-swift'
        ➜ Explicit dependency on target 'Logging' in project 'swift-log'
    Target 'SmithyJSON' in project 'smithy-swift'
        ➜ Explicit dependency on target 'SmithyJSON' in project 'smithy-swift'
        ➜ Explicit dependency on target 'Smithy' in project 'smithy-swift'
        ➜ Explicit dependency on target 'SmithySerialization' in project 'smithy-swift'
        ➜ Explicit dependency on target 'SmithyTimestamps' in project 'smithy-swift'
        ➜ Explicit dependency on target 'SmithyReadWrite' in project 'smithy-swift'
        ➜ Explicit dependency on target 'Logging' in project 'swift-log'
    Target 'InternalAWSCognitoIdentity' in project 'aws-sdk-swift'
        ➜ Explicit dependency on target 'AWSSDKCommon' in project 'aws-sdk-swift'
        ➜ Explicit dependency on target 'AWSSDKIdentityAPI' in project 'aws-sdk-swift'
        ➜ Explicit dependency on target 'AWSSDKChecksums' in project 'aws-sdk-swift'
        ➜ Explicit dependency on target 'AWSSDKHTTPAuth' in project 'aws-sdk-swift'
        ➜ Explicit dependency on target 'AWSSDKDynamic' in project 'aws-sdk-swift'
        ➜ Explicit dependency on target 'AWSClientRuntime' in project 'aws-sdk-swift'
        ➜ Explicit dependency on target 'SmithyCodeGeneratorPlugin' in project 'smithy-swift'
        ➜ Explicit dependency on target 'AwsCommonRuntimeKit' in project 'aws-crt-swift'
        ➜ Explicit dependency on target 'Smithy' in project 'smithy-swift'
        ➜ Explicit dependency on target 'SmithyIdentityAPI' in project 'smithy-swift'
        ➜ Explicit dependency on target 'SmithyChecksums' in project 'smithy-swift'
        ➜ Explicit dependency on target 'SmithyHTTPAPI' in project 'smithy-swift'
        ➜ Explicit dependency on target 'SmithyHTTPAuth' in project 'smithy-swift'
        ➜ Explicit dependency on target 'ClientRuntime' in project 'smithy-swift'
        ➜ Explicit dependency on target 'SmithyIdentity' in project 'smithy-swift'
        ➜ Explicit dependency on target 'SmithyRetriesAPI' in project 'smithy-swift'
        ➜ Explicit dependency on target 'SmithyRetries' in project 'smithy-swift'
        ➜ Explicit dependency on target 'SmithyTimestamps' in project 'smithy-swift'
        ➜ Explicit dependency on target 'SmithyAWSJSON' in project 'smithy-swift'
        ➜ Explicit dependency on target 'SmithyHTTPAuthAPI' in project 'smithy-swift'
    Target 'SmithyHTTPAuthAPI' in project 'smithy-swift'
        ➜ Explicit dependency on target 'SmithyHTTPAuthAPI' in project 'smithy-swift'
        ➜ Explicit dependency on target 'Smithy' in project 'smithy-swift'
        ➜ Explicit dependency on target 'SmithyHTTPAPI' in project 'smithy-swift'
        ➜ Explicit dependency on target 'SmithyIdentityAPI' in project 'smithy-swift'
        ➜ Explicit dependency on target 'Logging' in project 'swift-log'
    Target 'SmithyAWSJSON' in project 'smithy-swift'
        ➜ Explicit dependency on target 'SmithyAWSJSON' in project 'smithy-swift'
        ➜ Explicit dependency on target 'Smithy' in project 'smithy-swift'
        ➜ Explicit dependency on target 'SmithyTelemetryAPI' in project 'smithy-swift'
        ➜ Explicit dependency on target 'SmithyHTTPAPI' in project 'smithy-swift'
        ➜ Explicit dependency on target 'SmithyHTTPClientAPI' in project 'smithy-swift'
        ➜ Explicit dependency on target 'SmithyRetriesAPI' in project 'smithy-swift'
        ➜ Explicit dependency on target 'SmithyRetries' in project 'smithy-swift'
        ➜ Explicit dependency on target 'SmithySerialization' in project 'smithy-swift'
        ➜ Explicit dependency on target 'SmithyTimestamps' in project 'smithy-swift'
        ➜ Explicit dependency on target 'SmithyReadWrite' in project 'smithy-swift'
        ➜ Explicit dependency on target 'SmithyXML' in project 'smithy-swift'
        ➜ Explicit dependency on target 'SmithyJSON' in project 'smithy-swift'
        ➜ Explicit dependency on target 'SmithyFormURL' in project 'smithy-swift'
        ➜ Explicit dependency on target 'SmithyIdentityAPI' in project 'smithy-swift'
        ➜ Explicit dependency on target 'SmithyIdentity' in project 'smithy-swift'
        ➜ Explicit dependency on target 'SmithyStreams' in project 'smithy-swift'
        ➜ Explicit dependency on target 'SmithyHTTPClient' in project 'smithy-swift'
        ➜ Explicit dependency on target 'SmithyHTTPAuthAPI' in project 'smithy-swift'
        ➜ Explicit dependency on target 'SmithyChecksumsAPI' in project 'smithy-swift'
        ➜ Explicit dependency on target 'SmithyHTTPAuth' in project 'smithy-swift'
        ➜ Explicit dependency on target 'SmithyEventStreamsAPI' in project 'smithy-swift'
        ➜ Explicit dependency on target 'SmithyEventStreamsAuthAPI' in project 'smithy-swift'
        ➜ Explicit dependency on target 'SmithyEventStreams' in project 'smithy-swift'
        ➜ Explicit dependency on target 'SmithyChecksums' in project 'smithy-swift'
        ➜ Explicit dependency on target 'SmithyCBOR' in project 'smithy-swift'
        ➜ Explicit dependency on target 'ClientRuntime' in project 'smithy-swift'
        ➜ Explicit dependency on target 'Logging' in project 'swift-log'
        ➜ Explicit dependency on target 'AwsCommonRuntimeKit' in project 'aws-crt-swift'
    Target 'SmithyAWSJSON' in project 'smithy-swift'
        ➜ Explicit dependency on target 'Smithy' in project 'smithy-swift'
        ➜ Explicit dependency on target 'SmithyTelemetryAPI' in project 'smithy-swift'
        ➜ Explicit dependency on target 'SmithyHTTPAPI' in project 'smithy-swift'
        ➜ Explicit dependency on target 'SmithyHTTPClientAPI' in project 'smithy-swift'
        ➜ Explicit dependency on target 'SmithyRetriesAPI' in project 'smithy-swift'
        ➜ Explicit dependency on target 'SmithyRetries' in project 'smithy-swift'
        ➜ Explicit dependency on target 'SmithySerialization' in project 'smithy-swift'
        ➜ Explicit dependency on target 'SmithyTimestamps' in project 'smithy-swift'
        ➜ Explicit dependency on target 'SmithyReadWrite' in project 'smithy-swift'
        ➜ Explicit dependency on target 'SmithyXML' in project 'smithy-swift'
        ➜ Explicit dependency on target 'SmithyJSON' in project 'smithy-swift'
        ➜ Explicit dependency on target 'SmithyFormURL' in project 'smithy-swift'
        ➜ Explicit dependency on target 'SmithyIdentityAPI' in project 'smithy-swift'
        ➜ Explicit dependency on target 'SmithyIdentity' in project 'smithy-swift'
        ➜ Explicit dependency on target 'SmithyStreams' in project 'smithy-swift'
        ➜ Explicit dependency on target 'SmithyHTTPClient' in project 'smithy-swift'
        ➜ Explicit dependency on target 'SmithyHTTPAuthAPI' in project 'smithy-swift'
        ➜ Explicit dependency on target 'SmithyChecksumsAPI' in project 'smithy-swift'
        ➜ Explicit dependency on target 'SmithyHTTPAuth' in project 'smithy-swift'
        ➜ Explicit dependency on target 'SmithyEventStreamsAPI' in project 'smithy-swift'
        ➜ Explicit dependency on target 'SmithyEventStreamsAuthAPI' in project 'smithy-swift'
        ➜ Explicit dependency on target 'SmithyEventStreams' in project 'smithy-swift'
        ➜ Explicit dependency on target 'SmithyChecksums' in project 'smithy-swift'
        ➜ Explicit dependency on target 'SmithyCBOR' in project 'smithy-swift'
        ➜ Explicit dependency on target 'ClientRuntime' in project 'smithy-swift'
        ➜ Explicit dependency on target 'Logging' in project 'swift-log'
        ➜ Explicit dependency on target 'AwsCommonRuntimeKit' in project 'aws-crt-swift'
    Target 'SmithyCodeGeneratorPlugin' in project 'smithy-swift'
        ➜ Explicit dependency on target 'SmithyCodeGeneratorPlugin' in project 'smithy-swift'
    Target 'SmithyCodeGeneratorPlugin' in project 'smithy-swift'
        ➜ Explicit dependency on target 'Smithy' in project 'smithy-swift'
        ➜ Explicit dependency on target 'SmithySerialization' in project 'smithy-swift'
        ➜ Explicit dependency on target 'SmithyCodegenCore' in project 'smithy-swift'
        ➜ Explicit dependency on target 'SmithyCodegenCLI' in project 'smithy-swift'
        ➜ Explicit dependency on target 'Logging' in project 'swift-log'
        ➜ Explicit dependency on target 'ArgumentParser' in project 'swift-argument-parser'
    Target 'SmithyCodegenCLI' in project 'smithy-swift'
        ➜ Explicit dependency on target 'Smithy' in project 'smithy-swift'
        ➜ Explicit dependency on target 'SmithySerialization' in project 'smithy-swift'
        ➜ Explicit dependency on target 'SmithyCodegenCore' in project 'smithy-swift'
        ➜ Explicit dependency on target 'Logging' in project 'swift-log'
        ➜ Explicit dependency on target 'ArgumentParser' in project 'swift-argument-parser'
    Target 'ArgumentParser' in project 'swift-argument-parser'
        ➜ Explicit dependency on target 'ArgumentParser' in project 'swift-argument-parser'
        ➜ Explicit dependency on target 'ArgumentParserToolInfo' in project 'swift-argument-parser'
    Target 'ArgumentParser' in project 'swift-argument-parser'
        ➜ Explicit dependency on target 'ArgumentParserToolInfo' in project 'swift-argument-parser'
    Target 'ArgumentParserToolInfo' in project 'swift-argument-parser' (no dependencies)
    Target 'SmithyCodegenCore' in project 'smithy-swift'
        ➜ Explicit dependency on target 'smithy-swift_SmithyCodegenCore' in project 'smithy-swift'
        ➜ Explicit dependency on target 'Smithy' in project 'smithy-swift'
        ➜ Explicit dependency on target 'SmithySerialization' in project 'smithy-swift'
        ➜ Explicit dependency on target 'Logging' in project 'swift-log'
    Target 'smithy-swift_SmithyCodegenCore' in project 'smithy-swift' (no dependencies)
    Target 'AWSClientRuntime' in project 'aws-sdk-swift'
        ➜ Explicit dependency on target 'aws-sdk-swift_AWSClientRuntime' in project 'aws-sdk-swift'
        ➜ Explicit dependency on target 'AWSSDKCommon' in project 'aws-sdk-swift'
        ➜ Explicit dependency on target 'AWSSDKIdentityAPI' in project 'aws-sdk-swift'
        ➜ Explicit dependency on target 'AWSSDKChecksums' in project 'aws-sdk-swift'
        ➜ Explicit dependency on target 'AWSSDKHTTPAuth' in project 'aws-sdk-swift'
        ➜ Explicit dependency on target 'AWSSDKDynamic' in project 'aws-sdk-swift'
        ➜ Explicit dependency on target 'AwsCommonRuntimeKit' in project 'aws-crt-swift'
        ➜ Explicit dependency on target 'Smithy' in project 'smithy-swift'
        ➜ Explicit dependency on target 'SmithyIdentityAPI' in project 'smithy-swift'
        ➜ Explicit dependency on target 'SmithyChecksums' in project 'smithy-swift'
        ➜ Explicit dependency on target 'SmithyHTTPAPI' in project 'smithy-swift'
        ➜ Explicit dependency on target 'SmithyHTTPAuth' in project 'smithy-swift'
        ➜ Explicit dependency on target 'ClientRuntime' in project 'smithy-swift'
        ➜ Explicit dependency on target 'SmithyIdentity' in project 'smithy-swift'
        ➜ Explicit dependency on target 'SmithyRetriesAPI' in project 'smithy-swift'
        ➜ Explicit dependency on target 'SmithyRetries' in project 'smithy-swift'
        ➜ Explicit dependency on target 'SmithyTimestamps' in project 'smithy-swift'
    Target 'SmithyTimestamps' in project 'smithy-swift'
        ➜ Explicit dependency on target 'SmithyTimestamps' in project 'smithy-swift'
    Target 'SmithyRetries' in project 'smithy-swift'
        ➜ Explicit dependency on target 'SmithyRetries' in project 'smithy-swift'
        ➜ Explicit dependency on target 'SmithyRetriesAPI' in project 'smithy-swift'
    Target 'SmithyRetriesAPI' in project 'smithy-swift'
        ➜ Explicit dependency on target 'SmithyRetriesAPI' in project 'smithy-swift'
    Target 'SmithyIdentity' in project 'smithy-swift'
        ➜ Explicit dependency on target 'SmithyIdentity' in project 'smithy-swift'
        ➜ Explicit dependency on target 'Smithy' in project 'smithy-swift'
        ➜ Explicit dependency on target 'SmithyIdentityAPI' in project 'smithy-swift'
        ➜ Explicit dependency on target 'Logging' in project 'swift-log'
        ➜ Explicit dependency on target 'AwsCommonRuntimeKit' in project 'aws-crt-swift'
    Target 'ClientRuntime' in project 'smithy-swift'
        ➜ Explicit dependency on target 'ClientRuntime' in project 'smithy-swift'
        ➜ Explicit dependency on target 'smithy-swift_ClientRuntime' in project 'smithy-swift'
        ➜ Explicit dependency on target 'Smithy' in project 'smithy-swift'
        ➜ Explicit dependency on target 'SmithyTelemetryAPI' in project 'smithy-swift'
        ➜ Explicit dependency on target 'SmithyHTTPAPI' in project 'smithy-swift'
        ➜ Explicit dependency on target 'SmithyHTTPClientAPI' in project 'smithy-swift'
        ➜ Explicit dependency on target 'SmithyRetriesAPI' in project 'smithy-swift'
        ➜ Explicit dependency on target 'SmithyRetries' in project 'smithy-swift'
        ➜ Explicit dependency on target 'SmithySerialization' in project 'smithy-swift'
        ➜ Explicit dependency on target 'SmithyTimestamps' in project 'smithy-swift'
        ➜ Explicit dependency on target 'SmithyReadWrite' in project 'smithy-swift'
        ➜ Explicit dependency on target 'SmithyXML' in project 'smithy-swift'
        ➜ Explicit dependency on target 'SmithyJSON' in project 'smithy-swift'
        ➜ Explicit dependency on target 'SmithyFormURL' in project 'smithy-swift'
        ➜ Explicit dependency on target 'SmithyIdentityAPI' in project 'smithy-swift'
        ➜ Explicit dependency on target 'SmithyIdentity' in project 'smithy-swift'
        ➜ Explicit dependency on target 'SmithyStreams' in project 'smithy-swift'
        ➜ Explicit dependency on target 'SmithyHTTPClient' in project 'smithy-swift'
        ➜ Explicit dependency on target 'SmithyHTTPAuthAPI' in project 'smithy-swift'
        ➜ Explicit dependency on target 'SmithyChecksumsAPI' in project 'smithy-swift'
        ➜ Explicit dependency on target 'SmithyHTTPAuth' in project 'smithy-swift'
        ➜ Explicit dependency on target 'SmithyEventStreamsAPI' in project 'smithy-swift'
        ➜ Explicit dependency on target 'SmithyEventStreamsAuthAPI' in project 'smithy-swift'
        ➜ Explicit dependency on target 'SmithyEventStreams' in project 'smithy-swift'
        ➜ Explicit dependency on target 'SmithyChecksums' in project 'smithy-swift'
        ➜ Explicit dependency on target 'SmithyCBOR' in project 'smithy-swift'
        ➜ Explicit dependency on target 'Logging' in project 'swift-log'
        ➜ Explicit dependency on target 'AwsCommonRuntimeKit' in project 'aws-crt-swift'
    Target 'ClientRuntime' in project 'smithy-swift'
        ➜ Explicit dependency on target 'smithy-swift_ClientRuntime' in project 'smithy-swift'
        ➜ Explicit dependency on target 'Smithy' in project 'smithy-swift'
        ➜ Explicit dependency on target 'SmithyTelemetryAPI' in project 'smithy-swift'
        ➜ Explicit dependency on target 'SmithyHTTPAPI' in project 'smithy-swift'
        ➜ Explicit dependency on target 'SmithyHTTPClientAPI' in project 'smithy-swift'
        ➜ Explicit dependency on target 'SmithyRetriesAPI' in project 'smithy-swift'
        ➜ Explicit dependency on target 'SmithyRetries' in project 'smithy-swift'
        ➜ Explicit dependency on target 'SmithySerialization' in project 'smithy-swift'
        ➜ Explicit dependency on target 'SmithyTimestamps' in project 'smithy-swift'
        ➜ Explicit dependency on target 'SmithyReadWrite' in project 'smithy-swift'
        ➜ Explicit dependency on target 'SmithyXML' in project 'smithy-swift'
        ➜ Explicit dependency on target 'SmithyJSON' in project 'smithy-swift'
        ➜ Explicit dependency on target 'SmithyFormURL' in project 'smithy-swift'
        ➜ Explicit dependency on target 'SmithyIdentityAPI' in project 'smithy-swift'
        ➜ Explicit dependency on target 'SmithyIdentity' in project 'smithy-swift'
        ➜ Explicit dependency on target 'SmithyStreams' in project 'smithy-swift'
        ➜ Explicit dependency on target 'SmithyHTTPClient' in project 'smithy-swift'
        ➜ Explicit dependency on target 'SmithyHTTPAuthAPI' in project 'smithy-swift'
        ➜ Explicit dependency on target 'SmithyChecksumsAPI' in project 'smithy-swift'
        ➜ Explicit dependency on target 'SmithyHTTPAuth' in project 'smithy-swift'
        ➜ Explicit dependency on target 'SmithyEventStreamsAPI' in project 'smithy-swift'
        ➜ Explicit dependency on target 'SmithyEventStreamsAuthAPI' in project 'smithy-swift'
        ➜ Explicit dependency on target 'SmithyEventStreams' in project 'smithy-swift'
        ➜ Explicit dependency on target 'SmithyChecksums' in project 'smithy-swift'
        ➜ Explicit dependency on target 'SmithyCBOR' in project 'smithy-swift'
        ➜ Explicit dependency on target 'Logging' in project 'swift-log'
        ➜ Explicit dependency on target 'AwsCommonRuntimeKit' in project 'aws-crt-swift'
    Target 'SmithyCBOR' in project 'smithy-swift'
        ➜ Explicit dependency on target 'Smithy' in project 'smithy-swift'
        ➜ Explicit dependency on target 'SmithySerialization' in project 'smithy-swift'
        ➜ Explicit dependency on target 'Logging' in project 'swift-log'
        ➜ Explicit dependency on target 'AwsCommonRuntimeKit' in project 'aws-crt-swift'
    Target 'SmithyEventStreams' in project 'smithy-swift'
        ➜ Explicit dependency on target 'Smithy' in project 'smithy-swift'
        ➜ Explicit dependency on target 'SmithySerialization' in project 'smithy-swift'
        ➜ Explicit dependency on target 'SmithyEventStreamsAPI' in project 'smithy-swift'
        ➜ Explicit dependency on target 'SmithyEventStreamsAuthAPI' in project 'smithy-swift'
        ➜ Explicit dependency on target 'Logging' in project 'swift-log'
        ➜ Explicit dependency on target 'AwsCommonRuntimeKit' in project 'aws-crt-swift'
    Target 'SmithyEventStreamsAuthAPI' in project 'smithy-swift'
        ➜ Explicit dependency on target 'Smithy' in project 'smithy-swift'
        ➜ Explicit dependency on target 'SmithyEventStreamsAPI' in project 'smithy-swift'
        ➜ Explicit dependency on target 'Logging' in project 'swift-log'
    Target 'SmithyEventStreamsAPI' in project 'smithy-swift'
        ➜ Explicit dependency on target 'Smithy' in project 'smithy-swift'
        ➜ Explicit dependency on target 'Logging' in project 'swift-log'
    Target 'SmithyFormURL' in project 'smithy-swift'
        ➜ Explicit dependency on target 'Smithy' in project 'smithy-swift'
        ➜ Explicit dependency on target 'SmithyTimestamps' in project 'smithy-swift'
        ➜ Explicit dependency on target 'SmithyReadWrite' in project 'smithy-swift'
        ➜ Explicit dependency on target 'Logging' in project 'swift-log'
    Target 'SmithyJSON' in project 'smithy-swift'
        ➜ Explicit dependency on target 'Smithy' in project 'smithy-swift'
        ➜ Explicit dependency on target 'SmithySerialization' in project 'smithy-swift'
        ➜ Explicit dependency on target 'SmithyTimestamps' in project 'smithy-swift'
        ➜ Explicit dependency on target 'SmithyReadWrite' in project 'smithy-swift'
        ➜ Explicit dependency on target 'Logging' in project 'swift-log'
    Target 'SmithyXML' in project 'smithy-swift'
        ➜ Explicit dependency on target 'Smithy' in project 'smithy-swift'
        ➜ Explicit dependency on target 'SmithySerialization' in project 'smithy-swift'
        ➜ Explicit dependency on target 'SmithyTimestamps' in project 'smithy-swift'
        ➜ Explicit dependency on target 'SmithyReadWrite' in project 'smithy-swift'
        ➜ Explicit dependency on target 'Logging' in project 'swift-log'
    Target 'SmithyReadWrite' in project 'smithy-swift'
        ➜ Explicit dependency on target 'Smithy' in project 'smithy-swift'
        ➜ Explicit dependency on target 'SmithyTimestamps' in project 'smithy-swift'
        ➜ Explicit dependency on target 'Logging' in project 'swift-log'
    Target 'SmithyTimestamps' in project 'smithy-swift' (no dependencies)
    Target 'SmithySerialization' in project 'smithy-swift'
        ➜ Explicit dependency on target 'Smithy' in project 'smithy-swift'
        ➜ Explicit dependency on target 'Logging' in project 'swift-log'
    Target 'SmithyRetries' in project 'smithy-swift'
        ➜ Explicit dependency on target 'SmithyRetriesAPI' in project 'smithy-swift'
    Target 'SmithyRetriesAPI' in project 'smithy-swift' (no dependencies)
    Target 'SmithyHTTPClientAPI' in project 'smithy-swift'
        ➜ Explicit dependency on target 'Smithy' in project 'smithy-swift'
        ➜ Explicit dependency on target 'SmithyHTTPAPI' in project 'smithy-swift'
        ➜ Explicit dependency on target 'SmithyTelemetryAPI' in project 'smithy-swift'
        ➜ Explicit dependency on target 'Logging' in project 'swift-log'
    Target 'SmithyTelemetryAPI' in project 'smithy-swift'
        ➜ Explicit dependency on target 'Smithy' in project 'smithy-swift'
        ➜ Explicit dependency on target 'Logging' in project 'swift-log'
    Target 'smithy-swift_ClientRuntime' in project 'smithy-swift' (no dependencies)
    Target 'aws-sdk-swift_AWSClientRuntime' in project 'aws-sdk-swift' (no dependencies)
    Target 'AWSSDKDynamic' in project 'aws-sdk-swift' (no dependencies)
    Target 'AWSSDKHTTPAuth' in project 'aws-sdk-swift'
        ➜ Explicit dependency on target 'AWSSDKIdentityAPI' in project 'aws-sdk-swift'
        ➜ Explicit dependency on target 'AWSSDKChecksums' in project 'aws-sdk-swift'
        ➜ Explicit dependency on target 'Smithy' in project 'smithy-swift'
        ➜ Explicit dependency on target 'SmithyIdentityAPI' in project 'smithy-swift'
        ➜ Explicit dependency on target 'AwsCommonRuntimeKit' in project 'aws-crt-swift'
        ➜ Explicit dependency on target 'SmithyChecksums' in project 'smithy-swift'
        ➜ Explicit dependency on target 'SmithyHTTPAPI' in project 'smithy-swift'
        ➜ Explicit dependency on target 'SmithyHTTPAuth' in project 'smithy-swift'
    Target 'SmithyHTTPAuth' in project 'smithy-swift'
        ➜ Explicit dependency on target 'SmithyHTTPAuth' in project 'smithy-swift'
        ➜ Explicit dependency on target 'Smithy' in project 'smithy-swift'
        ➜ Explicit dependency on target 'SmithyHTTPAPI' in project 'smithy-swift'
        ➜ Explicit dependency on target 'SmithyIdentityAPI' in project 'smithy-swift'
        ➜ Explicit dependency on target 'SmithyHTTPAuthAPI' in project 'smithy-swift'
        ➜ Explicit dependency on target 'SmithyIdentity' in project 'smithy-swift'
        ➜ Explicit dependency on target 'SmithyChecksumsAPI' in project 'smithy-swift'
        ➜ Explicit dependency on target 'SmithyStreams' in project 'smithy-swift'
        ➜ Explicit dependency on target 'SmithyHTTPClient' in project 'smithy-swift'
        ➜ Explicit dependency on target 'Logging' in project 'swift-log'
        ➜ Explicit dependency on target 'AwsCommonRuntimeKit' in project 'aws-crt-swift'
    Target 'SmithyHTTPAuth' in project 'smithy-swift'
        ➜ Explicit dependency on target 'Smithy' in project 'smithy-swift'
        ➜ Explicit dependency on target 'SmithyHTTPAPI' in project 'smithy-swift'
        ➜ Explicit dependency on target 'SmithyIdentityAPI' in project 'smithy-swift'
        ➜ Explicit dependency on target 'SmithyHTTPAuthAPI' in project 'smithy-swift'
        ➜ Explicit dependency on target 'SmithyIdentity' in project 'smithy-swift'
        ➜ Explicit dependency on target 'SmithyChecksumsAPI' in project 'smithy-swift'
        ➜ Explicit dependency on target 'SmithyStreams' in project 'smithy-swift'
        ➜ Explicit dependency on target 'SmithyHTTPClient' in project 'smithy-swift'
        ➜ Explicit dependency on target 'Logging' in project 'swift-log'
        ➜ Explicit dependency on target 'AwsCommonRuntimeKit' in project 'aws-crt-swift'
    Target 'SmithyIdentity' in project 'smithy-swift'
        ➜ Explicit dependency on target 'Smithy' in project 'smithy-swift'
        ➜ Explicit dependency on target 'SmithyIdentityAPI' in project 'smithy-swift'
        ➜ Explicit dependency on target 'Logging' in project 'swift-log'
        ➜ Explicit dependency on target 'AwsCommonRuntimeKit' in project 'aws-crt-swift'
    Target 'SmithyHTTPAuthAPI' in project 'smithy-swift'
        ➜ Explicit dependency on target 'Smithy' in project 'smithy-swift'
        ➜ Explicit dependency on target 'SmithyHTTPAPI' in project 'smithy-swift'
        ➜ Explicit dependency on target 'SmithyIdentityAPI' in project 'smithy-swift'
        ➜ Explicit dependency on target 'Logging' in project 'swift-log'
    Target 'AWSSDKChecksums' in project 'aws-sdk-swift'
        ➜ Explicit dependency on target 'AwsCommonRuntimeKit' in project 'aws-crt-swift'
        ➜ Explicit dependency on target 'Smithy' in project 'smithy-swift'
        ➜ Explicit dependency on target 'SmithyChecksums' in project 'smithy-swift'
        ➜ Explicit dependency on target 'SmithyHTTPAPI' in project 'smithy-swift'
    Target 'SmithyHTTPAPI' in project 'smithy-swift'
        ➜ Explicit dependency on target 'SmithyHTTPAPI' in project 'smithy-swift'
        ➜ Explicit dependency on target 'Smithy' in project 'smithy-swift'
        ➜ Explicit dependency on target 'Logging' in project 'swift-log'
    Target 'SmithyChecksums' in project 'smithy-swift'
        ➜ Explicit dependency on target 'SmithyChecksums' in project 'smithy-swift'
        ➜ Explicit dependency on target 'Smithy' in project 'smithy-swift'
        ➜ Explicit dependency on target 'SmithyChecksumsAPI' in project 'smithy-swift'
        ➜ Explicit dependency on target 'SmithyStreams' in project 'smithy-swift'
        ➜ Explicit dependency on target 'SmithyHTTPAPI' in project 'smithy-swift'
        ➜ Explicit dependency on target 'SmithyHTTPClient' in project 'smithy-swift'
        ➜ Explicit dependency on target 'Logging' in project 'swift-log'
        ➜ Explicit dependency on target 'AwsCommonRuntimeKit' in project 'aws-crt-swift'
    Target 'SmithyChecksums' in project 'smithy-swift'
        ➜ Explicit dependency on target 'Smithy' in project 'smithy-swift'
        ➜ Explicit dependency on target 'SmithyChecksumsAPI' in project 'smithy-swift'
        ➜ Explicit dependency on target 'SmithyStreams' in project 'smithy-swift'
        ➜ Explicit dependency on target 'SmithyHTTPAPI' in project 'smithy-swift'
        ➜ Explicit dependency on target 'SmithyHTTPClient' in project 'smithy-swift'
        ➜ Explicit dependency on target 'Logging' in project 'swift-log'
        ➜ Explicit dependency on target 'AwsCommonRuntimeKit' in project 'aws-crt-swift'
    Target 'SmithyHTTPClient' in project 'smithy-swift'
        ➜ Explicit dependency on target 'Smithy' in project 'smithy-swift'
        ➜ Explicit dependency on target 'SmithyHTTPAPI' in project 'smithy-swift'
        ➜ Explicit dependency on target 'SmithyStreams' in project 'smithy-swift'
        ➜ Explicit dependency on target 'Logging' in project 'swift-log'
        ➜ Explicit dependency on target 'AwsCommonRuntimeKit' in project 'aws-crt-swift'
    Target 'SmithyHTTPAPI' in project 'smithy-swift'
        ➜ Explicit dependency on target 'Smithy' in project 'smithy-swift'
        ➜ Explicit dependency on target 'Logging' in project 'swift-log'
    Target 'SmithyStreams' in project 'smithy-swift'
        ➜ Explicit dependency on target 'Smithy' in project 'smithy-swift'
        ➜ Explicit dependency on target 'Logging' in project 'swift-log'
        ➜ Explicit dependency on target 'AwsCommonRuntimeKit' in project 'aws-crt-swift'
    Target 'SmithyChecksumsAPI' in project 'smithy-swift'
        ➜ Explicit dependency on target 'Smithy' in project 'smithy-swift'
        ➜ Explicit dependency on target 'Logging' in project 'swift-log'
    Target 'AWSSDKIdentityAPI' in project 'aws-sdk-swift'
        ➜ Explicit dependency on target 'Smithy' in project 'smithy-swift'
        ➜ Explicit dependency on target 'SmithyIdentityAPI' in project 'smithy-swift'
    Target 'SmithyIdentityAPI' in project 'smithy-swift'
        ➜ Explicit dependency on target 'SmithyIdentityAPI' in project 'smithy-swift'
        ➜ Explicit dependency on target 'Smithy' in project 'smithy-swift'
        ➜ Explicit dependency on target 'Logging' in project 'swift-log'
    Target 'SmithyIdentityAPI' in project 'smithy-swift'
        ➜ Explicit dependency on target 'Smithy' in project 'smithy-swift'
        ➜ Explicit dependency on target 'Logging' in project 'swift-log'
    Target 'Smithy' in project 'smithy-swift'
        ➜ Explicit dependency on target 'Smithy' in project 'smithy-swift'
        ➜ Explicit dependency on target 'Logging' in project 'swift-log'
    Target 'Smithy' in project 'smithy-swift'
        ➜ Explicit dependency on target 'Logging' in project 'swift-log'
    Target 'Logging' in project 'swift-log'
        ➜ Explicit dependency on target 'Logging' in project 'swift-log'
    Target 'Logging' in project 'swift-log' (no dependencies)
    Target 'AWSSDKCommon' in project 'aws-sdk-swift'
        ➜ Explicit dependency on target 'AwsCommonRuntimeKit' in project 'aws-crt-swift'
    Target 'AwsCommonRuntimeKit' in project 'aws-crt-swift'
        ➜ Explicit dependency on target 'AwsCommonRuntimeKit' in project 'aws-crt-swift'
        ➜ Explicit dependency on target 'aws-crt-swift_AwsCommonRuntimeKit' in project 'aws-crt-swift'
        ➜ Explicit dependency on target 'AwsCPlatformConfig' in project 'aws-crt-swift'
        ➜ Explicit dependency on target 'AwsCCommon' in project 'aws-crt-swift'
        ➜ Explicit dependency on target 'AwsCCompression' in project 'aws-crt-swift'
        ➜ Explicit dependency on target 'AwsCCal' in project 'aws-crt-swift'
        ➜ Explicit dependency on target 'AwsCIo' in project 'aws-crt-swift'
        ➜ Explicit dependency on target 'AwsCHttp' in project 'aws-crt-swift'
        ➜ Explicit dependency on target 'AwsCSdkUtils' in project 'aws-crt-swift'
        ➜ Explicit dependency on target 'AwsCAuth' in project 'aws-crt-swift'
        ➜ Explicit dependency on target 'AwsCChecksums' in project 'aws-crt-swift'
        ➜ Explicit dependency on target 'AwsCEventStream' in project 'aws-crt-swift'
        ➜ Explicit dependency on target 'AwsCMqtt' in project 'aws-crt-swift'
    Target 'AwsCommonRuntimeKit' in project 'aws-crt-swift'
        ➜ Explicit dependency on target 'aws-crt-swift_AwsCommonRuntimeKit' in project 'aws-crt-swift'
        ➜ Explicit dependency on target 'AwsCPlatformConfig' in project 'aws-crt-swift'
        ➜ Explicit dependency on target 'AwsCCommon' in project 'aws-crt-swift'
        ➜ Explicit dependency on target 'AwsCCompression' in project 'aws-crt-swift'
        ➜ Explicit dependency on target 'AwsCCal' in project 'aws-crt-swift'
        ➜ Explicit dependency on target 'AwsCIo' in project 'aws-crt-swift'
        ➜ Explicit dependency on target 'AwsCHttp' in project 'aws-crt-swift'
        ➜ Explicit dependency on target 'AwsCSdkUtils' in project 'aws-crt-swift'
        ➜ Explicit dependency on target 'AwsCAuth' in project 'aws-crt-swift'
        ➜ Explicit dependency on target 'AwsCChecksums' in project 'aws-crt-swift'
        ➜ Explicit dependency on target 'AwsCEventStream' in project 'aws-crt-swift'
        ➜ Explicit dependency on target 'AwsCMqtt' in project 'aws-crt-swift'
        ➜ Explicit dependency on target 'LibNative' in project 'aws-crt-swift'
    Target 'LibNative' in project 'aws-crt-swift' (no dependencies)
    Target 'AwsCMqtt' in project 'aws-crt-swift'
        ➜ Explicit dependency on target 'AwsCPlatformConfig' in project 'aws-crt-swift'
        ➜ Explicit dependency on target 'AwsCCommon' in project 'aws-crt-swift'
        ➜ Explicit dependency on target 'AwsCCompression' in project 'aws-crt-swift'
        ➜ Explicit dependency on target 'AwsCCal' in project 'aws-crt-swift'
        ➜ Explicit dependency on target 'AwsCIo' in project 'aws-crt-swift'
        ➜ Explicit dependency on target 'AwsCHttp' in project 'aws-crt-swift'
    Target 'AwsCEventStream' in project 'aws-crt-swift'
        ➜ Explicit dependency on target 'AwsCPlatformConfig' in project 'aws-crt-swift'
        ➜ Explicit dependency on target 'AwsCCommon' in project 'aws-crt-swift'
        ➜ Explicit dependency on target 'AwsCChecksums' in project 'aws-crt-swift'
        ➜ Explicit dependency on target 'AwsCCal' in project 'aws-crt-swift'
        ➜ Explicit dependency on target 'AwsCIo' in project 'aws-crt-swift'
    Target 'AwsCChecksums' in project 'aws-crt-swift'
        ➜ Explicit dependency on target 'AwsCPlatformConfig' in project 'aws-crt-swift'
        ➜ Explicit dependency on target 'AwsCCommon' in project 'aws-crt-swift'
    Target 'AwsCAuth' in project 'aws-crt-swift'
        ➜ Explicit dependency on target 'AwsCPlatformConfig' in project 'aws-crt-swift'
        ➜ Explicit dependency on target 'AwsCCommon' in project 'aws-crt-swift'
        ➜ Explicit dependency on target 'AwsCCompression' in project 'aws-crt-swift'
        ➜ Explicit dependency on target 'AwsCCal' in project 'aws-crt-swift'
        ➜ Explicit dependency on target 'AwsCIo' in project 'aws-crt-swift'
        ➜ Explicit dependency on target 'AwsCHttp' in project 'aws-crt-swift'
        ➜ Explicit dependency on target 'AwsCSdkUtils' in project 'aws-crt-swift'
    Target 'AwsCSdkUtils' in project 'aws-crt-swift'
        ➜ Explicit dependency on target 'AwsCPlatformConfig' in project 'aws-crt-swift'
        ➜ Explicit dependency on target 'AwsCCommon' in project 'aws-crt-swift'
    Target 'AwsCHttp' in project 'aws-crt-swift'
        ➜ Explicit dependency on target 'AwsCPlatformConfig' in project 'aws-crt-swift'
        ➜ Explicit dependency on target 'AwsCCommon' in project 'aws-crt-swift'
        ➜ Explicit dependency on target 'AwsCCompression' in project 'aws-crt-swift'
        ➜ Explicit dependency on target 'AwsCCal' in project 'aws-crt-swift'
        ➜ Explicit dependency on target 'AwsCIo' in project 'aws-crt-swift'
    Target 'AwsCIo' in project 'aws-crt-swift'
        ➜ Explicit dependency on target 'AwsCPlatformConfig' in project 'aws-crt-swift'
        ➜ Explicit dependency on target 'AwsCCommon' in project 'aws-crt-swift'
        ➜ Explicit dependency on target 'AwsCCal' in project 'aws-crt-swift'
    Target 'AwsCCal' in project 'aws-crt-swift'
        ➜ Explicit dependency on target 'AwsCPlatformConfig' in project 'aws-crt-swift'
        ➜ Explicit dependency on target 'AwsCCommon' in project 'aws-crt-swift'
    Target 'AwsCCompression' in project 'aws-crt-swift'
        ➜ Explicit dependency on target 'AwsCPlatformConfig' in project 'aws-crt-swift'
        ➜ Explicit dependency on target 'AwsCCommon' in project 'aws-crt-swift'
    Target 'AwsCCommon' in project 'aws-crt-swift'
        ➜ Explicit dependency on target 'AwsCPlatformConfig' in project 'aws-crt-swift'
    Target 'AwsCPlatformConfig' in project 'aws-crt-swift' (no dependencies)
    Target 'aws-crt-swift_AwsCommonRuntimeKit' in project 'aws-crt-swift' (no dependencies)

GatherProvisioningInputs

CreateBuildDescription

ExecuteExternalTool /Applications/Xcode.app/Contents/Developer/Toolchains/XcodeDefault.xctoolchain/usr/bin/clang -v -E -dM -arch arm64 -isysroot /Applications/Xcode.app/Contents/Developer/Platforms/MacOSX.platform/Developer/SDKs/MacOSX26.5.sdk -x c -c /dev/null

ExecuteExternalTool /Applications/Xcode.app/Contents/Developer/Toolchains/XcodeDefault.xctoolchain/usr/bin/swiftc --version

ExecuteExternalTool /Applications/Xcode.app/Contents/Developer/Toolchains/XcodeDefault.xctoolchain/usr/bin/clang -v -E -dM -isysroot /Applications/Xcode.app/Contents/Developer/Platforms/MacOSX.platform/Developer/SDKs/MacOSX26.5.sdk -x c -c /dev/null

ExecuteExternalTool /Applications/Xcode.app/Contents/Developer/Toolchains/XcodeDefault.xctoolchain/usr/bin/ld -version_details

ReadFileContents /Applications/Xcode.app/Contents/Developer/Toolchains/XcodeDefault.xctoolchain/usr/share/docc/features.json

Build description signature: 47e388c684d765b6f10aabc48c401c97
Build description path: /Users/michielvh/code/one-b2c/ssm-connect/.build/DerivedData/Build/Intermediates.noindex/XCBuildData/47e388c684d765b6f10aabc48c401c97.xcbuilddata
ClangStatCache /Applications/Xcode.app/Contents/Developer/Toolchains/XcodeDefault.xctoolchain/usr/bin/clang-stat-cache /Applications/Xcode.app/Contents/Developer/Platforms/MacOSX.platform/Developer/SDKs/MacOSX26.5.sdk /Users/michielvh/code/one-b2c/ssm-connect/.build/DerivedData/SDKStatCaches.noindex/macosx26.5-25F70-e082c4a02f00227109f4ed75e425c832.sdkstatcache
    cd /Users/michielvh/code/one-b2c/ssm-connect/SSMConnect.xcodeproj
    /Applications/Xcode.app/Contents/Developer/Toolchains/XcodeDefault.xctoolchain/usr/bin/clang-stat-cache /Applications/Xcode.app/Contents/Developer/Platforms/MacOSX.platform/Developer/SDKs/MacOSX26.5.sdk -o /Users/michielvh/code/one-b2c/ssm-connect/.build/DerivedData/SDKStatCaches.noindex/macosx26.5-25F70-e082c4a02f00227109f4ed75e425c832.sdkstatcache

ProcessInfoPlistFile /Users/michielvh/code/one-b2c/ssm-connect/.build/DerivedData/Build/Products/Debug/smithy-swift_ClientRuntime.bundle/Contents/Info.plist /Users/michielvh/code/one-b2c/ssm-connect/.build/DerivedData/Build/Intermediates.noindex/smithy-swift.build/Debug/smithy-swift_ClientRuntime.build/empty-smithy-swift_ClientRuntime.plist (in target 'smithy-swift_ClientRuntime' from project 'smithy-swift')
    cd /Users/michielvh/code/one-b2c/ssm-connect/.build/DerivedData/SourcePackages/checkouts/smithy-swift
    builtin-infoPlistUtility /Users/michielvh/code/one-b2c/ssm-connect/.build/DerivedData/Build/Intermediates.noindex/smithy-swift.build/Debug/smithy-swift_ClientRuntime.build/empty-smithy-swift_ClientRuntime.plist -producttype com.apple.product-type.bundle -expandbuildsettings -platform macosx -o /Users/michielvh/code/one-b2c/ssm-connect/.build/DerivedData/Build/Products/Debug/smithy-swift_ClientRuntime.bundle/Contents/Info.plist

ProcessInfoPlistFile /Users/michielvh/code/one-b2c/ssm-connect/.build/DerivedData/Build/Products/Debug/aws-crt-swift_AwsCommonRuntimeKit.bundle/Contents/Info.plist /Users/michielvh/code/one-b2c/ssm-connect/.build/DerivedData/Build/Intermediates.noindex/aws-crt-swift.build/Debug/aws-crt-swift_AwsCommonRuntimeKit.build/empty-aws-crt-swift_AwsCommonRuntimeKit.plist (in target 'aws-crt-swift_AwsCommonRuntimeKit' from project 'aws-crt-swift')
    cd /Users/michielvh/code/one-b2c/ssm-connect/.build/DerivedData/SourcePackages/checkouts/aws-crt-swift
    builtin-infoPlistUtility /Users/michielvh/code/one-b2c/ssm-connect/.build/DerivedData/Build/Intermediates.noindex/aws-crt-swift.build/Debug/aws-crt-swift_AwsCommonRuntimeKit.build/empty-aws-crt-swift_AwsCommonRuntimeKit.plist -producttype com.apple.product-type.bundle -expandbuildsettings -platform macosx -o /Users/michielvh/code/one-b2c/ssm-connect/.build/DerivedData/Build/Products/Debug/aws-crt-swift_AwsCommonRuntimeKit.bundle/Contents/Info.plist

MkDir /Users/michielvh/code/one-b2c/ssm-connect/.build/DerivedData/Build/Products/Debug/SSMConnect.app/Contents/PlugIns/SSMConnectTests.xctest/Contents (in target 'SSMConnectTests' from project 'SSMConnect')
    cd /Users/michielvh/code/one-b2c/ssm-connect
    /bin/mkdir -p /Users/michielvh/code/one-b2c/ssm-connect/.build/DerivedData/Build/Products/Debug/SSMConnect.app/Contents/PlugIns/SSMConnectTests.xctest/Contents

MkDir /Users/michielvh/code/one-b2c/ssm-connect/.build/DerivedData/Build/Products/Debug/SSMConnect.app/Contents/PlugIns/SSMConnectTests.xctest/Contents/MacOS (in target 'SSMConnectTests' from project 'SSMConnect')
    cd /Users/michielvh/code/one-b2c/ssm-connect
    /bin/mkdir -p /Users/michielvh/code/one-b2c/ssm-connect/.build/DerivedData/Build/Products/Debug/SSMConnect.app/Contents/PlugIns/SSMConnectTests.xctest/Contents/MacOS

MkDir /Users/michielvh/code/one-b2c/ssm-connect/.build/DerivedData/Build/Products/Debug/SSMConnect.app/Contents/PlugIns/SSMConnectTests.xctest/Contents/Resources (in target 'SSMConnectTests' from project 'SSMConnect')
    cd /Users/michielvh/code/one-b2c/ssm-connect
    /bin/mkdir -p /Users/michielvh/code/one-b2c/ssm-connect/.build/DerivedData/Build/Products/Debug/SSMConnect.app/Contents/PlugIns/SSMConnectTests.xctest/Contents/Resources

ProcessInfoPlistFile /Users/michielvh/code/one-b2c/ssm-connect/.build/DerivedData/Build/Products/Debug/aws-sdk-swift_AWSClientRuntime.bundle/Contents/Info.plist /Users/michielvh/code/one-b2c/ssm-connect/.build/DerivedData/Build/Intermediates.noindex/aws-sdk-swift.build/Debug/aws-sdk-swift_AWSClientRuntime.build/empty-aws-sdk-swift_AWSClientRuntime.plist (in target 'aws-sdk-swift_AWSClientRuntime' from project 'aws-sdk-swift')
    cd /Users/michielvh/code/one-b2c/ssm-connect/.build/DerivedData/SourcePackages/checkouts/aws-sdk-swift
    builtin-infoPlistUtility /Users/michielvh/code/one-b2c/ssm-connect/.build/DerivedData/Build/Intermediates.noindex/aws-sdk-swift.build/Debug/aws-sdk-swift_AWSClientRuntime.build/empty-aws-sdk-swift_AWSClientRuntime.plist -producttype com.apple.product-type.bundle -expandbuildsettings -platform macosx -o /Users/michielvh/code/one-b2c/ssm-connect/.build/DerivedData/Build/Products/Debug/aws-sdk-swift_AWSClientRuntime.bundle/Contents/Info.plist

ProcessInfoPlistFile /Users/michielvh/code/one-b2c/ssm-connect/.build/DerivedData/Build/Products/Debug/smithy-swift_SmithyCodegenCore.bundle/Contents/Info.plist /Users/michielvh/code/one-b2c/ssm-connect/.build/DerivedData/Build/Intermediates.noindex/smithy-swift.build/Debug/smithy-swift_SmithyCodegenCore.build/empty-smithy-swift_SmithyCodegenCore.plist (in target 'smithy-swift_SmithyCodegenCore' from project 'smithy-swift')
    cd /Users/michielvh/code/one-b2c/ssm-connect/.build/DerivedData/SourcePackages/checkouts/smithy-swift
    builtin-infoPlistUtility /Users/michielvh/code/one-b2c/ssm-connect/.build/DerivedData/Build/Intermediates.noindex/smithy-swift.build/Debug/smithy-swift_SmithyCodegenCore.build/empty-smithy-swift_SmithyCodegenCore.plist -producttype com.apple.product-type.bundle -expandbuildsettings -platform macosx -o /Users/michielvh/code/one-b2c/ssm-connect/.build/DerivedData/Build/Products/Debug/smithy-swift_SmithyCodegenCore.bundle/Contents/Info.plist

warning: Run script build phase 'Fetch session-manager-plugin' will be run during every build because it does not specify any outputs. To address this issue, either add output dependencies to the script phase, or configure it to run in every build by unchecking "Based on dependency analysis" in the script phase. (in target 'SSMConnect' from project 'SSMConnect')
warning: Run script build phase 'Embed session-manager-plugin' will be run during every build because it does not specify any outputs. To address this issue, either add output dependencies to the script phase, or configure it to run in every build by unchecking "Based on dependency analysis" in the script phase. (in target 'SSMConnect' from project 'SSMConnect')
MkDir /Users/michielvh/code/one-b2c/ssm-connect/.build/DerivedData/Build/Products/Debug/SSMConnect.app/Contents/PlugIns (in target 'SSMConnect' from project 'SSMConnect')
    cd /Users/michielvh/code/one-b2c/ssm-connect
    /bin/mkdir -p /Users/michielvh/code/one-b2c/ssm-connect/.build/DerivedData/Build/Products/Debug/SSMConnect.app/Contents/PlugIns

MkDir /Users/michielvh/code/one-b2c/ssm-connect/.build/DerivedData/Build/Products/Debug/SSMConnect.app/Contents/Frameworks (in target 'SSMConnect' from project 'SSMConnect')
    cd /Users/michielvh/code/one-b2c/ssm-connect
    /bin/mkdir -p /Users/michielvh/code/one-b2c/ssm-connect/.build/DerivedData/Build/Products/Debug/SSMConnect.app/Contents/Frameworks

CustomTask Generating\ Swift\ source\ files\ from\ model\ file\ /Users/michielvh/code/one-b2c/ssm-connect/.build/DerivedData/SourcePackages/checkouts/aws-sdk-swift/codegen/sdk-codegen/aws-models/cognito-identity.json 86c85900874f967c0e5810015cd5f38b (in target 'InternalAWSCognitoIdentity' from project 'aws-sdk-swift')
    cd /Users/michielvh/code/one-b2c/ssm-connect/.build/DerivedData/SourcePackages/checkouts/aws-sdk-swift
    export ACTION\=build
    export AD_HOC_CODE_SIGNING_ALLOWED\=YES
    export ALLOW_BUILD_REQUEST_OVERRIDES\=NO
    export ALLOW_TARGET_PLATFORM_SPECIALIZATION\=NO
    export ALTERNATE_GROUP\=staff
    export ALTERNATE_MODE\=u+w,go-w,a+rX
    export ALTERNATE_OWNER\=michielvh
    export ALTERNATIVE_DISTRIBUTION_WEB\=NO
    export ALWAYS_EMBED_SWIFT_STANDARD_LIBRARIES\=NO
    export ALWAYS_SEARCH_USER_PATHS\=YES
    export ALWAYS_USE_SEPARATE_HEADERMAPS\=NO
    export APPLICATION_EXTENSION_API_ONLY\=NO
    export APPLY_RULES_IN_COPY_FILES\=NO
    export APPLY_RULES_IN_COPY_HEADERS\=NO
    export APP_SHORTCUTS_ENABLE_FLEXIBLE_MATCHING\=YES
    export ARCHS\=arm64
    export ARCHS_BASE\=arm64
    export ARCHS_STANDARD\=arm64\ x86_64
    export ARCHS_STANDARD_32_64_BIT\=arm64\ x86_64\ i386
    export ARCHS_STANDARD_32_BIT\=i386
    export ARCHS_STANDARD_64_BIT\=arm64\ x86_64
    export ARCHS_STANDARD_INCLUDING_64_BIT\=arm64\ x86_64
    export AUTOMATICALLY_MERGE_DEPENDENCIES\=NO
    export AUTOMATION_APPLE_EVENTS\=NO
    export AVAILABLE_PLATFORMS\=android\ appletvos\ appletvsimulator\ driverkit\ freebsd\ iphoneos\ iphonesimulator\ linux\ macosx\ none\ openbsd\ qnx\ watchos\ watchsimulator\ webassembly\ xros\ xrsimulator
    export BUILD_ACTIVE_RESOURCES_ONLY\=NO
    export BUILD_COMPONENTS\=headers\ build
    export BUILD_DIR\=/Users/michielvh/code/one-b2c/ssm-connect/.build/DerivedData/Build/Products
    export BUILD_LIBRARY_FOR_DISTRIBUTION\=NO
    export BUILD_ONLY_KNOWN_LOCALIZATIONS\=NO
    export BUILD_ROOT\=/Users/michielvh/code/one-b2c/ssm-connect/.build/DerivedData/Build/Products
    export BUILD_STYLE\=
    export BUILD_VARIANTS\=normal
    export BUILT_PRODUCTS_DIR\=/Users/michielvh/code/one-b2c/ssm-connect/.build/DerivedData/Build/Products/Debug
    export BUNDLE_CONTENTS_FOLDER_PATH\=Contents/
    export BUNDLE_CONTENTS_FOLDER_PATH_deep\=Contents/
    export BUNDLE_EXECUTABLE_FOLDER_NAME_deep\=MacOS
    export BUNDLE_EXECUTABLE_FOLDER_PATH\=Contents/MacOS
    export BUNDLE_EXTENSIONS_FOLDER_PATH\=Contents/Extensions
    export BUNDLE_FORMAT\=deep
    export BUNDLE_FRAMEWORKS_FOLDER_PATH\=Contents/Frameworks
    export BUNDLE_PLUGINS_FOLDER_PATH\=Contents/PlugIns
    export BUNDLE_PRIVATE_HEADERS_FOLDER_PATH\=Contents/PrivateHeaders
    export BUNDLE_PUBLIC_HEADERS_FOLDER_PATH\=Contents/Headers
    export CACHE_ROOT\=/var/folders/sm/8hfqw9_97pgfmhlfs2t7k66c0000gn/C/com.apple.DeveloperTools/26.5-17F42/Xcode
    export CCHROOT\=/var/folders/sm/8hfqw9_97pgfmhlfs2t7k66c0000gn/C/com.apple.DeveloperTools/26.5-17F42/Xcode
    export CHMOD\=/bin/chmod
    export CHOWN\=chown
    export CLANG_CACHE_FINE_GRAINED_OUTPUTS\=YES
    export CLANG_COVERAGE_MAPPING_LINKER_ARGS\=NO
    export CLANG_ENABLE_EXPLICIT_MODULES\=YES
    export CLANG_ENABLE_MODULES\=YES
    export CLANG_ENABLE_OBJC_ARC\=YES
    export CLANG_MODULES_BUILD_SESSION_FILE\=/Users/michielvh/code/one-b2c/ssm-connect/.build/DerivedData/ModuleCache.noindex/Session.modulevalidation
    export CLASS_FILE_DIR\=/Users/michielvh/code/one-b2c/ssm-connect/.build/DerivedData/Build/Intermediates.noindex/aws-sdk-swift.build/Debug/InternalAWSCognitoIdentity.build/JavaClasses
    export CLEAN_PRECOMPS\=YES
    export CLONE_HEADERS\=NO
    export CODESIGNING_FOLDER_PATH\=/Users/michielvh/code/one-b2c/ssm-connect/.build/DerivedData/Build/Products/Debug/InternalAWSCognitoIdentity.o
    export CODE_SIGNING_ALLOWED\=NO
    export CODE_SIGNING_REQUIRED\=NO
    export CODE_SIGN_IDENTITY_NO\=Apple\ Development
    export CODE_SIGN_IDENTITY_YES\=-
    export CODE_SIGN_INJECT_BASE_ENTITLEMENTS\=YES
    export COLOR_DIAGNOSTICS\=NO
    export COMBINE_HIDPI_IMAGES\=NO
    export COMPILATION_CACHE_CAS_PATH\=/Users/michielvh/code/one-b2c/ssm-connect/.build/DerivedData/CompilationCache.noindex
    export COMPILATION_CACHE_KEEP_CAS_DIRECTORY\=YES
    export COMPILER_INDEX_STORE_ENABLE\=Default
    export COMPILER_WORKING_DIRECTORY\=/Users/michielvh/code/one-b2c/ssm-connect/SSMConnect.xcodeproj
    export COMPOSITE_SDK_DIRS\=/Users/michielvh/code/one-b2c/ssm-connect/.build/DerivedData/Build/Intermediates.noindex/CompositeSDKs
    export COMPRESS_PNG_FILES\=NO
    export CONFIGURATION\=Debug
    export CONFIGURATION_BUILD_DIR\=/Users/michielvh/code/one-b2c/ssm-connect/.build/DerivedData/Build/Products/Debug
    export CONFIGURATION_TEMP_DIR\=/Users/michielvh/code/one-b2c/ssm-connect/.build/DerivedData/Build/Intermediates.noindex/aws-sdk-swift.build/Debug
    export COPYING_PRESERVES_HFS_DATA\=NO
    export COPY_HEADERS_RUN_UNIFDEF\=NO
    export COPY_PHASE_STRIP\=NO
    export CP\=/bin/cp
    export CREATE_INFOPLIST_SECTION_IN_BINARY\=NO
    export CURRENT_ARCH\=undefined_arch
    export CURRENT_VARIANT\=normal
    export DEAD_CODE_STRIPPING\=NO
    export DEBUGGING_SYMBOLS\=YES
    export DEBUG_INFORMATION_FORMAT\=dwarf
    export DEBUG_INFORMATION_VERSION\=compiler-default
    export DEFAULT_COMPILER\=com.apple.compilers.llvm.clang.1_0
    export DEFAULT_DEXT_INSTALL_PATH\=/System/Library/DriverExtensions
    export DEFAULT_KEXT_INSTALL_PATH\=/System/Library/Extensions
    export DEFINES_MODULE\=YES
    export DEPLOYMENT_LOCATION\=NO
    export DEPLOYMENT_POSTPROCESSING\=NO
    export DEPLOYMENT_TARGET_SETTING_NAME\=MACOSX_DEPLOYMENT_TARGET
    export DEPLOYMENT_TARGET_SUGGESTED_VALUES\=10.13\ 10.14\ 10.15\ 11.0\ 11.1\ 11.2\ 11.3\ 11.4\ 11.5\ 12.0\ 12.2\ 12.3\ 12.4\ 13.0\ 13.1\ 13.2\ 13.3\ 13.4\ 13.5\ 14.0\ 14.1\ 14.2\ 14.3\ 14.4\ 14.5\ 14.6\ 15.0\ 15.1\ 15.2\ 15.3\ 15.4\ 15.5\ 15.6\ 26.0\ 26.1\ 26.2\ 26.3\ 26.4\ 26.5
    export DERIVED_FILES_DIR\=/Users/michielvh/code/one-b2c/ssm-connect/.build/DerivedData/Build/Intermediates.noindex/aws-sdk-swift.build/Debug/InternalAWSCognitoIdentity.build/DerivedSources
    export DERIVED_FILE_DIR\=/Users/michielvh/code/one-b2c/ssm-connect/.build/DerivedData/Build/Intermediates.noindex/aws-sdk-swift.build/Debug/InternalAWSCognitoIdentity.build/DerivedSources
    export DERIVED_SOURCES_DIR\=/Users/michielvh/code/one-b2c/ssm-connect/.build/DerivedData/Build/Intermediates.noindex/aws-sdk-swift.build/Debug/InternalAWSCognitoIdentity.build/DerivedSources
    export DEVELOPER_APPLICATIONS_DIR\=/Applications/Xcode.app/Contents/Developer/Applications
    export DEVELOPER_BIN_DIR\=/Applications/Xcode.app/Contents/Developer/usr/bin
    export DEVELOPER_DIR\=/Applications/Xcode.app/Contents/Developer
    export DEVELOPER_FRAMEWORKS_DIR\=/Applications/Xcode.app/Contents/Developer/Library/Frameworks
    export DEVELOPER_FRAMEWORKS_DIR_QUOTED\=/Applications/Xcode.app/Contents/Developer/Library/Frameworks
    export DEVELOPER_LIBRARY_DIR\=/Applications/Xcode.app/Contents/Developer/Library
    export DEVELOPER_SDK_DIR\=/Applications/Xcode.app/Contents/Developer/Platforms/MacOSX.platform/Developer/SDKs
    export DEVELOPER_TOOLS_DIR\=/Applications/Xcode.app/Contents/Developer/Tools
    export DEVELOPER_USR_DIR\=/Applications/Xcode.app/Contents/Developer/usr
    export DEVELOPMENT_LANGUAGE\=en
    export DIAGNOSE_MISSING_TARGET_DEPENDENCIES\=YES
    export DIFF\=/usr/bin/diff
    export DONT_GENERATE_INFOPLIST_FILE\=NO
    export DSTROOT\=/tmp/aws-sdk-swift.dst
    export DT_TOOLCHAIN_DIR\=/Applications/Xcode.app/Contents/Developer/Toolchains/XcodeDefault.xctoolchain
    export DUMP_DEPENDENCIES\=NO
    export DUMP_DEPENDENCIES_OUTPUT_PATH\=/Users/michielvh/code/one-b2c/ssm-connect/.build/DerivedData/Build/Intermediates.noindex/aws-sdk-swift.build/Debug/InternalAWSCognitoIdentity.build/InternalAWSCognitoIdentity-BuildDependencyInfo.json
    export DWARF_DSYM_FILE_NAME\=InternalAWSCognitoIdentity.o.dSYM
    export DWARF_DSYM_FILE_SHOULD_ACCOMPANY_PRODUCT\=NO
    export DWARF_DSYM_FOLDER_PATH\=/Users/michielvh/code/one-b2c/ssm-connect/.build/DerivedData/Build/Products/Debug
    export DYLIB_INSTALL_NAME_BASE\=@rpath
    export DYNAMIC_LIBRARY_EXTENSION\=dylib
    export EAGER_COMPILATION_ALLOW_SCRIPTS\=NO
    export EAGER_LINKING\=NO
    export EFFECTIVE_SWIFT_VERSION\=5
    export EMBEDDED_CONTENT_CONTAINS_SWIFT\=NO
    export EMBEDDED_PROFILE_NAME\=embedded.provisionprofile
    export EMBED_ASSET_PACKS_IN_PRODUCT_BUNDLE\=NO
    export EMBED_PACKAGE_RESOURCE_BUNDLE_NAMES\=\ aws-sdk-swift_AWSClientRuntime\ smithy-swift_ClientRuntime\ aws-crt-swift_AwsCommonRuntimeKit
    export ENABLE_APP_SANDBOX\=NO
    export ENABLE_CODE_COVERAGE\=YES
    export ENABLE_COHORT_ARCHS\=NO
    export ENABLE_CPLUSPLUS_BOUNDS_SAFE_BUFFERS\=NO
    export ENABLE_C_BOUNDS_SAFETY\=NO
    export ENABLE_DEFAULT_HEADER_SEARCH_PATHS\=YES
    export ENABLE_DEFAULT_SEARCH_PATHS\=YES
    export ENABLE_ENHANCED_SECURITY\=NO
    export ENABLE_HARDENED_RUNTIME\=NO
    export ENABLE_HEADER_DEPENDENCIES\=YES
    export ENABLE_INCOMING_NETWORK_CONNECTIONS\=NO
    export ENABLE_NS_ASSERTIONS\=YES
    export ENABLE_ON_DEMAND_RESOURCES\=NO
    export ENABLE_OUTGOING_NETWORK_CONNECTIONS\=NO
    export ENABLE_POINTER_AUTHENTICATION\=NO
    export ENABLE_PREVIEWS\=NO
    export ENABLE_RESOURCE_ACCESS_AUDIO_INPUT\=NO
    export ENABLE_RESOURCE_ACCESS_BLUETOOTH\=NO
    export ENABLE_RESOURCE_ACCESS_CALENDARS\=NO
    export ENABLE_RESOURCE_ACCESS_CAMERA\=NO
    export ENABLE_RESOURCE_ACCESS_CONTACTS\=NO
    export ENABLE_RESOURCE_ACCESS_LOCATION\=NO
    export ENABLE_RESOURCE_ACCESS_PHOTO_LIBRARY\=NO
    export ENABLE_RESOURCE_ACCESS_PRINTING\=NO
    export ENABLE_RESOURCE_ACCESS_USB\=NO
    export ENABLE_SDK_IMPORTS\=NO
    export ENABLE_SECURITY_COMPILER_WARNINGS\=NO
    export ENABLE_TESTABILITY\=YES
    export ENABLE_TESTING_SEARCH_PATHS\=YES
    export ENABLE_USER_SCRIPT_SANDBOXING\=NO
    export ENABLE_XOJIT_PREVIEWS\=YES
    export ENFORCE_VALID_ARCHS\=YES
    export ENTITLEMENTS_DESTINATION\=Signature
    export ENTITLEMENTS_REQUIRED\=NO
    export EXCLUDED_INSTALLSRC_SUBDIRECTORY_PATTERNS\=.DS_Store\ .svn\ .git\ .hg\ CVS
    export EXCLUDED_RECURSIVE_SEARCH_PATH_SUBDIRECTORIES\=\*.nib\ \*.lproj\ \*.framework\ \*.gch\ \*.xcode\*\ \*.xcassets\ \*.icon\ \(\*\)\ .DS_Store\ CVS\ .svn\ .git\ .hg\ \*.pbproj\ \*.pbxproj
    export EXECUTABLE_EXTENSION\=o
    export EXECUTABLE_NAME\=InternalAWSCognitoIdentity.o
    export EXECUTABLE_PATH\=InternalAWSCognitoIdentity.o
    export EXECUTABLE_SUFFIX\=.o
    export FILE_LIST\=/Users/michielvh/code/one-b2c/ssm-connect/.build/DerivedData/Build/Intermediates.noindex/aws-sdk-swift.build/Debug/InternalAWSCognitoIdentity.build/Objects/LinkFileList
    export FIXED_FILES_DIR\=/Users/michielvh/code/one-b2c/ssm-connect/.build/DerivedData/Build/Intermediates.noindex/aws-sdk-swift.build/Debug/InternalAWSCognitoIdentity.build/FixedFiles
    export FRAMEWORK_FLAG_PREFIX\=-framework
    export FRAMEWORK_SEARCH_PATHS\=/Users/michielvh/code/one-b2c/ssm-connect/.build/DerivedData/Build/Products/Debug/PackageFrameworks\ /Users/michielvh/code/one-b2c/ssm-connect/.build/DerivedData/Build/Products/Debug/PackageFrameworks\ /Users/michielvh/code/one-b2c/ssm-connect/.build/DerivedData/Build/Products/Debug/PackageFrameworks\ /Users/michielvh/code/one-b2c/ssm-connect/.build/DerivedData/Build/Products/Debug/PackageFrameworks\ /Users/michielvh/code/one-b2c/ssm-connect/.build/DerivedData/Build/Products/Debug/PackageFrameworks\ /Users/michielvh/code/one-b2c/ssm-connect/.build/DerivedData/Build/Products/Debug/PackageFrameworks\ /Users/michielvh/code/one-b2c/ssm-connect/.build/DerivedData/Build/Products/Debug/PackageFrameworks\ /Users/michielvh/code/one-b2c/ssm-connect/.build/DerivedData/Build/Products/Debug/PackageFrameworks\ /Users/michielvh/code/one-b2c/ssm-connect/.build/DerivedData/Build/Products/Debug/PackageFrameworks\ /Users/michielvh/code/one-b2c/ssm-connect/.build/DerivedData/Build/Products/Debug/PackageFrameworks\ /Users/michielvh/code/one-b2c/ssm-connect/.build/DerivedData/Build/Products/Debug/PackageFrameworks\ /Users/michielvh/code/one-b2c/ssm-connect/.build/DerivedData/Build/Products/Debug/PackageFrameworks\ /Users/michielvh/code/one-b2c/ssm-connect/.build/DerivedData/Build/Products/Debug/PackageFrameworks\ /Users/michielvh/code/one-b2c/ssm-connect/.build/DerivedData/Build/Products/Debug/PackageFrameworks\ /Users/michielvh/code/one-b2c/ssm-connect/.build/DerivedData/Build/Products/Debug/PackageFrameworks\ /Users/michielvh/code/one-b2c/ssm-connect/.build/DerivedData/Build/Products/Debug/PackageFrameworks\ /Users/michielvh/code/one-b2c/ssm-connect/.build/DerivedData/Build/Products/Debug/PackageFrameworks\ /Users/michielvh/code/one-b2c/ssm-connect/.build/DerivedData/Build/Products/Debug/PackageFrameworks\ /Users/michielvh/code/one-b2c/ssm-connect/.build/DerivedData/Build/Products/Debug/PackageFrameworks\ /Users/michielvh/code/one-b2c/ssm-connect/.build/DerivedData/Build/Products/Debug/PackageFrameworks\ /Users/michielvh/code/one-b2c/ssm-connect/.build/DerivedData/Build/Products/Debug/PackageFrameworks\ /Users/michielvh/code/one-b2c/ssm-connect/.build/DerivedData/Build/Products/Debug/PackageFrameworks\ /Users/michielvh/code/one-b2c/ssm-connect/.build/DerivedData/Build/Products/Debug/PackageFrameworks\ /Users/michielvh/code/one-b2c/ssm-connect/.build/DerivedData/Build/Products/Debug/PackageFrameworks\ /Users/michielvh/code/one-b2c/ssm-connect/.build/DerivedData/Build/Products/Debug/PackageFrameworks\ /Users/michielvh/code/one-b2c/ssm-connect/.build/DerivedData/Build/Products/Debug/PackageFrameworks\ /Users/michielvh/code/one-b2c/ssm-connect/.build/DerivedData/Build/Products/Debug/PackageFrameworks\ /Users/michielvh/code/one-b2c/ssm-connect/.build/DerivedData/Build/Products/Debug/PackageFrameworks\ /Users/michielvh/code/one-b2c/ssm-connect/.build/DerivedData/Build/Products/Debug/PackageFrameworks\ /Users/michielvh/code/one-b2c/ssm-connect/.build/DerivedData/Build/Products/Debug/PackageFrameworks\ /Users/michielvh/code/one-b2c/ssm-connect/.build/DerivedData/Build/Products/Debug/PackageFrameworks\ /Users/michielvh/code/one-b2c/ssm-connect/.build/DerivedData/Build/Products/Debug/PackageFrameworks\ /Users/michielvh/code/one-b2c/ssm-connect/.build/DerivedData/Build/Products/Debug/PackageFrameworks\ /Users/michielvh/code/one-b2c/ssm-connect/.build/DerivedData/Build/Products/Debug/PackageFrameworks\ /Users/michielvh/code/one-b2c/ssm-connect/.build/DerivedData/Build/Products/Debug/PackageFrameworks\ /Users/michielvh/code/one-b2c/ssm-connect/.build/DerivedData/Build/Products/Debug/PackageFrameworks\ /Users/michielvh/code/one-b2c/ssm-connect/.build/DerivedData/Build/Products/Debug/PackageFrameworks\ /Users/michielvh/code/one-b2c/ssm-connect/.build/DerivedData/Build/Products/Debug/PackageFrameworks\ /Users/michielvh/code/one-b2c/ssm-connect/.build/DerivedData/Build/Products/Debug/PackageFrameworks\ /Users/michielvh/code/one-b2c/ssm-connect/.build/DerivedData/Build/Products/Debug/PackageFrameworks\ /Users/michielvh/code/one-b2c/ssm-connect/.build/DerivedData/Build/Products/Debug/PackageFrameworks\ /Users/michielvh/code/one-b2c/ssm-connect/.build/DerivedData/Build/Products/Debug/PackageFrameworks\ /Users/michielvh/code/one-b2c/ssm-connect/.build/DerivedData/Build/Products/Debug/PackageFrameworks\ /Users/michielvh/code/one-b2c/ssm-connect/.build/DerivedData/Build/Products/Debug/PackageFrameworks\ /Users/michielvh/code/one-b2c/ssm-connect/.build/DerivedData/Build/Products/Debug/PackageFrameworks\ /Users/michielvh/code/one-b2c/ssm-connect/.build/DerivedData/Build/Products/Debug\ 
    export FRAMEWORK_VERSION\=A
    export FULL_PRODUCT_NAME\=InternalAWSCognitoIdentity.o
    export FUSE_BUILD_PHASES\=YES
    export FUSE_BUILD_SCRIPT_PHASES\=NO
    export GCC3_VERSION\=3.3
    export GCC_INLINES_ARE_PRIVATE_EXTERN\=YES
    export GCC_OPTIMIZATION_LEVEL\=0
    export GCC_PFE_FILE_C_DIALECTS\=c\ objective-c\ c++\ objective-c++
    export GCC_PREPROCESSOR_DEFINITIONS\=\ SWIFT_PACKAGE\ DEBUG\=1
    export GCC_TREAT_WARNINGS_AS_ERRORS\=NO
    export GCC_VERSION\=com.apple.compilers.llvm.clang.1_0
    export GCC_VERSION_IDENTIFIER\=com_apple_compilers_llvm_clang_1_0
    export GCC_WARN_64_TO_32_BIT_CONVERSION\=NO
    export GENERATED_MODULEMAP_DIR\=/Users/michielvh/code/one-b2c/ssm-connect/.build/DerivedData/Build/Intermediates.noindex/GeneratedModuleMaps
    export GENERATE_INFOPLIST_FILE\=NO
    export GENERATE_INTERMEDIATE_TEXT_BASED_STUBS\=YES
    export GENERATE_MASTER_OBJECT_FILE\=NO
    export GENERATE_PKGINFO_FILE\=NO
    export GENERATE_PRELINK_OBJECT_FILE\=NO
    export GENERATE_PROFILING_CODE\=NO
    export GENERATE_TEXT_BASED_STUBS\=NO
    export GID\=20
    export GROUP\=staff
    export HEADERMAP_INCLUDES_FLAT_ENTRIES_FOR_TARGET_BEING_BUILT\=YES
    export HEADERMAP_INCLUDES_FRAMEWORK_ENTRIES_FOR_ALL_PRODUCT_TYPES\=YES
    export HEADERMAP_INCLUDES_FRAMEWORK_ENTRIES_FOR_TARGETS_NOT_BEING_BUILT\=YES
    export HEADERMAP_INCLUDES_NONPUBLIC_NONPRIVATE_HEADERS\=YES
    export HEADERMAP_INCLUDES_PROJECT_HEADERS\=YES
    export HEADERMAP_USES_FRAMEWORK_PREFIX_ENTRIES\=YES
    export HEADERMAP_USES_VFS\=YES
    export HEADER_SEARCH_PATHS\=/Users/michielvh/code/one-b2c/ssm-connect/.build/DerivedData/SourcePackages/checkouts/aws-crt-swift/aws-common-runtime/aws-c-mqtt/include\ /Users/michielvh/code/one-b2c/ssm-connect/.build/DerivedData/SourcePackages/checkouts/aws-crt-swift/aws-common-runtime/aws-c-event-stream/include\ /Users/michielvh/code/one-b2c/ssm-connect/.build/DerivedData/SourcePackages/checkouts/aws-crt-swift/aws-common-runtime/aws-checksums/include\ /Users/michielvh/code/one-b2c/ssm-connect/.build/DerivedData/SourcePackages/checkouts/aws-crt-swift/aws-common-runtime/aws-c-auth/include\ /Users/michielvh/code/one-b2c/ssm-connect/.build/DerivedData/SourcePackages/checkouts/aws-crt-swift/aws-common-runtime/aws-c-sdkutils/include\ /Users/michielvh/code/one-b2c/ssm-connect/.build/DerivedData/SourcePackages/checkouts/aws-crt-swift/aws-common-runtime/aws-c-http/include\ /Users/michielvh/code/one-b2c/ssm-connect/.build/DerivedData/SourcePackages/checkouts/aws-crt-swift/aws-common-runtime/aws-c-io/include\ /Users/michielvh/code/one-b2c/ssm-connect/.build/DerivedData/SourcePackages/checkouts/aws-crt-swift/aws-common-runtime/aws-c-cal/include\ /Users/michielvh/code/one-b2c/ssm-connect/.build/DerivedData/SourcePackages/checkouts/aws-crt-swift/aws-common-runtime/aws-c-compression/include\ /Users/michielvh/code/one-b2c/ssm-connect/.build/DerivedData/SourcePackages/checkouts/aws-crt-swift/aws-common-runtime/aws-c-common/include\ /Users/michielvh/code/one-b2c/ssm-connect/.build/DerivedData/SourcePackages/checkouts/aws-crt-swift/aws-common-runtime/config/.\ /Users/michielvh/code/one-b2c/ssm-connect/.build/DerivedData/Build/Products/Debug/include\ 
    export HOME\=/Users/michielvh
    export HOST_ARCH\=arm64
    export HOST_PLATFORM\=macosx
    export ICONV\=/usr/bin/iconv
    export IMPLICIT_DEPENDENCY_DOMAIN\=default
    export INDEX_STORE_COMPRESS\=NO
    export INDEX_STORE_ONLY_PROJECT_FILES\=NO
    export INFOPLIST_ENABLE_CFBUNDLEICONS_MERGE\=YES
    export INFOPLIST_EXPAND_BUILD_SETTINGS\=YES
    export INFOPLIST_OUTPUT_FORMAT\=same-as-input
    export INFOPLIST_PREPROCESS\=NO
    export INLINE_PRIVATE_FRAMEWORKS\=NO
    export INSTALLAPI_IGNORE_SKIP_INSTALL\=YES
    export INSTALLHDRS_COPY_PHASE\=NO
    export INSTALLHDRS_SCRIPT_PHASE\=NO
    export INSTALL_DIR\=/tmp/aws-sdk-swift.dst/Users/michielvh/Objects
    export INSTALL_GROUP\=staff
    export INSTALL_MODE_FLAG\=u+w,go-w,a+rX
    export INSTALL_OWNER\=michielvh
    export INSTALL_PATH\=/Users/michielvh/Objects
    export INSTALL_ROOT\=/tmp/aws-sdk-swift.dst
    export IOS_UNZIPPERED_TWIN_PREFIX_PATH\=/System/iOSSupport
    export IS_MACCATALYST\=NO
    export IS_UNOPTIMIZED_BUILD\=YES
    export JAVAC_DEFAULT_FLAGS\=-J-Xms64m\ -J-XX:NewSize\=4M\ -J-Dfile.encoding\=UTF8
    export JAVA_APP_STUB\=/System/Library/Frameworks/JavaVM.framework/Resources/MacOS/JavaApplicationStub
    export JAVA_ARCHIVE_CLASSES\=YES
    export JAVA_ARCHIVE_TYPE\=JAR
    export JAVA_COMPILER\=/usr/bin/javac
    export JAVA_FRAMEWORK_RESOURCES_DIRS\=Resources
    export JAVA_JAR_FLAGS\=cv
    export JAVA_SOURCE_SUBDIR\=.
    export JAVA_USE_DEPENDENCIES\=YES
    export JAVA_ZIP_FLAGS\=-urg
    export JIKES_DEFAULT_FLAGS\=+E\ +OLDCSO
    export KASAN_CFLAGS_CLASSIC\=-DKASAN\=1\ -DKASAN_CLASSIC\=1\ -fsanitize\=address\ -mllvm\ -asan-globals-live-support\ -mllvm\ -asan-force-dynamic-shadow
    export KASAN_CFLAGS_TBI\=-DKASAN\=1\ -DKASAN_TBI\=1\ -fsanitize\=kernel-hwaddress\ -mllvm\ -hwasan-recover\=0\ -mllvm\ -hwasan-instrument-atomics\=0\ -mllvm\ -hwasan-instrument-stack\=1\ -mllvm\ -hwasan-generate-tags-with-calls\=1\ -mllvm\ -hwasan-instrument-with-calls\=1\ -mllvm\ -hwasan-use-short-granules\=0\ -mllvm\ -hwasan-memory-access-callback-prefix\=__asan_
    export KASAN_DEFAULT_CFLAGS\=-DKASAN\=1\ -DKASAN_CLASSIC\=1\ -fsanitize\=address\ -mllvm\ -asan-globals-live-support\ -mllvm\ -asan-force-dynamic-shadow
    export KEEP_PRIVATE_EXTERNS\=NO
    export LD_DEPENDENCY_INFO_FILE\=/Users/michielvh/code/one-b2c/ssm-connect/.build/DerivedData/Build/Intermediates.noindex/aws-sdk-swift.build/Debug/InternalAWSCognitoIdentity.build/Objects-normal/undefined_arch/InternalAWSCognitoIdentity_dependency_info.dat
    export LD_EXPORT_SYMBOLS\=YES
    export LD_GENERATE_MAP_FILE\=NO
    export LD_MAP_FILE_PATH\=/Users/michielvh/code/one-b2c/ssm-connect/.build/DerivedData/Build/Intermediates.noindex/aws-sdk-swift.build/Debug/InternalAWSCognitoIdentity.build/InternalAWSCognitoIdentity-LinkMap-normal-undefined_arch.txt
    export LD_NO_PIE\=NO
    export LD_QUOTE_LINKER_ARGUMENTS_FOR_COMPILER_DRIVER\=YES
    export LD_RUNPATH_SEARCH_PATHS\=/Users/michielvh/code/one-b2c/ssm-connect/.build/DerivedData/Build/Products/Debug/PackageFrameworks\ /Users/michielvh/code/one-b2c/ssm-connect/.build/DerivedData/Build/Products/Debug/PackageFrameworks\ /Users/michielvh/code/one-b2c/ssm-connect/.build/DerivedData/Build/Products/Debug/PackageFrameworks\ /Users/michielvh/code/one-b2c/ssm-connect/.build/DerivedData/Build/Products/Debug/PackageFrameworks\ /Users/michielvh/code/one-b2c/ssm-connect/.build/DerivedData/Build/Products/Debug/PackageFrameworks\ /Users/michielvh/code/one-b2c/ssm-connect/.build/DerivedData/Build/Products/Debug/PackageFrameworks\ /Users/michielvh/code/one-b2c/ssm-connect/.build/DerivedData/Build/Products/Debug/PackageFrameworks\ /Users/michielvh/code/one-b2c/ssm-connect/.build/DerivedData/Build/Products/Debug/PackageFrameworks\ /Users/michielvh/code/one-b2c/ssm-connect/.build/DerivedData/Build/Products/Debug/PackageFrameworks\ /Users/michielvh/code/one-b2c/ssm-connect/.build/DerivedData/Build/Products/Debug/PackageFrameworks\ /Users/michielvh/code/one-b2c/ssm-connect/.build/DerivedData/Build/Products/Debug/PackageFrameworks\ /Users/michielvh/code/one-b2c/ssm-connect/.build/DerivedData/Build/Products/Debug/PackageFrameworks\ /Users/michielvh/code/one-b2c/ssm-connect/.build/DerivedData/Build/Products/Debug/PackageFrameworks\ /Users/michielvh/code/one-b2c/ssm-connect/.build/DerivedData/Build/Products/Debug/PackageFrameworks\ /Users/michielvh/code/one-b2c/ssm-connect/.build/DerivedData/Build/Products/Debug/PackageFrameworks\ /Users/michielvh/code/one-b2c/ssm-connect/.build/DerivedData/Build/Products/Debug/PackageFrameworks\ /Users/michielvh/code/one-b2c/ssm-connect/.build/DerivedData/Build/Products/Debug/PackageFrameworks\ /Users/michielvh/code/one-b2c/ssm-connect/.build/DerivedData/Build/Products/Debug/PackageFrameworks\ /Users/michielvh/code/one-b2c/ssm-connect/.build/DerivedData/Build/Products/Debug/PackageFrameworks\ /Users/michielvh/code/one-b2c/ssm-connect/.build/DerivedData/Build/Products/Debug/PackageFrameworks\ /Users/michielvh/code/one-b2c/ssm-connect/.build/DerivedData/Build/Products/Debug/PackageFrameworks\ /Users/michielvh/code/one-b2c/ssm-connect/.build/DerivedData/Build/Products/Debug/PackageFrameworks\ /Users/michielvh/code/one-b2c/ssm-connect/.build/DerivedData/Build/Products/Debug/PackageFrameworks\ /Users/michielvh/code/one-b2c/ssm-connect/.build/DerivedData/Build/Products/Debug/PackageFrameworks\ /Users/michielvh/code/one-b2c/ssm-connect/.build/DerivedData/Build/Products/Debug/PackageFrameworks\ /Users/michielvh/code/one-b2c/ssm-connect/.build/DerivedData/Build/Products/Debug/PackageFrameworks\ /Users/michielvh/code/one-b2c/ssm-connect/.build/DerivedData/Build/Products/Debug/PackageFrameworks\ /Users/michielvh/code/one-b2c/ssm-connect/.build/DerivedData/Build/Products/Debug/PackageFrameworks\ /Users/michielvh/code/one-b2c/ssm-connect/.build/DerivedData/Build/Products/Debug/PackageFrameworks\ /Users/michielvh/code/one-b2c/ssm-connect/.build/DerivedData/Build/Products/Debug/PackageFrameworks\ /Users/michielvh/code/one-b2c/ssm-connect/.build/DerivedData/Build/Products/Debug/PackageFrameworks\ /Users/michielvh/code/one-b2c/ssm-connect/.build/DerivedData/Build/Products/Debug/PackageFrameworks\ /Users/michielvh/code/one-b2c/ssm-connect/.build/DerivedData/Build/Products/Debug/PackageFrameworks\ /Users/michielvh/code/one-b2c/ssm-connect/.build/DerivedData/Build/Products/Debug/PackageFrameworks\ /Users/michielvh/code/one-b2c/ssm-connect/.build/DerivedData/Build/Products/Debug/PackageFrameworks\ /Users/michielvh/code/one-b2c/ssm-connect/.build/DerivedData/Build/Products/Debug/PackageFrameworks\ /Users/michielvh/code/one-b2c/ssm-connect/.build/DerivedData/Build/Products/Debug/PackageFrameworks\ /Users/michielvh/code/one-b2c/ssm-connect/.build/DerivedData/Build/Products/Debug/PackageFrameworks\ /Users/michielvh/code/one-b2c/ssm-connect/.build/DerivedData/Build/Products/Debug/PackageFrameworks\ /Users/michielvh/code/one-b2c/ssm-connect/.build/DerivedData/Build/Products/Debug/PackageFrameworks\ /Users/michielvh/code/one-b2c/ssm-connect/.build/DerivedData/Build/Products/Debug/PackageFrameworks\ /Users/michielvh/code/one-b2c/ssm-connect/.build/DerivedData/Build/Products/Debug/PackageFrameworks\ /Users/michielvh/code/one-b2c/ssm-connect/.build/DerivedData/Build/Products/Debug/PackageFrameworks\ /Users/michielvh/code/one-b2c/ssm-connect/.build/DerivedData/Build/Products/Debug/PackageFrameworks\ /Users/michielvh/code/one-b2c/ssm-connect/.build/DerivedData/Build/Products/Debug/PackageFrameworks\ 
    export LD_SHARED_CACHE_ELIGIBLE\=Automatic
    export LD_WARN_DUPLICATE_LIBRARIES\=NO
    export LD_WARN_UNUSED_DYLIBS\=NO
    export LEGACY_DEVELOPER_DIR\=/Applications/Xcode.app/Contents/PlugIns/Xcode3Core.ideplugin/Contents/SharedSupport/Developer
    export LEX\=lex
    export LIBRARY_DEXT_INSTALL_PATH\=/Library/DriverExtensions
    export LIBRARY_FLAG_NOSPACE\=YES
    export LIBRARY_FLAG_PREFIX\=-l
    export LIBRARY_KEXT_INSTALL_PATH\=/Library/Extensions
    export LIBRARY_SEARCH_PATHS\=/Users/michielvh/code/one-b2c/ssm-connect/.build/DerivedData/Build/Products/Debug\ \ \ /Applications/Xcode.app/Contents/Developer/Platforms/MacOSX.platform/Developer/usr/lib
    export LINKER_DISPLAYS_MANGLED_NAMES\=NO
    export LINK_FILE_LIST_normal_arm64\=/Users/michielvh/code/one-b2c/ssm-connect/.build/DerivedData/Build/Intermediates.noindex/aws-sdk-swift.build/Debug/InternalAWSCognitoIdentity.build/Objects-normal/arm64/InternalAWSCognitoIdentity.LinkFileList
    export LINK_OBJC_RUNTIME\=YES
    export LINK_WITH_STANDARD_LIBRARIES\=NO
    export LLVM_TARGET_TRIPLE_OS_VERSION\=macos12.0
    export LLVM_TARGET_TRIPLE_OS_VERSION_NO\=macos12.0
    export LLVM_TARGET_TRIPLE_OS_VERSION_YES\=macos26.5
    export LLVM_TARGET_TRIPLE_VENDOR\=apple
    export LM_AUX_CONST_METADATA_LIST_PATH_normal_arm64\=/Users/michielvh/code/one-b2c/ssm-connect/.build/DerivedData/Build/Intermediates.noindex/aws-sdk-swift.build/Debug/InternalAWSCognitoIdentity.build/Objects-normal/arm64/InternalAWSCognitoIdentity.SwiftConstValuesFileList
    export LOCALIZATION_EXPORT_SUPPORTED\=YES
    export LOCALIZATION_PREFERS_STRING_CATALOGS\=NO
    export LOCALIZED_STRING_CODE_COMMENTS\=NO
    export LOCALIZED_STRING_MACRO_NAMES\=NSLocalizedString\ CFCopyLocalizedString
    export LOCALIZED_STRING_SWIFTUI_SUPPORT\=YES
    export LOCAL_ADMIN_APPS_DIR\=/Applications/Utilities
    export LOCAL_APPS_DIR\=/Applications
    export LOCAL_DEVELOPER_DIR\=/Library/Developer
    export LOCAL_LIBRARY_DIR\=/Library
    export LOCROOT\=/Users/michielvh/code/one-b2c/ssm-connect/.build/DerivedData/SourcePackages/checkouts/aws-sdk-swift
    export LOCSYMROOT\=/Users/michielvh/code/one-b2c/ssm-connect/.build/DerivedData/SourcePackages/checkouts/aws-sdk-swift
    export MACH_O_TYPE\=mh_object
    export MACOSX_DEPLOYMENT_TARGET\=12.0
    export MAC_OS_X_PRODUCT_BUILD_VERSION\=25E246
    export MAC_OS_X_VERSION_ACTUAL\=260400
    export MAC_OS_X_VERSION_MAJOR\=260000
    export MAC_OS_X_VERSION_MINOR\=260400
    export MAKE_MERGEABLE\=NO
    export MERGEABLE_LIBRARY\=NO
    export MERGED_BINARY_TYPE\=none
    export MERGE_LINKED_LIBRARIES\=NO
    export METAL_LIBRARY_FILE_BASE\=default
    export METAL_LIBRARY_OUTPUT_DIR\=/Users/michielvh/code/one-b2c/ssm-connect/.build/DerivedData/Build/Products/Debug/
    export MODULEMAP_FILE_CONTENTS\=module\ InternalAWSCognitoIdentity\ \{'
'header\ \"InternalAWSCognitoIdentity-Swift.h\"'
'export\ \*'
'\}
    export MODULEMAP_PATH\=/Users/michielvh/code/one-b2c/ssm-connect/.build/DerivedData/Build/Intermediates.noindex/GeneratedModuleMaps/InternalAWSCognitoIdentity.modulemap
    export MODULE_CACHE_DIR\=/Users/michielvh/code/one-b2c/ssm-connect/.build/DerivedData/ModuleCache.noindex
    export NATIVE_ARCH\=arm64
    export NATIVE_ARCH_32_BIT\=arm
    export NATIVE_ARCH_64_BIT\=arm64
    export NATIVE_ARCH_ACTUAL\=arm64
    export NO_COMMON\=YES
    export OBJECT_FILE_DIR\=/Users/michielvh/code/one-b2c/ssm-connect/.build/DerivedData/Build/Intermediates.noindex/aws-sdk-swift.build/Debug/InternalAWSCognitoIdentity.build/Objects
    export OBJECT_FILE_DIR_normal\=/Users/michielvh/code/one-b2c/ssm-connect/.build/DerivedData/Build/Intermediates.noindex/aws-sdk-swift.build/Debug/InternalAWSCognitoIdentity.build/Objects-normal
    export OBJROOT\=/Users/michielvh/code/one-b2c/ssm-connect/.build/DerivedData/Build/Intermediates.noindex
    export ONLY_ACTIVE_ARCH\=YES
    export OS\=MACOS
    export OSAC\=/usr/bin/osacompile
    export OTHER_CFLAGS\=-fmodule-map-file\=/Users/michielvh/code/one-b2c/ssm-connect/.build/DerivedData/SourcePackages/checkouts/aws-crt-swift/Source/LibNative/module.modulemap\ -fmodule-map-file\=/Users/michielvh/code/one-b2c/ssm-connect/.build/DerivedData/Build/Intermediates.noindex/GeneratedModuleMaps/AwsCMqtt.modulemap\ -fmodule-map-file\=/Users/michielvh/code/one-b2c/ssm-connect/.build/DerivedData/Build/Intermediates.noindex/GeneratedModuleMaps/AwsCEventStream.modulemap\ -fmodule-map-file\=/Users/michielvh/code/one-b2c/ssm-connect/.build/DerivedData/Build/Intermediates.noindex/GeneratedModuleMaps/AwsCChecksums.modulemap\ -fmodule-map-file\=/Users/michielvh/code/one-b2c/ssm-connect/.build/DerivedData/Build/Intermediates.noindex/GeneratedModuleMaps/AwsCAuth.modulemap\ -fmodule-map-file\=/Users/michielvh/code/one-b2c/ssm-connect/.build/DerivedData/Build/Intermediates.noindex/GeneratedModuleMaps/AwsCSdkUtils.modulemap\ -fmodule-map-file\=/Users/michielvh/code/one-b2c/ssm-connect/.build/DerivedData/Build/Intermediates.noindex/GeneratedModuleMaps/AwsCHttp.modulemap\ -fmodule-map-file\=/Users/michielvh/code/one-b2c/ssm-connect/.build/DerivedData/Build/Intermediates.noindex/GeneratedModuleMaps/AwsCIo.modulemap\ -fmodule-map-file\=/Users/michielvh/code/one-b2c/ssm-connect/.build/DerivedData/Build/Intermediates.noindex/GeneratedModuleMaps/AwsCCal.modulemap\ -fmodule-map-file\=/Users/michielvh/code/one-b2c/ssm-connect/.build/DerivedData/Build/Intermediates.noindex/GeneratedModuleMaps/AwsCCompression.modulemap\ -fmodule-map-file\=/Users/michielvh/code/one-b2c/ssm-connect/.build/DerivedData/Build/Intermediates.noindex/GeneratedModuleMaps/AwsCCommon.modulemap\ -fmodule-map-file\=/Users/michielvh/code/one-b2c/ssm-connect/.build/DerivedData/Build/Intermediates.noindex/GeneratedModuleMaps/AwsCommonRuntimeKit.modulemap\ -fmodule-map-file\=/Users/michielvh/code/one-b2c/ssm-connect/.build/DerivedData/Build/Intermediates.noindex/GeneratedModuleMaps/ClientRuntime.modulemap\ -fmodule-map-file\=/Users/michielvh/code/one-b2c/ssm-connect/.build/DerivedData/Build/Intermediates.noindex/GeneratedModuleMaps/SmithyCBOR.modulemap\ -fmodule-map-file\=/Users/michielvh/code/one-b2c/ssm-connect/.build/DerivedData/Build/Intermediates.noindex/GeneratedModuleMaps/SmithyChecksums.modulemap\ -fmodule-map-file\=/Users/michielvh/code/one-b2c/ssm-connect/.build/DerivedData/Build/Intermediates.noindex/GeneratedModuleMaps/SmithyEventStreams.modulemap\ -fmodule-map-file\=/Users/michielvh/code/one-b2c/ssm-connect/.build/DerivedData/Build/Intermediates.noindex/GeneratedModuleMaps/SmithyEventStreamsAuthAPI.modulemap\ -fmodule-map-file\=/Users/michielvh/code/one-b2c/ssm-connect/.build/DerivedData/Build/Intermediates.noindex/GeneratedModuleMaps/SmithyEventStreamsAPI.modulemap\ -fmodule-map-file\=/Users/michielvh/code/one-b2c/ssm-connect/.build/DerivedData/Build/Intermediates.noindex/GeneratedModuleMaps/SmithyHTTPAuth.modulemap\ -fmodule-map-file\=/Users/michielvh/code/one-b2c/ssm-connect/.build/DerivedData/Build/Intermediates.noindex/GeneratedModuleMaps/SmithyChecksumsAPI.modulemap\ -fmodule-map-file\=/Users/michielvh/code/one-b2c/ssm-connect/.build/DerivedData/Build/Intermediates.noindex/GeneratedModuleMaps/SmithyHTTPClient.modulemap\ -fmodule-map-file\=/Users/michielvh/code/one-b2c/ssm-connect/.build/DerivedData/Build/Intermediates.noindex/GeneratedModuleMaps/SmithyStreams.modulemap\ -fmodule-map-file\=/Users/michielvh/code/one-b2c/ssm-connect/.build/DerivedData/Build/Intermediates.noindex/GeneratedModuleMaps/SmithyIdentity.modulemap\ -fmodule-map-file\=/Users/michielvh/code/one-b2c/ssm-connect/.build/DerivedData/Build/Intermediates.noindex/GeneratedModuleMaps/SmithyFormURL.modulemap\ -fmodule-map-file\=/Users/michielvh/code/one-b2c/ssm-connect/.build/DerivedData/Build/Intermediates.noindex/GeneratedModuleMaps/SmithyJSON.modulemap\ -fmodule-map-file\=/Users/michielvh/code/one-b2c/ssm-connect/.build/DerivedData/Build/Intermediates.noindex/GeneratedModuleMaps/SmithyXML.modulemap\ -fmodule-map-file\=/Users/michielvh/code/one-b2c/ssm-connect/.build/DerivedData/Build/Intermediates.noindex/GeneratedModuleMaps/SmithyReadWrite.modulemap\ -fmodule-map-file\=/Users/michielvh/code/one-b2c/ssm-connect/.build/DerivedData/Build/Intermediates.noindex/GeneratedModuleMaps/SmithyTimestamps.modulemap\ -fmodule-map-file\=/Users/michielvh/code/one-b2c/ssm-connect/.build/DerivedData/Build/Intermediates.noindex/GeneratedModuleMaps/SmithySerialization.modulemap\ -fmodule-map-file\=/Users/michielvh/code/one-b2c/ssm-connect/.build/DerivedData/Build/Intermediates.noindex/GeneratedModuleMaps/SmithyRetries.modulemap\ -fmodule-map-file\=/Users/michielvh/code/one-b2c/ssm-connect/.build/DerivedData/Build/Intermediates.noindex/GeneratedModuleMaps/SmithyRetriesAPI.modulemap\ -fmodule-map-file\=/Users/michielvh/code/one-b2c/ssm-connect/.build/DerivedData/Build/Intermediates.noindex/GeneratedModuleMaps/SmithyHTTPClientAPI.modulemap\ -fmodule-map-file\=/Users/michielvh/code/one-b2c/ssm-connect/.build/DerivedData/Build/Intermediates.noindex/GeneratedModuleMaps/SmithyTelemetryAPI.modulemap\ -fmodule-map-file\=/Users/michielvh/code/one-b2c/ssm-connect/.build/DerivedData/Build/Intermediates.noindex/GeneratedModuleMaps/SmithyAWSJSON.modulemap\ -fmodule-map-file\=/Users/michielvh/code/one-b2c/ssm-connect/.build/DerivedData/Build/Intermediates.noindex/GeneratedModuleMaps/Logging.modulemap\ -fmodule-map-file\=/Users/michielvh/code/one-b2c/ssm-connect/.build/DerivedData/Build/Intermediates.noindex/GeneratedModuleMaps/SmithyIdentityAPI.modulemap\ -fmodule-map-file\=/Users/michielvh/code/one-b2c/ssm-connect/.build/DerivedData/Build/Intermediates.noindex/GeneratedModuleMaps/SmithyHTTPAPI.modulemap\ -fmodule-map-file\=/Users/michielvh/code/one-b2c/ssm-connect/.build/DerivedData/Build/Intermediates.noindex/GeneratedModuleMaps/Smithy.modulemap\ -fmodule-map-file\=/Users/michielvh/code/one-b2c/ssm-connect/.build/DerivedData/Build/Intermediates.noindex/GeneratedModuleMaps/SmithyHTTPAuthAPI.modulemap\ -fmodule-map-file\=/Users/michielvh/code/one-b2c/ssm-connect/.build/DerivedData/Build/Intermediates.noindex/GeneratedModuleMaps/AWSClientRuntime.modulemap\ -fmodule-map-file\=/Users/michielvh/code/one-b2c/ssm-connect/.build/DerivedData/Build/Intermediates.noindex/GeneratedModuleMaps/AWSSDKDynamic.modulemap\ -fmodule-map-file\=/Users/michielvh/code/one-b2c/ssm-connect/.build/DerivedData/Build/Intermediates.noindex/GeneratedModuleMaps/AWSSDKHTTPAuth.modulemap\ -fmodule-map-file\=/Users/michielvh/code/one-b2c/ssm-connect/.build/DerivedData/Build/Intermediates.noindex/GeneratedModuleMaps/AWSSDKChecksums.modulemap\ -fmodule-map-file\=/Users/michielvh/code/one-b2c/ssm-connect/.build/DerivedData/Build/Intermediates.noindex/GeneratedModuleMaps/AWSSDKIdentityAPI.modulemap\ -fmodule-map-file\=/Users/michielvh/code/one-b2c/ssm-connect/.build/DerivedData/Build/Intermediates.noindex/GeneratedModuleMaps/AWSSDKCommon.modulemap\ \ -DXcode
    export OTHER_CPLUSPLUSFLAGS\=-fmodule-map-file\=/Users/michielvh/code/one-b2c/ssm-connect/.build/DerivedData/SourcePackages/checkouts/aws-crt-swift/Source/LibNative/module.modulemap\ -fmodule-map-file\=/Users/michielvh/code/one-b2c/ssm-connect/.build/DerivedData/Build/Intermediates.noindex/GeneratedModuleMaps/AwsCMqtt.modulemap\ -fmodule-map-file\=/Users/michielvh/code/one-b2c/ssm-connect/.build/DerivedData/Build/Intermediates.noindex/GeneratedModuleMaps/AwsCEventStream.modulemap\ -fmodule-map-file\=/Users/michielvh/code/one-b2c/ssm-connect/.build/DerivedData/Build/Intermediates.noindex/GeneratedModuleMaps/AwsCChecksums.modulemap\ -fmodule-map-file\=/Users/michielvh/code/one-b2c/ssm-connect/.build/DerivedData/Build/Intermediates.noindex/GeneratedModuleMaps/AwsCAuth.modulemap\ -fmodule-map-file\=/Users/michielvh/code/one-b2c/ssm-connect/.build/DerivedData/Build/Intermediates.noindex/GeneratedModuleMaps/AwsCSdkUtils.modulemap\ -fmodule-map-file\=/Users/michielvh/code/one-b2c/ssm-connect/.build/DerivedData/Build/Intermediates.noindex/GeneratedModuleMaps/AwsCHttp.modulemap\ -fmodule-map-file\=/Users/michielvh/code/one-b2c/ssm-connect/.build/DerivedData/Build/Intermediates.noindex/GeneratedModuleMaps/AwsCIo.modulemap\ -fmodule-map-file\=/Users/michielvh/code/one-b2c/ssm-connect/.build/DerivedData/Build/Intermediates.noindex/GeneratedModuleMaps/AwsCCal.modulemap\ -fmodule-map-file\=/Users/michielvh/code/one-b2c/ssm-connect/.build/DerivedData/Build/Intermediates.noindex/GeneratedModuleMaps/AwsCCompression.modulemap\ -fmodule-map-file\=/Users/michielvh/code/one-b2c/ssm-connect/.build/DerivedData/Build/Intermediates.noindex/GeneratedModuleMaps/AwsCCommon.modulemap\ -fmodule-map-file\=/Users/michielvh/code/one-b2c/ssm-connect/.build/DerivedData/Build/Intermediates.noindex/GeneratedModuleMaps/AwsCommonRuntimeKit.modulemap\ -fmodule-map-file\=/Users/michielvh/code/one-b2c/ssm-connect/.build/DerivedData/Build/Intermediates.noindex/GeneratedModuleMaps/ClientRuntime.modulemap\ -fmodule-map-file\=/Users/michielvh/code/one-b2c/ssm-connect/.build/DerivedData/Build/Intermediates.noindex/GeneratedModuleMaps/SmithyCBOR.modulemap\ -fmodule-map-file\=/Users/michielvh/code/one-b2c/ssm-connect/.build/DerivedData/Build/Intermediates.noindex/GeneratedModuleMaps/SmithyChecksums.modulemap\ -fmodule-map-file\=/Users/michielvh/code/one-b2c/ssm-connect/.build/DerivedData/Build/Intermediates.noindex/GeneratedModuleMaps/SmithyEventStreams.modulemap\ -fmodule-map-file\=/Users/michielvh/code/one-b2c/ssm-connect/.build/DerivedData/Build/Intermediates.noindex/GeneratedModuleMaps/SmithyEventStreamsAuthAPI.modulemap\ -fmodule-map-file\=/Users/michielvh/code/one-b2c/ssm-connect/.build/DerivedData/Build/Intermediates.noindex/GeneratedModuleMaps/SmithyEventStreamsAPI.modulemap\ -fmodule-map-file\=/Users/michielvh/code/one-b2c/ssm-connect/.build/DerivedData/Build/Intermediates.noindex/GeneratedModuleMaps/SmithyHTTPAuth.modulemap\ -fmodule-map-file\=/Users/michielvh/code/one-b2c/ssm-connect/.build/DerivedData/Build/Intermediates.noindex/GeneratedModuleMaps/SmithyChecksumsAPI.modulemap\ -fmodule-map-file\=/Users/michielvh/code/one-b2c/ssm-connect/.build/DerivedData/Build/Intermediates.noindex/GeneratedModuleMaps/SmithyHTTPClient.modulemap\ -fmodule-map-file\=/Users/michielvh/code/one-b2c/ssm-connect/.build/DerivedData/Build/Intermediates.noindex/GeneratedModuleMaps/SmithyStreams.modulemap\ -fmodule-map-file\=/Users/michielvh/code/one-b2c/ssm-connect/.build/DerivedData/Build/Intermediates.noindex/GeneratedModuleMaps/SmithyIdentity.modulemap\ -fmodule-map-file\=/Users/michielvh/code/one-b2c/ssm-connect/.build/DerivedData/Build/Intermediates.noindex/GeneratedModuleMaps/SmithyFormURL.modulemap\ -fmodule-map-file\=/Users/michielvh/code/one-b2c/ssm-connect/.build/DerivedData/Build/Intermediates.noindex/GeneratedModuleMaps/SmithyJSON.modulemap\ -fmodule-map-file\=/Users/michielvh/code/one-b2c/ssm-connect/.build/DerivedData/Build/Intermediates.noindex/GeneratedModuleMaps/SmithyXML.modulemap\ -fmodule-map-file\=/Users/michielvh/code/one-b2c/ssm-connect/.build/DerivedData/Build/Intermediates.noindex/GeneratedModuleMaps/SmithyReadWrite.modulemap\ -fmodule-map-file\=/Users/michielvh/code/one-b2c/ssm-connect/.build/DerivedData/Build/Intermediates.noindex/GeneratedModuleMaps/SmithyTimestamps.modulemap\ -fmodule-map-file\=/Users/michielvh/code/one-b2c/ssm-connect/.build/DerivedData/Build/Intermediates.noindex/GeneratedModuleMaps/SmithySerialization.modulemap\ -fmodule-map-file\=/Users/michielvh/code/one-b2c/ssm-connect/.build/DerivedData/Build/Intermediates.noindex/GeneratedModuleMaps/SmithyRetries.modulemap\ -fmodule-map-file\=/Users/michielvh/code/one-b2c/ssm-connect/.build/DerivedData/Build/Intermediates.noindex/GeneratedModuleMaps/SmithyRetriesAPI.modulemap\ -fmodule-map-file\=/Users/michielvh/code/one-b2c/ssm-connect/.build/DerivedData/Build/Intermediates.noindex/GeneratedModuleMaps/SmithyHTTPClientAPI.modulemap\ -fmodule-map-file\=/Users/michielvh/code/one-b2c/ssm-connect/.build/DerivedData/Build/Intermediates.noindex/GeneratedModuleMaps/SmithyTelemetryAPI.modulemap\ -fmodule-map-file\=/Users/michielvh/code/one-b2c/ssm-connect/.build/DerivedData/Build/Intermediates.noindex/GeneratedModuleMaps/SmithyAWSJSON.modulemap\ -fmodule-map-file\=/Users/michielvh/code/one-b2c/ssm-connect/.build/DerivedData/Build/Intermediates.noindex/GeneratedModuleMaps/Logging.modulemap\ -fmodule-map-file\=/Users/michielvh/code/one-b2c/ssm-connect/.build/DerivedData/Build/Intermediates.noindex/GeneratedModuleMaps/SmithyIdentityAPI.modulemap\ -fmodule-map-file\=/Users/michielvh/code/one-b2c/ssm-connect/.build/DerivedData/Build/Intermediates.noindex/GeneratedModuleMaps/SmithyHTTPAPI.modulemap\ -fmodule-map-file\=/Users/michielvh/code/one-b2c/ssm-connect/.build/DerivedData/Build/Intermediates.noindex/GeneratedModuleMaps/Smithy.modulemap\ -fmodule-map-file\=/Users/michielvh/code/one-b2c/ssm-connect/.build/DerivedData/Build/Intermediates.noindex/GeneratedModuleMaps/SmithyHTTPAuthAPI.modulemap\ -fmodule-map-file\=/Users/michielvh/code/one-b2c/ssm-connect/.build/DerivedData/Build/Intermediates.noindex/GeneratedModuleMaps/AWSClientRuntime.modulemap\ -fmodule-map-file\=/Users/michielvh/code/one-b2c/ssm-connect/.build/DerivedData/Build/Intermediates.noindex/GeneratedModuleMaps/AWSSDKDynamic.modulemap\ -fmodule-map-file\=/Users/michielvh/code/one-b2c/ssm-connect/.build/DerivedData/Build/Intermediates.noindex/GeneratedModuleMaps/AWSSDKHTTPAuth.modulemap\ -fmodule-map-file\=/Users/michielvh/code/one-b2c/ssm-connect/.build/DerivedData/Build/Intermediates.noindex/GeneratedModuleMaps/AWSSDKChecksums.modulemap\ -fmodule-map-file\=/Users/michielvh/code/one-b2c/ssm-connect/.build/DerivedData/Build/Intermediates.noindex/GeneratedModuleMaps/AWSSDKIdentityAPI.modulemap\ -fmodule-map-file\=/Users/michielvh/code/one-b2c/ssm-connect/.build/DerivedData/Build/Intermediates.noindex/GeneratedModuleMaps/AWSSDKCommon.modulemap\ \ -DXcode
    export OTHER_LDFLAGS\=-Wl,-no_warn_duplicate_libraries\ -Wl,-no_warn_duplicate_libraries\ -Wl,-no_warn_duplicate_libraries\ -Wl,-no_warn_duplicate_libraries\ -Wl,-no_warn_duplicate_libraries\ -Wl,-no_warn_duplicate_libraries\ -Wl,-no_warn_duplicate_libraries\ -Wl,-no_warn_duplicate_libraries\ -Wl,-no_warn_duplicate_libraries\ -Wl,-no_warn_duplicate_libraries\ -Wl,-no_warn_duplicate_libraries\ -Wl,-no_warn_duplicate_libraries\ -Wl,-no_warn_duplicate_libraries\ -Wl,-no_warn_duplicate_libraries\ -Wl,-no_warn_duplicate_libraries\ -Wl,-no_warn_duplicate_libraries\ -Wl,-no_warn_duplicate_libraries\ -Wl,-no_warn_duplicate_libraries\ -Wl,-no_warn_duplicate_libraries\ -Wl,-no_warn_duplicate_libraries\ -Wl,-no_warn_duplicate_libraries\ -Wl,-no_warn_duplicate_libraries\ -Wl,-no_warn_duplicate_libraries\ -Wl,-no_warn_duplicate_libraries\ -Wl,-no_warn_duplicate_libraries\ -Wl,-no_warn_duplicate_libraries\ -Wl,-no_warn_duplicate_libraries\ -Wl,-no_warn_duplicate_libraries\ -Wl,-no_warn_duplicate_libraries\ -Wl,-no_warn_duplicate_libraries\ -Wl,-no_warn_duplicate_libraries\ -Wl,-no_warn_duplicate_libraries\ -Wl,-no_warn_duplicate_libraries\ -Wl,-no_warn_duplicate_libraries\ -Wl,-no_warn_duplicate_libraries\ -Wl,-no_warn_duplicate_libraries\ -Wl,-no_warn_duplicate_libraries\ -Wl,-no_warn_duplicate_libraries\ -Wl,-no_warn_duplicate_libraries\ -Wl,-no_warn_duplicate_libraries\ -Wl,-no_warn_duplicate_libraries\ -Wl,-no_warn_duplicate_libraries\ -Wl,-no_warn_duplicate_libraries\ -Wl,-no_warn_duplicate_libraries\ -Wl,-no_warn_duplicate_libraries\ 
    export OTHER_SWIFT_FLAGS\=-Xcc\ -fmodule-map-file\=/Users/michielvh/code/one-b2c/ssm-connect/.build/DerivedData/SourcePackages/checkouts/aws-crt-swift/Source/LibNative/module.modulemap\ -Xcc\ -fmodule-map-file\=/Users/michielvh/code/one-b2c/ssm-connect/.build/DerivedData/Build/Intermediates.noindex/GeneratedModuleMaps/AwsCMqtt.modulemap\ -Xcc\ -fmodule-map-file\=/Users/michielvh/code/one-b2c/ssm-connect/.build/DerivedData/Build/Intermediates.noindex/GeneratedModuleMaps/AwsCEventStream.modulemap\ -Xcc\ -fmodule-map-file\=/Users/michielvh/code/one-b2c/ssm-connect/.build/DerivedData/Build/Intermediates.noindex/GeneratedModuleMaps/AwsCChecksums.modulemap\ -Xcc\ -fmodule-map-file\=/Users/michielvh/code/one-b2c/ssm-connect/.build/DerivedData/Build/Intermediates.noindex/GeneratedModuleMaps/AwsCAuth.modulemap\ -Xcc\ -fmodule-map-file\=/Users/michielvh/code/one-b2c/ssm-connect/.build/DerivedData/Build/Intermediates.noindex/GeneratedModuleMaps/AwsCSdkUtils.modulemap\ -Xcc\ -fmodule-map-file\=/Users/michielvh/code/one-b2c/ssm-connect/.build/DerivedData/Build/Intermediates.noindex/GeneratedModuleMaps/AwsCHttp.modulemap\ -Xcc\ -fmodule-map-file\=/Users/michielvh/code/one-b2c/ssm-connect/.build/DerivedData/Build/Intermediates.noindex/GeneratedModuleMaps/AwsCIo.modulemap\ -Xcc\ -fmodule-map-file\=/Users/michielvh/code/one-b2c/ssm-connect/.build/DerivedData/Build/Intermediates.noindex/GeneratedModuleMaps/AwsCCal.modulemap\ -Xcc\ -fmodule-map-file\=/Users/michielvh/code/one-b2c/ssm-connect/.build/DerivedData/Build/Intermediates.noindex/GeneratedModuleMaps/AwsCCompression.modulemap\ -Xcc\ -fmodule-map-file\=/Users/michielvh/code/one-b2c/ssm-connect/.build/DerivedData/Build/Intermediates.noindex/GeneratedModuleMaps/AwsCCommon.modulemap\ \ -DXcode\ -plugin-path\ /Applications/Xcode.app/Contents/Developer/Toolchains/XcodeDefault.xctoolchain/usr/lib/swift/host/plugins/testing
    export PACKAGE_RESOURCE_TARGET_KIND\=regular
    export PACKAGE_TYPE\=com.apple.package-type.mach-o-objfile
    export PASCAL_STRINGS\=YES
    export PATH\=/Applications/Xcode.app/Contents/SharedFrameworks/SwiftBuild.framework/Versions/A/PlugIns/SWBBuildService.bundle/Contents/PlugIns/SWBUniversalPlatformPlugin.bundle/Contents/Frameworks/SWBUniversalPlatform.framework/Resources:/Applications/Xcode.app/Contents/Developer/Toolchains/XcodeDefault.xctoolchain/usr/bin:/Applications/Xcode.app/Contents/Developer/Toolchains/XcodeDefault.xctoolchain/usr/local/bin:/Applications/Xcode.app/Contents/Developer/Toolchains/XcodeDefault.xctoolchain/usr/libexec:/Applications/Xcode.app/Contents/Developer/Platforms/MacOSX.platform/usr/bin:/Applications/Xcode.app/Contents/Developer/Platforms/MacOSX.platform/usr/local/bin:/Applications/Xcode.app/Contents/Developer/Platforms/MacOSX.platform/Developer/usr/bin:/Applications/Xcode.app/Contents/Developer/Platforms/MacOSX.platform/Developer/usr/local/bin:/Applications/Xcode.app/Contents/Developer/usr/bin:/Applications/Xcode.app/Contents/Developer/usr/local/bin:/Users/michielvh/.antigravity/antigravity/bin:/Users/michielvh/go/bin:/Users/michielvh/Library/Application\ Support/Code/User/globalStorage/github.copilot-chat/debugCommand:/Users/michielvh/Library/Application\ Support/Code/User/globalStorage/github.copilot-chat/copilotCli:/Library/Frameworks/Python.framework/Versions/3.13/bin:/opt/homebrew/bin:/opt/homebrew/sbin:/usr/local/bin:/System/Cryptexes/App/usr/bin:/usr/bin:/bin:/usr/sbin:/sbin:/var/run/com.apple.security.cryptexd/codex.system/bootstrap/usr/local/bin:/var/run/com.apple.security.cryptexd/codex.system/bootstrap/usr/bin:/var/run/com.apple.security.cryptexd/codex.system/bootstrap/usr/appleinternal/bin:/opt/pkg/env/active/bin:/opt/pmk/env/global/bin:/Library/Apple/usr/bin:/Users/michielvh/.zi/polaris/sbin:/Users/michielvh/.zi/polaris/bin:/Users/michielvh/.vscode/extensions/ms-python.debugpy-2026.6.0-darwin-arm64/bundled/scripts/noConfigScripts
    export PATH_PREFIXES_EXCLUDED_FROM_HEADER_DEPENDENCIES\=/usr/include\ /usr/local/include\ /System/Library/Frameworks\ /System/Library/PrivateFrameworks\ /Applications/Xcode.app/Contents/Developer/Headers\ /Applications/Xcode.app/Contents/Developer/SDKs\ /Applications/Xcode.app/Contents/Developer/Platforms
    export PER_ARCH_MODULE_FILE_DIR\=/Users/michielvh/code/one-b2c/ssm-connect/.build/DerivedData/Build/Intermediates.noindex/aws-sdk-swift.build/Debug/InternalAWSCognitoIdentity.build/Objects-normal/undefined_arch
    export PER_ARCH_OBJECT_FILE_DIR\=/Users/michielvh/code/one-b2c/ssm-connect/.build/DerivedData/Build/Intermediates.noindex/aws-sdk-swift.build/Debug/InternalAWSCognitoIdentity.build/Objects-normal/undefined_arch
    export PER_VARIANT_OBJECT_FILE_DIR\=/Users/michielvh/code/one-b2c/ssm-connect/.build/DerivedData/Build/Intermediates.noindex/aws-sdk-swift.build/Debug/InternalAWSCognitoIdentity.build/Objects-normal
    export PKGINFO_FILE_PATH\=/Users/michielvh/code/one-b2c/ssm-connect/.build/DerivedData/Build/Intermediates.noindex/aws-sdk-swift.build/Debug/InternalAWSCognitoIdentity.build/PkgInfo
    export PLATFORM_DEVELOPER_APPLICATIONS_DIR\=/Applications/Xcode.app/Contents/Developer/Applications
    export PLATFORM_DEVELOPER_BIN_DIR\=/Applications/Xcode.app/Contents/Developer/usr/bin
    export PLATFORM_DEVELOPER_LIBRARY_DIR\=/Applications/Xcode.app/Contents/Developer/Library
    export PLATFORM_DEVELOPER_SDK_DIR\=/Applications/Xcode.app/Contents/Developer/Platforms/MacOSX.platform/Developer/SDKs
    export PLATFORM_DEVELOPER_TOOLS_DIR\=/Applications/Xcode.app/Contents/Developer/Tools
    export PLATFORM_DEVELOPER_USR_DIR\=/Applications/Xcode.app/Contents/Developer/usr
    export PLATFORM_DIR\=/Applications/Xcode.app/Contents/Developer/Platforms/MacOSX.platform
    export PLATFORM_DISPLAY_NAME\=macOS
    export PLATFORM_FAMILY_NAME\=macOS
    export PLATFORM_NAME\=macosx
    export PLATFORM_PREFERRED_ARCH\=x86_64
    export PLATFORM_PRODUCT_BUILD_VERSION\=25F70
    export PLATFORM_REQUIRES_SWIFT_AUTOLINK_EXTRACT\=NO
    export PLATFORM_REQUIRES_SWIFT_MODULEWRAP\=NO
    export PLATFORM_USES_DSYMS\=YES
    export PLIST_FILE_OUTPUT_FORMAT\=same-as-input
    export PRECOMPS_INCLUDE_HEADERS_FROM_BUILT_PRODUCTS_DIR\=YES
    export PRECOMP_DESTINATION_DIR\=/Users/michielvh/code/one-b2c/ssm-connect/.build/DerivedData/Build/Intermediates.noindex/aws-sdk-swift.build/Debug/InternalAWSCognitoIdentity.build/PrefixHeaders
    export PRIVATE_HEADERS_FOLDER_PATH\=/usr/local/include
    export PROCESSED_INFOPLIST_PATH\=/Users/michielvh/code/one-b2c/ssm-connect/.build/DerivedData/Build/Intermediates.noindex/aws-sdk-swift.build/Debug/InternalAWSCognitoIdentity.build/Objects-normal/undefined_arch/Processed-Info.plist
    export PRODUCT_BUNDLE_IDENTIFIER\=aws-sdk-swift.InternalAWSCognitoIdentity
    export PRODUCT_MODULE_NAME\=InternalAWSCognitoIdentity
    export PRODUCT_NAME\=InternalAWSCognitoIdentity
    export PRODUCT_SETTINGS_PATH\=
    export PRODUCT_TYPE\=com.apple.product-type.objfile
    export PROFILING_CODE\=NO
    export PROJECT\=aws-sdk-swift
    export PROJECT_DERIVED_FILE_DIR\=/Users/michielvh/code/one-b2c/ssm-connect/.build/DerivedData/Build/Intermediates.noindex/aws-sdk-swift.build/DerivedSources
    export PROJECT_DIR\=/Users/michielvh/code/one-b2c/ssm-connect/.build/DerivedData/SourcePackages/checkouts/aws-sdk-swift
    export PROJECT_FILE_PATH\=/Users/michielvh/code/one-b2c/ssm-connect/.build/DerivedData/SourcePackages/checkouts/aws-sdk-swift/Package.swift
    export PROJECT_GUID\=PACKAGE:https://github.com/awslabs/aws-sdk-swift.git
    export PROJECT_NAME\=aws-sdk-swift
    export PROJECT_TEMP_DIR\=/Users/michielvh/code/one-b2c/ssm-connect/.build/DerivedData/Build/Intermediates.noindex/aws-sdk-swift.build
    export PROJECT_TEMP_ROOT\=/Users/michielvh/code/one-b2c/ssm-connect/.build/DerivedData/Build/Intermediates.noindex
    export PUBLIC_HEADERS_FOLDER_PATH\=/usr/local/include
    export RECOMMENDED_MACOSX_DEPLOYMENT_TARGET\=11.0
    export RECURSIVE_SEARCH_PATHS_FOLLOW_SYMLINKS\=YES
    export REMOVE_CVS_FROM_RESOURCES\=YES
    export REMOVE_GIT_FROM_RESOURCES\=YES
    export REMOVE_HEADERS_FROM_EMBEDDED_BUNDLES\=YES
    export REMOVE_HG_FROM_RESOURCES\=YES
    export REMOVE_STATIC_EXECUTABLES_FROM_EMBEDDED_BUNDLES\=YES
    export REMOVE_SVN_FROM_RESOURCES\=YES
    export RESCHEDULE_INDEPENDENT_HEADERS_PHASES\=YES
    export REZ_COLLECTOR_DIR\=/Users/michielvh/code/one-b2c/ssm-connect/.build/DerivedData/Build/Intermediates.noindex/aws-sdk-swift.build/Debug/InternalAWSCognitoIdentity.build/ResourceManagerResources
    export REZ_EXECUTABLE\=YES
    export REZ_OBJECTS_DIR\=/Users/michielvh/code/one-b2c/ssm-connect/.build/DerivedData/Build/Intermediates.noindex/aws-sdk-swift.build/Debug/InternalAWSCognitoIdentity.build/ResourceManagerResources/Objects
    export REZ_SEARCH_PATHS\=/Users/michielvh/code/one-b2c/ssm-connect/.build/DerivedData/Build/Products/Debug\ 
    export RPATH_ORIGIN\=@loader_path
    export RUNTIME_EXCEPTION_ALLOW_DYLD_ENVIRONMENT_VARIABLES\=NO
    export RUNTIME_EXCEPTION_ALLOW_JIT\=NO
    export RUNTIME_EXCEPTION_ALLOW_UNSIGNED_EXECUTABLE_MEMORY\=NO
    export RUNTIME_EXCEPTION_DEBUGGING_TOOL\=NO
    export RUNTIME_EXCEPTION_DISABLE_EXECUTABLE_PAGE_PROTECTION\=NO
    export RUNTIME_EXCEPTION_DISABLE_LIBRARY_VALIDATION\=NO
    export SCANNING_PCM_KEEP_CACHE_DIRECTORY\=YES
    export SCAN_ALL_SOURCE_FILES_FOR_INCLUDES\=NO
    export SDKROOT\=/Applications/Xcode.app/Contents/Developer/Platforms/MacOSX.platform/Developer/SDKs/MacOSX26.5.sdk
    export SDK_DIR\=/Applications/Xcode.app/Contents/Developer/Platforms/MacOSX.platform/Developer/SDKs/MacOSX26.5.sdk
    export SDK_DIR_macosx\=/Applications/Xcode.app/Contents/Developer/Platforms/MacOSX.platform/Developer/SDKs/MacOSX26.5.sdk
    export SDK_DIR_macosx26_5\=/Applications/Xcode.app/Contents/Developer/Platforms/MacOSX.platform/Developer/SDKs/MacOSX26.5.sdk
    export SDK_NAME\=macosx26.5
    export SDK_NAMES\=macosx26.5
    export SDK_PRODUCT_BUILD_VERSION\=25F70
    export SDK_STAT_CACHE_DIR\=/Users/michielvh/code/one-b2c/ssm-connect/.build/DerivedData
    export SDK_STAT_CACHE_ENABLE\=YES
    export SDK_STAT_CACHE_PATH\=/Users/michielvh/code/one-b2c/ssm-connect/.build/DerivedData/SDKStatCaches.noindex/macosx26.5-25F70-e082c4a02f00227109f4ed75e425c832.sdkstatcache
    export SDK_VERSION\=26.5
    export SDK_VERSION_ACTUAL\=260500
    export SDK_VERSION_MAJOR\=260000
    export SDK_VERSION_MINOR\=260500
    export SED\=/usr/bin/sed
    export SEPARATE_STRIP\=NO
    export SEPARATE_SYMBOL_EDIT\=NO
    export SET_DIR_MODE_OWNER_GROUP\=YES
    export SET_FILE_MODE_OWNER_GROUP\=NO
    export SHALLOW_BUNDLE\=NO
    export SHARED_DERIVED_FILE_DIR\=/Users/michielvh/code/one-b2c/ssm-connect/.build/DerivedData/Build/Products/Debug/DerivedSources
    export SHARED_PRECOMPS_DIR\=/Users/michielvh/code/one-b2c/ssm-connect/.build/DerivedData/Build/Intermediates.noindex/PrecompiledHeaders
    export SKIP_CLANG_STATIC_ANALYZER\=YES
    export SKIP_INSTALL\=YES
    export SKIP_MERGEABLE_LIBRARY_BUNDLE_HOOK\=NO
    export SOURCE_ROOT\=/Users/michielvh/code/one-b2c/ssm-connect/.build/DerivedData/SourcePackages/checkouts/aws-sdk-swift
    export SRCROOT\=/Users/michielvh/code/one-b2c/ssm-connect/.build/DerivedData/SourcePackages/checkouts/aws-sdk-swift
    export STRINGSDATA_DIR\=/Users/michielvh/code/one-b2c/ssm-connect/.build/DerivedData/Build/Intermediates.noindex/aws-sdk-swift.build/Debug/InternalAWSCognitoIdentity.build/Objects-normal/undefined_arch
    export STRINGSDATA_ROOT\=/Users/michielvh/code/one-b2c/ssm-connect/.build/DerivedData/Build/Intermediates.noindex/aws-sdk-swift.build/Debug/InternalAWSCognitoIdentity.build
    export STRINGS_FILE_INFOPLIST_RENAME\=YES
    export STRINGS_FILE_OUTPUT_ENCODING\=UTF-16
    export STRING_CATALOG_GENERATE_SYMBOLS\=NO
    export STRIP_BITCODE_FROM_COPIED_FILES\=NO
    export STRIP_INSTALLED_PRODUCT\=NO
    export STRIP_PNG_TEXT\=NO
    export STRIP_STYLE\=debugging
    export STRIP_SWIFT_SYMBOLS\=YES
    export SUPPORTED_PLATFORMS\=android\ appletvos\ appletvsimulator\ driverkit\ freebsd\ iphoneos\ iphonesimulator\ linux\ macosx\ none\ openbsd\ qnx\ watchos\ watchsimulator\ webassembly\ xros\ xrsimulator
    export SUPPORTS_MACCATALYST\=NO
    export SUPPORTS_TEXT_BASED_API\=NO
    export SUPPRESS_WARNINGS\=YES
    export SWIFT_ACTIVE_COMPILATION_CONDITIONS\=\ SWIFT_PACKAGE\ DEBUG\ SWIFT_MODULE_RESOURCE_BUNDLE_UNAVAILABLE
    export SWIFT_EMIT_CONST_VALUE_PROTOCOLS\=AnyResolverProviding\ AppEntity\ AppEnum\ AppExtension\ AppIntent\ AppIntentsPackage\ AppShortcutProviding\ AppShortcutsProvider\ AppUnionValue\ AppUnionValueCasesProviding\ DynamicOptionsProvider\ EntityQuery\ ExtensionPointDefining\ IntentValueQuery\ Resolver\ TransientEntity\ _AssistantIntentsProvider\ _GenerativeFunctionExtractable\ _IntentValueRepresentable
    export SWIFT_EMIT_LOC_STRINGS\=NO
    export SWIFT_ENABLE_BARE_SLASH_REGEX\=NO
    export SWIFT_ENABLE_EXPLICIT_MODULES\=YES
    export SWIFT_INSTALL_OBJC_HEADER\=NO
    export SWIFT_OBJC_INTERFACE_HEADER_DIR\=/Users/michielvh/code/one-b2c/ssm-connect/.build/DerivedData/Build/Intermediates.noindex/GeneratedModuleMaps
    export SWIFT_OBJC_INTERFACE_HEADER_NAME\=InternalAWSCognitoIdentity-Swift.h
    export SWIFT_OPTIMIZATION_LEVEL\=-Onone
    export SWIFT_PACKAGE_NAME\=aws_sdk_swift
    export SWIFT_PLATFORM_TARGET_PREFIX\=macos
    export SWIFT_RESPONSE_FILE_PATH_normal_arm64\=/Users/michielvh/code/one-b2c/ssm-connect/.build/DerivedData/Build/Intermediates.noindex/aws-sdk-swift.build/Debug/InternalAWSCognitoIdentity.build/Objects-normal/arm64/InternalAWSCognitoIdentity.SwiftFileList
    export SWIFT_VERSION\=5
    export SYMROOT\=/Users/michielvh/code/one-b2c/ssm-connect/.build/DerivedData/Build/Products
    export SYSTEM_ADMIN_APPS_DIR\=/Applications/Utilities
    export SYSTEM_APPS_DIR\=/Applications
    export SYSTEM_CORE_SERVICES_DIR\=/System/Library/CoreServices
    export SYSTEM_DEMOS_DIR\=/Applications/Extras
    export SYSTEM_DEVELOPER_APPS_DIR\=/Applications/Xcode.app/Contents/Developer/Applications
    export SYSTEM_DEVELOPER_BIN_DIR\=/Applications/Xcode.app/Contents/Developer/usr/bin
    export SYSTEM_DEVELOPER_DEMOS_DIR\=/Applications/Xcode.app/Contents/Developer/Applications/Utilities/Built\ Examples
    export SYSTEM_DEVELOPER_DIR\=/Applications/Xcode.app/Contents/Developer
    export SYSTEM_DEVELOPER_DOC_DIR\=/Applications/Xcode.app/Contents/Developer/ADC\ Reference\ Library
    export SYSTEM_DEVELOPER_GRAPHICS_TOOLS_DIR\=/Applications/Xcode.app/Contents/Developer/Applications/Graphics\ Tools
    export SYSTEM_DEVELOPER_JAVA_TOOLS_DIR\=/Applications/Xcode.app/Contents/Developer/Applications/Java\ Tools
    export SYSTEM_DEVELOPER_PERFORMANCE_TOOLS_DIR\=/Applications/Xcode.app/Contents/Developer/Applications/Performance\ Tools
    export SYSTEM_DEVELOPER_RELEASENOTES_DIR\=/Applications/Xcode.app/Contents/Developer/ADC\ Reference\ Library/releasenotes
    export SYSTEM_DEVELOPER_TOOLS\=/Applications/Xcode.app/Contents/Developer/Tools
    export SYSTEM_DEVELOPER_TOOLS_DOC_DIR\=/Applications/Xcode.app/Contents/Developer/ADC\ Reference\ Library/documentation/DeveloperTools
    export SYSTEM_DEVELOPER_TOOLS_RELEASENOTES_DIR\=/Applications/Xcode.app/Contents/Developer/ADC\ Reference\ Library/releasenotes/DeveloperTools
    export SYSTEM_DEVELOPER_USR_DIR\=/Applications/Xcode.app/Contents/Developer/usr
    export SYSTEM_DEVELOPER_UTILITIES_DIR\=/Applications/Xcode.app/Contents/Developer/Applications/Utilities
    export SYSTEM_DEXT_INSTALL_PATH\=/System/Library/DriverExtensions
    export SYSTEM_DOCUMENTATION_DIR\=/Library/Documentation
    export SYSTEM_FRAMEWORK_SEARCH_PATHS\=\ \ /Applications/Xcode.app/Contents/Developer/Platforms/MacOSX.platform/Developer/Library/Frameworks
    export SYSTEM_KEXT_INSTALL_PATH\=/System/Library/Extensions
    export SYSTEM_LIBRARY_DIR\=/System/Library
    export TAPI_DEMANGLE\=YES
    export TAPI_DYLIB_INSTALL_NAME\=InternalAWSCognitoIdentity
    export TAPI_ENABLE_PROJECT_HEADERS\=NO
    export TAPI_LANGUAGE\=objective-c
    export TAPI_LANGUAGE_STANDARD\=compiler-default
    export TAPI_USE_SRCROOT\=YES
    export TAPI_VERIFY_MODE\=Pedantic
    export TARGETED_DEVICE_FAMILY\=1,2,3,4,6,7
    export TARGETNAME\=InternalAWSCognitoIdentity
    export TARGET_BUILD_DIR\=/Users/michielvh/code/one-b2c/ssm-connect/.build/DerivedData/Build/Products/Debug
    export TARGET_NAME\=InternalAWSCognitoIdentity
    export TARGET_TEMP_DIR\=/Users/michielvh/code/one-b2c/ssm-connect/.build/DerivedData/Build/Intermediates.noindex/aws-sdk-swift.build/Debug/InternalAWSCognitoIdentity.build
    export TEMP_DIR\=/Users/michielvh/code/one-b2c/ssm-connect/.build/DerivedData/Build/Intermediates.noindex/aws-sdk-swift.build/Debug/InternalAWSCognitoIdentity.build
    export TEMP_FILES_DIR\=/Users/michielvh/code/one-b2c/ssm-connect/.build/DerivedData/Build/Intermediates.noindex/aws-sdk-swift.build/Debug/InternalAWSCognitoIdentity.build
    export TEMP_FILE_DIR\=/Users/michielvh/code/one-b2c/ssm-connect/.build/DerivedData/Build/Intermediates.noindex/aws-sdk-swift.build/Debug/InternalAWSCognitoIdentity.build
    export TEMP_ROOT\=/Users/michielvh/code/one-b2c/ssm-connect/.build/DerivedData/Build/Intermediates.noindex
    export TEMP_SANDBOX_DIR\=/Users/michielvh/code/one-b2c/ssm-connect/.build/DerivedData/Build/Intermediates.noindex/TemporaryTaskSandboxes
    export TEST_FRAMEWORK_SEARCH_PATHS\=\ /Applications/Xcode.app/Contents/Developer/Platforms/MacOSX.platform/Developer/Library/Frameworks
    export TEST_LIBRARY_SEARCH_PATHS\=\ /Applications/Xcode.app/Contents/Developer/Platforms/MacOSX.platform/Developer/usr/lib
    export TOOLCHAINS\=com.apple.dt.toolchain.XcodeDefault
    export TOOLCHAIN_DIR\=/Applications/Xcode.app/Contents/Developer/Toolchains/XcodeDefault.xctoolchain
    export TREAT_MISSING_BASELINES_AS_TEST_FAILURES\=NO
    export TREAT_MISSING_SCRIPT_PHASE_OUTPUTS_AS_ERRORS\=NO
    export UID\=501
    export UNINSTALLED_PRODUCTS_DIR\=/Users/michielvh/code/one-b2c/ssm-connect/.build/DerivedData/Build/Intermediates.noindex/UninstalledProducts
    export UNSTRIPPED_PRODUCT\=NO
    export USER\=michielvh
    export USER_APPS_DIR\=/Users/michielvh/Applications
    export USER_LIBRARY_DIR\=/Users/michielvh/Library
    export USE_DYNAMIC_NO_PIC\=YES
    export USE_HEADERMAP\=NO
    export USE_HEADER_SYMLINKS\=NO
    export VALIDATE_DEVELOPMENT_ASSET_PATHS\=YES_ERROR
    export VALIDATE_PRODUCT\=NO
    export VALID_ARCHS\=arm64\ arm64e\ i386\ x86_64
    export VERBOSE_PBXCP\=NO
    export VERSION_INFO_BUILDER\=michielvh
    export VERSION_INFO_FILE\=InternalAWSCognitoIdentity_vers.c
    export VERSION_INFO_STRING\=\"@\(\#\)PROGRAM:InternalAWSCognitoIdentity\ \ PROJECT:aws-sdk-swift-\"
    export WORKSPACE_DIR\=/Users/michielvh/code/one-b2c/ssm-connect/SSMConnect.xcodeproj
    export WRAP_ASSET_PACKS_IN_SEPARATE_DIRECTORIES\=NO
    export XCODE_APP_SUPPORT_DIR\=/Applications/Xcode.app/Contents/Developer/Library/Xcode
    export XCODE_PRODUCT_BUILD_VERSION\=17F42
    export XCODE_VERSION_ACTUAL\=2650
    export XCODE_VERSION_MAJOR\=2600
    export XCODE_VERSION_MINOR\=2650
    export XPCSERVICES_FOLDER_PATH\=/XPCServices
    export YACC\=yacc
    export _BOOL_\=NO
    export _BOOL_NO\=NO
    export _BOOL_YES\=YES
    export _DEVELOPMENT_TEAM_IS_EMPTY\=YES
    export _DISCOVER_COMMAND_LINE_LINKER_INPUTS\=YES
    export _DISCOVER_COMMAND_LINE_LINKER_INPUTS_INCLUDE_WL\=YES
    export _IS_EMPTY_\=YES
    export _LD_MULTIARCH\=YES
    export _MACOSX_DEPLOYMENT_TARGET_IS_EMPTY\=NO
    export __DIAGNOSE_DEPRECATED_ARCHS\=YES
    export __ORIGINAL_SDK_DEFINED_LLVM_TARGET_TRIPLE_SYS\=macos
    export arch\=undefined_arch
    export variant\=normal
    /usr/bin/sandbox-exec -p \(version\ 1\)'
'\(deny\ default\)'
'\(import\ \"system.sb\"\)'
'\(allow\ file-read\*\)'
'\(allow\ process\*\)'
'\(allow\ mach-lookup\ \(global-name\ \"com.apple.lsd.mapdb\"\)\)'
'\(allow\ mach-lookup\ \(global-name\ \"com.apple.mobileassetd.v2\"\)\)'
'\(allow\ file-write\*'
'\ \ \ \ \(subpath\ \"/private/tmp\"\)'
'\ \ \ \ \(subpath\ \"/private/var/tmp\"\)'
'\ \ \ \ \(subpath\ \"/private/var/folders/sm/8hfqw9_97pgfmhlfs2t7k66c0000gn/T\"\)'
'\ \ \ \ \(subpath\ \"/private/var/folders/sm/8hfqw9_97pgfmhlfs2t7k66c0000gn/C\"\)'
'\)'
'\(deny\ file-write\*'
'\ \ \ \ \(subpath\ \"/Users/michielvh/code/one-b2c/ssm-connect/.build/DerivedData/SourcePackages/checkouts/aws-sdk-swift\"\)'
'\)'
'\(allow\ file-write\*'
'\ \ \ \ \(subpath\ \"/Users/michielvh/code/one-b2c/ssm-connect/.build/DerivedData/Build/Intermediates.noindex/BuildToolPluginIntermediates/aws-sdk-swift.output/InternalAWSCognitoIdentity/SmithyCodeGeneratorPlugin\"\)'
'\ \ \ \ \(subpath\ \"/private/var/folders/sm/8hfqw9_97pgfmhlfs2t7k66c0000gn/T/TemporaryItems\"\)'
'\)'
' //Users/michielvh/code/one-b2c/ssm-connect/.build/DerivedData/Build/Products/Debug/SmithyCodegenCLI com.amazonaws.cognitoidentity\#AWSCognitoIdentityService /Users/michielvh/code/one-b2c/ssm-connect/.build/DerivedData/SourcePackages/checkouts/aws-sdk-swift/codegen/sdk-codegen/aws-models/cognito-identity.json --internal true --sdk-id Cognito\ Identity --schemas-path /Users/michielvh/code/one-b2c/ssm-connect/.build/DerivedData/Build/Intermediates.noindex/BuildToolPluginIntermediates/aws-sdk-swift.output/InternalAWSCognitoIdentity/SmithyCodeGeneratorPlugin/InternalAWSCognitoIdentitySchemas.swift --serialize-path /Users/michielvh/code/one-b2c/ssm-connect/.build/DerivedData/Build/Intermediates.noindex/BuildToolPluginIntermediates/aws-sdk-swift.output/InternalAWSCognitoIdentity/SmithyCodeGeneratorPlugin/InternalAWSCognitoIdentitySerialize.swift --deserialize-path /Users/michielvh/code/one-b2c/ssm-connect/.build/DerivedData/Build/Intermediates.noindex/BuildToolPluginIntermediates/aws-sdk-swift.output/InternalAWSCognitoIdentity/SmithyCodeGeneratorPlugin/InternalAWSCognitoIdentityDeserialize.swift --type-registry-path /Users/michielvh/code/one-b2c/ssm-connect/.build/DerivedData/Build/Intermediates.noindex/BuildToolPluginIntermediates/aws-sdk-swift.output/InternalAWSCognitoIdentity/SmithyCodeGeneratorPlugin/InternalAWSCognitoIdentityTypeRegistry.swift --operations-path /Users/michielvh/code/one-b2c/ssm-connect/.build/DerivedData/Build/Intermediates.noindex/BuildToolPluginIntermediates/aws-sdk-swift.output/InternalAWSCognitoIdentity/SmithyCodeGeneratorPlugin/InternalAWSCognitoIdentityOperations.swift --operations com.amazonaws.cognitoidentity\#GetId,com.amazonaws.cognitoidentity\#GetCredentialsForIdentity
Completed generating model cognito-identity.json in 0.04 sec

SwiftDriver InternalAWSCognitoIdentity normal arm64 com.apple.xcode.tools.swift.compiler (in target 'InternalAWSCognitoIdentity' from project 'aws-sdk-swift')
    cd /Users/michielvh/code/one-b2c/ssm-connect/SSMConnect.xcodeproj
    builtin-SwiftDriver -- /Applications/Xcode.app/Contents/Developer/Toolchains/XcodeDefault.xctoolchain/usr/bin/swiftc -module-name InternalAWSCognitoIdentity -Onone @/Users/michielvh/code/one-b2c/ssm-connect/.build/DerivedData/Build/Intermediates.noindex/aws-sdk-swift.build/Debug/InternalAWSCognitoIdentity.build/Objects-normal/arm64/InternalAWSCognitoIdentity.SwiftFileList -DSWIFT_PACKAGE -DDEBUG -DSWIFT_MODULE_RESOURCE_BUNDLE_UNAVAILABLE -Xcc -fmodule-map-file\=/Users/michielvh/code/one-b2c/ssm-connect/.build/DerivedData/SourcePackages/checkouts/aws-crt-swift/Source/LibNative/module.modulemap -Xcc -fmodule-map-file\=/Users/michielvh/code/one-b2c/ssm-connect/.build/DerivedData/Build/Intermediates.noindex/GeneratedModuleMaps/AwsCMqtt.modulemap -Xcc -fmodule-map-file\=/Users/michielvh/code/one-b2c/ssm-connect/.build/DerivedData/Build/Intermediates.noindex/GeneratedModuleMaps/AwsCEventStream.modulemap -Xcc -fmodule-map-file\=/Users/michielvh/code/one-b2c/ssm-connect/.build/DerivedData/Build/Intermediates.noindex/GeneratedModuleMaps/AwsCChecksums.modulemap -Xcc -fmodule-map-file\=/Users/michielvh/code/one-b2c/ssm-connect/.build/DerivedData/Build/Intermediates.noindex/GeneratedModuleMaps/AwsCAuth.modulemap -Xcc -fmodule-map-file\=/Users/michielvh/code/one-b2c/ssm-connect/.build/DerivedData/Build/Intermediates.noindex/GeneratedModuleMaps/AwsCSdkUtils.modulemap -Xcc -fmodule-map-file\=/Users/michielvh/code/one-b2c/ssm-connect/.build/DerivedData/Build/Intermediates.noindex/GeneratedModuleMaps/AwsCHttp.modulemap -Xcc -fmodule-map-file\=/Users/michielvh/code/one-b2c/ssm-connect/.build/DerivedData/Build/Intermediates.noindex/GeneratedModuleMaps/AwsCIo.modulemap -Xcc -fmodule-map-file\=/Users/michielvh/code/one-b2c/ssm-connect/.build/DerivedData/Build/Intermediates.noindex/GeneratedModuleMaps/AwsCCal.modulemap -Xcc -fmodule-map-file\=/Users/michielvh/code/one-b2c/ssm-connect/.build/DerivedData/Build/Intermediates.noindex/GeneratedModuleMaps/AwsCCompression.modulemap -Xcc -fmodule-map-file\=/Users/michielvh/code/one-b2c/ssm-connect/.build/DerivedData/Build/Intermediates.noindex/GeneratedModuleMaps/AwsCCommon.modulemap -DXcode -plugin-path /Applications/Xcode.app/Contents/Developer/Toolchains/XcodeDefault.xctoolchain/usr/lib/swift/host/plugins/testing -enable-experimental-feature DebugDescriptionMacro -sdk /Applications/Xcode.app/Contents/Developer/Platforms/MacOSX.platform/Developer/SDKs/MacOSX26.5.sdk -target arm64-apple-macos12.0 -g -module-cache-path /Users/michielvh/code/one-b2c/ssm-connect/.build/DerivedData/ModuleCache.noindex -Xfrontend -serialize-debugging-options -enable-testing -suppress-warnings -index-store-path /Users/michielvh/code/one-b2c/ssm-connect/.build/DerivedData/Index.noindex/DataStore -Xcc -D_LIBCPP_HARDENING_MODE\=_LIBCPP_HARDENING_MODE_DEBUG -swift-version 5 -I /Users/michielvh/code/one-b2c/ssm-connect/.build/DerivedData/Build/Products/Debug -Isystem /Applications/Xcode.app/Contents/Developer/Platforms/MacOSX.platform/Developer/usr/lib -F /Users/michielvh/code/one-b2c/ssm-connect/.build/DerivedData/Build/Products/Debug/PackageFrameworks -F /Users/michielvh/code/one-b2c/ssm-connect/.build/DerivedData/Build/Products/Debug/PackageFrameworks -F /Users/michielvh/code/one-b2c/ssm-connect/.build/DerivedData/Build/Products/Debug/PackageFrameworks -F /Users/michielvh/code/one-b2c/ssm-connect/.build/DerivedData/Build/Products/Debug/PackageFrameworks -F /Users/michielvh/code/one-b2c/ssm-connect/.build/DerivedData/Build/Products/Debug/PackageFrameworks -F /Users/michielvh/code/one-b2c/ssm-connect/.build/DerivedData/Build/Products/Debug/PackageFrameworks -F /Users/michielvh/code/one-b2c/ssm-connect/.build/DerivedData/Build/Products/Debug/PackageFrameworks -F /Users/michielvh/code/one-b2c/ssm-connect/.build/DerivedData/Build/Products/Debug/PackageFrameworks -F /Users/michielvh/code/one-b2c/ssm-connect/.build/DerivedData/Build/Products/Debug/PackageFrameworks -F /Users/michielvh/code/one-b2c/ssm-connect/.build/DerivedData/Build/Products/Debug/PackageFrameworks -F /Users/michielvh/code/one-b2c/ssm-connect/.build/DerivedData/Build/Products/Debug/PackageFrameworks -F /Users/michielvh/code/one-b2c/ssm-connect/.build/DerivedData/Build/Products/Debug/PackageFrameworks -F /Users/michielvh/code/one-b2c/ssm-connect/.build/DerivedData/Build/Products/Debug/PackageFrameworks -F /Users/michielvh/code/one-b2c/ssm-connect/.build/DerivedData/Build/Products/Debug/PackageFrameworks -F /Users/michielvh/code/one-b2c/ssm-connect/.build/DerivedData/Build/Products/Debug/PackageFrameworks -F /Users/michielvh/code/one-b2c/ssm-connect/.build/DerivedData/Build/Products/Debug/PackageFrameworks -F /Users/michielvh/code/one-b2c/ssm-connect/.build/DerivedData/Build/Products/Debug/PackageFrameworks -F /Users/michielvh/code/one-b2c/ssm-connect/.build/DerivedData/Build/Products/Debug/PackageFrameworks -F /Users/michielvh/code/one-b2c/ssm-connect/.build/DerivedData/Build/Products/Debug/PackageFrameworks -F /Users/michielvh/code/one-b2c/ssm-connect/.build/DerivedData/Build/Products/Debug/PackageFrameworks -F /Users/michielvh/code/one-b2c/ssm-connect/.build/DerivedData/Build/Products/Debug/PackageFrameworks -F /Users/michielvh/code/one-b2c/ssm-connect/.build/DerivedData/Build/Products/Debug/PackageFrameworks -F /Users/michielvh/code/one-b2c/ssm-connect/.build/DerivedData/Build/Products/Debug/PackageFrameworks -F /Users/michielvh/code/one-b2c/ssm-connect/.build/DerivedData/Build/Products/Debug/PackageFrameworks -F /Users/michielvh/code/one-b2c/ssm-connect/.build/DerivedData/Build/Products/Debug/PackageFrameworks -F /Users/michielvh/code/one-b2c/ssm-connect/.build/DerivedData/Build/Products/Debug/PackageFrameworks -F /Users/michielvh/code/one-b2c/ssm-connect/.build/DerivedData/Build/Products/Debug/PackageFrameworks -F /Users/michielvh/code/one-b2c/ssm-connect/.build/DerivedData/Build/Products/Debug/PackageFrameworks -F /Users/michielvh/code/one-b2c/ssm-connect/.build/DerivedData/Build/Products/Debug/PackageFrameworks -F /Users/michielvh/code/one-b2c/ssm-connect/.build/DerivedData/Build/Products/Debug/PackageFrameworks -F /Users/michielvh/code/one-b2c/ssm-connect/.build/DerivedData/Build/Products/Debug/PackageFrameworks -F /Users/michielvh/code/one-b2c/ssm-connect/.build/DerivedData/Build/Products/Debug/PackageFrameworks -F /Users/michielvh/code/one-b2c/ssm-connect/.build/DerivedData/Build/Products/Debug/PackageFrameworks -F /Users/michielvh/code/one-b2c/ssm-connect/.build/DerivedData/Build/Products/Debug/PackageFrameworks -F /Users/michielvh/code/one-b2c/ssm-connect/.build/DerivedData/Build/Products/Debug/PackageFrameworks -F /Users/michielvh/code/one-b2c/ssm-connect/.build/DerivedData/Build/Products/Debug/PackageFrameworks -F /Users/michielvh/code/one-b2c/ssm-connect/.build/DerivedData/Build/Products/Debug/PackageFrameworks -F /Users/michielvh/code/one-b2c/ssm-connect/.build/DerivedData/Build/Products/Debug/PackageFrameworks -F /Users/michielvh/code/one-b2c/ssm-connect/.build/DerivedData/Build/Products/Debug/PackageFrameworks -F /Users/michielvh/code/one-b2c/ssm-connect/.build/DerivedData/Build/Products/Debug/PackageFrameworks -F /Users/michielvh/code/one-b2c/ssm-connect/.build/DerivedData/Build/Products/Debug/PackageFrameworks -F /Users/michielvh/code/one-b2c/ssm-connect/.build/DerivedData/Build/Products/Debug/PackageFrameworks -F /Users/michielvh/code/one-b2c/ssm-connect/.build/DerivedData/Build/Products/Debug/PackageFrameworks -F /Users/michielvh/code/one-b2c/ssm-connect/.build/DerivedData/Build/Products/Debug/PackageFrameworks -F /Users/michielvh/code/one-b2c/ssm-connect/.build/DerivedData/Build/Products/Debug/PackageFrameworks -F /Users/michielvh/code/one-b2c/ssm-connect/.build/DerivedData/Build/Products/Debug -F /Applications/Xcode.app/Contents/Developer/Platforms/MacOSX.platform/Developer/Library/Frameworks -c -j18 -enable-batch-mode -incremental -Xcc -ivfsstatcache -Xcc /Users/michielvh/code/one-b2c/ssm-connect/.build/DerivedData/SDKStatCaches.noindex/macosx26.5-25F70-e082c4a02f00227109f4ed75e425c832.sdkstatcache -output-file-map /Users/michielvh/code/one-b2c/ssm-connect/.build/DerivedData/Build/Intermediates.noindex/aws-sdk-swift.build/Debug/InternalAWSCognitoIdentity.build/Objects-normal/arm64/InternalAWSCognitoIdentity-OutputFileMap.json -use-frontend-parseable-output -save-temps -no-color-diagnostics -explicit-module-build -module-cache-path /Users/michielvh/code/one-b2c/ssm-connect/.build/DerivedData/Build/Intermediates.noindex/SwiftExplicitPrecompiledModules -clang-scanner-module-cache-path /Users/michielvh/code/one-b2c/ssm-connect/.build/DerivedData/ModuleCache.noindex -sdk-module-cache-path /Users/michielvh/code/one-b2c/ssm-connect/.build/DerivedData/ModuleCache.noindex -serialize-diagnostics -emit-dependencies -emit-module -emit-module-path /Users/michielvh/code/one-b2c/ssm-connect/.build/DerivedData/Build/Intermediates.noindex/aws-sdk-swift.build/Debug/InternalAWSCognitoIdentity.build/Objects-normal/arm64/InternalAWSCognitoIdentity.swiftmodule -validate-clang-modules-once -clang-build-session-file /Users/michielvh/code/one-b2c/ssm-connect/.build/DerivedData/ModuleCache.noindex/Session.modulevalidation -package-name aws_sdk_swift -Xcc -I/Users/michielvh/code/one-b2c/ssm-connect/.build/DerivedData/Build/Intermediates.noindex/aws-sdk-swift.build/Debug/InternalAWSCognitoIdentity.build/swift-overrides.hmap -emit-const-values -Xfrontend -const-gather-protocols-file -Xfrontend /Users/michielvh/code/one-b2c/ssm-connect/.build/DerivedData/Build/Intermediates.noindex/aws-sdk-swift.build/Debug/InternalAWSCognitoIdentity.build/Objects-normal/arm64/InternalAWSCognitoIdentity_const_extract_protocols.json -Xcc -I/Users/michielvh/code/one-b2c/ssm-connect/.build/DerivedData/SourcePackages/checkouts/aws-crt-swift/aws-common-runtime/aws-c-mqtt/include -Xcc -I/Users/michielvh/code/one-b2c/ssm-connect/.build/DerivedData/SourcePackages/checkouts/aws-crt-swift/aws-common-runtime/aws-c-event-stream/include -Xcc -I/Users/michielvh/code/one-b2c/ssm-connect/.build/DerivedData/SourcePackages/checkouts/aws-crt-swift/aws-common-runtime/aws-checksums/include -Xcc -I/Users/michielvh/code/one-b2c/ssm-connect/.build/DerivedData/SourcePackages/checkouts/aws-crt-swift/aws-common-runtime/aws-c-auth/include -Xcc -I/Users/michielvh/code/one-b2c/ssm-connect/.build/DerivedData/SourcePackages/checkouts/aws-crt-swift/aws-common-runtime/aws-c-sdkutils/include -Xcc -I/Users/michielvh/code/one-b2c/ssm-connect/.build/DerivedData/SourcePackages/checkouts/aws-crt-swift/aws-common-runtime/aws-c-http/include -Xcc -I/Users/michielvh/code/one-b2c/ssm-connect/.build/DerivedData/SourcePackages/checkouts/aws-crt-swift/aws-common-runtime/aws-c-io/include -Xcc -I/Users/michielvh/code/one-b2c/ssm-connect/.build/DerivedData/SourcePackages/checkouts/aws-crt-swift/aws-common-runtime/aws-c-cal/include -Xcc -I/Users/michielvh/code/one-b2c/ssm-connect/.build/DerivedData/SourcePackages/checkouts/aws-crt-swift/aws-common-runtime/aws-c-compression/include -Xcc -I/Users/michielvh/code/one-b2c/ssm-connect/.build/DerivedData/SourcePackages/checkouts/aws-crt-swift/aws-common-runtime/aws-c-common/include -Xcc -I/Users/michielvh/code/one-b2c/ssm-connect/.build/DerivedData/SourcePackages/checkouts/aws-crt-swift/aws-common-runtime/config -Xcc -I/Users/michielvh/code/one-b2c/ssm-connect/.build/DerivedData/Build/Products/Debug/include -Xcc -I/Users/michielvh/code/one-b2c/ssm-connect/.build/DerivedData/Build/Intermediates.noindex/aws-sdk-swift.build/Debug/InternalAWSCognitoIdentity.build/DerivedSources-normal/arm64 -Xcc -I/Users/michielvh/code/one-b2c/ssm-connect/.build/DerivedData/Build/Intermediates.noindex/aws-sdk-swift.build/Debug/InternalAWSCognitoIdentity.build/DerivedSources/arm64 -Xcc -I/Users/michielvh/code/one-b2c/ssm-connect/.build/DerivedData/Build/Intermediates.noindex/aws-sdk-swift.build/Debug/InternalAWSCognitoIdentity.build/DerivedSources -Xcc -DSWIFT_PACKAGE -Xcc -DDEBUG\=1 -emit-objc-header -emit-objc-header-path /Users/michielvh/code/one-b2c/ssm-connect/.build/DerivedData/Build/Intermediates.noindex/aws-sdk-swift.build/Debug/InternalAWSCognitoIdentity.build/Objects-normal/arm64/InternalAWSCognitoIdentity-Swift.h -working-directory /Users/michielvh/code/one-b2c/ssm-connect/SSMConnect.xcodeproj -experimental-emit-module-separately -disable-cmo

SwiftCompile normal arm64 Compiling\ InternalAWSCognitoIdentitySchemas.swift /Users/michielvh/code/one-b2c/ssm-connect/.build/DerivedData/Build/Intermediates.noindex/BuildToolPluginIntermediates/aws-sdk-swift.output/InternalAWSCognitoIdentity/SmithyCodeGeneratorPlugin/InternalAWSCognitoIdentitySchemas.swift (in target 'InternalAWSCognitoIdentity' from project 'aws-sdk-swift')

SwiftCompile normal arm64 /Users/michielvh/code/one-b2c/ssm-connect/.build/DerivedData/Build/Intermediates.noindex/BuildToolPluginIntermediates/aws-sdk-swift.output/InternalAWSCognitoIdentity/SmithyCodeGeneratorPlugin/InternalAWSCognitoIdentitySchemas.swift (in target 'InternalAWSCognitoIdentity' from project 'aws-sdk-swift')
    cd /Users/michielvh/code/one-b2c/ssm-connect/SSMConnect.xcodeproj
    

SwiftEmitModule normal arm64 Emitting\ module\ for\ InternalAWSCognitoIdentity (in target 'InternalAWSCognitoIdentity' from project 'aws-sdk-swift')
EmitSwiftModule normal arm64 (in target 'InternalAWSCognitoIdentity' from project 'aws-sdk-swift')
    cd /Users/michielvh/code/one-b2c/ssm-connect/SSMConnect.xcodeproj
    

SwiftCompile normal arm64 Compiling\ InternalAWSCognitoIdentityTypeRegistry.swift /Users/michielvh/code/one-b2c/ssm-connect/.build/DerivedData/Build/Intermediates.noindex/BuildToolPluginIntermediates/aws-sdk-swift.output/InternalAWSCognitoIdentity/SmithyCodeGeneratorPlugin/InternalAWSCognitoIdentityTypeRegistry.swift (in target 'InternalAWSCognitoIdentity' from project 'aws-sdk-swift')

SwiftCompile normal arm64 /Users/michielvh/code/one-b2c/ssm-connect/.build/DerivedData/Build/Intermediates.noindex/BuildToolPluginIntermediates/aws-sdk-swift.output/InternalAWSCognitoIdentity/SmithyCodeGeneratorPlugin/InternalAWSCognitoIdentityTypeRegistry.swift (in target 'InternalAWSCognitoIdentity' from project 'aws-sdk-swift')
    cd /Users/michielvh/code/one-b2c/ssm-connect/SSMConnect.xcodeproj
    

SwiftCompile normal arm64 Compiling\ InternalAWSCognitoIdentitySerialize.swift /Users/michielvh/code/one-b2c/ssm-connect/.build/DerivedData/Build/Intermediates.noindex/BuildToolPluginIntermediates/aws-sdk-swift.output/InternalAWSCognitoIdentity/SmithyCodeGeneratorPlugin/InternalAWSCognitoIdentitySerialize.swift (in target 'InternalAWSCognitoIdentity' from project 'aws-sdk-swift')

SwiftCompile normal arm64 /Users/michielvh/code/one-b2c/ssm-connect/.build/DerivedData/Build/Intermediates.noindex/BuildToolPluginIntermediates/aws-sdk-swift.output/InternalAWSCognitoIdentity/SmithyCodeGeneratorPlugin/InternalAWSCognitoIdentitySerialize.swift (in target 'InternalAWSCognitoIdentity' from project 'aws-sdk-swift')
    cd /Users/michielvh/code/one-b2c/ssm-connect/SSMConnect.xcodeproj
    

SwiftCompile normal arm64 Compiling\ InternalAWSCognitoIdentityOperations.swift /Users/michielvh/code/one-b2c/ssm-connect/.build/DerivedData/Build/Intermediates.noindex/BuildToolPluginIntermediates/aws-sdk-swift.output/InternalAWSCognitoIdentity/SmithyCodeGeneratorPlugin/InternalAWSCognitoIdentityOperations.swift (in target 'InternalAWSCognitoIdentity' from project 'aws-sdk-swift')

SwiftCompile normal arm64 /Users/michielvh/code/one-b2c/ssm-connect/.build/DerivedData/Build/Intermediates.noindex/BuildToolPluginIntermediates/aws-sdk-swift.output/InternalAWSCognitoIdentity/SmithyCodeGeneratorPlugin/InternalAWSCognitoIdentityOperations.swift (in target 'InternalAWSCognitoIdentity' from project 'aws-sdk-swift')
    cd /Users/michielvh/code/one-b2c/ssm-connect/SSMConnect.xcodeproj
    

SwiftCompile normal arm64 Compiling\ InternalAWSCognitoIdentityDeserialize.swift /Users/michielvh/code/one-b2c/ssm-connect/.build/DerivedData/Build/Intermediates.noindex/BuildToolPluginIntermediates/aws-sdk-swift.output/InternalAWSCognitoIdentity/SmithyCodeGeneratorPlugin/InternalAWSCognitoIdentityDeserialize.swift (in target 'InternalAWSCognitoIdentity' from project 'aws-sdk-swift')

SwiftCompile normal arm64 /Users/michielvh/code/one-b2c/ssm-connect/.build/DerivedData/Build/Intermediates.noindex/BuildToolPluginIntermediates/aws-sdk-swift.output/InternalAWSCognitoIdentity/SmithyCodeGeneratorPlugin/InternalAWSCognitoIdentityDeserialize.swift (in target 'InternalAWSCognitoIdentity' from project 'aws-sdk-swift')
    cd /Users/michielvh/code/one-b2c/ssm-connect/SSMConnect.xcodeproj
    

SwiftDriverJobDiscovery normal arm64 Compiling InternalAWSCognitoIdentityOperations.swift (in target 'InternalAWSCognitoIdentity' from project 'aws-sdk-swift')

SwiftDriverJobDiscovery normal arm64 Compiling InternalAWSCognitoIdentityTypeRegistry.swift (in target 'InternalAWSCognitoIdentity' from project 'aws-sdk-swift')

SwiftDriverJobDiscovery normal arm64 Compiling InternalAWSCognitoIdentityDeserialize.swift (in target 'InternalAWSCognitoIdentity' from project 'aws-sdk-swift')

SwiftDriverJobDiscovery normal arm64 Compiling InternalAWSCognitoIdentitySchemas.swift (in target 'InternalAWSCognitoIdentity' from project 'aws-sdk-swift')

SwiftDriverJobDiscovery normal arm64 Compiling InternalAWSCognitoIdentitySerialize.swift (in target 'InternalAWSCognitoIdentity' from project 'aws-sdk-swift')

SwiftDriverJobDiscovery normal arm64 Emitting module for InternalAWSCognitoIdentity (in target 'InternalAWSCognitoIdentity' from project 'aws-sdk-swift')

SwiftDriver\ Compilation\ Requirements InternalAWSCognitoIdentity normal arm64 com.apple.xcode.tools.swift.compiler (in target 'InternalAWSCognitoIdentity' from project 'aws-sdk-swift')
    cd /Users/michielvh/code/one-b2c/ssm-connect/SSMConnect.xcodeproj
    builtin-Swift-Compilation-Requirements -- /Applications/Xcode.app/Contents/Developer/Toolchains/XcodeDefault.xctoolchain/usr/bin/swiftc -module-name InternalAWSCognitoIdentity -Onone @/Users/michielvh/code/one-b2c/ssm-connect/.build/DerivedData/Build/Intermediates.noindex/aws-sdk-swift.build/Debug/InternalAWSCognitoIdentity.build/Objects-normal/arm64/InternalAWSCognitoIdentity.SwiftFileList -DSWIFT_PACKAGE -DDEBUG -DSWIFT_MODULE_RESOURCE_BUNDLE_UNAVAILABLE -Xcc -fmodule-map-file\=/Users/michielvh/code/one-b2c/ssm-connect/.build/DerivedData/SourcePackages/checkouts/aws-crt-swift/Source/LibNative/module.modulemap -Xcc -fmodule-map-file\=/Users/michielvh/code/one-b2c/ssm-connect/.build/DerivedData/Build/Intermediates.noindex/GeneratedModuleMaps/AwsCMqtt.modulemap -Xcc -fmodule-map-file\=/Users/michielvh/code/one-b2c/ssm-connect/.build/DerivedData/Build/Intermediates.noindex/GeneratedModuleMaps/AwsCEventStream.modulemap -Xcc -fmodule-map-file\=/Users/michielvh/code/one-b2c/ssm-connect/.build/DerivedData/Build/Intermediates.noindex/GeneratedModuleMaps/AwsCChecksums.modulemap -Xcc -fmodule-map-file\=/Users/michielvh/code/one-b2c/ssm-connect/.build/DerivedData/Build/Intermediates.noindex/GeneratedModuleMaps/AwsCAuth.modulemap -Xcc -fmodule-map-file\=/Users/michielvh/code/one-b2c/ssm-connect/.build/DerivedData/Build/Intermediates.noindex/GeneratedModuleMaps/AwsCSdkUtils.modulemap -Xcc -fmodule-map-file\=/Users/michielvh/code/one-b2c/ssm-connect/.build/DerivedData/Build/Intermediates.noindex/GeneratedModuleMaps/AwsCHttp.modulemap -Xcc -fmodule-map-file\=/Users/michielvh/code/one-b2c/ssm-connect/.build/DerivedData/Build/Intermediates.noindex/GeneratedModuleMaps/AwsCIo.modulemap -Xcc -fmodule-map-file\=/Users/michielvh/code/one-b2c/ssm-connect/.build/DerivedData/Build/Intermediates.noindex/GeneratedModuleMaps/AwsCCal.modulemap -Xcc -fmodule-map-file\=/Users/michielvh/code/one-b2c/ssm-connect/.build/DerivedData/Build/Intermediates.noindex/GeneratedModuleMaps/AwsCCompression.modulemap -Xcc -fmodule-map-file\=/Users/michielvh/code/one-b2c/ssm-connect/.build/DerivedData/Build/Intermediates.noindex/GeneratedModuleMaps/AwsCCommon.modulemap -DXcode -plugin-path /Applications/Xcode.app/Contents/Developer/Toolchains/XcodeDefault.xctoolchain/usr/lib/swift/host/plugins/testing -enable-experimental-feature DebugDescriptionMacro -sdk /Applications/Xcode.app/Contents/Developer/Platforms/MacOSX.platform/Developer/SDKs/MacOSX26.5.sdk -target arm64-apple-macos12.0 -g -module-cache-path /Users/michielvh/code/one-b2c/ssm-connect/.build/DerivedData/ModuleCache.noindex -Xfrontend -serialize-debugging-options -enable-testing -suppress-warnings -index-store-path /Users/michielvh/code/one-b2c/ssm-connect/.build/DerivedData/Index.noindex/DataStore -Xcc -D_LIBCPP_HARDENING_MODE\=_LIBCPP_HARDENING_MODE_DEBUG -swift-version 5 -I /Users/michielvh/code/one-b2c/ssm-connect/.build/DerivedData/Build/Products/Debug -Isystem /Applications/Xcode.app/Contents/Developer/Platforms/MacOSX.platform/Developer/usr/lib -F /Users/michielvh/code/one-b2c/ssm-connect/.build/DerivedData/Build/Products/Debug/PackageFrameworks -F /Users/michielvh/code/one-b2c/ssm-connect/.build/DerivedData/Build/Products/Debug/PackageFrameworks -F /Users/michielvh/code/one-b2c/ssm-connect/.build/DerivedData/Build/Products/Debug/PackageFrameworks -F /Users/michielvh/code/one-b2c/ssm-connect/.build/DerivedData/Build/Products/Debug/PackageFrameworks -F /Users/michielvh/code/one-b2c/ssm-connect/.build/DerivedData/Build/Products/Debug/PackageFrameworks -F /Users/michielvh/code/one-b2c/ssm-connect/.build/DerivedData/Build/Products/Debug/PackageFrameworks -F /Users/michielvh/code/one-b2c/ssm-connect/.build/DerivedData/Build/Products/Debug/PackageFrameworks -F /Users/michielvh/code/one-b2c/ssm-connect/.build/DerivedData/Build/Products/Debug/PackageFrameworks -F /Users/michielvh/code/one-b2c/ssm-connect/.build/DerivedData/Build/Products/Debug/PackageFrameworks -F /Users/michielvh/code/one-b2c/ssm-connect/.build/DerivedData/Build/Products/Debug/PackageFrameworks -F /Users/michielvh/code/one-b2c/ssm-connect/.build/DerivedData/Build/Products/Debug/PackageFrameworks -F /Users/michielvh/code/one-b2c/ssm-connect/.build/DerivedData/Build/Products/Debug/PackageFrameworks -F /Users/michielvh/code/one-b2c/ssm-connect/.build/DerivedData/Build/Products/Debug/PackageFrameworks -F /Users/michielvh/code/one-b2c/ssm-connect/.build/DerivedData/Build/Products/Debug/PackageFrameworks -F /Users/michielvh/code/one-b2c/ssm-connect/.build/DerivedData/Build/Products/Debug/PackageFrameworks -F /Users/michielvh/code/one-b2c/ssm-connect/.build/DerivedData/Build/Products/Debug/PackageFrameworks -F /Users/michielvh/code/one-b2c/ssm-connect/.build/DerivedData/Build/Products/Debug/PackageFrameworks -F /Users/michielvh/code/one-b2c/ssm-connect/.build/DerivedData/Build/Products/Debug/PackageFrameworks -F /Users/michielvh/code/one-b2c/ssm-connect/.build/DerivedData/Build/Products/Debug/PackageFrameworks -F /Users/michielvh/code/one-b2c/ssm-connect/.build/DerivedData/Build/Products/Debug/PackageFrameworks -F /Users/michielvh/code/one-b2c/ssm-connect/.build/DerivedData/Build/Products/Debug/PackageFrameworks -F /Users/michielvh/code/one-b2c/ssm-connect/.build/DerivedData/Build/Products/Debug/PackageFrameworks -F /Users/michielvh/code/one-b2c/ssm-connect/.build/DerivedData/Build/Products/Debug/PackageFrameworks -F /Users/michielvh/code/one-b2c/ssm-connect/.build/DerivedData/Build/Products/Debug/PackageFrameworks -F /Users/michielvh/code/one-b2c/ssm-connect/.build/DerivedData/Build/Products/Debug/PackageFrameworks -F /Users/michielvh/code/one-b2c/ssm-connect/.build/DerivedData/Build/Products/Debug/PackageFrameworks -F /Users/michielvh/code/one-b2c/ssm-connect/.build/DerivedData/Build/Products/Debug/PackageFrameworks -F /Users/michielvh/code/one-b2c/ssm-connect/.build/DerivedData/Build/Products/Debug/PackageFrameworks -F /Users/michielvh/code/one-b2c/ssm-connect/.build/DerivedData/Build/Products/Debug/PackageFrameworks -F /Users/michielvh/code/one-b2c/ssm-connect/.build/DerivedData/Build/Products/Debug/PackageFrameworks -F /Users/michielvh/code/one-b2c/ssm-connect/.build/DerivedData/Build/Products/Debug/PackageFrameworks -F /Users/michielvh/code/one-b2c/ssm-connect/.build/DerivedData/Build/Products/Debug/PackageFrameworks -F /Users/michielvh/code/one-b2c/ssm-connect/.build/DerivedData/Build/Products/Debug/PackageFrameworks -F /Users/michielvh/code/one-b2c/ssm-connect/.build/DerivedData/Build/Products/Debug/PackageFrameworks -F /Users/michielvh/code/one-b2c/ssm-connect/.build/DerivedData/Build/Products/Debug/PackageFrameworks -F /Users/michielvh/code/one-b2c/ssm-connect/.build/DerivedData/Build/Products/Debug/PackageFrameworks -F /Users/michielvh/code/one-b2c/ssm-connect/.build/DerivedData/Build/Products/Debug/PackageFrameworks -F /Users/michielvh/code/one-b2c/ssm-connect/.build/DerivedData/Build/Products/Debug/PackageFrameworks -F /Users/michielvh/code/one-b2c/ssm-connect/.build/DerivedData/Build/Products/Debug/PackageFrameworks -F /Users/michielvh/code/one-b2c/ssm-connect/.build/DerivedData/Build/Products/Debug/PackageFrameworks -F /Users/michielvh/code/one-b2c/ssm-connect/.build/DerivedData/Build/Products/Debug/PackageFrameworks -F /Users/michielvh/code/one-b2c/ssm-connect/.build/DerivedData/Build/Products/Debug/PackageFrameworks -F /Users/michielvh/code/one-b2c/ssm-connect/.build/DerivedData/Build/Products/Debug/PackageFrameworks -F /Users/michielvh/code/one-b2c/ssm-connect/.build/DerivedData/Build/Products/Debug/PackageFrameworks -F /Users/michielvh/code/one-b2c/ssm-connect/.build/DerivedData/Build/Products/Debug/PackageFrameworks -F /Users/michielvh/code/one-b2c/ssm-connect/.build/DerivedData/Build/Products/Debug -F /Applications/Xcode.app/Contents/Developer/Platforms/MacOSX.platform/Developer/Library/Frameworks -c -j18 -enable-batch-mode -incremental -Xcc -ivfsstatcache -Xcc /Users/michielvh/code/one-b2c/ssm-connect/.build/DerivedData/SDKStatCaches.noindex/macosx26.5-25F70-e082c4a02f00227109f4ed75e425c832.sdkstatcache -output-file-map /Users/michielvh/code/one-b2c/ssm-connect/.build/DerivedData/Build/Intermediates.noindex/aws-sdk-swift.build/Debug/InternalAWSCognitoIdentity.build/Objects-normal/arm64/InternalAWSCognitoIdentity-OutputFileMap.json -use-frontend-parseable-output -save-temps -no-color-diagnostics -explicit-module-build -module-cache-path /Users/michielvh/code/one-b2c/ssm-connect/.build/DerivedData/Build/Intermediates.noindex/SwiftExplicitPrecompiledModules -clang-scanner-module-cache-path /Users/michielvh/code/one-b2c/ssm-connect/.build/DerivedData/ModuleCache.noindex -sdk-module-cache-path /Users/michielvh/code/one-b2c/ssm-connect/.build/DerivedData/ModuleCache.noindex -serialize-diagnostics -emit-dependencies -emit-module -emit-module-path /Users/michielvh/code/one-b2c/ssm-connect/.build/DerivedData/Build/Intermediates.noindex/aws-sdk-swift.build/Debug/InternalAWSCognitoIdentity.build/Objects-normal/arm64/InternalAWSCognitoIdentity.swiftmodule -validate-clang-modules-once -clang-build-session-file /Users/michielvh/code/one-b2c/ssm-connect/.build/DerivedData/ModuleCache.noindex/Session.modulevalidation -package-name aws_sdk_swift -Xcc -I/Users/michielvh/code/one-b2c/ssm-connect/.build/DerivedData/Build/Intermediates.noindex/aws-sdk-swift.build/Debug/InternalAWSCognitoIdentity.build/swift-overrides.hmap -emit-const-values -Xfrontend -const-gather-protocols-file -Xfrontend /Users/michielvh/code/one-b2c/ssm-connect/.build/DerivedData/Build/Intermediates.noindex/aws-sdk-swift.build/Debug/InternalAWSCognitoIdentity.build/Objects-normal/arm64/InternalAWSCognitoIdentity_const_extract_protocols.json -Xcc -I/Users/michielvh/code/one-b2c/ssm-connect/.build/DerivedData/SourcePackages/checkouts/aws-crt-swift/aws-common-runtime/aws-c-mqtt/include -Xcc -I/Users/michielvh/code/one-b2c/ssm-connect/.build/DerivedData/SourcePackages/checkouts/aws-crt-swift/aws-common-runtime/aws-c-event-stream/include -Xcc -I/Users/michielvh/code/one-b2c/ssm-connect/.build/DerivedData/SourcePackages/checkouts/aws-crt-swift/aws-common-runtime/aws-checksums/include -Xcc -I/Users/michielvh/code/one-b2c/ssm-connect/.build/DerivedData/SourcePackages/checkouts/aws-crt-swift/aws-common-runtime/aws-c-auth/include -Xcc -I/Users/michielvh/code/one-b2c/ssm-connect/.build/DerivedData/SourcePackages/checkouts/aws-crt-swift/aws-common-runtime/aws-c-sdkutils/include -Xcc -I/Users/michielvh/code/one-b2c/ssm-connect/.build/DerivedData/SourcePackages/checkouts/aws-crt-swift/aws-common-runtime/aws-c-http/include -Xcc -I/Users/michielvh/code/one-b2c/ssm-connect/.build/DerivedData/SourcePackages/checkouts/aws-crt-swift/aws-common-runtime/aws-c-io/include -Xcc -I/Users/michielvh/code/one-b2c/ssm-connect/.build/DerivedData/SourcePackages/checkouts/aws-crt-swift/aws-common-runtime/aws-c-cal/include -Xcc -I/Users/michielvh/code/one-b2c/ssm-connect/.build/DerivedData/SourcePackages/checkouts/aws-crt-swift/aws-common-runtime/aws-c-compression/include -Xcc -I/Users/michielvh/code/one-b2c/ssm-connect/.build/DerivedData/SourcePackages/checkouts/aws-crt-swift/aws-common-runtime/aws-c-common/include -Xcc -I/Users/michielvh/code/one-b2c/ssm-connect/.build/DerivedData/SourcePackages/checkouts/aws-crt-swift/aws-common-runtime/config -Xcc -I/Users/michielvh/code/one-b2c/ssm-connect/.build/DerivedData/Build/Products/Debug/include -Xcc -I/Users/michielvh/code/one-b2c/ssm-connect/.build/DerivedData/Build/Intermediates.noindex/aws-sdk-swift.build/Debug/InternalAWSCognitoIdentity.build/DerivedSources-normal/arm64 -Xcc -I/Users/michielvh/code/one-b2c/ssm-connect/.build/DerivedData/Build/Intermediates.noindex/aws-sdk-swift.build/Debug/InternalAWSCognitoIdentity.build/DerivedSources/arm64 -Xcc -I/Users/michielvh/code/one-b2c/ssm-connect/.build/DerivedData/Build/Intermediates.noindex/aws-sdk-swift.build/Debug/InternalAWSCognitoIdentity.build/DerivedSources -Xcc -DSWIFT_PACKAGE -Xcc -DDEBUG\=1 -emit-objc-header -emit-objc-header-path /Users/michielvh/code/one-b2c/ssm-connect/.build/DerivedData/Build/Intermediates.noindex/aws-sdk-swift.build/Debug/InternalAWSCognitoIdentity.build/Objects-normal/arm64/InternalAWSCognitoIdentity-Swift.h -working-directory /Users/michielvh/code/one-b2c/ssm-connect/SSMConnect.xcodeproj -experimental-emit-module-separately -disable-cmo

SwiftDriver\ Compilation InternalAWSCognitoIdentity normal arm64 com.apple.xcode.tools.swift.compiler (in target 'InternalAWSCognitoIdentity' from project 'aws-sdk-swift')
    cd /Users/michielvh/code/one-b2c/ssm-connect/SSMConnect.xcodeproj
    builtin-Swift-Compilation -- /Applications/Xcode.app/Contents/Developer/Toolchains/XcodeDefault.xctoolchain/usr/bin/swiftc -module-name InternalAWSCognitoIdentity -Onone @/Users/michielvh/code/one-b2c/ssm-connect/.build/DerivedData/Build/Intermediates.noindex/aws-sdk-swift.build/Debug/InternalAWSCognitoIdentity.build/Objects-normal/arm64/InternalAWSCognitoIdentity.SwiftFileList -DSWIFT_PACKAGE -DDEBUG -DSWIFT_MODULE_RESOURCE_BUNDLE_UNAVAILABLE -Xcc -fmodule-map-file\=/Users/michielvh/code/one-b2c/ssm-connect/.build/DerivedData/SourcePackages/checkouts/aws-crt-swift/Source/LibNative/module.modulemap -Xcc -fmodule-map-file\=/Users/michielvh/code/one-b2c/ssm-connect/.build/DerivedData/Build/Intermediates.noindex/GeneratedModuleMaps/AwsCMqtt.modulemap -Xcc -fmodule-map-file\=/Users/michielvh/code/one-b2c/ssm-connect/.build/DerivedData/Build/Intermediates.noindex/GeneratedModuleMaps/AwsCEventStream.modulemap -Xcc -fmodule-map-file\=/Users/michielvh/code/one-b2c/ssm-connect/.build/DerivedData/Build/Intermediates.noindex/GeneratedModuleMaps/AwsCChecksums.modulemap -Xcc -fmodule-map-file\=/Users/michielvh/code/one-b2c/ssm-connect/.build/DerivedData/Build/Intermediates.noindex/GeneratedModuleMaps/AwsCAuth.modulemap -Xcc -fmodule-map-file\=/Users/michielvh/code/one-b2c/ssm-connect/.build/DerivedData/Build/Intermediates.noindex/GeneratedModuleMaps/AwsCSdkUtils.modulemap -Xcc -fmodule-map-file\=/Users/michielvh/code/one-b2c/ssm-connect/.build/DerivedData/Build/Intermediates.noindex/GeneratedModuleMaps/AwsCHttp.modulemap -Xcc -fmodule-map-file\=/Users/michielvh/code/one-b2c/ssm-connect/.build/DerivedData/Build/Intermediates.noindex/GeneratedModuleMaps/AwsCIo.modulemap -Xcc -fmodule-map-file\=/Users/michielvh/code/one-b2c/ssm-connect/.build/DerivedData/Build/Intermediates.noindex/GeneratedModuleMaps/AwsCCal.modulemap -Xcc -fmodule-map-file\=/Users/michielvh/code/one-b2c/ssm-connect/.build/DerivedData/Build/Intermediates.noindex/GeneratedModuleMaps/AwsCCompression.modulemap -Xcc -fmodule-map-file\=/Users/michielvh/code/one-b2c/ssm-connect/.build/DerivedData/Build/Intermediates.noindex/GeneratedModuleMaps/AwsCCommon.modulemap -DXcode -plugin-path /Applications/Xcode.app/Contents/Developer/Toolchains/XcodeDefault.xctoolchain/usr/lib/swift/host/plugins/testing -enable-experimental-feature DebugDescriptionMacro -sdk /Applications/Xcode.app/Contents/Developer/Platforms/MacOSX.platform/Developer/SDKs/MacOSX26.5.sdk -target arm64-apple-macos12.0 -g -module-cache-path /Users/michielvh/code/one-b2c/ssm-connect/.build/DerivedData/ModuleCache.noindex -Xfrontend -serialize-debugging-options -enable-testing -suppress-warnings -index-store-path /Users/michielvh/code/one-b2c/ssm-connect/.build/DerivedData/Index.noindex/DataStore -Xcc -D_LIBCPP_HARDENING_MODE\=_LIBCPP_HARDENING_MODE_DEBUG -swift-version 5 -I /Users/michielvh/code/one-b2c/ssm-connect/.build/DerivedData/Build/Products/Debug -Isystem /Applications/Xcode.app/Contents/Developer/Platforms/MacOSX.platform/Developer/usr/lib -F /Users/michielvh/code/one-b2c/ssm-connect/.build/DerivedData/Build/Products/Debug/PackageFrameworks -F /Users/michielvh/code/one-b2c/ssm-connect/.build/DerivedData/Build/Products/Debug/PackageFrameworks -F /Users/michielvh/code/one-b2c/ssm-connect/.build/DerivedData/Build/Products/Debug/PackageFrameworks -F /Users/michielvh/code/one-b2c/ssm-connect/.build/DerivedData/Build/Products/Debug/PackageFrameworks -F /Users/michielvh/code/one-b2c/ssm-connect/.build/DerivedData/Build/Products/Debug/PackageFrameworks -F /Users/michielvh/code/one-b2c/ssm-connect/.build/DerivedData/Build/Products/Debug/PackageFrameworks -F /Users/michielvh/code/one-b2c/ssm-connect/.build/DerivedData/Build/Products/Debug/PackageFrameworks -F /Users/michielvh/code/one-b2c/ssm-connect/.build/DerivedData/Build/Products/Debug/PackageFrameworks -F /Users/michielvh/code/one-b2c/ssm-connect/.build/DerivedData/Build/Products/Debug/PackageFrameworks -F /Users/michielvh/code/one-b2c/ssm-connect/.build/DerivedData/Build/Products/Debug/PackageFrameworks -F /Users/michielvh/code/one-b2c/ssm-connect/.build/DerivedData/Build/Products/Debug/PackageFrameworks -F /Users/michielvh/code/one-b2c/ssm-connect/.build/DerivedData/Build/Products/Debug/PackageFrameworks -F /Users/michielvh/code/one-b2c/ssm-connect/.build/DerivedData/Build/Products/Debug/PackageFrameworks -F /Users/michielvh/code/one-b2c/ssm-connect/.build/DerivedData/Build/Products/Debug/PackageFrameworks -F /Users/michielvh/code/one-b2c/ssm-connect/.build/DerivedData/Build/Products/Debug/PackageFrameworks -F /Users/michielvh/code/one-b2c/ssm-connect/.build/DerivedData/Build/Products/Debug/PackageFrameworks -F /Users/michielvh/code/one-b2c/ssm-connect/.build/DerivedData/Build/Products/Debug/PackageFrameworks -F /Users/michielvh/code/one-b2c/ssm-connect/.build/DerivedData/Build/Products/Debug/PackageFrameworks -F /Users/michielvh/code/one-b2c/ssm-connect/.build/DerivedData/Build/Products/Debug/PackageFrameworks -F /Users/michielvh/code/one-b2c/ssm-connect/.build/DerivedData/Build/Products/Debug/PackageFrameworks -F /Users/michielvh/code/one-b2c/ssm-connect/.build/DerivedData/Build/Products/Debug/PackageFrameworks -F /Users/michielvh/code/one-b2c/ssm-connect/.build/DerivedData/Build/Products/Debug/PackageFrameworks -F /Users/michielvh/code/one-b2c/ssm-connect/.build/DerivedData/Build/Products/Debug/PackageFrameworks -F /Users/michielvh/code/one-b2c/ssm-connect/.build/DerivedData/Build/Products/Debug/PackageFrameworks -F /Users/michielvh/code/one-b2c/ssm-connect/.build/DerivedData/Build/Products/Debug/PackageFrameworks -F /Users/michielvh/code/one-b2c/ssm-connect/.build/DerivedData/Build/Products/Debug/PackageFrameworks -F /Users/michielvh/code/one-b2c/ssm-connect/.build/DerivedData/Build/Products/Debug/PackageFrameworks -F /Users/michielvh/code/one-b2c/ssm-connect/.build/DerivedData/Build/Products/Debug/PackageFrameworks -F /Users/michielvh/code/one-b2c/ssm-connect/.build/DerivedData/Build/Products/Debug/PackageFrameworks -F /Users/michielvh/code/one-b2c/ssm-connect/.build/DerivedData/Build/Products/Debug/PackageFrameworks -F /Users/michielvh/code/one-b2c/ssm-connect/.build/DerivedData/Build/Products/Debug/PackageFrameworks -F /Users/michielvh/code/one-b2c/ssm-connect/.build/DerivedData/Build/Products/Debug/PackageFrameworks -F /Users/michielvh/code/one-b2c/ssm-connect/.build/DerivedData/Build/Products/Debug/PackageFrameworks -F /Users/michielvh/code/one-b2c/ssm-connect/.build/DerivedData/Build/Products/Debug/PackageFrameworks -F /Users/michielvh/code/one-b2c/ssm-connect/.build/DerivedData/Build/Products/Debug/PackageFrameworks -F /Users/michielvh/code/one-b2c/ssm-connect/.build/DerivedData/Build/Products/Debug/PackageFrameworks -F /Users/michielvh/code/one-b2c/ssm-connect/.build/DerivedData/Build/Products/Debug/PackageFrameworks -F /Users/michielvh/code/one-b2c/ssm-connect/.build/DerivedData/Build/Products/Debug/PackageFrameworks -F /Users/michielvh/code/one-b2c/ssm-connect/.build/DerivedData/Build/Products/Debug/PackageFrameworks -F /Users/michielvh/code/one-b2c/ssm-connect/.build/DerivedData/Build/Products/Debug/PackageFrameworks -F /Users/michielvh/code/one-b2c/ssm-connect/.build/DerivedData/Build/Products/Debug/PackageFrameworks -F /Users/michielvh/code/one-b2c/ssm-connect/.build/DerivedData/Build/Products/Debug/PackageFrameworks -F /Users/michielvh/code/one-b2c/ssm-connect/.build/DerivedData/Build/Products/Debug/PackageFrameworks -F /Users/michielvh/code/one-b2c/ssm-connect/.build/DerivedData/Build/Products/Debug/PackageFrameworks -F /Users/michielvh/code/one-b2c/ssm-connect/.build/DerivedData/Build/Products/Debug/PackageFrameworks -F /Users/michielvh/code/one-b2c/ssm-connect/.build/DerivedData/Build/Products/Debug -F /Applications/Xcode.app/Contents/Developer/Platforms/MacOSX.platform/Developer/Library/Frameworks -c -j18 -enable-batch-mode -incremental -Xcc -ivfsstatcache -Xcc /Users/michielvh/code/one-b2c/ssm-connect/.build/DerivedData/SDKStatCaches.noindex/macosx26.5-25F70-e082c4a02f00227109f4ed75e425c832.sdkstatcache -output-file-map /Users/michielvh/code/one-b2c/ssm-connect/.build/DerivedData/Build/Intermediates.noindex/aws-sdk-swift.build/Debug/InternalAWSCognitoIdentity.build/Objects-normal/arm64/InternalAWSCognitoIdentity-OutputFileMap.json -use-frontend-parseable-output -save-temps -no-color-diagnostics -explicit-module-build -module-cache-path /Users/michielvh/code/one-b2c/ssm-connect/.build/DerivedData/Build/Intermediates.noindex/SwiftExplicitPrecompiledModules -clang-scanner-module-cache-path /Users/michielvh/code/one-b2c/ssm-connect/.build/DerivedData/ModuleCache.noindex -sdk-module-cache-path /Users/michielvh/code/one-b2c/ssm-connect/.build/DerivedData/ModuleCache.noindex -serialize-diagnostics -emit-dependencies -emit-module -emit-module-path /Users/michielvh/code/one-b2c/ssm-connect/.build/DerivedData/Build/Intermediates.noindex/aws-sdk-swift.build/Debug/InternalAWSCognitoIdentity.build/Objects-normal/arm64/InternalAWSCognitoIdentity.swiftmodule -validate-clang-modules-once -clang-build-session-file /Users/michielvh/code/one-b2c/ssm-connect/.build/DerivedData/ModuleCache.noindex/Session.modulevalidation -package-name aws_sdk_swift -Xcc -I/Users/michielvh/code/one-b2c/ssm-connect/.build/DerivedData/Build/Intermediates.noindex/aws-sdk-swift.build/Debug/InternalAWSCognitoIdentity.build/swift-overrides.hmap -emit-const-values -Xfrontend -const-gather-protocols-file -Xfrontend /Users/michielvh/code/one-b2c/ssm-connect/.build/DerivedData/Build/Intermediates.noindex/aws-sdk-swift.build/Debug/InternalAWSCognitoIdentity.build/Objects-normal/arm64/InternalAWSCognitoIdentity_const_extract_protocols.json -Xcc -I/Users/michielvh/code/one-b2c/ssm-connect/.build/DerivedData/SourcePackages/checkouts/aws-crt-swift/aws-common-runtime/aws-c-mqtt/include -Xcc -I/Users/michielvh/code/one-b2c/ssm-connect/.build/DerivedData/SourcePackages/checkouts/aws-crt-swift/aws-common-runtime/aws-c-event-stream/include -Xcc -I/Users/michielvh/code/one-b2c/ssm-connect/.build/DerivedData/SourcePackages/checkouts/aws-crt-swift/aws-common-runtime/aws-checksums/include -Xcc -I/Users/michielvh/code/one-b2c/ssm-connect/.build/DerivedData/SourcePackages/checkouts/aws-crt-swift/aws-common-runtime/aws-c-auth/include -Xcc -I/Users/michielvh/code/one-b2c/ssm-connect/.build/DerivedData/SourcePackages/checkouts/aws-crt-swift/aws-common-runtime/aws-c-sdkutils/include -Xcc -I/Users/michielvh/code/one-b2c/ssm-connect/.build/DerivedData/SourcePackages/checkouts/aws-crt-swift/aws-common-runtime/aws-c-http/include -Xcc -I/Users/michielvh/code/one-b2c/ssm-connect/.build/DerivedData/SourcePackages/checkouts/aws-crt-swift/aws-common-runtime/aws-c-io/include -Xcc -I/Users/michielvh/code/one-b2c/ssm-connect/.build/DerivedData/SourcePackages/checkouts/aws-crt-swift/aws-common-runtime/aws-c-cal/include -Xcc -I/Users/michielvh/code/one-b2c/ssm-connect/.build/DerivedData/SourcePackages/checkouts/aws-crt-swift/aws-common-runtime/aws-c-compression/include -Xcc -I/Users/michielvh/code/one-b2c/ssm-connect/.build/DerivedData/SourcePackages/checkouts/aws-crt-swift/aws-common-runtime/aws-c-common/include -Xcc -I/Users/michielvh/code/one-b2c/ssm-connect/.build/DerivedData/SourcePackages/checkouts/aws-crt-swift/aws-common-runtime/config -Xcc -I/Users/michielvh/code/one-b2c/ssm-connect/.build/DerivedData/Build/Products/Debug/include -Xcc -I/Users/michielvh/code/one-b2c/ssm-connect/.build/DerivedData/Build/Intermediates.noindex/aws-sdk-swift.build/Debug/InternalAWSCognitoIdentity.build/DerivedSources-normal/arm64 -Xcc -I/Users/michielvh/code/one-b2c/ssm-connect/.build/DerivedData/Build/Intermediates.noindex/aws-sdk-swift.build/Debug/InternalAWSCognitoIdentity.build/DerivedSources/arm64 -Xcc -I/Users/michielvh/code/one-b2c/ssm-connect/.build/DerivedData/Build/Intermediates.noindex/aws-sdk-swift.build/Debug/InternalAWSCognitoIdentity.build/DerivedSources -Xcc -DSWIFT_PACKAGE -Xcc -DDEBUG\=1 -emit-objc-header -emit-objc-header-path /Users/michielvh/code/one-b2c/ssm-connect/.build/DerivedData/Build/Intermediates.noindex/aws-sdk-swift.build/Debug/InternalAWSCognitoIdentity.build/Objects-normal/arm64/InternalAWSCognitoIdentity-Swift.h -working-directory /Users/michielvh/code/one-b2c/ssm-connect/SSMConnect.xcodeproj -experimental-emit-module-separately -disable-cmo

Copy /Users/michielvh/code/one-b2c/ssm-connect/.build/DerivedData/Build/Products/Debug/InternalAWSCognitoIdentity.swiftmodule/Project/arm64-apple-macos.swiftsourceinfo /Users/michielvh/code/one-b2c/ssm-connect/.build/DerivedData/Build/Intermediates.noindex/aws-sdk-swift.build/Debug/InternalAWSCognitoIdentity.build/Objects-normal/arm64/InternalAWSCognitoIdentity.swiftsourceinfo (in target 'InternalAWSCognitoIdentity' from project 'aws-sdk-swift')
    cd /Users/michielvh/code/one-b2c/ssm-connect/.build/DerivedData/SourcePackages/checkouts/aws-sdk-swift
    builtin-copy -exclude .DS_Store -exclude CVS -exclude .svn -exclude .git -exclude .hg -resolve-src-symlinks -rename /Users/michielvh/code/one-b2c/ssm-connect/.build/DerivedData/Build/Intermediates.noindex/aws-sdk-swift.build/Debug/InternalAWSCognitoIdentity.build/Objects-normal/arm64/InternalAWSCognitoIdentity.swiftsourceinfo /Users/michielvh/code/one-b2c/ssm-connect/.build/DerivedData/Build/Products/Debug/InternalAWSCognitoIdentity.swiftmodule/Project/arm64-apple-macos.swiftsourceinfo

Copy /Users/michielvh/code/one-b2c/ssm-connect/.build/DerivedData/Build/Products/Debug/InternalAWSCognitoIdentity.swiftmodule/arm64-apple-macos.abi.json /Users/michielvh/code/one-b2c/ssm-connect/.build/DerivedData/Build/Intermediates.noindex/aws-sdk-swift.build/Debug/InternalAWSCognitoIdentity.build/Objects-normal/arm64/InternalAWSCognitoIdentity.abi.json (in target 'InternalAWSCognitoIdentity' from project 'aws-sdk-swift')
    cd /Users/michielvh/code/one-b2c/ssm-connect/.build/DerivedData/SourcePackages/checkouts/aws-sdk-swift
    builtin-copy -exclude .DS_Store -exclude CVS -exclude .svn -exclude .git -exclude .hg -resolve-src-symlinks -rename /Users/michielvh/code/one-b2c/ssm-connect/.build/DerivedData/Build/Intermediates.noindex/aws-sdk-swift.build/Debug/InternalAWSCognitoIdentity.build/Objects-normal/arm64/InternalAWSCognitoIdentity.abi.json /Users/michielvh/code/one-b2c/ssm-connect/.build/DerivedData/Build/Products/Debug/InternalAWSCognitoIdentity.swiftmodule/arm64-apple-macos.abi.json

Ld /Users/michielvh/code/one-b2c/ssm-connect/.build/DerivedData/Build/Products/Debug/InternalAWSCognitoIdentity.o normal (in target 'InternalAWSCognitoIdentity' from project 'aws-sdk-swift')
    cd /Users/michielvh/code/one-b2c/ssm-connect/.build/DerivedData/SourcePackages/checkouts/aws-sdk-swift
    /Applications/Xcode.app/Contents/Developer/Toolchains/XcodeDefault.xctoolchain/usr/bin/clang -Xlinker -reproducible -target arm64-apple-macos12.0 -r -isysroot /Applications/Xcode.app/Contents/Developer/Platforms/MacOSX.platform/Developer/SDKs/MacOSX26.5.sdk -O0 -w -F/Users/michielvh/code/one-b2c/ssm-connect/.build/DerivedData/Build/Intermediates.noindex/EagerLinkingTBDs/Debug -F/Users/michielvh/code/one-b2c/ssm-connect/.build/DerivedData/Build/Products/Debug/PackageFrameworks -F/Users/michielvh/code/one-b2c/ssm-connect/.build/DerivedData/Build/Products/Debug/PackageFrameworks -F/Users/michielvh/code/one-b2c/ssm-connect/.build/DerivedData/Build/Products/Debug/PackageFrameworks -F/Users/michielvh/code/one-b2c/ssm-connect/.build/DerivedData/Build/Products/Debug/PackageFrameworks -F/Users/michielvh/code/one-b2c/ssm-connect/.build/DerivedData/Build/Products/Debug/PackageFrameworks -F/Users/michielvh/code/one-b2c/ssm-connect/.build/DerivedData/Build/Products/Debug/PackageFrameworks -F/Users/michielvh/code/one-b2c/ssm-connect/.build/DerivedData/Build/Products/Debug/PackageFrameworks -F/Users/michielvh/code/one-b2c/ssm-connect/.build/DerivedData/Build/Products/Debug/PackageFrameworks -F/Users/michielvh/code/one-b2c/ssm-connect/.build/DerivedData/Build/Products/Debug/PackageFrameworks -F/Users/michielvh/code/one-b2c/ssm-connect/.build/DerivedData/Build/Products/Debug/PackageFrameworks -F/Users/michielvh/code/one-b2c/ssm-connect/.build/DerivedData/Build/Products/Debug/PackageFrameworks -F/Users/michielvh/code/one-b2c/ssm-connect/.build/DerivedData/Build/Products/Debug/PackageFrameworks -F/Users/michielvh/code/one-b2c/ssm-connect/.build/DerivedData/Build/Products/Debug/PackageFrameworks -F/Users/michielvh/code/one-b2c/ssm-connect/.build/DerivedData/Build/Products/Debug/PackageFrameworks -F/Users/michielvh/code/one-b2c/ssm-connect/.build/DerivedData/Build/Products/Debug/PackageFrameworks -F/Users/michielvh/code/one-b2c/ssm-connect/.build/DerivedData/Build/Products/Debug/PackageFrameworks -F/Users/michielvh/code/one-b2c/ssm-connect/.build/DerivedData/Build/Products/Debug/PackageFrameworks -F/Users/michielvh/code/one-b2c/ssm-connect/.build/DerivedData/Build/Products/Debug/PackageFrameworks -F/Users/michielvh/code/one-b2c/ssm-connect/.build/DerivedData/Build/Products/Debug/PackageFrameworks -F/Users/michielvh/code/one-b2c/ssm-connect/.build/DerivedData/Build/Products/Debug/PackageFrameworks -F/Users/michielvh/code/one-b2c/ssm-connect/.build/DerivedData/Build/Products/Debug/PackageFrameworks -F/Users/michielvh/code/one-b2c/ssm-connect/.build/DerivedData/Build/Products/Debug/PackageFrameworks -F/Users/michielvh/code/one-b2c/ssm-connect/.build/DerivedData/Build/Products/Debug/PackageFrameworks -F/Users/michielvh/code/one-b2c/ssm-connect/.build/DerivedData/Build/Products/Debug/PackageFrameworks -F/Users/michielvh/code/one-b2c/ssm-connect/.build/DerivedData/Build/Products/Debug/PackageFrameworks -F/Users/michielvh/code/one-b2c/ssm-connect/.build/DerivedData/Build/Products/Debug/PackageFrameworks -F/Users/michielvh/code/one-b2c/ssm-connect/.build/DerivedData/Build/Products/Debug/PackageFrameworks -F/Users/michielvh/code/one-b2c/ssm-connect/.build/DerivedData/Build/Products/Debug/PackageFrameworks -F/Users/michielvh/code/one-b2c/ssm-connect/.build/DerivedData/Build/Products/Debug/PackageFrameworks -F/Users/michielvh/code/one-b2c/ssm-connect/.build/DerivedData/Build/Products/Debug/PackageFrameworks -F/Users/michielvh/code/one-b2c/ssm-connect/.build/DerivedData/Build/Products/Debug/PackageFrameworks -F/Users/michielvh/code/one-b2c/ssm-connect/.build/DerivedData/Build/Products/Debug/PackageFrameworks -F/Users/michielvh/code/one-b2c/ssm-connect/.build/DerivedData/Build/Products/Debug/PackageFrameworks -F/Users/michielvh/code/one-b2c/ssm-connect/.build/DerivedData/Build/Products/Debug/PackageFrameworks -F/Users/michielvh/code/one-b2c/ssm-connect/.build/DerivedData/Build/Products/Debug/PackageFrameworks -F/Users/michielvh/code/one-b2c/ssm-connect/.build/DerivedData/Build/Products/Debug/PackageFrameworks -F/Users/michielvh/code/one-b2c/ssm-connect/.build/DerivedData/Build/Products/Debug/PackageFrameworks -F/Users/michielvh/code/one-b2c/ssm-connect/.build/DerivedData/Build/Products/Debug/PackageFrameworks -F/Users/michielvh/code/one-b2c/ssm-connect/.build/DerivedData/Build/Products/Debug/PackageFrameworks -F/Users/michielvh/code/one-b2c/ssm-connect/.build/DerivedData/Build/Products/Debug/PackageFrameworks -F/Users/michielvh/code/one-b2c/ssm-connect/.build/DerivedData/Build/Products/Debug/PackageFrameworks -F/Users/michielvh/code/one-b2c/ssm-connect/.build/DerivedData/Build/Products/Debug/PackageFrameworks -F/Users/michielvh/code/one-b2c/ssm-connect/.build/DerivedData/Build/Products/Debug/PackageFrameworks -F/Users/michielvh/code/one-b2c/ssm-connect/.build/DerivedData/Build/Products/Debug/PackageFrameworks -F/Users/michielvh/code/one-b2c/ssm-connect/.build/DerivedData/Build/Products/Debug/PackageFrameworks -F/Users/michielvh/code/one-b2c/ssm-connect/.build/DerivedData/Build/Products/Debug -iframework /Applications/Xcode.app/Contents/Developer/Platforms/MacOSX.platform/Developer/Library/Frameworks -filelist /Users/michielvh/code/one-b2c/ssm-connect/.build/DerivedData/Build/Intermediates.noindex/aws-sdk-swift.build/Debug/InternalAWSCognitoIdentity.build/Objects-normal/arm64/InternalAWSCognitoIdentity.LinkFileList -nostdlib -Xlinker -object_path_lto -Xlinker /Users/michielvh/code/one-b2c/ssm-connect/.build/DerivedData/Build/Intermediates.noindex/aws-sdk-swift.build/Debug/InternalAWSCognitoIdentity.build/Objects-normal/arm64/InternalAWSCognitoIdentity_lto.o -Xlinker -no_deduplicate -Xlinker -dependency_info -Xlinker /Users/michielvh/code/one-b2c/ssm-connect/.build/DerivedData/Build/Intermediates.noindex/aws-sdk-swift.build/Debug/InternalAWSCognitoIdentity.build/Objects-normal/arm64/InternalAWSCognitoIdentity_dependency_info.dat -fobjc-link-runtime -L/Applications/Xcode.app/Contents/Developer/Toolchains/XcodeDefault.xctoolchain/usr/lib/swift/macosx -L/usr/lib/swift -Xlinker -add_ast_path -Xlinker /Users/michielvh/code/one-b2c/ssm-connect/.build/DerivedData/Build/Intermediates.noindex/aws-sdk-swift.build/Debug/InternalAWSCognitoIdentity.build/Objects-normal/arm64/InternalAWSCognitoIdentity.swiftmodule @/Users/michielvh/code/one-b2c/ssm-connect/.build/DerivedData/Build/Intermediates.noindex/aws-sdk-swift.build/Debug/InternalAWSCognitoIdentity.build/Objects-normal/arm64/InternalAWSCognitoIdentity-linker-args.resp -o /Users/michielvh/code/one-b2c/ssm-connect/.build/DerivedData/Build/Products/Debug/InternalAWSCognitoIdentity.o

ExtractAppIntentsMetadata (in target 'InternalAWSCognitoIdentity' from project 'aws-sdk-swift')
    cd /Users/michielvh/code/one-b2c/ssm-connect/.build/DerivedData/SourcePackages/checkouts/aws-sdk-swift
    /Applications/Xcode.app/Contents/Developer/Toolchains/XcodeDefault.xctoolchain/usr/bin/appintentsmetadataprocessor --toolchain-dir /Applications/Xcode.app/Contents/Developer/Toolchains/XcodeDefault.xctoolchain --module-name InternalAWSCognitoIdentity --sdk-root /Applications/Xcode.app/Contents/Developer/Platforms/MacOSX.platform/Developer/SDKs/MacOSX26.5.sdk --xcode-version 17F42 --platform-family macOS --deployment-target 12.0 --bundle-identifier aws-sdk-swift.InternalAWSCognitoIdentity --output /Users/michielvh/code/one-b2c/ssm-connect/.build/DerivedData/Build/Products/Debug/InternalAWSCognitoIdentity.appintents --target-triple arm64-apple-macos12.0 --binary-file /Users/michielvh/code/one-b2c/ssm-connect/.build/DerivedData/Build/Products/Debug/InternalAWSCognitoIdentity.o --dependency-file /Users/michielvh/code/one-b2c/ssm-connect/.build/DerivedData/Build/Intermediates.noindex/aws-sdk-swift.build/Debug/InternalAWSCognitoIdentity.build/Objects-normal/arm64/InternalAWSCognitoIdentity_dependency_info.dat --stringsdata-file /Users/michielvh/code/one-b2c/ssm-connect/.build/DerivedData/Build/Intermediates.noindex/aws-sdk-swift.build/Debug/InternalAWSCognitoIdentity.build/Objects-normal/arm64/ExtractedAppShortcutsMetadata.stringsdata --source-file-list /Users/michielvh/code/one-b2c/ssm-connect/.build/DerivedData/Build/Intermediates.noindex/aws-sdk-swift.build/Debug/InternalAWSCognitoIdentity.build/Objects-normal/arm64/InternalAWSCognitoIdentity.SwiftFileList --metadata-file-list /Users/michielvh/code/one-b2c/ssm-connect/.build/DerivedData/Build/Intermediates.noindex/aws-sdk-swift.build/Debug/InternalAWSCognitoIdentity.build/InternalAWSCognitoIdentity.DependencyMetadataFileList --static-metadata-file-list /Users/michielvh/code/one-b2c/ssm-connect/.build/DerivedData/Build/Intermediates.noindex/aws-sdk-swift.build/Debug/InternalAWSCognitoIdentity.build/InternalAWSCognitoIdentity.DependencyStaticMetadataFileList --swift-const-vals-list /Users/michielvh/code/one-b2c/ssm-connect/.build/DerivedData/Build/Intermediates.noindex/aws-sdk-swift.build/Debug/InternalAWSCognitoIdentity.build/Objects-normal/arm64/InternalAWSCognitoIdentity.SwiftConstValuesFileList --force --compile-time-extraction --deployment-aware-processing --validate-assistant-intents --no-app-shortcuts-localization
2026-06-05 21:03:37.778 appintentsmetadataprocessor[29021:29997511] Starting appintentsmetadataprocessor export
2026-06-05 21:03:37.785 appintentsmetadataprocessor[29021:29997511] Extracted no relevant App Intents symbols, skipping writing output

RegisterExecutionPolicyException /Users/michielvh/code/one-b2c/ssm-connect/.build/DerivedData/Build/Products/Debug/InternalAWSCognitoIdentity.o (in target 'InternalAWSCognitoIdentity' from project 'aws-sdk-swift')
    cd /Users/michielvh/code/one-b2c/ssm-connect/.build/DerivedData/SourcePackages/checkouts/aws-sdk-swift
    builtin-RegisterExecutionPolicyException /Users/michielvh/code/one-b2c/ssm-connect/.build/DerivedData/Build/Products/Debug/InternalAWSCognitoIdentity.o

CustomTask Generating\ Swift\ source\ files\ from\ model\ file\ /Users/michielvh/code/one-b2c/ssm-connect/.build/DerivedData/SourcePackages/checkouts/aws-sdk-swift/codegen/sdk-codegen/aws-models/ssm.json 4e7e7822c74d8b1d1792515f855b4a2f (in target 'AWSSSM' from project 'aws-sdk-swift')
    cd /Users/michielvh/code/one-b2c/ssm-connect/.build/DerivedData/SourcePackages/checkouts/aws-sdk-swift
    export ACTION\=build
    export AD_HOC_CODE_SIGNING_ALLOWED\=YES
    export ALLOW_BUILD_REQUEST_OVERRIDES\=NO
    export ALLOW_TARGET_PLATFORM_SPECIALIZATION\=NO
    export ALTERNATE_GROUP\=staff
    export ALTERNATE_MODE\=u+w,go-w,a+rX
    export ALTERNATE_OWNER\=michielvh
    export ALTERNATIVE_DISTRIBUTION_WEB\=NO
    export ALWAYS_EMBED_SWIFT_STANDARD_LIBRARIES\=NO
    export ALWAYS_SEARCH_USER_PATHS\=YES
    export ALWAYS_USE_SEPARATE_HEADERMAPS\=NO
    export APPLICATION_EXTENSION_API_ONLY\=NO
    export APPLY_RULES_IN_COPY_FILES\=NO
    export APPLY_RULES_IN_COPY_HEADERS\=NO
    export APP_SHORTCUTS_ENABLE_FLEXIBLE_MATCHING\=YES
    export ARCHS\=arm64
    export ARCHS_BASE\=arm64
    export ARCHS_STANDARD\=arm64\ x86_64
    export ARCHS_STANDARD_32_64_BIT\=arm64\ x86_64\ i386
    export ARCHS_STANDARD_32_BIT\=i386
    export ARCHS_STANDARD_64_BIT\=arm64\ x86_64
    export ARCHS_STANDARD_INCLUDING_64_BIT\=arm64\ x86_64
    export AUTOMATICALLY_MERGE_DEPENDENCIES\=NO
    export AUTOMATION_APPLE_EVENTS\=NO
    export AVAILABLE_PLATFORMS\=android\ appletvos\ appletvsimulator\ driverkit\ freebsd\ iphoneos\ iphonesimulator\ linux\ macosx\ none\ openbsd\ qnx\ watchos\ watchsimulator\ webassembly\ xros\ xrsimulator
    export BUILD_ACTIVE_RESOURCES_ONLY\=NO
    export BUILD_COMPONENTS\=headers\ build
    export BUILD_DIR\=/Users/michielvh/code/one-b2c/ssm-connect/.build/DerivedData/Build/Products
    export BUILD_LIBRARY_FOR_DISTRIBUTION\=NO
    export BUILD_ONLY_KNOWN_LOCALIZATIONS\=NO
    export BUILD_ROOT\=/Users/michielvh/code/one-b2c/ssm-connect/.build/DerivedData/Build/Products
    export BUILD_STYLE\=
    export BUILD_VARIANTS\=normal
    export BUILT_PRODUCTS_DIR\=/Users/michielvh/code/one-b2c/ssm-connect/.build/DerivedData/Build/Products/Debug
    export BUNDLE_CONTENTS_FOLDER_PATH\=Contents/
    export BUNDLE_CONTENTS_FOLDER_PATH_deep\=Contents/
    export BUNDLE_EXECUTABLE_FOLDER_NAME_deep\=MacOS
    export BUNDLE_EXECUTABLE_FOLDER_PATH\=Contents/MacOS
    export BUNDLE_EXTENSIONS_FOLDER_PATH\=Contents/Extensions
    export BUNDLE_FORMAT\=deep
    export BUNDLE_FRAMEWORKS_FOLDER_PATH\=Contents/Frameworks
    export BUNDLE_PLUGINS_FOLDER_PATH\=Contents/PlugIns
    export BUNDLE_PRIVATE_HEADERS_FOLDER_PATH\=Contents/PrivateHeaders
    export BUNDLE_PUBLIC_HEADERS_FOLDER_PATH\=Contents/Headers
    export CACHE_ROOT\=/var/folders/sm/8hfqw9_97pgfmhlfs2t7k66c0000gn/C/com.apple.DeveloperTools/26.5-17F42/Xcode
    export CCHROOT\=/var/folders/sm/8hfqw9_97pgfmhlfs2t7k66c0000gn/C/com.apple.DeveloperTools/26.5-17F42/Xcode
    export CHMOD\=/bin/chmod
    export CHOWN\=chown
    export CLANG_CACHE_FINE_GRAINED_OUTPUTS\=YES
    export CLANG_COVERAGE_MAPPING_LINKER_ARGS\=NO
    export CLANG_ENABLE_EXPLICIT_MODULES\=YES
    export CLANG_ENABLE_MODULES\=YES
    export CLANG_ENABLE_OBJC_ARC\=YES
    export CLANG_MODULES_BUILD_SESSION_FILE\=/Users/michielvh/code/one-b2c/ssm-connect/.build/DerivedData/ModuleCache.noindex/Session.modulevalidation
    export CLASS_FILE_DIR\=/Users/michielvh/code/one-b2c/ssm-connect/.build/DerivedData/Build/Intermediates.noindex/aws-sdk-swift.build/Debug/AWSSSM.build/JavaClasses
    export CLEAN_PRECOMPS\=YES
    export CLONE_HEADERS\=NO
    export CODESIGNING_FOLDER_PATH\=/Users/michielvh/code/one-b2c/ssm-connect/.build/DerivedData/Build/Products/Debug/AWSSSM.o
    export CODE_SIGNING_ALLOWED\=NO
    export CODE_SIGNING_REQUIRED\=NO
    export CODE_SIGN_IDENTITY_NO\=Apple\ Development
    export CODE_SIGN_IDENTITY_YES\=-
    export CODE_SIGN_INJECT_BASE_ENTITLEMENTS\=YES
    export COLOR_DIAGNOSTICS\=NO
    export COMBINE_HIDPI_IMAGES\=NO
    export COMPILATION_CACHE_CAS_PATH\=/Users/michielvh/code/one-b2c/ssm-connect/.build/DerivedData/CompilationCache.noindex
    export COMPILATION_CACHE_KEEP_CAS_DIRECTORY\=YES
    export COMPILER_INDEX_STORE_ENABLE\=Default
    export COMPILER_WORKING_DIRECTORY\=/Users/michielvh/code/one-b2c/ssm-connect/SSMConnect.xcodeproj
    export COMPOSITE_SDK_DIRS\=/Users/michielvh/code/one-b2c/ssm-connect/.build/DerivedData/Build/Intermediates.noindex/CompositeSDKs
    export COMPRESS_PNG_FILES\=NO
    export CONFIGURATION\=Debug
    export CONFIGURATION_BUILD_DIR\=/Users/michielvh/code/one-b2c/ssm-connect/.build/DerivedData/Build/Products/Debug
    export CONFIGURATION_TEMP_DIR\=/Users/michielvh/code/one-b2c/ssm-connect/.build/DerivedData/Build/Intermediates.noindex/aws-sdk-swift.build/Debug
    export COPYING_PRESERVES_HFS_DATA\=NO
    export COPY_HEADERS_RUN_UNIFDEF\=NO
    export COPY_PHASE_STRIP\=NO
    export CP\=/bin/cp
    export CREATE_INFOPLIST_SECTION_IN_BINARY\=NO
    export CURRENT_ARCH\=undefined_arch
    export CURRENT_VARIANT\=normal
    export DEAD_CODE_STRIPPING\=NO
    export DEBUGGING_SYMBOLS\=YES
    export DEBUG_INFORMATION_FORMAT\=dwarf
    export DEBUG_INFORMATION_VERSION\=compiler-default
    export DEFAULT_COMPILER\=com.apple.compilers.llvm.clang.1_0
    export DEFAULT_DEXT_INSTALL_PATH\=/System/Library/DriverExtensions
    export DEFAULT_KEXT_INSTALL_PATH\=/System/Library/Extensions
    export DEFINES_MODULE\=YES
    export DEPLOYMENT_LOCATION\=NO
    export DEPLOYMENT_POSTPROCESSING\=NO
    export DEPLOYMENT_TARGET_SETTING_NAME\=MACOSX_DEPLOYMENT_TARGET
    export DEPLOYMENT_TARGET_SUGGESTED_VALUES\=10.13\ 10.14\ 10.15\ 11.0\ 11.1\ 11.2\ 11.3\ 11.4\ 11.5\ 12.0\ 12.2\ 12.3\ 12.4\ 13.0\ 13.1\ 13.2\ 13.3\ 13.4\ 13.5\ 14.0\ 14.1\ 14.2\ 14.3\ 14.4\ 14.5\ 14.6\ 15.0\ 15.1\ 15.2\ 15.3\ 15.4\ 15.5\ 15.6\ 26.0\ 26.1\ 26.2\ 26.3\ 26.4\ 26.5
    export DERIVED_FILES_DIR\=/Users/michielvh/code/one-b2c/ssm-connect/.build/DerivedData/Build/Intermediates.noindex/aws-sdk-swift.build/Debug/AWSSSM.build/DerivedSources
    export DERIVED_FILE_DIR\=/Users/michielvh/code/one-b2c/ssm-connect/.build/DerivedData/Build/Intermediates.noindex/aws-sdk-swift.build/Debug/AWSSSM.build/DerivedSources
    export DERIVED_SOURCES_DIR\=/Users/michielvh/code/one-b2c/ssm-connect/.build/DerivedData/Build/Intermediates.noindex/aws-sdk-swift.build/Debug/AWSSSM.build/DerivedSources
    export DEVELOPER_APPLICATIONS_DIR\=/Applications/Xcode.app/Contents/Developer/Applications
    export DEVELOPER_BIN_DIR\=/Applications/Xcode.app/Contents/Developer/usr/bin
    export DEVELOPER_DIR\=/Applications/Xcode.app/Contents/Developer
    export DEVELOPER_FRAMEWORKS_DIR\=/Applications/Xcode.app/Contents/Developer/Library/Frameworks
    export DEVELOPER_FRAMEWORKS_DIR_QUOTED\=/Applications/Xcode.app/Contents/Developer/Library/Frameworks
    export DEVELOPER_LIBRARY_DIR\=/Applications/Xcode.app/Contents/Developer/Library
    export DEVELOPER_SDK_DIR\=/Applications/Xcode.app/Contents/Developer/Platforms/MacOSX.platform/Developer/SDKs
    export DEVELOPER_TOOLS_DIR\=/Applications/Xcode.app/Contents/Developer/Tools
    export DEVELOPER_USR_DIR\=/Applications/Xcode.app/Contents/Developer/usr
    export DEVELOPMENT_LANGUAGE\=en
    export DIAGNOSE_MISSING_TARGET_DEPENDENCIES\=YES
    export DIFF\=/usr/bin/diff
    export DONT_GENERATE_INFOPLIST_FILE\=NO
    export DSTROOT\=/tmp/aws-sdk-swift.dst
    export DT_TOOLCHAIN_DIR\=/Applications/Xcode.app/Contents/Developer/Toolchains/XcodeDefault.xctoolchain
    export DUMP_DEPENDENCIES\=NO
    export DUMP_DEPENDENCIES_OUTPUT_PATH\=/Users/michielvh/code/one-b2c/ssm-connect/.build/DerivedData/Build/Intermediates.noindex/aws-sdk-swift.build/Debug/AWSSSM.build/AWSSSM-BuildDependencyInfo.json
    export DWARF_DSYM_FILE_NAME\=AWSSSM.o.dSYM
    export DWARF_DSYM_FILE_SHOULD_ACCOMPANY_PRODUCT\=NO
    export DWARF_DSYM_FOLDER_PATH\=/Users/michielvh/code/one-b2c/ssm-connect/.build/DerivedData/Build/Products/Debug
    export DYLIB_INSTALL_NAME_BASE\=@rpath
    export DYNAMIC_LIBRARY_EXTENSION\=dylib
    export EAGER_COMPILATION_ALLOW_SCRIPTS\=NO
    export EAGER_LINKING\=NO
    export EFFECTIVE_SWIFT_VERSION\=5
    export EMBEDDED_CONTENT_CONTAINS_SWIFT\=NO
    export EMBEDDED_PROFILE_NAME\=embedded.provisionprofile
    export EMBED_ASSET_PACKS_IN_PRODUCT_BUNDLE\=NO
    export EMBED_PACKAGE_RESOURCE_BUNDLE_NAMES\=\ aws-sdk-swift_AWSClientRuntime\ smithy-swift_ClientRuntime\ aws-crt-swift_AwsCommonRuntimeKit
    export ENABLE_APP_SANDBOX\=NO
    export ENABLE_CODE_COVERAGE\=YES
    export ENABLE_COHORT_ARCHS\=NO
    export ENABLE_CPLUSPLUS_BOUNDS_SAFE_BUFFERS\=NO
    export ENABLE_C_BOUNDS_SAFETY\=NO
    export ENABLE_DEFAULT_HEADER_SEARCH_PATHS\=YES
    export ENABLE_DEFAULT_SEARCH_PATHS\=YES
    export ENABLE_ENHANCED_SECURITY\=NO
    export ENABLE_HARDENED_RUNTIME\=NO
    export ENABLE_HEADER_DEPENDENCIES\=YES
    export ENABLE_INCOMING_NETWORK_CONNECTIONS\=NO
    export ENABLE_NS_ASSERTIONS\=YES
    export ENABLE_ON_DEMAND_RESOURCES\=NO
    export ENABLE_OUTGOING_NETWORK_CONNECTIONS\=NO
    export ENABLE_POINTER_AUTHENTICATION\=NO
    export ENABLE_PREVIEWS\=NO
    export ENABLE_RESOURCE_ACCESS_AUDIO_INPUT\=NO
    export ENABLE_RESOURCE_ACCESS_BLUETOOTH\=NO
    export ENABLE_RESOURCE_ACCESS_CALENDARS\=NO
    export ENABLE_RESOURCE_ACCESS_CAMERA\=NO
    export ENABLE_RESOURCE_ACCESS_CONTACTS\=NO
    export ENABLE_RESOURCE_ACCESS_LOCATION\=NO
    export ENABLE_RESOURCE_ACCESS_PHOTO_LIBRARY\=NO
    export ENABLE_RESOURCE_ACCESS_PRINTING\=NO
    export ENABLE_RESOURCE_ACCESS_USB\=NO
    export ENABLE_SDK_IMPORTS\=NO
    export ENABLE_SECURITY_COMPILER_WARNINGS\=NO
    export ENABLE_TESTABILITY\=YES
    export ENABLE_TESTING_SEARCH_PATHS\=YES
    export ENABLE_USER_SCRIPT_SANDBOXING\=NO
    export ENABLE_XOJIT_PREVIEWS\=YES
    export ENFORCE_VALID_ARCHS\=YES
    export ENTITLEMENTS_DESTINATION\=Signature
    export ENTITLEMENTS_REQUIRED\=NO
    export EXCLUDED_INSTALLSRC_SUBDIRECTORY_PATTERNS\=.DS_Store\ .svn\ .git\ .hg\ CVS
    export EXCLUDED_RECURSIVE_SEARCH_PATH_SUBDIRECTORIES\=\*.nib\ \*.lproj\ \*.framework\ \*.gch\ \*.xcode\*\ \*.xcassets\ \*.icon\ \(\*\)\ .DS_Store\ CVS\ .svn\ .git\ .hg\ \*.pbproj\ \*.pbxproj
    export EXECUTABLE_EXTENSION\=o
    export EXECUTABLE_NAME\=AWSSSM.o
    export EXECUTABLE_PATH\=AWSSSM.o
    export EXECUTABLE_SUFFIX\=.o
    export FILE_LIST\=/Users/michielvh/code/one-b2c/ssm-connect/.build/DerivedData/Build/Intermediates.noindex/aws-sdk-swift.build/Debug/AWSSSM.build/Objects/LinkFileList
    export FIXED_FILES_DIR\=/Users/michielvh/code/one-b2c/ssm-connect/.build/DerivedData/Build/Intermediates.noindex/aws-sdk-swift.build/Debug/AWSSSM.build/FixedFiles
    export FRAMEWORK_FLAG_PREFIX\=-framework
    export FRAMEWORK_SEARCH_PATHS\=/Users/michielvh/code/one-b2c/ssm-connect/.build/DerivedData/Build/Products/Debug/PackageFrameworks\ /Users/michielvh/code/one-b2c/ssm-connect/.build/DerivedData/Build/Products/Debug/PackageFrameworks\ /Users/michielvh/code/one-b2c/ssm-connect/.build/DerivedData/Build/Products/Debug/PackageFrameworks\ /Users/michielvh/code/one-b2c/ssm-connect/.build/DerivedData/Build/Products/Debug/PackageFrameworks\ /Users/michielvh/code/one-b2c/ssm-connect/.build/DerivedData/Build/Products/Debug/PackageFrameworks\ /Users/michielvh/code/one-b2c/ssm-connect/.build/DerivedData/Build/Products/Debug/PackageFrameworks\ /Users/michielvh/code/one-b2c/ssm-connect/.build/DerivedData/Build/Products/Debug/PackageFrameworks\ /Users/michielvh/code/one-b2c/ssm-connect/.build/DerivedData/Build/Products/Debug/PackageFrameworks\ /Users/michielvh/code/one-b2c/ssm-connect/.build/DerivedData/Build/Products/Debug/PackageFrameworks\ /Users/michielvh/code/one-b2c/ssm-connect/.build/DerivedData/Build/Products/Debug/PackageFrameworks\ /Users/michielvh/code/one-b2c/ssm-connect/.build/DerivedData/Build/Products/Debug/PackageFrameworks\ /Users/michielvh/code/one-b2c/ssm-connect/.build/DerivedData/Build/Products/Debug/PackageFrameworks\ /Users/michielvh/code/one-b2c/ssm-connect/.build/DerivedData/Build/Products/Debug/PackageFrameworks\ /Users/michielvh/code/one-b2c/ssm-connect/.build/DerivedData/Build/Products/Debug/PackageFrameworks\ /Users/michielvh/code/one-b2c/ssm-connect/.build/DerivedData/Build/Products/Debug/PackageFrameworks\ /Users/michielvh/code/one-b2c/ssm-connect/.build/DerivedData/Build/Products/Debug/PackageFrameworks\ /Users/michielvh/code/one-b2c/ssm-connect/.build/DerivedData/Build/Products/Debug/PackageFrameworks\ /Users/michielvh/code/one-b2c/ssm-connect/.build/DerivedData/Build/Products/Debug/PackageFrameworks\ /Users/michielvh/code/one-b2c/ssm-connect/.build/DerivedData/Build/Products/Debug/PackageFrameworks\ /Users/michielvh/code/one-b2c/ssm-connect/.build/DerivedData/Build/Products/Debug/PackageFrameworks\ /Users/michielvh/code/one-b2c/ssm-connect/.build/DerivedData/Build/Products/Debug/PackageFrameworks\ /Users/michielvh/code/one-b2c/ssm-connect/.build/DerivedData/Build/Products/Debug/PackageFrameworks\ /Users/michielvh/code/one-b2c/ssm-connect/.build/DerivedData/Build/Products/Debug/PackageFrameworks\ /Users/michielvh/code/one-b2c/ssm-connect/.build/DerivedData/Build/Products/Debug/PackageFrameworks\ /Users/michielvh/code/one-b2c/ssm-connect/.build/DerivedData/Build/Products/Debug/PackageFrameworks\ /Users/michielvh/code/one-b2c/ssm-connect/.build/DerivedData/Build/Products/Debug/PackageFrameworks\ /Users/michielvh/code/one-b2c/ssm-connect/.build/DerivedData/Build/Products/Debug/PackageFrameworks\ /Users/michielvh/code/one-b2c/ssm-connect/.build/DerivedData/Build/Products/Debug/PackageFrameworks\ /Users/michielvh/code/one-b2c/ssm-connect/.build/DerivedData/Build/Products/Debug/PackageFrameworks\ /Users/michielvh/code/one-b2c/ssm-connect/.build/DerivedData/Build/Products/Debug/PackageFrameworks\ /Users/michielvh/code/one-b2c/ssm-connect/.build/DerivedData/Build/Products/Debug/PackageFrameworks\ /Users/michielvh/code/one-b2c/ssm-connect/.build/DerivedData/Build/Products/Debug/PackageFrameworks\ /Users/michielvh/code/one-b2c/ssm-connect/.build/DerivedData/Build/Products/Debug/PackageFrameworks\ /Users/michielvh/code/one-b2c/ssm-connect/.build/DerivedData/Build/Products/Debug/PackageFrameworks\ /Users/michielvh/code/one-b2c/ssm-connect/.build/DerivedData/Build/Products/Debug/PackageFrameworks\ /Users/michielvh/code/one-b2c/ssm-connect/.build/DerivedData/Build/Products/Debug/PackageFrameworks\ /Users/michielvh/code/one-b2c/ssm-connect/.build/DerivedData/Build/Products/Debug/PackageFrameworks\ /Users/michielvh/code/one-b2c/ssm-connect/.build/DerivedData/Build/Products/Debug/PackageFrameworks\ /Users/michielvh/code/one-b2c/ssm-connect/.build/DerivedData/Build/Products/Debug/PackageFrameworks\ /Users/michielvh/code/one-b2c/ssm-connect/.build/DerivedData/Build/Products/Debug/PackageFrameworks\ /Users/michielvh/code/one-b2c/ssm-connect/.build/DerivedData/Build/Products/Debug/PackageFrameworks\ /Users/michielvh/code/one-b2c/ssm-connect/.build/DerivedData/Build/Products/Debug/PackageFrameworks\ /Users/michielvh/code/one-b2c/ssm-connect/.build/DerivedData/Build/Products/Debug/PackageFrameworks\ /Users/michielvh/code/one-b2c/ssm-connect/.build/DerivedData/Build/Products/Debug/PackageFrameworks\ /Users/michielvh/code/one-b2c/ssm-connect/.build/DerivedData/Build/Products/Debug/PackageFrameworks\ /Users/michielvh/code/one-b2c/ssm-connect/.build/DerivedData/Build/Products/Debug/PackageFrameworks\ /Users/michielvh/code/one-b2c/ssm-connect/.build/DerivedData/Build/Products/Debug/PackageFrameworks\ /Users/michielvh/code/one-b2c/ssm-connect/.build/DerivedData/Build/Products/Debug/PackageFrameworks\ /Users/michielvh/code/one-b2c/ssm-connect/.build/DerivedData/Build/Products/Debug/PackageFrameworks\ /Users/michielvh/code/one-b2c/ssm-connect/.build/DerivedData/Build/Products/Debug/PackageFrameworks\ /Users/michielvh/code/one-b2c/ssm-connect/.build/DerivedData/Build/Products/Debug/PackageFrameworks\ /Users/michielvh/code/one-b2c/ssm-connect/.build/DerivedData/Build/Products/Debug/PackageFrameworks\ /Users/michielvh/code/one-b2c/ssm-connect/.build/DerivedData/Build/Products/Debug\ 
    export FRAMEWORK_VERSION\=A
    export FULL_PRODUCT_NAME\=AWSSSM.o
    export FUSE_BUILD_PHASES\=YES
    export FUSE_BUILD_SCRIPT_PHASES\=NO
    export GCC3_VERSION\=3.3
    export GCC_INLINES_ARE_PRIVATE_EXTERN\=YES
    export GCC_OPTIMIZATION_LEVEL\=0
    export GCC_PFE_FILE_C_DIALECTS\=c\ objective-c\ c++\ objective-c++
    export GCC_PREPROCESSOR_DEFINITIONS\=\ SWIFT_PACKAGE\ DEBUG\=1
    export GCC_TREAT_WARNINGS_AS_ERRORS\=NO
    export GCC_VERSION\=com.apple.compilers.llvm.clang.1_0
    export GCC_VERSION_IDENTIFIER\=com_apple_compilers_llvm_clang_1_0
    export GCC_WARN_64_TO_32_BIT_CONVERSION\=NO
    export GENERATED_MODULEMAP_DIR\=/Users/michielvh/code/one-b2c/ssm-connect/.build/DerivedData/Build/Intermediates.noindex/GeneratedModuleMaps
    export GENERATE_INFOPLIST_FILE\=NO
    export GENERATE_INTERMEDIATE_TEXT_BASED_STUBS\=YES
    export GENERATE_MASTER_OBJECT_FILE\=NO
    export GENERATE_PKGINFO_FILE\=NO
    export GENERATE_PRELINK_OBJECT_FILE\=NO
    export GENERATE_PROFILING_CODE\=NO
    export GENERATE_TEXT_BASED_STUBS\=NO
    export GID\=20
    export GROUP\=staff
    export HEADERMAP_INCLUDES_FLAT_ENTRIES_FOR_TARGET_BEING_BUILT\=YES
    export HEADERMAP_INCLUDES_FRAMEWORK_ENTRIES_FOR_ALL_PRODUCT_TYPES\=YES
    export HEADERMAP_INCLUDES_FRAMEWORK_ENTRIES_FOR_TARGETS_NOT_BEING_BUILT\=YES
    export HEADERMAP_INCLUDES_NONPUBLIC_NONPRIVATE_HEADERS\=YES
    export HEADERMAP_INCLUDES_PROJECT_HEADERS\=YES
    export HEADERMAP_USES_FRAMEWORK_PREFIX_ENTRIES\=YES
    export HEADERMAP_USES_VFS\=YES
    export HEADER_SEARCH_PATHS\=/Users/michielvh/code/one-b2c/ssm-connect/.build/DerivedData/SourcePackages/checkouts/aws-crt-swift/aws-common-runtime/aws-c-mqtt/include\ /Users/michielvh/code/one-b2c/ssm-connect/.build/DerivedData/SourcePackages/checkouts/aws-crt-swift/aws-common-runtime/aws-c-event-stream/include\ /Users/michielvh/code/one-b2c/ssm-connect/.build/DerivedData/SourcePackages/checkouts/aws-crt-swift/aws-common-runtime/aws-checksums/include\ /Users/michielvh/code/one-b2c/ssm-connect/.build/DerivedData/SourcePackages/checkouts/aws-crt-swift/aws-common-runtime/aws-c-auth/include\ /Users/michielvh/code/one-b2c/ssm-connect/.build/DerivedData/SourcePackages/checkouts/aws-crt-swift/aws-common-runtime/aws-c-sdkutils/include\ /Users/michielvh/code/one-b2c/ssm-connect/.build/DerivedData/SourcePackages/checkouts/aws-crt-swift/aws-common-runtime/aws-c-http/include\ /Users/michielvh/code/one-b2c/ssm-connect/.build/DerivedData/SourcePackages/checkouts/aws-crt-swift/aws-common-runtime/aws-c-io/include\ /Users/michielvh/code/one-b2c/ssm-connect/.build/DerivedData/SourcePackages/checkouts/aws-crt-swift/aws-common-runtime/aws-c-cal/include\ /Users/michielvh/code/one-b2c/ssm-connect/.build/DerivedData/SourcePackages/checkouts/aws-crt-swift/aws-common-runtime/aws-c-compression/include\ /Users/michielvh/code/one-b2c/ssm-connect/.build/DerivedData/SourcePackages/checkouts/aws-crt-swift/aws-common-runtime/aws-c-common/include\ /Users/michielvh/code/one-b2c/ssm-connect/.build/DerivedData/SourcePackages/checkouts/aws-crt-swift/aws-common-runtime/config/.\ /Users/michielvh/code/one-b2c/ssm-connect/.build/DerivedData/Build/Products/Debug/include\ 
    export HOME\=/Users/michielvh
    export HOST_ARCH\=arm64
    export HOST_PLATFORM\=macosx
    export ICONV\=/usr/bin/iconv
    export IMPLICIT_DEPENDENCY_DOMAIN\=default
    export INDEX_STORE_COMPRESS\=NO
    export INDEX_STORE_ONLY_PROJECT_FILES\=NO
    export INFOPLIST_ENABLE_CFBUNDLEICONS_MERGE\=YES
    export INFOPLIST_EXPAND_BUILD_SETTINGS\=YES
    export INFOPLIST_OUTPUT_FORMAT\=same-as-input
    export INFOPLIST_PREPROCESS\=NO
    export INLINE_PRIVATE_FRAMEWORKS\=NO
    export INSTALLAPI_IGNORE_SKIP_INSTALL\=YES
    export INSTALLHDRS_COPY_PHASE\=NO
    export INSTALLHDRS_SCRIPT_PHASE\=NO
    export INSTALL_DIR\=/tmp/aws-sdk-swift.dst/Users/michielvh/Objects
    export INSTALL_GROUP\=staff
    export INSTALL_MODE_FLAG\=u+w,go-w,a+rX
    export INSTALL_OWNER\=michielvh
    export INSTALL_PATH\=/Users/michielvh/Objects
    export INSTALL_ROOT\=/tmp/aws-sdk-swift.dst
    export IOS_UNZIPPERED_TWIN_PREFIX_PATH\=/System/iOSSupport
    export IS_MACCATALYST\=NO
    export IS_UNOPTIMIZED_BUILD\=YES
    export JAVAC_DEFAULT_FLAGS\=-J-Xms64m\ -J-XX:NewSize\=4M\ -J-Dfile.encoding\=UTF8
    export JAVA_APP_STUB\=/System/Library/Frameworks/JavaVM.framework/Resources/MacOS/JavaApplicationStub
    export JAVA_ARCHIVE_CLASSES\=YES
    export JAVA_ARCHIVE_TYPE\=JAR
    export JAVA_COMPILER\=/usr/bin/javac
    export JAVA_FRAMEWORK_RESOURCES_DIRS\=Resources
    export JAVA_JAR_FLAGS\=cv
    export JAVA_SOURCE_SUBDIR\=.
    export JAVA_USE_DEPENDENCIES\=YES
    export JAVA_ZIP_FLAGS\=-urg
    export JIKES_DEFAULT_FLAGS\=+E\ +OLDCSO
    export KASAN_CFLAGS_CLASSIC\=-DKASAN\=1\ -DKASAN_CLASSIC\=1\ -fsanitize\=address\ -mllvm\ -asan-globals-live-support\ -mllvm\ -asan-force-dynamic-shadow
    export KASAN_CFLAGS_TBI\=-DKASAN\=1\ -DKASAN_TBI\=1\ -fsanitize\=kernel-hwaddress\ -mllvm\ -hwasan-recover\=0\ -mllvm\ -hwasan-instrument-atomics\=0\ -mllvm\ -hwasan-instrument-stack\=1\ -mllvm\ -hwasan-generate-tags-with-calls\=1\ -mllvm\ -hwasan-instrument-with-calls\=1\ -mllvm\ -hwasan-use-short-granules\=0\ -mllvm\ -hwasan-memory-access-callback-prefix\=__asan_
    export KASAN_DEFAULT_CFLAGS\=-DKASAN\=1\ -DKASAN_CLASSIC\=1\ -fsanitize\=address\ -mllvm\ -asan-globals-live-support\ -mllvm\ -asan-force-dynamic-shadow
    export KEEP_PRIVATE_EXTERNS\=NO
    export LD_DEPENDENCY_INFO_FILE\=/Users/michielvh/code/one-b2c/ssm-connect/.build/DerivedData/Build/Intermediates.noindex/aws-sdk-swift.build/Debug/AWSSSM.build/Objects-normal/undefined_arch/AWSSSM_dependency_info.dat
    export LD_EXPORT_SYMBOLS\=YES
    export LD_GENERATE_MAP_FILE\=NO
    export LD_MAP_FILE_PATH\=/Users/michielvh/code/one-b2c/ssm-connect/.build/DerivedData/Build/Intermediates.noindex/aws-sdk-swift.build/Debug/AWSSSM.build/AWSSSM-LinkMap-normal-undefined_arch.txt
    export LD_NO_PIE\=NO
    export LD_QUOTE_LINKER_ARGUMENTS_FOR_COMPILER_DRIVER\=YES
    export LD_RUNPATH_SEARCH_PATHS\=/Users/michielvh/code/one-b2c/ssm-connect/.build/DerivedData/Build/Products/Debug/PackageFrameworks\ /Users/michielvh/code/one-b2c/ssm-connect/.build/DerivedData/Build/Products/Debug/PackageFrameworks\ /Users/michielvh/code/one-b2c/ssm-connect/.build/DerivedData/Build/Products/Debug/PackageFrameworks\ /Users/michielvh/code/one-b2c/ssm-connect/.build/DerivedData/Build/Products/Debug/PackageFrameworks\ /Users/michielvh/code/one-b2c/ssm-connect/.build/DerivedData/Build/Products/Debug/PackageFrameworks\ /Users/michielvh/code/one-b2c/ssm-connect/.build/DerivedData/Build/Products/Debug/PackageFrameworks\ /Users/michielvh/code/one-b2c/ssm-connect/.build/DerivedData/Build/Products/Debug/PackageFrameworks\ /Users/michielvh/code/one-b2c/ssm-connect/.build/DerivedData/Build/Products/Debug/PackageFrameworks\ /Users/michielvh/code/one-b2c/ssm-connect/.build/DerivedData/Build/Products/Debug/PackageFrameworks\ /Users/michielvh/code/one-b2c/ssm-connect/.build/DerivedData/Build/Products/Debug/PackageFrameworks\ /Users/michielvh/code/one-b2c/ssm-connect/.build/DerivedData/Build/Products/Debug/PackageFrameworks\ /Users/michielvh/code/one-b2c/ssm-connect/.build/DerivedData/Build/Products/Debug/PackageFrameworks\ /Users/michielvh/code/one-b2c/ssm-connect/.build/DerivedData/Build/Products/Debug/PackageFrameworks\ /Users/michielvh/code/one-b2c/ssm-connect/.build/DerivedData/Build/Products/Debug/PackageFrameworks\ /Users/michielvh/code/one-b2c/ssm-connect/.build/DerivedData/Build/Products/Debug/PackageFrameworks\ /Users/michielvh/code/one-b2c/ssm-connect/.build/DerivedData/Build/Products/Debug/PackageFrameworks\ /Users/michielvh/code/one-b2c/ssm-connect/.build/DerivedData/Build/Products/Debug/PackageFrameworks\ /Users/michielvh/code/one-b2c/ssm-connect/.build/DerivedData/Build/Products/Debug/PackageFrameworks\ /Users/michielvh/code/one-b2c/ssm-connect/.build/DerivedData/Build/Products/Debug/PackageFrameworks\ /Users/michielvh/code/one-b2c/ssm-connect/.build/DerivedData/Build/Products/Debug/PackageFrameworks\ /Users/michielvh/code/one-b2c/ssm-connect/.build/DerivedData/Build/Products/Debug/PackageFrameworks\ /Users/michielvh/code/one-b2c/ssm-connect/.build/DerivedData/Build/Products/Debug/PackageFrameworks\ /Users/michielvh/code/one-b2c/ssm-connect/.build/DerivedData/Build/Products/Debug/PackageFrameworks\ /Users/michielvh/code/one-b2c/ssm-connect/.build/DerivedData/Build/Products/Debug/PackageFrameworks\ /Users/michielvh/code/one-b2c/ssm-connect/.build/DerivedData/Build/Products/Debug/PackageFrameworks\ /Users/michielvh/code/one-b2c/ssm-connect/.build/DerivedData/Build/Products/Debug/PackageFrameworks\ /Users/michielvh/code/one-b2c/ssm-connect/.build/DerivedData/Build/Products/Debug/PackageFrameworks\ /Users/michielvh/code/one-b2c/ssm-connect/.build/DerivedData/Build/Products/Debug/PackageFrameworks\ /Users/michielvh/code/one-b2c/ssm-connect/.build/DerivedData/Build/Products/Debug/PackageFrameworks\ /Users/michielvh/code/one-b2c/ssm-connect/.build/DerivedData/Build/Products/Debug/PackageFrameworks\ /Users/michielvh/code/one-b2c/ssm-connect/.build/DerivedData/Build/Products/Debug/PackageFrameworks\ /Users/michielvh/code/one-b2c/ssm-connect/.build/DerivedData/Build/Products/Debug/PackageFrameworks\ /Users/michielvh/code/one-b2c/ssm-connect/.build/DerivedData/Build/Products/Debug/PackageFrameworks\ /Users/michielvh/code/one-b2c/ssm-connect/.build/DerivedData/Build/Products/Debug/PackageFrameworks\ /Users/michielvh/code/one-b2c/ssm-connect/.build/DerivedData/Build/Products/Debug/PackageFrameworks\ /Users/michielvh/code/one-b2c/ssm-connect/.build/DerivedData/Build/Products/Debug/PackageFrameworks\ /Users/michielvh/code/one-b2c/ssm-connect/.build/DerivedData/Build/Products/Debug/PackageFrameworks\ /Users/michielvh/code/one-b2c/ssm-connect/.build/DerivedData/Build/Products/Debug/PackageFrameworks\ /Users/michielvh/code/one-b2c/ssm-connect/.build/DerivedData/Build/Products/Debug/PackageFrameworks\ /Users/michielvh/code/one-b2c/ssm-connect/.build/DerivedData/Build/Products/Debug/PackageFrameworks\ /Users/michielvh/code/one-b2c/ssm-connect/.build/DerivedData/Build/Products/Debug/PackageFrameworks\ /Users/michielvh/code/one-b2c/ssm-connect/.build/DerivedData/Build/Products/Debug/PackageFrameworks\ /Users/michielvh/code/one-b2c/ssm-connect/.build/DerivedData/Build/Products/Debug/PackageFrameworks\ /Users/michielvh/code/one-b2c/ssm-connect/.build/DerivedData/Build/Products/Debug/PackageFrameworks\ /Users/michielvh/code/one-b2c/ssm-connect/.build/DerivedData/Build/Products/Debug/PackageFrameworks\ /Users/michielvh/code/one-b2c/ssm-connect/.build/DerivedData/Build/Products/Debug/PackageFrameworks\ /Users/michielvh/code/one-b2c/ssm-connect/.build/DerivedData/Build/Products/Debug/PackageFrameworks\ /Users/michielvh/code/one-b2c/ssm-connect/.build/DerivedData/Build/Products/Debug/PackageFrameworks\ /Users/michielvh/code/one-b2c/ssm-connect/.build/DerivedData/Build/Products/Debug/PackageFrameworks\ /Users/michielvh/code/one-b2c/ssm-connect/.build/DerivedData/Build/Products/Debug/PackageFrameworks\ /Users/michielvh/code/one-b2c/ssm-connect/.build/DerivedData/Build/Products/Debug/PackageFrameworks\ /Users/michielvh/code/one-b2c/ssm-connect/.build/DerivedData/Build/Products/Debug/PackageFrameworks\ 
    export LD_SHARED_CACHE_ELIGIBLE\=Automatic
    export LD_WARN_DUPLICATE_LIBRARIES\=NO
    export LD_WARN_UNUSED_DYLIBS\=NO
    export LEGACY_DEVELOPER_DIR\=/Applications/Xcode.app/Contents/PlugIns/Xcode3Core.ideplugin/Contents/SharedSupport/Developer
    export LEX\=lex
    export LIBRARY_DEXT_INSTALL_PATH\=/Library/DriverExtensions
    export LIBRARY_FLAG_NOSPACE\=YES
    export LIBRARY_FLAG_PREFIX\=-l
    export LIBRARY_KEXT_INSTALL_PATH\=/Library/Extensions
    export LIBRARY_SEARCH_PATHS\=/Users/michielvh/code/one-b2c/ssm-connect/.build/DerivedData/Build/Products/Debug\ \ \ /Applications/Xcode.app/Contents/Developer/Platforms/MacOSX.platform/Developer/usr/lib
    export LINKER_DISPLAYS_MANGLED_NAMES\=NO
    export LINK_FILE_LIST_normal_arm64\=/Users/michielvh/code/one-b2c/ssm-connect/.build/DerivedData/Build/Intermediates.noindex/aws-sdk-swift.build/Debug/AWSSSM.build/Objects-normal/arm64/AWSSSM.LinkFileList
    export LINK_OBJC_RUNTIME\=YES
    export LINK_WITH_STANDARD_LIBRARIES\=NO
    export LLVM_TARGET_TRIPLE_OS_VERSION\=macos12.0
    export LLVM_TARGET_TRIPLE_OS_VERSION_NO\=macos12.0
    export LLVM_TARGET_TRIPLE_OS_VERSION_YES\=macos26.5
    export LLVM_TARGET_TRIPLE_VENDOR\=apple
    export LM_AUX_CONST_METADATA_LIST_PATH_normal_arm64\=/Users/michielvh/code/one-b2c/ssm-connect/.build/DerivedData/Build/Intermediates.noindex/aws-sdk-swift.build/Debug/AWSSSM.build/Objects-normal/arm64/AWSSSM.SwiftConstValuesFileList
    export LOCALIZATION_EXPORT_SUPPORTED\=YES
    export LOCALIZATION_PREFERS_STRING_CATALOGS\=NO
    export LOCALIZED_STRING_CODE_COMMENTS\=NO
    export LOCALIZED_STRING_MACRO_NAMES\=NSLocalizedString\ CFCopyLocalizedString
    export LOCALIZED_STRING_SWIFTUI_SUPPORT\=YES
    export LOCAL_ADMIN_APPS_DIR\=/Applications/Utilities
    export LOCAL_APPS_DIR\=/Applications
    export LOCAL_DEVELOPER_DIR\=/Library/Developer
    export LOCAL_LIBRARY_DIR\=/Library
    export LOCROOT\=/Users/michielvh/code/one-b2c/ssm-connect/.build/DerivedData/SourcePackages/checkouts/aws-sdk-swift
    export LOCSYMROOT\=/Users/michielvh/code/one-b2c/ssm-connect/.build/DerivedData/SourcePackages/checkouts/aws-sdk-swift
    export MACH_O_TYPE\=mh_object
    export MACOSX_DEPLOYMENT_TARGET\=12.0
    export MAC_OS_X_PRODUCT_BUILD_VERSION\=25E246
    export MAC_OS_X_VERSION_ACTUAL\=260400
    export MAC_OS_X_VERSION_MAJOR\=260000
    export MAC_OS_X_VERSION_MINOR\=260400
    export MAKE_MERGEABLE\=NO
    export MERGEABLE_LIBRARY\=NO
    export MERGED_BINARY_TYPE\=none
    export MERGE_LINKED_LIBRARIES\=NO
    export METAL_LIBRARY_FILE_BASE\=default
    export METAL_LIBRARY_OUTPUT_DIR\=/Users/michielvh/code/one-b2c/ssm-connect/.build/DerivedData/Build/Products/Debug/
    export MODULEMAP_FILE_CONTENTS\=module\ AWSSSM\ \{'
'header\ \"AWSSSM-Swift.h\"'
'export\ \*'
'\}
    export MODULEMAP_PATH\=/Users/michielvh/code/one-b2c/ssm-connect/.build/DerivedData/Build/Intermediates.noindex/GeneratedModuleMaps/AWSSSM.modulemap
    export MODULE_CACHE_DIR\=/Users/michielvh/code/one-b2c/ssm-connect/.build/DerivedData/ModuleCache.noindex
    export NATIVE_ARCH\=arm64
    export NATIVE_ARCH_32_BIT\=arm
    export NATIVE_ARCH_64_BIT\=arm64
    export NATIVE_ARCH_ACTUAL\=arm64
    export NO_COMMON\=YES
    export OBJECT_FILE_DIR\=/Users/michielvh/code/one-b2c/ssm-connect/.build/DerivedData/Build/Intermediates.noindex/aws-sdk-swift.build/Debug/AWSSSM.build/Objects
    export OBJECT_FILE_DIR_normal\=/Users/michielvh/code/one-b2c/ssm-connect/.build/DerivedData/Build/Intermediates.noindex/aws-sdk-swift.build/Debug/AWSSSM.build/Objects-normal
    export OBJROOT\=/Users/michielvh/code/one-b2c/ssm-connect/.build/DerivedData/Build/Intermediates.noindex
    export ONLY_ACTIVE_ARCH\=YES
    export OS\=MACOS
    export OSAC\=/usr/bin/osacompile
    export OTHER_CFLAGS\=-fmodule-map-file\=/Users/michielvh/code/one-b2c/ssm-connect/.build/DerivedData/SourcePackages/checkouts/aws-crt-swift/Source/LibNative/module.modulemap\ -fmodule-map-file\=/Users/michielvh/code/one-b2c/ssm-connect/.build/DerivedData/Build/Intermediates.noindex/GeneratedModuleMaps/AwsCMqtt.modulemap\ -fmodule-map-file\=/Users/michielvh/code/one-b2c/ssm-connect/.build/DerivedData/Build/Intermediates.noindex/GeneratedModuleMaps/AwsCEventStream.modulemap\ -fmodule-map-file\=/Users/michielvh/code/one-b2c/ssm-connect/.build/DerivedData/Build/Intermediates.noindex/GeneratedModuleMaps/AwsCChecksums.modulemap\ -fmodule-map-file\=/Users/michielvh/code/one-b2c/ssm-connect/.build/DerivedData/Build/Intermediates.noindex/GeneratedModuleMaps/AwsCAuth.modulemap\ -fmodule-map-file\=/Users/michielvh/code/one-b2c/ssm-connect/.build/DerivedData/Build/Intermediates.noindex/GeneratedModuleMaps/AwsCSdkUtils.modulemap\ -fmodule-map-file\=/Users/michielvh/code/one-b2c/ssm-connect/.build/DerivedData/Build/Intermediates.noindex/GeneratedModuleMaps/AwsCHttp.modulemap\ -fmodule-map-file\=/Users/michielvh/code/one-b2c/ssm-connect/.build/DerivedData/Build/Intermediates.noindex/GeneratedModuleMaps/AwsCIo.modulemap\ -fmodule-map-file\=/Users/michielvh/code/one-b2c/ssm-connect/.build/DerivedData/Build/Intermediates.noindex/GeneratedModuleMaps/AwsCCal.modulemap\ -fmodule-map-file\=/Users/michielvh/code/one-b2c/ssm-connect/.build/DerivedData/Build/Intermediates.noindex/GeneratedModuleMaps/AwsCCompression.modulemap\ -fmodule-map-file\=/Users/michielvh/code/one-b2c/ssm-connect/.build/DerivedData/Build/Intermediates.noindex/GeneratedModuleMaps/AwsCCommon.modulemap\ -fmodule-map-file\=/Users/michielvh/code/one-b2c/ssm-connect/.build/DerivedData/Build/Intermediates.noindex/GeneratedModuleMaps/AwsCommonRuntimeKit.modulemap\ -fmodule-map-file\=/Users/michielvh/code/one-b2c/ssm-connect/.build/DerivedData/Build/Intermediates.noindex/GeneratedModuleMaps/ClientRuntime.modulemap\ -fmodule-map-file\=/Users/michielvh/code/one-b2c/ssm-connect/.build/DerivedData/Build/Intermediates.noindex/GeneratedModuleMaps/SmithyCBOR.modulemap\ -fmodule-map-file\=/Users/michielvh/code/one-b2c/ssm-connect/.build/DerivedData/Build/Intermediates.noindex/GeneratedModuleMaps/SmithyChecksums.modulemap\ -fmodule-map-file\=/Users/michielvh/code/one-b2c/ssm-connect/.build/DerivedData/Build/Intermediates.noindex/GeneratedModuleMaps/SmithyEventStreams.modulemap\ -fmodule-map-file\=/Users/michielvh/code/one-b2c/ssm-connect/.build/DerivedData/Build/Intermediates.noindex/GeneratedModuleMaps/SmithyEventStreamsAuthAPI.modulemap\ -fmodule-map-file\=/Users/michielvh/code/one-b2c/ssm-connect/.build/DerivedData/Build/Intermediates.noindex/GeneratedModuleMaps/SmithyEventStreamsAPI.modulemap\ -fmodule-map-file\=/Users/michielvh/code/one-b2c/ssm-connect/.build/DerivedData/Build/Intermediates.noindex/GeneratedModuleMaps/SmithyHTTPAuth.modulemap\ -fmodule-map-file\=/Users/michielvh/code/one-b2c/ssm-connect/.build/DerivedData/Build/Intermediates.noindex/GeneratedModuleMaps/SmithyChecksumsAPI.modulemap\ -fmodule-map-file\=/Users/michielvh/code/one-b2c/ssm-connect/.build/DerivedData/Build/Intermediates.noindex/GeneratedModuleMaps/SmithyHTTPClient.modulemap\ -fmodule-map-file\=/Users/michielvh/code/one-b2c/ssm-connect/.build/DerivedData/Build/Intermediates.noindex/GeneratedModuleMaps/SmithyStreams.modulemap\ -fmodule-map-file\=/Users/michielvh/code/one-b2c/ssm-connect/.build/DerivedData/Build/Intermediates.noindex/GeneratedModuleMaps/SmithyIdentity.modulemap\ -fmodule-map-file\=/Users/michielvh/code/one-b2c/ssm-connect/.build/DerivedData/Build/Intermediates.noindex/GeneratedModuleMaps/SmithyRetries.modulemap\ -fmodule-map-file\=/Users/michielvh/code/one-b2c/ssm-connect/.build/DerivedData/Build/Intermediates.noindex/GeneratedModuleMaps/SmithyRetriesAPI.modulemap\ -fmodule-map-file\=/Users/michielvh/code/one-b2c/ssm-connect/.build/DerivedData/Build/Intermediates.noindex/GeneratedModuleMaps/SmithyHTTPClientAPI.modulemap\ -fmodule-map-file\=/Users/michielvh/code/one-b2c/ssm-connect/.build/DerivedData/Build/Intermediates.noindex/GeneratedModuleMaps/SmithyTelemetryAPI.modulemap\ -fmodule-map-file\=/Users/michielvh/code/one-b2c/ssm-connect/.build/DerivedData/Build/Intermediates.noindex/GeneratedModuleMaps/SmithyAWSJSON.modulemap\ -fmodule-map-file\=/Users/michielvh/code/one-b2c/ssm-connect/.build/DerivedData/Build/Intermediates.noindex/GeneratedModuleMaps/SmithyIdentityAPI.modulemap\ -fmodule-map-file\=/Users/michielvh/code/one-b2c/ssm-connect/.build/DerivedData/Build/Intermediates.noindex/GeneratedModuleMaps/SmithyHTTPAPI.modulemap\ -fmodule-map-file\=/Users/michielvh/code/one-b2c/ssm-connect/.build/DerivedData/Build/Intermediates.noindex/GeneratedModuleMaps/SmithyHTTPAuthAPI.modulemap\ -fmodule-map-file\=/Users/michielvh/code/one-b2c/ssm-connect/.build/DerivedData/Build/Intermediates.noindex/GeneratedModuleMaps/SmithyJSON.modulemap\ -fmodule-map-file\=/Users/michielvh/code/one-b2c/ssm-connect/.build/DerivedData/Build/Intermediates.noindex/GeneratedModuleMaps/SmithyFormURL.modulemap\ -fmodule-map-file\=/Users/michielvh/code/one-b2c/ssm-connect/.build/DerivedData/Build/Intermediates.noindex/GeneratedModuleMaps/Logging.modulemap\ -fmodule-map-file\=/Users/michielvh/code/one-b2c/ssm-connect/.build/DerivedData/Build/Intermediates.noindex/GeneratedModuleMaps/SmithyReadWrite.modulemap\ -fmodule-map-file\=/Users/michielvh/code/one-b2c/ssm-connect/.build/DerivedData/Build/Intermediates.noindex/GeneratedModuleMaps/SmithyTimestamps.modulemap\ -fmodule-map-file\=/Users/michielvh/code/one-b2c/ssm-connect/.build/DerivedData/Build/Intermediates.noindex/GeneratedModuleMaps/SmithySerialization.modulemap\ -fmodule-map-file\=/Users/michielvh/code/one-b2c/ssm-connect/.build/DerivedData/Build/Intermediates.noindex/GeneratedModuleMaps/Smithy.modulemap\ -fmodule-map-file\=/Users/michielvh/code/one-b2c/ssm-connect/.build/DerivedData/Build/Intermediates.noindex/GeneratedModuleMaps/SmithyXML.modulemap\ -fmodule-map-file\=/Users/michielvh/code/one-b2c/ssm-connect/.build/DerivedData/Build/Intermediates.noindex/GeneratedModuleMaps/SmithyWaitersAPI.modulemap\ -fmodule-map-file\=/Users/michielvh/code/one-b2c/ssm-connect/.build/DerivedData/Build/Intermediates.noindex/GeneratedModuleMaps/AWSSDKIdentity.modulemap\ -fmodule-map-file\=/Users/michielvh/code/one-b2c/ssm-connect/.build/DerivedData/Build/Intermediates.noindex/GeneratedModuleMaps/InternalAWSSignin.modulemap\ -fmodule-map-file\=/Users/michielvh/code/one-b2c/ssm-connect/.build/DerivedData/Build/Intermediates.noindex/GeneratedModuleMaps/InternalAWSSTS.modulemap\ -fmodule-map-file\=/Users/michielvh/code/one-b2c/ssm-connect/.build/DerivedData/Build/Intermediates.noindex/GeneratedModuleMaps/InternalAWSSSOOIDC.modulemap\ -fmodule-map-file\=/Users/michielvh/code/one-b2c/ssm-connect/.build/DerivedData/Build/Intermediates.noindex/GeneratedModuleMaps/InternalAWSSSO.modulemap\ -fmodule-map-file\=/Users/michielvh/code/one-b2c/ssm-connect/.build/DerivedData/Build/Intermediates.noindex/GeneratedModuleMaps/InternalAWSCognitoIdentity.modulemap\ -fmodule-map-file\=/Users/michielvh/code/one-b2c/ssm-connect/.build/DerivedData/Build/Intermediates.noindex/GeneratedModuleMaps/AWSClientRuntime.modulemap\ -fmodule-map-file\=/Users/michielvh/code/one-b2c/ssm-connect/.build/DerivedData/Build/Intermediates.noindex/GeneratedModuleMaps/AWSSDKDynamic.modulemap\ -fmodule-map-file\=/Users/michielvh/code/one-b2c/ssm-connect/.build/DerivedData/Build/Intermediates.noindex/GeneratedModuleMaps/AWSSDKHTTPAuth.modulemap\ -fmodule-map-file\=/Users/michielvh/code/one-b2c/ssm-connect/.build/DerivedData/Build/Intermediates.noindex/GeneratedModuleMaps/AWSSDKChecksums.modulemap\ -fmodule-map-file\=/Users/michielvh/code/one-b2c/ssm-connect/.build/DerivedData/Build/Intermediates.noindex/GeneratedModuleMaps/AWSSDKIdentityAPI.modulemap\ -fmodule-map-file\=/Users/michielvh/code/one-b2c/ssm-connect/.build/DerivedData/Build/Intermediates.noindex/GeneratedModuleMaps/AWSSDKCommon.modulemap\ \ -DXcode
    export OTHER_CPLUSPLUSFLAGS\=-fmodule-map-file\=/Users/michielvh/code/one-b2c/ssm-connect/.build/DerivedData/SourcePackages/checkouts/aws-crt-swift/Source/LibNative/module.modulemap\ -fmodule-map-file\=/Users/michielvh/code/one-b2c/ssm-connect/.build/DerivedData/Build/Intermediates.noindex/GeneratedModuleMaps/AwsCMqtt.modulemap\ -fmodule-map-file\=/Users/michielvh/code/one-b2c/ssm-connect/.build/DerivedData/Build/Intermediates.noindex/GeneratedModuleMaps/AwsCEventStream.modulemap\ -fmodule-map-file\=/Users/michielvh/code/one-b2c/ssm-connect/.build/DerivedData/Build/Intermediates.noindex/GeneratedModuleMaps/AwsCChecksums.modulemap\ -fmodule-map-file\=/Users/michielvh/code/one-b2c/ssm-connect/.build/DerivedData/Build/Intermediates.noindex/GeneratedModuleMaps/AwsCAuth.modulemap\ -fmodule-map-file\=/Users/michielvh/code/one-b2c/ssm-connect/.build/DerivedData/Build/Intermediates.noindex/GeneratedModuleMaps/AwsCSdkUtils.modulemap\ -fmodule-map-file\=/Users/michielvh/code/one-b2c/ssm-connect/.build/DerivedData/Build/Intermediates.noindex/GeneratedModuleMaps/AwsCHttp.modulemap\ -fmodule-map-file\=/Users/michielvh/code/one-b2c/ssm-connect/.build/DerivedData/Build/Intermediates.noindex/GeneratedModuleMaps/AwsCIo.modulemap\ -fmodule-map-file\=/Users/michielvh/code/one-b2c/ssm-connect/.build/DerivedData/Build/Intermediates.noindex/GeneratedModuleMaps/AwsCCal.modulemap\ -fmodule-map-file\=/Users/michielvh/code/one-b2c/ssm-connect/.build/DerivedData/Build/Intermediates.noindex/GeneratedModuleMaps/AwsCCompression.modulemap\ -fmodule-map-file\=/Users/michielvh/code/one-b2c/ssm-connect/.build/DerivedData/Build/Intermediates.noindex/GeneratedModuleMaps/AwsCCommon.modulemap\ -fmodule-map-file\=/Users/michielvh/code/one-b2c/ssm-connect/.build/DerivedData/Build/Intermediates.noindex/GeneratedModuleMaps/AwsCommonRuntimeKit.modulemap\ -fmodule-map-file\=/Users/michielvh/code/one-b2c/ssm-connect/.build/DerivedData/Build/Intermediates.noindex/GeneratedModuleMaps/ClientRuntime.modulemap\ -fmodule-map-file\=/Users/michielvh/code/one-b2c/ssm-connect/.build/DerivedData/Build/Intermediates.noindex/GeneratedModuleMaps/SmithyCBOR.modulemap\ -fmodule-map-file\=/Users/michielvh/code/one-b2c/ssm-connect/.build/DerivedData/Build/Intermediates.noindex/GeneratedModuleMaps/SmithyChecksums.modulemap\ -fmodule-map-file\=/Users/michielvh/code/one-b2c/ssm-connect/.build/DerivedData/Build/Intermediates.noindex/GeneratedModuleMaps/SmithyEventStreams.modulemap\ -fmodule-map-file\=/Users/michielvh/code/one-b2c/ssm-connect/.build/DerivedData/Build/Intermediates.noindex/GeneratedModuleMaps/SmithyEventStreamsAuthAPI.modulemap\ -fmodule-map-file\=/Users/michielvh/code/one-b2c/ssm-connect/.build/DerivedData/Build/Intermediates.noindex/GeneratedModuleMaps/SmithyEventStreamsAPI.modulemap\ -fmodule-map-file\=/Users/michielvh/code/one-b2c/ssm-connect/.build/DerivedData/Build/Intermediates.noindex/GeneratedModuleMaps/SmithyHTTPAuth.modulemap\ -fmodule-map-file\=/Users/michielvh/code/one-b2c/ssm-connect/.build/DerivedData/Build/Intermediates.noindex/GeneratedModuleMaps/SmithyChecksumsAPI.modulemap\ -fmodule-map-file\=/Users/michielvh/code/one-b2c/ssm-connect/.build/DerivedData/Build/Intermediates.noindex/GeneratedModuleMaps/SmithyHTTPClient.modulemap\ -fmodule-map-file\=/Users/michielvh/code/one-b2c/ssm-connect/.build/DerivedData/Build/Intermediates.noindex/GeneratedModuleMaps/SmithyStreams.modulemap\ -fmodule-map-file\=/Users/michielvh/code/one-b2c/ssm-connect/.build/DerivedData/Build/Intermediates.noindex/GeneratedModuleMaps/SmithyIdentity.modulemap\ -fmodule-map-file\=/Users/michielvh/code/one-b2c/ssm-connect/.build/DerivedData/Build/Intermediates.noindex/GeneratedModuleMaps/SmithyRetries.modulemap\ -fmodule-map-file\=/Users/michielvh/code/one-b2c/ssm-connect/.build/DerivedData/Build/Intermediates.noindex/GeneratedModuleMaps/SmithyRetriesAPI.modulemap\ -fmodule-map-file\=/Users/michielvh/code/one-b2c/ssm-connect/.build/DerivedData/Build/Intermediates.noindex/GeneratedModuleMaps/SmithyHTTPClientAPI.modulemap\ -fmodule-map-file\=/Users/michielvh/code/one-b2c/ssm-connect/.build/DerivedData/Build/Intermediates.noindex/GeneratedModuleMaps/SmithyTelemetryAPI.modulemap\ -fmodule-map-file\=/Users/michielvh/code/one-b2c/ssm-connect/.build/DerivedData/Build/Intermediates.noindex/GeneratedModuleMaps/SmithyAWSJSON.modulemap\ -fmodule-map-file\=/Users/michielvh/code/one-b2c/ssm-connect/.build/DerivedData/Build/Intermediates.noindex/GeneratedModuleMaps/SmithyIdentityAPI.modulemap\ -fmodule-map-file\=/Users/michielvh/code/one-b2c/ssm-connect/.build/DerivedData/Build/Intermediates.noindex/GeneratedModuleMaps/SmithyHTTPAPI.modulemap\ -fmodule-map-file\=/Users/michielvh/code/one-b2c/ssm-connect/.build/DerivedData/Build/Intermediates.noindex/GeneratedModuleMaps/SmithyHTTPAuthAPI.modulemap\ -fmodule-map-file\=/Users/michielvh/code/one-b2c/ssm-connect/.build/DerivedData/Build/Intermediates.noindex/GeneratedModuleMaps/SmithyJSON.modulemap\ -fmodule-map-file\=/Users/michielvh/code/one-b2c/ssm-connect/.build/DerivedData/Build/Intermediates.noindex/GeneratedModuleMaps/SmithyFormURL.modulemap\ -fmodule-map-file\=/Users/michielvh/code/one-b2c/ssm-connect/.build/DerivedData/Build/Intermediates.noindex/GeneratedModuleMaps/Logging.modulemap\ -fmodule-map-file\=/Users/michielvh/code/one-b2c/ssm-connect/.build/DerivedData/Build/Intermediates.noindex/GeneratedModuleMaps/SmithyReadWrite.modulemap\ -fmodule-map-file\=/Users/michielvh/code/one-b2c/ssm-connect/.build/DerivedData/Build/Intermediates.noindex/GeneratedModuleMaps/SmithyTimestamps.modulemap\ -fmodule-map-file\=/Users/michielvh/code/one-b2c/ssm-connect/.build/DerivedData/Build/Intermediates.noindex/GeneratedModuleMaps/SmithySerialization.modulemap\ -fmodule-map-file\=/Users/michielvh/code/one-b2c/ssm-connect/.build/DerivedData/Build/Intermediates.noindex/GeneratedModuleMaps/Smithy.modulemap\ -fmodule-map-file\=/Users/michielvh/code/one-b2c/ssm-connect/.build/DerivedData/Build/Intermediates.noindex/GeneratedModuleMaps/SmithyXML.modulemap\ -fmodule-map-file\=/Users/michielvh/code/one-b2c/ssm-connect/.build/DerivedData/Build/Intermediates.noindex/GeneratedModuleMaps/SmithyWaitersAPI.modulemap\ -fmodule-map-file\=/Users/michielvh/code/one-b2c/ssm-connect/.build/DerivedData/Build/Intermediates.noindex/GeneratedModuleMaps/AWSSDKIdentity.modulemap\ -fmodule-map-file\=/Users/michielvh/code/one-b2c/ssm-connect/.build/DerivedData/Build/Intermediates.noindex/GeneratedModuleMaps/InternalAWSSignin.modulemap\ -fmodule-map-file\=/Users/michielvh/code/one-b2c/ssm-connect/.build/DerivedData/Build/Intermediates.noindex/GeneratedModuleMaps/InternalAWSSTS.modulemap\ -fmodule-map-file\=/Users/michielvh/code/one-b2c/ssm-connect/.build/DerivedData/Build/Intermediates.noindex/GeneratedModuleMaps/InternalAWSSSOOIDC.modulemap\ -fmodule-map-file\=/Users/michielvh/code/one-b2c/ssm-connect/.build/DerivedData/Build/Intermediates.noindex/GeneratedModuleMaps/InternalAWSSSO.modulemap\ -fmodule-map-file\=/Users/michielvh/code/one-b2c/ssm-connect/.build/DerivedData/Build/Intermediates.noindex/GeneratedModuleMaps/InternalAWSCognitoIdentity.modulemap\ -fmodule-map-file\=/Users/michielvh/code/one-b2c/ssm-connect/.build/DerivedData/Build/Intermediates.noindex/GeneratedModuleMaps/AWSClientRuntime.modulemap\ -fmodule-map-file\=/Users/michielvh/code/one-b2c/ssm-connect/.build/DerivedData/Build/Intermediates.noindex/GeneratedModuleMaps/AWSSDKDynamic.modulemap\ -fmodule-map-file\=/Users/michielvh/code/one-b2c/ssm-connect/.build/DerivedData/Build/Intermediates.noindex/GeneratedModuleMaps/AWSSDKHTTPAuth.modulemap\ -fmodule-map-file\=/Users/michielvh/code/one-b2c/ssm-connect/.build/DerivedData/Build/Intermediates.noindex/GeneratedModuleMaps/AWSSDKChecksums.modulemap\ -fmodule-map-file\=/Users/michielvh/code/one-b2c/ssm-connect/.build/DerivedData/Build/Intermediates.noindex/GeneratedModuleMaps/AWSSDKIdentityAPI.modulemap\ -fmodule-map-file\=/Users/michielvh/code/one-b2c/ssm-connect/.build/DerivedData/Build/Intermediates.noindex/GeneratedModuleMaps/AWSSDKCommon.modulemap\ \ -DXcode
    export OTHER_LDFLAGS\=-Wl,-no_warn_duplicate_libraries\ -Wl,-no_warn_duplicate_libraries\ -Wl,-no_warn_duplicate_libraries\ -Wl,-no_warn_duplicate_libraries\ -Wl,-no_warn_duplicate_libraries\ -Wl,-no_warn_duplicate_libraries\ -Wl,-no_warn_duplicate_libraries\ -Wl,-no_warn_duplicate_libraries\ -Wl,-no_warn_duplicate_libraries\ -Wl,-no_warn_duplicate_libraries\ -Wl,-no_warn_duplicate_libraries\ -Wl,-no_warn_duplicate_libraries\ -Wl,-no_warn_duplicate_libraries\ -Wl,-no_warn_duplicate_libraries\ -Wl,-no_warn_duplicate_libraries\ -Wl,-no_warn_duplicate_libraries\ -Wl,-no_warn_duplicate_libraries\ -Wl,-no_warn_duplicate_libraries\ -Wl,-no_warn_duplicate_libraries\ -Wl,-no_warn_duplicate_libraries\ -Wl,-no_warn_duplicate_libraries\ -Wl,-no_warn_duplicate_libraries\ -Wl,-no_warn_duplicate_libraries\ -Wl,-no_warn_duplicate_libraries\ -Wl,-no_warn_duplicate_libraries\ -Wl,-no_warn_duplicate_libraries\ -Wl,-no_warn_duplicate_libraries\ -Wl,-no_warn_duplicate_libraries\ -Wl,-no_warn_duplicate_libraries\ -Wl,-no_warn_duplicate_libraries\ -Wl,-no_warn_duplicate_libraries\ -Wl,-no_warn_duplicate_libraries\ -Wl,-no_warn_duplicate_libraries\ -Wl,-no_warn_duplicate_libraries\ -Wl,-no_warn_duplicate_libraries\ -Wl,-no_warn_duplicate_libraries\ -Wl,-no_warn_duplicate_libraries\ -Wl,-no_warn_duplicate_libraries\ -Wl,-no_warn_duplicate_libraries\ -Wl,-no_warn_duplicate_libraries\ -Wl,-no_warn_duplicate_libraries\ -Wl,-no_warn_duplicate_libraries\ -Wl,-no_warn_duplicate_libraries\ -Wl,-no_warn_duplicate_libraries\ -Wl,-no_warn_duplicate_libraries\ -Wl,-no_warn_duplicate_libraries\ -Wl,-no_warn_duplicate_libraries\ -Wl,-no_warn_duplicate_libraries\ -Wl,-no_warn_duplicate_libraries\ -Wl,-no_warn_duplicate_libraries\ -Wl,-no_warn_duplicate_libraries\ -Wl,-no_warn_duplicate_libraries\ 
    export OTHER_SWIFT_FLAGS\=-Xcc\ -fmodule-map-file\=/Users/michielvh/code/one-b2c/ssm-connect/.build/DerivedData/SourcePackages/checkouts/aws-crt-swift/Source/LibNative/module.modulemap\ -Xcc\ -fmodule-map-file\=/Users/michielvh/code/one-b2c/ssm-connect/.build/DerivedData/Build/Intermediates.noindex/GeneratedModuleMaps/AwsCMqtt.modulemap\ -Xcc\ -fmodule-map-file\=/Users/michielvh/code/one-b2c/ssm-connect/.build/DerivedData/Build/Intermediates.noindex/GeneratedModuleMaps/AwsCEventStream.modulemap\ -Xcc\ -fmodule-map-file\=/Users/michielvh/code/one-b2c/ssm-connect/.build/DerivedData/Build/Intermediates.noindex/GeneratedModuleMaps/AwsCChecksums.modulemap\ -Xcc\ -fmodule-map-file\=/Users/michielvh/code/one-b2c/ssm-connect/.build/DerivedData/Build/Intermediates.noindex/GeneratedModuleMaps/AwsCAuth.modulemap\ -Xcc\ -fmodule-map-file\=/Users/michielvh/code/one-b2c/ssm-connect/.build/DerivedData/Build/Intermediates.noindex/GeneratedModuleMaps/AwsCSdkUtils.modulemap\ -Xcc\ -fmodule-map-file\=/Users/michielvh/code/one-b2c/ssm-connect/.build/DerivedData/Build/Intermediates.noindex/GeneratedModuleMaps/AwsCHttp.modulemap\ -Xcc\ -fmodule-map-file\=/Users/michielvh/code/one-b2c/ssm-connect/.build/DerivedData/Build/Intermediates.noindex/GeneratedModuleMaps/AwsCIo.modulemap\ -Xcc\ -fmodule-map-file\=/Users/michielvh/code/one-b2c/ssm-connect/.build/DerivedData/Build/Intermediates.noindex/GeneratedModuleMaps/AwsCCal.modulemap\ -Xcc\ -fmodule-map-file\=/Users/michielvh/code/one-b2c/ssm-connect/.build/DerivedData/Build/Intermediates.noindex/GeneratedModuleMaps/AwsCCompression.modulemap\ -Xcc\ -fmodule-map-file\=/Users/michielvh/code/one-b2c/ssm-connect/.build/DerivedData/Build/Intermediates.noindex/GeneratedModuleMaps/AwsCCommon.modulemap\ \ -DXcode\ -plugin-path\ /Applications/Xcode.app/Contents/Developer/Toolchains/XcodeDefault.xctoolchain/usr/lib/swift/host/plugins/testing
    export PACKAGE_RESOURCE_TARGET_KIND\=regular
    export PACKAGE_TYPE\=com.apple.package-type.mach-o-objfile
    export PASCAL_STRINGS\=YES
    export PATH\=/Applications/Xcode.app/Contents/SharedFrameworks/SwiftBuild.framework/Versions/A/PlugIns/SWBBuildService.bundle/Contents/PlugIns/SWBUniversalPlatformPlugin.bundle/Contents/Frameworks/SWBUniversalPlatform.framework/Resources:/Applications/Xcode.app/Contents/Developer/Toolchains/XcodeDefault.xctoolchain/usr/bin:/Applications/Xcode.app/Contents/Developer/Toolchains/XcodeDefault.xctoolchain/usr/local/bin:/Applications/Xcode.app/Contents/Developer/Toolchains/XcodeDefault.xctoolchain/usr/libexec:/Applications/Xcode.app/Contents/Developer/Platforms/MacOSX.platform/usr/bin:/Applications/Xcode.app/Contents/Developer/Platforms/MacOSX.platform/usr/local/bin:/Applications/Xcode.app/Contents/Developer/Platforms/MacOSX.platform/Developer/usr/bin:/Applications/Xcode.app/Contents/Developer/Platforms/MacOSX.platform/Developer/usr/local/bin:/Applications/Xcode.app/Contents/Developer/usr/bin:/Applications/Xcode.app/Contents/Developer/usr/local/bin:/Users/michielvh/.antigravity/antigravity/bin:/Users/michielvh/go/bin:/Users/michielvh/Library/Application\ Support/Code/User/globalStorage/github.copilot-chat/debugCommand:/Users/michielvh/Library/Application\ Support/Code/User/globalStorage/github.copilot-chat/copilotCli:/Library/Frameworks/Python.framework/Versions/3.13/bin:/opt/homebrew/bin:/opt/homebrew/sbin:/usr/local/bin:/System/Cryptexes/App/usr/bin:/usr/bin:/bin:/usr/sbin:/sbin:/var/run/com.apple.security.cryptexd/codex.system/bootstrap/usr/local/bin:/var/run/com.apple.security.cryptexd/codex.system/bootstrap/usr/bin:/var/run/com.apple.security.cryptexd/codex.system/bootstrap/usr/appleinternal/bin:/opt/pkg/env/active/bin:/opt/pmk/env/global/bin:/Library/Apple/usr/bin:/Users/michielvh/.zi/polaris/sbin:/Users/michielvh/.zi/polaris/bin:/Users/michielvh/.vscode/extensions/ms-python.debugpy-2026.6.0-darwin-arm64/bundled/scripts/noConfigScripts
    export PATH_PREFIXES_EXCLUDED_FROM_HEADER_DEPENDENCIES\=/usr/include\ /usr/local/include\ /System/Library/Frameworks\ /System/Library/PrivateFrameworks\ /Applications/Xcode.app/Contents/Developer/Headers\ /Applications/Xcode.app/Contents/Developer/SDKs\ /Applications/Xcode.app/Contents/Developer/Platforms
    export PER_ARCH_MODULE_FILE_DIR\=/Users/michielvh/code/one-b2c/ssm-connect/.build/DerivedData/Build/Intermediates.noindex/aws-sdk-swift.build/Debug/AWSSSM.build/Objects-normal/undefined_arch
    export PER_ARCH_OBJECT_FILE_DIR\=/Users/michielvh/code/one-b2c/ssm-connect/.build/DerivedData/Build/Intermediates.noindex/aws-sdk-swift.build/Debug/AWSSSM.build/Objects-normal/undefined_arch
    export PER_VARIANT_OBJECT_FILE_DIR\=/Users/michielvh/code/one-b2c/ssm-connect/.build/DerivedData/Build/Intermediates.noindex/aws-sdk-swift.build/Debug/AWSSSM.build/Objects-normal
    export PKGINFO_FILE_PATH\=/Users/michielvh/code/one-b2c/ssm-connect/.build/DerivedData/Build/Intermediates.noindex/aws-sdk-swift.build/Debug/AWSSSM.build/PkgInfo
    export PLATFORM_DEVELOPER_APPLICATIONS_DIR\=/Applications/Xcode.app/Contents/Developer/Applications
    export PLATFORM_DEVELOPER_BIN_DIR\=/Applications/Xcode.app/Contents/Developer/usr/bin
    export PLATFORM_DEVELOPER_LIBRARY_DIR\=/Applications/Xcode.app/Contents/Developer/Library
    export PLATFORM_DEVELOPER_SDK_DIR\=/Applications/Xcode.app/Contents/Developer/Platforms/MacOSX.platform/Developer/SDKs
    export PLATFORM_DEVELOPER_TOOLS_DIR\=/Applications/Xcode.app/Contents/Developer/Tools
    export PLATFORM_DEVELOPER_USR_DIR\=/Applications/Xcode.app/Contents/Developer/usr
    export PLATFORM_DIR\=/Applications/Xcode.app/Contents/Developer/Platforms/MacOSX.platform
    export PLATFORM_DISPLAY_NAME\=macOS
    export PLATFORM_FAMILY_NAME\=macOS
    export PLATFORM_NAME\=macosx
    export PLATFORM_PREFERRED_ARCH\=x86_64
    export PLATFORM_PRODUCT_BUILD_VERSION\=25F70
    export PLATFORM_REQUIRES_SWIFT_AUTOLINK_EXTRACT\=NO
    export PLATFORM_REQUIRES_SWIFT_MODULEWRAP\=NO
    export PLATFORM_USES_DSYMS\=YES
    export PLIST_FILE_OUTPUT_FORMAT\=same-as-input
    export PRECOMPS_INCLUDE_HEADERS_FROM_BUILT_PRODUCTS_DIR\=YES
    export PRECOMP_DESTINATION_DIR\=/Users/michielvh/code/one-b2c/ssm-connect/.build/DerivedData/Build/Intermediates.noindex/aws-sdk-swift.build/Debug/AWSSSM.build/PrefixHeaders
    export PRIVATE_HEADERS_FOLDER_PATH\=/usr/local/include
    export PROCESSED_INFOPLIST_PATH\=/Users/michielvh/code/one-b2c/ssm-connect/.build/DerivedData/Build/Intermediates.noindex/aws-sdk-swift.build/Debug/AWSSSM.build/Objects-normal/undefined_arch/Processed-Info.plist
    export PRODUCT_BUNDLE_IDENTIFIER\=aws-sdk-swift.AWSSSM
    export PRODUCT_MODULE_NAME\=AWSSSM
    export PRODUCT_NAME\=AWSSSM
    export PRODUCT_SETTINGS_PATH\=
    export PRODUCT_TYPE\=com.apple.product-type.objfile
    export PROFILING_CODE\=NO
    export PROJECT\=aws-sdk-swift
    export PROJECT_DERIVED_FILE_DIR\=/Users/michielvh/code/one-b2c/ssm-connect/.build/DerivedData/Build/Intermediates.noindex/aws-sdk-swift.build/DerivedSources
    export PROJECT_DIR\=/Users/michielvh/code/one-b2c/ssm-connect/.build/DerivedData/SourcePackages/checkouts/aws-sdk-swift
    export PROJECT_FILE_PATH\=/Users/michielvh/code/one-b2c/ssm-connect/.build/DerivedData/SourcePackages/checkouts/aws-sdk-swift/Package.swift
    export PROJECT_GUID\=PACKAGE:https://github.com/awslabs/aws-sdk-swift.git
    export PROJECT_NAME\=aws-sdk-swift
    export PROJECT_TEMP_DIR\=/Users/michielvh/code/one-b2c/ssm-connect/.build/DerivedData/Build/Intermediates.noindex/aws-sdk-swift.build
    export PROJECT_TEMP_ROOT\=/Users/michielvh/code/one-b2c/ssm-connect/.build/DerivedData/Build/Intermediates.noindex
    export PUBLIC_HEADERS_FOLDER_PATH\=/usr/local/include
    export RECOMMENDED_MACOSX_DEPLOYMENT_TARGET\=11.0
    export RECURSIVE_SEARCH_PATHS_FOLLOW_SYMLINKS\=YES
    export REMOVE_CVS_FROM_RESOURCES\=YES
    export REMOVE_GIT_FROM_RESOURCES\=YES
    export REMOVE_HEADERS_FROM_EMBEDDED_BUNDLES\=YES
    export REMOVE_HG_FROM_RESOURCES\=YES
    export REMOVE_STATIC_EXECUTABLES_FROM_EMBEDDED_BUNDLES\=YES
    export REMOVE_SVN_FROM_RESOURCES\=YES
    export RESCHEDULE_INDEPENDENT_HEADERS_PHASES\=YES
    export REZ_COLLECTOR_DIR\=/Users/michielvh/code/one-b2c/ssm-connect/.build/DerivedData/Build/Intermediates.noindex/aws-sdk-swift.build/Debug/AWSSSM.build/ResourceManagerResources
    export REZ_EXECUTABLE\=YES
    export REZ_OBJECTS_DIR\=/Users/michielvh/code/one-b2c/ssm-connect/.build/DerivedData/Build/Intermediates.noindex/aws-sdk-swift.build/Debug/AWSSSM.build/ResourceManagerResources/Objects
    export REZ_SEARCH_PATHS\=/Users/michielvh/code/one-b2c/ssm-connect/.build/DerivedData/Build/Products/Debug\ 
    export RPATH_ORIGIN\=@loader_path
    export RUNTIME_EXCEPTION_ALLOW_DYLD_ENVIRONMENT_VARIABLES\=NO
    export RUNTIME_EXCEPTION_ALLOW_JIT\=NO
    export RUNTIME_EXCEPTION_ALLOW_UNSIGNED_EXECUTABLE_MEMORY\=NO
    export RUNTIME_EXCEPTION_DEBUGGING_TOOL\=NO
    export RUNTIME_EXCEPTION_DISABLE_EXECUTABLE_PAGE_PROTECTION\=NO
    export RUNTIME_EXCEPTION_DISABLE_LIBRARY_VALIDATION\=NO
    export SCANNING_PCM_KEEP_CACHE_DIRECTORY\=YES
    export SCAN_ALL_SOURCE_FILES_FOR_INCLUDES\=NO
    export SDKROOT\=/Applications/Xcode.app/Contents/Developer/Platforms/MacOSX.platform/Developer/SDKs/MacOSX26.5.sdk
    export SDK_DIR\=/Applications/Xcode.app/Contents/Developer/Platforms/MacOSX.platform/Developer/SDKs/MacOSX26.5.sdk
    export SDK_DIR_macosx\=/Applications/Xcode.app/Contents/Developer/Platforms/MacOSX.platform/Developer/SDKs/MacOSX26.5.sdk
    export SDK_DIR_macosx26_5\=/Applications/Xcode.app/Contents/Developer/Platforms/MacOSX.platform/Developer/SDKs/MacOSX26.5.sdk
    export SDK_NAME\=macosx26.5
    export SDK_NAMES\=macosx26.5
    export SDK_PRODUCT_BUILD_VERSION\=25F70
    export SDK_STAT_CACHE_DIR\=/Users/michielvh/code/one-b2c/ssm-connect/.build/DerivedData
    export SDK_STAT_CACHE_ENABLE\=YES
    export SDK_STAT_CACHE_PATH\=/Users/michielvh/code/one-b2c/ssm-connect/.build/DerivedData/SDKStatCaches.noindex/macosx26.5-25F70-e082c4a02f00227109f4ed75e425c832.sdkstatcache
    export SDK_VERSION\=26.5
    export SDK_VERSION_ACTUAL\=260500
    export SDK_VERSION_MAJOR\=260000
    export SDK_VERSION_MINOR\=260500
    export SED\=/usr/bin/sed
    export SEPARATE_STRIP\=NO
    export SEPARATE_SYMBOL_EDIT\=NO
    export SET_DIR_MODE_OWNER_GROUP\=YES
    export SET_FILE_MODE_OWNER_GROUP\=NO
    export SHALLOW_BUNDLE\=NO
    export SHARED_DERIVED_FILE_DIR\=/Users/michielvh/code/one-b2c/ssm-connect/.build/DerivedData/Build/Products/Debug/DerivedSources
    export SHARED_PRECOMPS_DIR\=/Users/michielvh/code/one-b2c/ssm-connect/.build/DerivedData/Build/Intermediates.noindex/PrecompiledHeaders
    export SKIP_CLANG_STATIC_ANALYZER\=YES
    export SKIP_INSTALL\=YES
    export SKIP_MERGEABLE_LIBRARY_BUNDLE_HOOK\=NO
    export SOURCE_ROOT\=/Users/michielvh/code/one-b2c/ssm-connect/.build/DerivedData/SourcePackages/checkouts/aws-sdk-swift
    export SRCROOT\=/Users/michielvh/code/one-b2c/ssm-connect/.build/DerivedData/SourcePackages/checkouts/aws-sdk-swift
    export STRINGSDATA_DIR\=/Users/michielvh/code/one-b2c/ssm-connect/.build/DerivedData/Build/Intermediates.noindex/aws-sdk-swift.build/Debug/AWSSSM.build/Objects-normal/undefined_arch
    export STRINGSDATA_ROOT\=/Users/michielvh/code/one-b2c/ssm-connect/.build/DerivedData/Build/Intermediates.noindex/aws-sdk-swift.build/Debug/AWSSSM.build
    export STRINGS_FILE_INFOPLIST_RENAME\=YES
    export STRINGS_FILE_OUTPUT_ENCODING\=UTF-16
    export STRING_CATALOG_GENERATE_SYMBOLS\=NO
    export STRIP_BITCODE_FROM_COPIED_FILES\=NO
    export STRIP_INSTALLED_PRODUCT\=NO
    export STRIP_PNG_TEXT\=NO
    export STRIP_STYLE\=debugging
    export STRIP_SWIFT_SYMBOLS\=YES
    export SUPPORTED_PLATFORMS\=android\ appletvos\ appletvsimulator\ driverkit\ freebsd\ iphoneos\ iphonesimulator\ linux\ macosx\ none\ openbsd\ qnx\ watchos\ watchsimulator\ webassembly\ xros\ xrsimulator
    export SUPPORTS_MACCATALYST\=NO
    export SUPPORTS_TEXT_BASED_API\=NO
    export SUPPRESS_WARNINGS\=YES
    export SWIFT_ACTIVE_COMPILATION_CONDITIONS\=\ SWIFT_PACKAGE\ DEBUG\ SWIFT_MODULE_RESOURCE_BUNDLE_UNAVAILABLE
    export SWIFT_EMIT_CONST_VALUE_PROTOCOLS\=AnyResolverProviding\ AppEntity\ AppEnum\ AppExtension\ AppIntent\ AppIntentsPackage\ AppShortcutProviding\ AppShortcutsProvider\ AppUnionValue\ AppUnionValueCasesProviding\ DynamicOptionsProvider\ EntityQuery\ ExtensionPointDefining\ IntentValueQuery\ Resolver\ TransientEntity\ _AssistantIntentsProvider\ _GenerativeFunctionExtractable\ _IntentValueRepresentable
    export SWIFT_EMIT_LOC_STRINGS\=NO
    export SWIFT_ENABLE_BARE_SLASH_REGEX\=NO
    export SWIFT_ENABLE_EXPLICIT_MODULES\=YES
    export SWIFT_INSTALL_OBJC_HEADER\=NO
    export SWIFT_OBJC_INTERFACE_HEADER_DIR\=/Users/michielvh/code/one-b2c/ssm-connect/.build/DerivedData/Build/Intermediates.noindex/GeneratedModuleMaps
    export SWIFT_OBJC_INTERFACE_HEADER_NAME\=AWSSSM-Swift.h
    export SWIFT_OPTIMIZATION_LEVEL\=-Onone
    export SWIFT_PACKAGE_NAME\=aws_sdk_swift
    export SWIFT_PLATFORM_TARGET_PREFIX\=macos
    export SWIFT_RESPONSE_FILE_PATH_normal_arm64\=/Users/michielvh/code/one-b2c/ssm-connect/.build/DerivedData/Build/Intermediates.noindex/aws-sdk-swift.build/Debug/AWSSSM.build/Objects-normal/arm64/AWSSSM.SwiftFileList
    export SWIFT_VERSION\=5
    export SYMROOT\=/Users/michielvh/code/one-b2c/ssm-connect/.build/DerivedData/Build/Products
    export SYSTEM_ADMIN_APPS_DIR\=/Applications/Utilities
    export SYSTEM_APPS_DIR\=/Applications
    export SYSTEM_CORE_SERVICES_DIR\=/System/Library/CoreServices
    export SYSTEM_DEMOS_DIR\=/Applications/Extras
    export SYSTEM_DEVELOPER_APPS_DIR\=/Applications/Xcode.app/Contents/Developer/Applications
    export SYSTEM_DEVELOPER_BIN_DIR\=/Applications/Xcode.app/Contents/Developer/usr/bin
    export SYSTEM_DEVELOPER_DEMOS_DIR\=/Applications/Xcode.app/Contents/Developer/Applications/Utilities/Built\ Examples
    export SYSTEM_DEVELOPER_DIR\=/Applications/Xcode.app/Contents/Developer
    export SYSTEM_DEVELOPER_DOC_DIR\=/Applications/Xcode.app/Contents/Developer/ADC\ Reference\ Library
    export SYSTEM_DEVELOPER_GRAPHICS_TOOLS_DIR\=/Applications/Xcode.app/Contents/Developer/Applications/Graphics\ Tools
    export SYSTEM_DEVELOPER_JAVA_TOOLS_DIR\=/Applications/Xcode.app/Contents/Developer/Applications/Java\ Tools
    export SYSTEM_DEVELOPER_PERFORMANCE_TOOLS_DIR\=/Applications/Xcode.app/Contents/Developer/Applications/Performance\ Tools
    export SYSTEM_DEVELOPER_RELEASENOTES_DIR\=/Applications/Xcode.app/Contents/Developer/ADC\ Reference\ Library/releasenotes
    export SYSTEM_DEVELOPER_TOOLS\=/Applications/Xcode.app/Contents/Developer/Tools
    export SYSTEM_DEVELOPER_TOOLS_DOC_DIR\=/Applications/Xcode.app/Contents/Developer/ADC\ Reference\ Library/documentation/DeveloperTools
    export SYSTEM_DEVELOPER_TOOLS_RELEASENOTES_DIR\=/Applications/Xcode.app/Contents/Developer/ADC\ Reference\ Library/releasenotes/DeveloperTools
    export SYSTEM_DEVELOPER_USR_DIR\=/Applications/Xcode.app/Contents/Developer/usr
    export SYSTEM_DEVELOPER_UTILITIES_DIR\=/Applications/Xcode.app/Contents/Developer/Applications/Utilities
    export SYSTEM_DEXT_INSTALL_PATH\=/System/Library/DriverExtensions
    export SYSTEM_DOCUMENTATION_DIR\=/Library/Documentation
    export SYSTEM_FRAMEWORK_SEARCH_PATHS\=\ \ /Applications/Xcode.app/Contents/Developer/Platforms/MacOSX.platform/Developer/Library/Frameworks
    export SYSTEM_KEXT_INSTALL_PATH\=/System/Library/Extensions
    export SYSTEM_LIBRARY_DIR\=/System/Library
    export TAPI_DEMANGLE\=YES
    export TAPI_DYLIB_INSTALL_NAME\=AWSSSM
    export TAPI_ENABLE_PROJECT_HEADERS\=NO
    export TAPI_LANGUAGE\=objective-c
    export TAPI_LANGUAGE_STANDARD\=compiler-default
    export TAPI_USE_SRCROOT\=YES
    export TAPI_VERIFY_MODE\=Pedantic
    export TARGETED_DEVICE_FAMILY\=1,2,3,4,6,7
    export TARGETNAME\=AWSSSM
    export TARGET_BUILD_DIR\=/Users/michielvh/code/one-b2c/ssm-connect/.build/DerivedData/Build/Products/Debug
    export TARGET_NAME\=AWSSSM
    export TARGET_TEMP_DIR\=/Users/michielvh/code/one-b2c/ssm-connect/.build/DerivedData/Build/Intermediates.noindex/aws-sdk-swift.build/Debug/AWSSSM.build
    export TEMP_DIR\=/Users/michielvh/code/one-b2c/ssm-connect/.build/DerivedData/Build/Intermediates.noindex/aws-sdk-swift.build/Debug/AWSSSM.build
    export TEMP_FILES_DIR\=/Users/michielvh/code/one-b2c/ssm-connect/.build/DerivedData/Build/Intermediates.noindex/aws-sdk-swift.build/Debug/AWSSSM.build
    export TEMP_FILE_DIR\=/Users/michielvh/code/one-b2c/ssm-connect/.build/DerivedData/Build/Intermediates.noindex/aws-sdk-swift.build/Debug/AWSSSM.build
    export TEMP_ROOT\=/Users/michielvh/code/one-b2c/ssm-connect/.build/DerivedData/Build/Intermediates.noindex
    export TEMP_SANDBOX_DIR\=/Users/michielvh/code/one-b2c/ssm-connect/.build/DerivedData/Build/Intermediates.noindex/TemporaryTaskSandboxes
    export TEST_FRAMEWORK_SEARCH_PATHS\=\ /Applications/Xcode.app/Contents/Developer/Platforms/MacOSX.platform/Developer/Library/Frameworks
    export TEST_LIBRARY_SEARCH_PATHS\=\ /Applications/Xcode.app/Contents/Developer/Platforms/MacOSX.platform/Developer/usr/lib
    export TOOLCHAINS\=com.apple.dt.toolchain.XcodeDefault
    export TOOLCHAIN_DIR\=/Applications/Xcode.app/Contents/Developer/Toolchains/XcodeDefault.xctoolchain
    export TREAT_MISSING_BASELINES_AS_TEST_FAILURES\=NO
    export TREAT_MISSING_SCRIPT_PHASE_OUTPUTS_AS_ERRORS\=NO
    export UID\=501
    export UNINSTALLED_PRODUCTS_DIR\=/Users/michielvh/code/one-b2c/ssm-connect/.build/DerivedData/Build/Intermediates.noindex/UninstalledProducts
    export UNSTRIPPED_PRODUCT\=NO
    export USER\=michielvh
    export USER_APPS_DIR\=/Users/michielvh/Applications
    export USER_LIBRARY_DIR\=/Users/michielvh/Library
    export USE_DYNAMIC_NO_PIC\=YES
    export USE_HEADERMAP\=NO
    export USE_HEADER_SYMLINKS\=NO
    export VALIDATE_DEVELOPMENT_ASSET_PATHS\=YES_ERROR
    export VALIDATE_PRODUCT\=NO
    export VALID_ARCHS\=arm64\ arm64e\ i386\ x86_64
    export VERBOSE_PBXCP\=NO
    export VERSION_INFO_BUILDER\=michielvh
    export VERSION_INFO_FILE\=AWSSSM_vers.c
    export VERSION_INFO_STRING\=\"@\(\#\)PROGRAM:AWSSSM\ \ PROJECT:aws-sdk-swift-\"
    export WORKSPACE_DIR\=/Users/michielvh/code/one-b2c/ssm-connect/SSMConnect.xcodeproj
    export WRAP_ASSET_PACKS_IN_SEPARATE_DIRECTORIES\=NO
    export XCODE_APP_SUPPORT_DIR\=/Applications/Xcode.app/Contents/Developer/Library/Xcode
    export XCODE_PRODUCT_BUILD_VERSION\=17F42
    export XCODE_VERSION_ACTUAL\=2650
    export XCODE_VERSION_MAJOR\=2600
    export XCODE_VERSION_MINOR\=2650
    export XPCSERVICES_FOLDER_PATH\=/XPCServices
    export YACC\=yacc
    export _BOOL_\=NO
    export _BOOL_NO\=NO
    export _BOOL_YES\=YES
    export _DEVELOPMENT_TEAM_IS_EMPTY\=YES
    export _DISCOVER_COMMAND_LINE_LINKER_INPUTS\=YES
    export _DISCOVER_COMMAND_LINE_LINKER_INPUTS_INCLUDE_WL\=YES
    export _IS_EMPTY_\=YES
    export _LD_MULTIARCH\=YES
    export _MACOSX_DEPLOYMENT_TARGET_IS_EMPTY\=NO
    export __DIAGNOSE_DEPRECATED_ARCHS\=YES
    export __ORIGINAL_SDK_DEFINED_LLVM_TARGET_TRIPLE_SYS\=macos
    export arch\=undefined_arch
    export variant\=normal
    /usr/bin/sandbox-exec -p \(version\ 1\)'
'\(deny\ default\)'
'\(import\ \"system.sb\"\)'
'\(allow\ file-read\*\)'
'\(allow\ process\*\)'
'\(allow\ mach-lookup\ \(global-name\ \"com.apple.lsd.mapdb\"\)\)'
'\(allow\ mach-lookup\ \(global-name\ \"com.apple.mobileassetd.v2\"\)\)'
'\(allow\ file-write\*'
'\ \ \ \ \(subpath\ \"/private/tmp\"\)'
'\ \ \ \ \(subpath\ \"/private/var/tmp\"\)'
'\ \ \ \ \(subpath\ \"/private/var/folders/sm/8hfqw9_97pgfmhlfs2t7k66c0000gn/T\"\)'
'\ \ \ \ \(subpath\ \"/private/var/folders/sm/8hfqw9_97pgfmhlfs2t7k66c0000gn/C\"\)'
'\)'
'\(deny\ file-write\*'
'\ \ \ \ \(subpath\ \"/Users/michielvh/code/one-b2c/ssm-connect/.build/DerivedData/SourcePackages/checkouts/aws-sdk-swift\"\)'
'\)'
'\(allow\ file-write\*'
'\ \ \ \ \(subpath\ \"/Users/michielvh/code/one-b2c/ssm-connect/.build/DerivedData/Build/Intermediates.noindex/BuildToolPluginIntermediates/aws-sdk-swift.output/AWSSSM/SmithyCodeGeneratorPlugin\"\)'
'\ \ \ \ \(subpath\ \"/private/var/folders/sm/8hfqw9_97pgfmhlfs2t7k66c0000gn/T/TemporaryItems\"\)'
'\)'
' //Users/michielvh/code/one-b2c/ssm-connect/.build/DerivedData/Build/Products/Debug/SmithyCodegenCLI com.amazonaws.ssm\#AmazonSSM /Users/michielvh/code/one-b2c/ssm-connect/.build/DerivedData/SourcePackages/checkouts/aws-sdk-swift/codegen/sdk-codegen/aws-models/ssm.json --internal false --sdk-id SSM --schemas-path /Users/michielvh/code/one-b2c/ssm-connect/.build/DerivedData/Build/Intermediates.noindex/BuildToolPluginIntermediates/aws-sdk-swift.output/AWSSSM/SmithyCodeGeneratorPlugin/AWSSSMSchemas.swift --serialize-path /Users/michielvh/code/one-b2c/ssm-connect/.build/DerivedData/Build/Intermediates.noindex/BuildToolPluginIntermediates/aws-sdk-swift.output/AWSSSM/SmithyCodeGeneratorPlugin/AWSSSMSerialize.swift --deserialize-path /Users/michielvh/code/one-b2c/ssm-connect/.build/DerivedData/Build/Intermediates.noindex/BuildToolPluginIntermediates/aws-sdk-swift.output/AWSSSM/SmithyCodeGeneratorPlugin/AWSSSMDeserialize.swift --type-registry-path /Users/michielvh/code/one-b2c/ssm-connect/.build/DerivedData/Build/Intermediates.noindex/BuildToolPluginIntermediates/aws-sdk-swift.output/AWSSSM/SmithyCodeGeneratorPlugin/AWSSSMTypeRegistry.swift --operations-path /Users/michielvh/code/one-b2c/ssm-connect/.build/DerivedData/Build/Intermediates.noindex/BuildToolPluginIntermediates/aws-sdk-swift.output/AWSSSM/SmithyCodeGeneratorPlugin/AWSSSMOperations.swift
Completed generating model ssm.json in 0.85 sec

CustomTask Generating\ Swift\ source\ files\ from\ model\ file\ /Users/michielvh/code/one-b2c/ssm-connect/.build/DerivedData/SourcePackages/checkouts/aws-sdk-swift/codegen/sdk-codegen/aws-models/secrets-manager.json 0dc75d3278aecba4f801148326ca5061 (in target 'AWSSecretsManager' from project 'aws-sdk-swift')
    cd /Users/michielvh/code/one-b2c/ssm-connect/.build/DerivedData/SourcePackages/checkouts/aws-sdk-swift
    export ACTION\=build
    export AD_HOC_CODE_SIGNING_ALLOWED\=YES
    export ALLOW_BUILD_REQUEST_OVERRIDES\=NO
    export ALLOW_TARGET_PLATFORM_SPECIALIZATION\=NO
    export ALTERNATE_GROUP\=staff
    export ALTERNATE_MODE\=u+w,go-w,a+rX
    export ALTERNATE_OWNER\=michielvh
    export ALTERNATIVE_DISTRIBUTION_WEB\=NO
    export ALWAYS_EMBED_SWIFT_STANDARD_LIBRARIES\=NO
    export ALWAYS_SEARCH_USER_PATHS\=YES
    export ALWAYS_USE_SEPARATE_HEADERMAPS\=NO
    export APPLICATION_EXTENSION_API_ONLY\=NO
    export APPLY_RULES_IN_COPY_FILES\=NO
    export APPLY_RULES_IN_COPY_HEADERS\=NO
    export APP_SHORTCUTS_ENABLE_FLEXIBLE_MATCHING\=YES
    export ARCHS\=arm64
    export ARCHS_BASE\=arm64
    export ARCHS_STANDARD\=arm64\ x86_64
    export ARCHS_STANDARD_32_64_BIT\=arm64\ x86_64\ i386
    export ARCHS_STANDARD_32_BIT\=i386
    export ARCHS_STANDARD_64_BIT\=arm64\ x86_64
    export ARCHS_STANDARD_INCLUDING_64_BIT\=arm64\ x86_64
    export AUTOMATICALLY_MERGE_DEPENDENCIES\=NO
    export AUTOMATION_APPLE_EVENTS\=NO
    export AVAILABLE_PLATFORMS\=android\ appletvos\ appletvsimulator\ driverkit\ freebsd\ iphoneos\ iphonesimulator\ linux\ macosx\ none\ openbsd\ qnx\ watchos\ watchsimulator\ webassembly\ xros\ xrsimulator
    export BUILD_ACTIVE_RESOURCES_ONLY\=NO
    export BUILD_COMPONENTS\=headers\ build
    export BUILD_DIR\=/Users/michielvh/code/one-b2c/ssm-connect/.build/DerivedData/Build/Products
    export BUILD_LIBRARY_FOR_DISTRIBUTION\=NO
    export BUILD_ONLY_KNOWN_LOCALIZATIONS\=NO
    export BUILD_ROOT\=/Users/michielvh/code/one-b2c/ssm-connect/.build/DerivedData/Build/Products
    export BUILD_STYLE\=
    export BUILD_VARIANTS\=normal
    export BUILT_PRODUCTS_DIR\=/Users/michielvh/code/one-b2c/ssm-connect/.build/DerivedData/Build/Products/Debug
    export BUNDLE_CONTENTS_FOLDER_PATH\=Contents/
    export BUNDLE_CONTENTS_FOLDER_PATH_deep\=Contents/
    export BUNDLE_EXECUTABLE_FOLDER_NAME_deep\=MacOS
    export BUNDLE_EXECUTABLE_FOLDER_PATH\=Contents/MacOS
    export BUNDLE_EXTENSIONS_FOLDER_PATH\=Contents/Extensions
    export BUNDLE_FORMAT\=deep
    export BUNDLE_FRAMEWORKS_FOLDER_PATH\=Contents/Frameworks
    export BUNDLE_PLUGINS_FOLDER_PATH\=Contents/PlugIns
    export BUNDLE_PRIVATE_HEADERS_FOLDER_PATH\=Contents/PrivateHeaders
    export BUNDLE_PUBLIC_HEADERS_FOLDER_PATH\=Contents/Headers
    export CACHE_ROOT\=/var/folders/sm/8hfqw9_97pgfmhlfs2t7k66c0000gn/C/com.apple.DeveloperTools/26.5-17F42/Xcode
    export CCHROOT\=/var/folders/sm/8hfqw9_97pgfmhlfs2t7k66c0000gn/C/com.apple.DeveloperTools/26.5-17F42/Xcode
    export CHMOD\=/bin/chmod
    export CHOWN\=chown
    export CLANG_CACHE_FINE_GRAINED_OUTPUTS\=YES
    export CLANG_COVERAGE_MAPPING_LINKER_ARGS\=NO
    export CLANG_ENABLE_EXPLICIT_MODULES\=YES
    export CLANG_ENABLE_MODULES\=YES
    export CLANG_ENABLE_OBJC_ARC\=YES
    export CLANG_MODULES_BUILD_SESSION_FILE\=/Users/michielvh/code/one-b2c/ssm-connect/.build/DerivedData/ModuleCache.noindex/Session.modulevalidation
    export CLASS_FILE_DIR\=/Users/michielvh/code/one-b2c/ssm-connect/.build/DerivedData/Build/Intermediates.noindex/aws-sdk-swift.build/Debug/AWSSecretsManager.build/JavaClasses
    export CLEAN_PRECOMPS\=YES
    export CLONE_HEADERS\=NO
    export CODESIGNING_FOLDER_PATH\=/Users/michielvh/code/one-b2c/ssm-connect/.build/DerivedData/Build/Products/Debug/AWSSecretsManager.o
    export CODE_SIGNING_ALLOWED\=NO
    export CODE_SIGNING_REQUIRED\=NO
    export CODE_SIGN_IDENTITY_NO\=Apple\ Development
    export CODE_SIGN_IDENTITY_YES\=-
    export CODE_SIGN_INJECT_BASE_ENTITLEMENTS\=YES
    export COLOR_DIAGNOSTICS\=NO
    export COMBINE_HIDPI_IMAGES\=NO
    export COMPILATION_CACHE_CAS_PATH\=/Users/michielvh/code/one-b2c/ssm-connect/.build/DerivedData/CompilationCache.noindex
    export COMPILATION_CACHE_KEEP_CAS_DIRECTORY\=YES
    export COMPILER_INDEX_STORE_ENABLE\=Default
    export COMPILER_WORKING_DIRECTORY\=/Users/michielvh/code/one-b2c/ssm-connect/SSMConnect.xcodeproj
    export COMPOSITE_SDK_DIRS\=/Users/michielvh/code/one-b2c/ssm-connect/.build/DerivedData/Build/Intermediates.noindex/CompositeSDKs
    export COMPRESS_PNG_FILES\=NO
    export CONFIGURATION\=Debug
    export CONFIGURATION_BUILD_DIR\=/Users/michielvh/code/one-b2c/ssm-connect/.build/DerivedData/Build/Products/Debug
    export CONFIGURATION_TEMP_DIR\=/Users/michielvh/code/one-b2c/ssm-connect/.build/DerivedData/Build/Intermediates.noindex/aws-sdk-swift.build/Debug
    export COPYING_PRESERVES_HFS_DATA\=NO
    export COPY_HEADERS_RUN_UNIFDEF\=NO
    export COPY_PHASE_STRIP\=NO
    export CP\=/bin/cp
    export CREATE_INFOPLIST_SECTION_IN_BINARY\=NO
    export CURRENT_ARCH\=undefined_arch
    export CURRENT_VARIANT\=normal
    export DEAD_CODE_STRIPPING\=NO
    export DEBUGGING_SYMBOLS\=YES
    export DEBUG_INFORMATION_FORMAT\=dwarf
    export DEBUG_INFORMATION_VERSION\=compiler-default
    export DEFAULT_COMPILER\=com.apple.compilers.llvm.clang.1_0
    export DEFAULT_DEXT_INSTALL_PATH\=/System/Library/DriverExtensions
    export DEFAULT_KEXT_INSTALL_PATH\=/System/Library/Extensions
    export DEFINES_MODULE\=YES
    export DEPLOYMENT_LOCATION\=NO
    export DEPLOYMENT_POSTPROCESSING\=NO
    export DEPLOYMENT_TARGET_SETTING_NAME\=MACOSX_DEPLOYMENT_TARGET
    export DEPLOYMENT_TARGET_SUGGESTED_VALUES\=10.13\ 10.14\ 10.15\ 11.0\ 11.1\ 11.2\ 11.3\ 11.4\ 11.5\ 12.0\ 12.2\ 12.3\ 12.4\ 13.0\ 13.1\ 13.2\ 13.3\ 13.4\ 13.5\ 14.0\ 14.1\ 14.2\ 14.3\ 14.4\ 14.5\ 14.6\ 15.0\ 15.1\ 15.2\ 15.3\ 15.4\ 15.5\ 15.6\ 26.0\ 26.1\ 26.2\ 26.3\ 26.4\ 26.5
    export DERIVED_FILES_DIR\=/Users/michielvh/code/one-b2c/ssm-connect/.build/DerivedData/Build/Intermediates.noindex/aws-sdk-swift.build/Debug/AWSSecretsManager.build/DerivedSources
    export DERIVED_FILE_DIR\=/Users/michielvh/code/one-b2c/ssm-connect/.build/DerivedData/Build/Intermediates.noindex/aws-sdk-swift.build/Debug/AWSSecretsManager.build/DerivedSources
    export DERIVED_SOURCES_DIR\=/Users/michielvh/code/one-b2c/ssm-connect/.build/DerivedData/Build/Intermediates.noindex/aws-sdk-swift.build/Debug/AWSSecretsManager.build/DerivedSources
    export DEVELOPER_APPLICATIONS_DIR\=/Applications/Xcode.app/Contents/Developer/Applications
    export DEVELOPER_BIN_DIR\=/Applications/Xcode.app/Contents/Developer/usr/bin
    export DEVELOPER_DIR\=/Applications/Xcode.app/Contents/Developer
    export DEVELOPER_FRAMEWORKS_DIR\=/Applications/Xcode.app/Contents/Developer/Library/Frameworks
    export DEVELOPER_FRAMEWORKS_DIR_QUOTED\=/Applications/Xcode.app/Contents/Developer/Library/Frameworks
    export DEVELOPER_LIBRARY_DIR\=/Applications/Xcode.app/Contents/Developer/Library
    export DEVELOPER_SDK_DIR\=/Applications/Xcode.app/Contents/Developer/Platforms/MacOSX.platform/Developer/SDKs
    export DEVELOPER_TOOLS_DIR\=/Applications/Xcode.app/Contents/Developer/Tools
    export DEVELOPER_USR_DIR\=/Applications/Xcode.app/Contents/Developer/usr
    export DEVELOPMENT_LANGUAGE\=en
    export DIAGNOSE_MISSING_TARGET_DEPENDENCIES\=YES
    export DIFF\=/usr/bin/diff
    export DONT_GENERATE_INFOPLIST_FILE\=NO
    export DSTROOT\=/tmp/aws-sdk-swift.dst
    export DT_TOOLCHAIN_DIR\=/Applications/Xcode.app/Contents/Developer/Toolchains/XcodeDefault.xctoolchain
    export DUMP_DEPENDENCIES\=NO
    export DUMP_DEPENDENCIES_OUTPUT_PATH\=/Users/michielvh/code/one-b2c/ssm-connect/.build/DerivedData/Build/Intermediates.noindex/aws-sdk-swift.build/Debug/AWSSecretsManager.build/AWSSecretsManager-BuildDependencyInfo.json
    export DWARF_DSYM_FILE_NAME\=AWSSecretsManager.o.dSYM
    export DWARF_DSYM_FILE_SHOULD_ACCOMPANY_PRODUCT\=NO
    export DWARF_DSYM_FOLDER_PATH\=/Users/michielvh/code/one-b2c/ssm-connect/.build/DerivedData/Build/Products/Debug
    export DYLIB_INSTALL_NAME_BASE\=@rpath
    export DYNAMIC_LIBRARY_EXTENSION\=dylib
    export EAGER_COMPILATION_ALLOW_SCRIPTS\=NO
    export EAGER_LINKING\=NO
    export EFFECTIVE_SWIFT_VERSION\=5
    export EMBEDDED_CONTENT_CONTAINS_SWIFT\=NO
    export EMBEDDED_PROFILE_NAME\=embedded.provisionprofile
    export EMBED_ASSET_PACKS_IN_PRODUCT_BUNDLE\=NO
    export EMBED_PACKAGE_RESOURCE_BUNDLE_NAMES\=\ aws-sdk-swift_AWSClientRuntime\ smithy-swift_ClientRuntime\ aws-crt-swift_AwsCommonRuntimeKit
    export ENABLE_APP_SANDBOX\=NO
    export ENABLE_CODE_COVERAGE\=YES
    export ENABLE_COHORT_ARCHS\=NO
    export ENABLE_CPLUSPLUS_BOUNDS_SAFE_BUFFERS\=NO
    export ENABLE_C_BOUNDS_SAFETY\=NO
    export ENABLE_DEFAULT_HEADER_SEARCH_PATHS\=YES
    export ENABLE_DEFAULT_SEARCH_PATHS\=YES
    export ENABLE_ENHANCED_SECURITY\=NO
    export ENABLE_HARDENED_RUNTIME\=NO
    export ENABLE_HEADER_DEPENDENCIES\=YES
    export ENABLE_INCOMING_NETWORK_CONNECTIONS\=NO
    export ENABLE_NS_ASSERTIONS\=YES
    export ENABLE_ON_DEMAND_RESOURCES\=NO
    export ENABLE_OUTGOING_NETWORK_CONNECTIONS\=NO
    export ENABLE_POINTER_AUTHENTICATION\=NO
    export ENABLE_PREVIEWS\=NO
    export ENABLE_RESOURCE_ACCESS_AUDIO_INPUT\=NO
    export ENABLE_RESOURCE_ACCESS_BLUETOOTH\=NO
    export ENABLE_RESOURCE_ACCESS_CALENDARS\=NO
    export ENABLE_RESOURCE_ACCESS_CAMERA\=NO
    export ENABLE_RESOURCE_ACCESS_CONTACTS\=NO
    export ENABLE_RESOURCE_ACCESS_LOCATION\=NO
    export ENABLE_RESOURCE_ACCESS_PHOTO_LIBRARY\=NO
    export ENABLE_RESOURCE_ACCESS_PRINTING\=NO
    export ENABLE_RESOURCE_ACCESS_USB\=NO
    export ENABLE_SDK_IMPORTS\=NO
    export ENABLE_SECURITY_COMPILER_WARNINGS\=NO
    export ENABLE_TESTABILITY\=YES
    export ENABLE_TESTING_SEARCH_PATHS\=YES
    export ENABLE_USER_SCRIPT_SANDBOXING\=NO
    export ENABLE_XOJIT_PREVIEWS\=YES
    export ENFORCE_VALID_ARCHS\=YES
    export ENTITLEMENTS_DESTINATION\=Signature
    export ENTITLEMENTS_REQUIRED\=NO
    export EXCLUDED_INSTALLSRC_SUBDIRECTORY_PATTERNS\=.DS_Store\ .svn\ .git\ .hg\ CVS
    export EXCLUDED_RECURSIVE_SEARCH_PATH_SUBDIRECTORIES\=\*.nib\ \*.lproj\ \*.framework\ \*.gch\ \*.xcode\*\ \*.xcassets\ \*.icon\ \(\*\)\ .DS_Store\ CVS\ .svn\ .git\ .hg\ \*.pbproj\ \*.pbxproj
    export EXECUTABLE_EXTENSION\=o
    export EXECUTABLE_NAME\=AWSSecretsManager.o
    export EXECUTABLE_PATH\=AWSSecretsManager.o
    export EXECUTABLE_SUFFIX\=.o
    export FILE_LIST\=/Users/michielvh/code/one-b2c/ssm-connect/.build/DerivedData/Build/Intermediates.noindex/aws-sdk-swift.build/Debug/AWSSecretsManager.build/Objects/LinkFileList
    export FIXED_FILES_DIR\=/Users/michielvh/code/one-b2c/ssm-connect/.build/DerivedData/Build/Intermediates.noindex/aws-sdk-swift.build/Debug/AWSSecretsManager.build/FixedFiles
    export FRAMEWORK_FLAG_PREFIX\=-framework
    export FRAMEWORK_SEARCH_PATHS\=/Users/michielvh/code/one-b2c/ssm-connect/.build/DerivedData/Build/Products/Debug/PackageFrameworks\ /Users/michielvh/code/one-b2c/ssm-connect/.build/DerivedData/Build/Products/Debug/PackageFrameworks\ /Users/michielvh/code/one-b2c/ssm-connect/.build/DerivedData/Build/Products/Debug/PackageFrameworks\ /Users/michielvh/code/one-b2c/ssm-connect/.build/DerivedData/Build/Products/Debug/PackageFrameworks\ /Users/michielvh/code/one-b2c/ssm-connect/.build/DerivedData/Build/Products/Debug/PackageFrameworks\ /Users/michielvh/code/one-b2c/ssm-connect/.build/DerivedData/Build/Products/Debug/PackageFrameworks\ /Users/michielvh/code/one-b2c/ssm-connect/.build/DerivedData/Build/Products/Debug/PackageFrameworks\ /Users/michielvh/code/one-b2c/ssm-connect/.build/DerivedData/Build/Products/Debug/PackageFrameworks\ /Users/michielvh/code/one-b2c/ssm-connect/.build/DerivedData/Build/Products/Debug/PackageFrameworks\ /Users/michielvh/code/one-b2c/ssm-connect/.build/DerivedData/Build/Products/Debug/PackageFrameworks\ /Users/michielvh/code/one-b2c/ssm-connect/.build/DerivedData/Build/Products/Debug/PackageFrameworks\ /Users/michielvh/code/one-b2c/ssm-connect/.build/DerivedData/Build/Products/Debug/PackageFrameworks\ /Users/michielvh/code/one-b2c/ssm-connect/.build/DerivedData/Build/Products/Debug/PackageFrameworks\ /Users/michielvh/code/one-b2c/ssm-connect/.build/DerivedData/Build/Products/Debug/PackageFrameworks\ /Users/michielvh/code/one-b2c/ssm-connect/.build/DerivedData/Build/Products/Debug/PackageFrameworks\ /Users/michielvh/code/one-b2c/ssm-connect/.build/DerivedData/Build/Products/Debug/PackageFrameworks\ /Users/michielvh/code/one-b2c/ssm-connect/.build/DerivedData/Build/Products/Debug/PackageFrameworks\ /Users/michielvh/code/one-b2c/ssm-connect/.build/DerivedData/Build/Products/Debug/PackageFrameworks\ /Users/michielvh/code/one-b2c/ssm-connect/.build/DerivedData/Build/Products/Debug/PackageFrameworks\ /Users/michielvh/code/one-b2c/ssm-connect/.build/DerivedData/Build/Products/Debug/PackageFrameworks\ /Users/michielvh/code/one-b2c/ssm-connect/.build/DerivedData/Build/Products/Debug/PackageFrameworks\ /Users/michielvh/code/one-b2c/ssm-connect/.build/DerivedData/Build/Products/Debug/PackageFrameworks\ /Users/michielvh/code/one-b2c/ssm-connect/.build/DerivedData/Build/Products/Debug/PackageFrameworks\ /Users/michielvh/code/one-b2c/ssm-connect/.build/DerivedData/Build/Products/Debug/PackageFrameworks\ /Users/michielvh/code/one-b2c/ssm-connect/.build/DerivedData/Build/Products/Debug/PackageFrameworks\ /Users/michielvh/code/one-b2c/ssm-connect/.build/DerivedData/Build/Products/Debug/PackageFrameworks\ /Users/michielvh/code/one-b2c/ssm-connect/.build/DerivedData/Build/Products/Debug/PackageFrameworks\ /Users/michielvh/code/one-b2c/ssm-connect/.build/DerivedData/Build/Products/Debug/PackageFrameworks\ /Users/michielvh/code/one-b2c/ssm-connect/.build/DerivedData/Build/Products/Debug/PackageFrameworks\ /Users/michielvh/code/one-b2c/ssm-connect/.build/DerivedData/Build/Products/Debug/PackageFrameworks\ /Users/michielvh/code/one-b2c/ssm-connect/.build/DerivedData/Build/Products/Debug/PackageFrameworks\ /Users/michielvh/code/one-b2c/ssm-connect/.build/DerivedData/Build/Products/Debug/PackageFrameworks\ /Users/michielvh/code/one-b2c/ssm-connect/.build/DerivedData/Build/Products/Debug/PackageFrameworks\ /Users/michielvh/code/one-b2c/ssm-connect/.build/DerivedData/Build/Products/Debug/PackageFrameworks\ /Users/michielvh/code/one-b2c/ssm-connect/.build/DerivedData/Build/Products/Debug/PackageFrameworks\ /Users/michielvh/code/one-b2c/ssm-connect/.build/DerivedData/Build/Products/Debug/PackageFrameworks\ /Users/michielvh/code/one-b2c/ssm-connect/.build/DerivedData/Build/Products/Debug/PackageFrameworks\ /Users/michielvh/code/one-b2c/ssm-connect/.build/DerivedData/Build/Products/Debug/PackageFrameworks\ /Users/michielvh/code/one-b2c/ssm-connect/.build/DerivedData/Build/Products/Debug/PackageFrameworks\ /Users/michielvh/code/one-b2c/ssm-connect/.build/DerivedData/Build/Products/Debug/PackageFrameworks\ /Users/michielvh/code/one-b2c/ssm-connect/.build/DerivedData/Build/Products/Debug/PackageFrameworks\ /Users/michielvh/code/one-b2c/ssm-connect/.build/DerivedData/Build/Products/Debug/PackageFrameworks\ /Users/michielvh/code/one-b2c/ssm-connect/.build/DerivedData/Build/Products/Debug/PackageFrameworks\ /Users/michielvh/code/one-b2c/ssm-connect/.build/DerivedData/Build/Products/Debug/PackageFrameworks\ /Users/michielvh/code/one-b2c/ssm-connect/.build/DerivedData/Build/Products/Debug/PackageFrameworks\ /Users/michielvh/code/one-b2c/ssm-connect/.build/DerivedData/Build/Products/Debug/PackageFrameworks\ /Users/michielvh/code/one-b2c/ssm-connect/.build/DerivedData/Build/Products/Debug/PackageFrameworks\ /Users/michielvh/code/one-b2c/ssm-connect/.build/DerivedData/Build/Products/Debug/PackageFrameworks\ /Users/michielvh/code/one-b2c/ssm-connect/.build/DerivedData/Build/Products/Debug/PackageFrameworks\ /Users/michielvh/code/one-b2c/ssm-connect/.build/DerivedData/Build/Products/Debug/PackageFrameworks\ /Users/michielvh/code/one-b2c/ssm-connect/.build/DerivedData/Build/Products/Debug/PackageFrameworks\ /Users/michielvh/code/one-b2c/ssm-connect/.build/DerivedData/Build/Products/Debug\ 
    export FRAMEWORK_VERSION\=A
    export FULL_PRODUCT_NAME\=AWSSecretsManager.o
    export FUSE_BUILD_PHASES\=YES
    export FUSE_BUILD_SCRIPT_PHASES\=NO
    export GCC3_VERSION\=3.3
    export GCC_INLINES_ARE_PRIVATE_EXTERN\=YES
    export GCC_OPTIMIZATION_LEVEL\=0
    export GCC_PFE_FILE_C_DIALECTS\=c\ objective-c\ c++\ objective-c++
    export GCC_PREPROCESSOR_DEFINITIONS\=\ SWIFT_PACKAGE\ DEBUG\=1
    export GCC_TREAT_WARNINGS_AS_ERRORS\=NO
    export GCC_VERSION\=com.apple.compilers.llvm.clang.1_0
    export GCC_VERSION_IDENTIFIER\=com_apple_compilers_llvm_clang_1_0
    export GCC_WARN_64_TO_32_BIT_CONVERSION\=NO
    export GENERATED_MODULEMAP_DIR\=/Users/michielvh/code/one-b2c/ssm-connect/.build/DerivedData/Build/Intermediates.noindex/GeneratedModuleMaps
    export GENERATE_INFOPLIST_FILE\=NO
    export GENERATE_INTERMEDIATE_TEXT_BASED_STUBS\=YES
    export GENERATE_MASTER_OBJECT_FILE\=NO
    export GENERATE_PKGINFO_FILE\=NO
    export GENERATE_PRELINK_OBJECT_FILE\=NO
    export GENERATE_PROFILING_CODE\=NO
    export GENERATE_TEXT_BASED_STUBS\=NO
    export GID\=20
    export GROUP\=staff
    export HEADERMAP_INCLUDES_FLAT_ENTRIES_FOR_TARGET_BEING_BUILT\=YES
    export HEADERMAP_INCLUDES_FRAMEWORK_ENTRIES_FOR_ALL_PRODUCT_TYPES\=YES
    export HEADERMAP_INCLUDES_FRAMEWORK_ENTRIES_FOR_TARGETS_NOT_BEING_BUILT\=YES
    export HEADERMAP_INCLUDES_NONPUBLIC_NONPRIVATE_HEADERS\=YES
    export HEADERMAP_INCLUDES_PROJECT_HEADERS\=YES
    export HEADERMAP_USES_FRAMEWORK_PREFIX_ENTRIES\=YES
    export HEADERMAP_USES_VFS\=YES
    export HEADER_SEARCH_PATHS\=/Users/michielvh/code/one-b2c/ssm-connect/.build/DerivedData/SourcePackages/checkouts/aws-crt-swift/aws-common-runtime/aws-c-mqtt/include\ /Users/michielvh/code/one-b2c/ssm-connect/.build/DerivedData/SourcePackages/checkouts/aws-crt-swift/aws-common-runtime/aws-c-event-stream/include\ /Users/michielvh/code/one-b2c/ssm-connect/.build/DerivedData/SourcePackages/checkouts/aws-crt-swift/aws-common-runtime/aws-checksums/include\ /Users/michielvh/code/one-b2c/ssm-connect/.build/DerivedData/SourcePackages/checkouts/aws-crt-swift/aws-common-runtime/aws-c-auth/include\ /Users/michielvh/code/one-b2c/ssm-connect/.build/DerivedData/SourcePackages/checkouts/aws-crt-swift/aws-common-runtime/aws-c-sdkutils/include\ /Users/michielvh/code/one-b2c/ssm-connect/.build/DerivedData/SourcePackages/checkouts/aws-crt-swift/aws-common-runtime/aws-c-http/include\ /Users/michielvh/code/one-b2c/ssm-connect/.build/DerivedData/SourcePackages/checkouts/aws-crt-swift/aws-common-runtime/aws-c-io/include\ /Users/michielvh/code/one-b2c/ssm-connect/.build/DerivedData/SourcePackages/checkouts/aws-crt-swift/aws-common-runtime/aws-c-cal/include\ /Users/michielvh/code/one-b2c/ssm-connect/.build/DerivedData/SourcePackages/checkouts/aws-crt-swift/aws-common-runtime/aws-c-compression/include\ /Users/michielvh/code/one-b2c/ssm-connect/.build/DerivedData/SourcePackages/checkouts/aws-crt-swift/aws-common-runtime/aws-c-common/include\ /Users/michielvh/code/one-b2c/ssm-connect/.build/DerivedData/SourcePackages/checkouts/aws-crt-swift/aws-common-runtime/config/.\ /Users/michielvh/code/one-b2c/ssm-connect/.build/DerivedData/Build/Products/Debug/include\ 
    export HOME\=/Users/michielvh
    export HOST_ARCH\=arm64
    export HOST_PLATFORM\=macosx
    export ICONV\=/usr/bin/iconv
    export IMPLICIT_DEPENDENCY_DOMAIN\=default
    export INDEX_STORE_COMPRESS\=NO
    export INDEX_STORE_ONLY_PROJECT_FILES\=NO
    export INFOPLIST_ENABLE_CFBUNDLEICONS_MERGE\=YES
    export INFOPLIST_EXPAND_BUILD_SETTINGS\=YES
    export INFOPLIST_OUTPUT_FORMAT\=same-as-input
    export INFOPLIST_PREPROCESS\=NO
    export INLINE_PRIVATE_FRAMEWORKS\=NO
    export INSTALLAPI_IGNORE_SKIP_INSTALL\=YES
    export INSTALLHDRS_COPY_PHASE\=NO
    export INSTALLHDRS_SCRIPT_PHASE\=NO
    export INSTALL_DIR\=/tmp/aws-sdk-swift.dst/Users/michielvh/Objects
    export INSTALL_GROUP\=staff
    export INSTALL_MODE_FLAG\=u+w,go-w,a+rX
    export INSTALL_OWNER\=michielvh
    export INSTALL_PATH\=/Users/michielvh/Objects
    export INSTALL_ROOT\=/tmp/aws-sdk-swift.dst
    export IOS_UNZIPPERED_TWIN_PREFIX_PATH\=/System/iOSSupport
    export IS_MACCATALYST\=NO
    export IS_UNOPTIMIZED_BUILD\=YES
    export JAVAC_DEFAULT_FLAGS\=-J-Xms64m\ -J-XX:NewSize\=4M\ -J-Dfile.encoding\=UTF8
    export JAVA_APP_STUB\=/System/Library/Frameworks/JavaVM.framework/Resources/MacOS/JavaApplicationStub
    export JAVA_ARCHIVE_CLASSES\=YES
    export JAVA_ARCHIVE_TYPE\=JAR
    export JAVA_COMPILER\=/usr/bin/javac
    export JAVA_FRAMEWORK_RESOURCES_DIRS\=Resources
    export JAVA_JAR_FLAGS\=cv
    export JAVA_SOURCE_SUBDIR\=.
    export JAVA_USE_DEPENDENCIES\=YES
    export JAVA_ZIP_FLAGS\=-urg
    export JIKES_DEFAULT_FLAGS\=+E\ +OLDCSO
    export KASAN_CFLAGS_CLASSIC\=-DKASAN\=1\ -DKASAN_CLASSIC\=1\ -fsanitize\=address\ -mllvm\ -asan-globals-live-support\ -mllvm\ -asan-force-dynamic-shadow
    export KASAN_CFLAGS_TBI\=-DKASAN\=1\ -DKASAN_TBI\=1\ -fsanitize\=kernel-hwaddress\ -mllvm\ -hwasan-recover\=0\ -mllvm\ -hwasan-instrument-atomics\=0\ -mllvm\ -hwasan-instrument-stack\=1\ -mllvm\ -hwasan-generate-tags-with-calls\=1\ -mllvm\ -hwasan-instrument-with-calls\=1\ -mllvm\ -hwasan-use-short-granules\=0\ -mllvm\ -hwasan-memory-access-callback-prefix\=__asan_
    export KASAN_DEFAULT_CFLAGS\=-DKASAN\=1\ -DKASAN_CLASSIC\=1\ -fsanitize\=address\ -mllvm\ -asan-globals-live-support\ -mllvm\ -asan-force-dynamic-shadow
    export KEEP_PRIVATE_EXTERNS\=NO
    export LD_DEPENDENCY_INFO_FILE\=/Users/michielvh/code/one-b2c/ssm-connect/.build/DerivedData/Build/Intermediates.noindex/aws-sdk-swift.build/Debug/AWSSecretsManager.build/Objects-normal/undefined_arch/AWSSecretsManager_dependency_info.dat
    export LD_EXPORT_SYMBOLS\=YES
    export LD_GENERATE_MAP_FILE\=NO
    export LD_MAP_FILE_PATH\=/Users/michielvh/code/one-b2c/ssm-connect/.build/DerivedData/Build/Intermediates.noindex/aws-sdk-swift.build/Debug/AWSSecretsManager.build/AWSSecretsManager-LinkMap-normal-undefined_arch.txt
    export LD_NO_PIE\=NO
    export LD_QUOTE_LINKER_ARGUMENTS_FOR_COMPILER_DRIVER\=YES
    export LD_RUNPATH_SEARCH_PATHS\=/Users/michielvh/code/one-b2c/ssm-connect/.build/DerivedData/Build/Products/Debug/PackageFrameworks\ /Users/michielvh/code/one-b2c/ssm-connect/.build/DerivedData/Build/Products/Debug/PackageFrameworks\ /Users/michielvh/code/one-b2c/ssm-connect/.build/DerivedData/Build/Products/Debug/PackageFrameworks\ /Users/michielvh/code/one-b2c/ssm-connect/.build/DerivedData/Build/Products/Debug/PackageFrameworks\ /Users/michielvh/code/one-b2c/ssm-connect/.build/DerivedData/Build/Products/Debug/PackageFrameworks\ /Users/michielvh/code/one-b2c/ssm-connect/.build/DerivedData/Build/Products/Debug/PackageFrameworks\ /Users/michielvh/code/one-b2c/ssm-connect/.build/DerivedData/Build/Products/Debug/PackageFrameworks\ /Users/michielvh/code/one-b2c/ssm-connect/.build/DerivedData/Build/Products/Debug/PackageFrameworks\ /Users/michielvh/code/one-b2c/ssm-connect/.build/DerivedData/Build/Products/Debug/PackageFrameworks\ /Users/michielvh/code/one-b2c/ssm-connect/.build/DerivedData/Build/Products/Debug/PackageFrameworks\ /Users/michielvh/code/one-b2c/ssm-connect/.build/DerivedData/Build/Products/Debug/PackageFrameworks\ /Users/michielvh/code/one-b2c/ssm-connect/.build/DerivedData/Build/Products/Debug/PackageFrameworks\ /Users/michielvh/code/one-b2c/ssm-connect/.build/DerivedData/Build/Products/Debug/PackageFrameworks\ /Users/michielvh/code/one-b2c/ssm-connect/.build/DerivedData/Build/Products/Debug/PackageFrameworks\ /Users/michielvh/code/one-b2c/ssm-connect/.build/DerivedData/Build/Products/Debug/PackageFrameworks\ /Users/michielvh/code/one-b2c/ssm-connect/.build/DerivedData/Build/Products/Debug/PackageFrameworks\ /Users/michielvh/code/one-b2c/ssm-connect/.build/DerivedData/Build/Products/Debug/PackageFrameworks\ /Users/michielvh/code/one-b2c/ssm-connect/.build/DerivedData/Build/Products/Debug/PackageFrameworks\ /Users/michielvh/code/one-b2c/ssm-connect/.build/DerivedData/Build/Products/Debug/PackageFrameworks\ /Users/michielvh/code/one-b2c/ssm-connect/.build/DerivedData/Build/Products/Debug/PackageFrameworks\ /Users/michielvh/code/one-b2c/ssm-connect/.build/DerivedData/Build/Products/Debug/PackageFrameworks\ /Users/michielvh/code/one-b2c/ssm-connect/.build/DerivedData/Build/Products/Debug/PackageFrameworks\ /Users/michielvh/code/one-b2c/ssm-connect/.build/DerivedData/Build/Products/Debug/PackageFrameworks\ /Users/michielvh/code/one-b2c/ssm-connect/.build/DerivedData/Build/Products/Debug/PackageFrameworks\ /Users/michielvh/code/one-b2c/ssm-connect/.build/DerivedData/Build/Products/Debug/PackageFrameworks\ /Users/michielvh/code/one-b2c/ssm-connect/.build/DerivedData/Build/Products/Debug/PackageFrameworks\ /Users/michielvh/code/one-b2c/ssm-connect/.build/DerivedData/Build/Products/Debug/PackageFrameworks\ /Users/michielvh/code/one-b2c/ssm-connect/.build/DerivedData/Build/Products/Debug/PackageFrameworks\ /Users/michielvh/code/one-b2c/ssm-connect/.build/DerivedData/Build/Products/Debug/PackageFrameworks\ /Users/michielvh/code/one-b2c/ssm-connect/.build/DerivedData/Build/Products/Debug/PackageFrameworks\ /Users/michielvh/code/one-b2c/ssm-connect/.build/DerivedData/Build/Products/Debug/PackageFrameworks\ /Users/michielvh/code/one-b2c/ssm-connect/.build/DerivedData/Build/Products/Debug/PackageFrameworks\ /Users/michielvh/code/one-b2c/ssm-connect/.build/DerivedData/Build/Products/Debug/PackageFrameworks\ /Users/michielvh/code/one-b2c/ssm-connect/.build/DerivedData/Build/Products/Debug/PackageFrameworks\ /Users/michielvh/code/one-b2c/ssm-connect/.build/DerivedData/Build/Products/Debug/PackageFrameworks\ /Users/michielvh/code/one-b2c/ssm-connect/.build/DerivedData/Build/Products/Debug/PackageFrameworks\ /Users/michielvh/code/one-b2c/ssm-connect/.build/DerivedData/Build/Products/Debug/PackageFrameworks\ /Users/michielvh/code/one-b2c/ssm-connect/.build/DerivedData/Build/Products/Debug/PackageFrameworks\ /Users/michielvh/code/one-b2c/ssm-connect/.build/DerivedData/Build/Products/Debug/PackageFrameworks\ /Users/michielvh/code/one-b2c/ssm-connect/.build/DerivedData/Build/Products/Debug/PackageFrameworks\ /Users/michielvh/code/one-b2c/ssm-connect/.build/DerivedData/Build/Products/Debug/PackageFrameworks\ /Users/michielvh/code/one-b2c/ssm-connect/.build/DerivedData/Build/Products/Debug/PackageFrameworks\ /Users/michielvh/code/one-b2c/ssm-connect/.build/DerivedData/Build/Products/Debug/PackageFrameworks\ /Users/michielvh/code/one-b2c/ssm-connect/.build/DerivedData/Build/Products/Debug/PackageFrameworks\ /Users/michielvh/code/one-b2c/ssm-connect/.build/DerivedData/Build/Products/Debug/PackageFrameworks\ /Users/michielvh/code/one-b2c/ssm-connect/.build/DerivedData/Build/Products/Debug/PackageFrameworks\ /Users/michielvh/code/one-b2c/ssm-connect/.build/DerivedData/Build/Products/Debug/PackageFrameworks\ /Users/michielvh/code/one-b2c/ssm-connect/.build/DerivedData/Build/Products/Debug/PackageFrameworks\ /Users/michielvh/code/one-b2c/ssm-connect/.build/DerivedData/Build/Products/Debug/PackageFrameworks\ /Users/michielvh/code/one-b2c/ssm-connect/.build/DerivedData/Build/Products/Debug/PackageFrameworks\ /Users/michielvh/code/one-b2c/ssm-connect/.build/DerivedData/Build/Products/Debug/PackageFrameworks\ 
    export LD_SHARED_CACHE_ELIGIBLE\=Automatic
    export LD_WARN_DUPLICATE_LIBRARIES\=NO
    export LD_WARN_UNUSED_DYLIBS\=NO
    export LEGACY_DEVELOPER_DIR\=/Applications/Xcode.app/Contents/PlugIns/Xcode3Core.ideplugin/Contents/SharedSupport/Developer
    export LEX\=lex
    export LIBRARY_DEXT_INSTALL_PATH\=/Library/DriverExtensions
    export LIBRARY_FLAG_NOSPACE\=YES
    export LIBRARY_FLAG_PREFIX\=-l
    export LIBRARY_KEXT_INSTALL_PATH\=/Library/Extensions
    export LIBRARY_SEARCH_PATHS\=/Users/michielvh/code/one-b2c/ssm-connect/.build/DerivedData/Build/Products/Debug\ \ \ /Applications/Xcode.app/Contents/Developer/Platforms/MacOSX.platform/Developer/usr/lib
    export LINKER_DISPLAYS_MANGLED_NAMES\=NO
    export LINK_FILE_LIST_normal_arm64\=/Users/michielvh/code/one-b2c/ssm-connect/.build/DerivedData/Build/Intermediates.noindex/aws-sdk-swift.build/Debug/AWSSecretsManager.build/Objects-normal/arm64/AWSSecretsManager.LinkFileList
    export LINK_OBJC_RUNTIME\=YES
    export LINK_WITH_STANDARD_LIBRARIES\=NO
    export LLVM_TARGET_TRIPLE_OS_VERSION\=macos12.0
    export LLVM_TARGET_TRIPLE_OS_VERSION_NO\=macos12.0
    export LLVM_TARGET_TRIPLE_OS_VERSION_YES\=macos26.5
    export LLVM_TARGET_TRIPLE_VENDOR\=apple
    export LM_AUX_CONST_METADATA_LIST_PATH_normal_arm64\=/Users/michielvh/code/one-b2c/ssm-connect/.build/DerivedData/Build/Intermediates.noindex/aws-sdk-swift.build/Debug/AWSSecretsManager.build/Objects-normal/arm64/AWSSecretsManager.SwiftConstValuesFileList
    export LOCALIZATION_EXPORT_SUPPORTED\=YES
    export LOCALIZATION_PREFERS_STRING_CATALOGS\=NO
    export LOCALIZED_STRING_CODE_COMMENTS\=NO
    export LOCALIZED_STRING_MACRO_NAMES\=NSLocalizedString\ CFCopyLocalizedString
    export LOCALIZED_STRING_SWIFTUI_SUPPORT\=YES
    export LOCAL_ADMIN_APPS_DIR\=/Applications/Utilities
    export LOCAL_APPS_DIR\=/Applications
    export LOCAL_DEVELOPER_DIR\=/Library/Developer
    export LOCAL_LIBRARY_DIR\=/Library
    export LOCROOT\=/Users/michielvh/code/one-b2c/ssm-connect/.build/DerivedData/SourcePackages/checkouts/aws-sdk-swift
    export LOCSYMROOT\=/Users/michielvh/code/one-b2c/ssm-connect/.build/DerivedData/SourcePackages/checkouts/aws-sdk-swift
    export MACH_O_TYPE\=mh_object
    export MACOSX_DEPLOYMENT_TARGET\=12.0
    export MAC_OS_X_PRODUCT_BUILD_VERSION\=25E246
    export MAC_OS_X_VERSION_ACTUAL\=260400
    export MAC_OS_X_VERSION_MAJOR\=260000
    export MAC_OS_X_VERSION_MINOR\=260400
    export MAKE_MERGEABLE\=NO
    export MERGEABLE_LIBRARY\=NO
    export MERGED_BINARY_TYPE\=none
    export MERGE_LINKED_LIBRARIES\=NO
    export METAL_LIBRARY_FILE_BASE\=default
    export METAL_LIBRARY_OUTPUT_DIR\=/Users/michielvh/code/one-b2c/ssm-connect/.build/DerivedData/Build/Products/Debug/
    export MODULEMAP_FILE_CONTENTS\=module\ AWSSecretsManager\ \{'
'header\ \"AWSSecretsManager-Swift.h\"'
'export\ \*'
'\}
    export MODULEMAP_PATH\=/Users/michielvh/code/one-b2c/ssm-connect/.build/DerivedData/Build/Intermediates.noindex/GeneratedModuleMaps/AWSSecretsManager.modulemap
    export MODULE_CACHE_DIR\=/Users/michielvh/code/one-b2c/ssm-connect/.build/DerivedData/ModuleCache.noindex
    export NATIVE_ARCH\=arm64
    export NATIVE_ARCH_32_BIT\=arm
    export NATIVE_ARCH_64_BIT\=arm64
    export NATIVE_ARCH_ACTUAL\=arm64
    export NO_COMMON\=YES
    export OBJECT_FILE_DIR\=/Users/michielvh/code/one-b2c/ssm-connect/.build/DerivedData/Build/Intermediates.noindex/aws-sdk-swift.build/Debug/AWSSecretsManager.build/Objects
    export OBJECT_FILE_DIR_normal\=/Users/michielvh/code/one-b2c/ssm-connect/.build/DerivedData/Build/Intermediates.noindex/aws-sdk-swift.build/Debug/AWSSecretsManager.build/Objects-normal
    export OBJROOT\=/Users/michielvh/code/one-b2c/ssm-connect/.build/DerivedData/Build/Intermediates.noindex
    export ONLY_ACTIVE_ARCH\=YES
    export OS\=MACOS
    export OSAC\=/usr/bin/osacompile
    export OTHER_CFLAGS\=-fmodule-map-file\=/Users/michielvh/code/one-b2c/ssm-connect/.build/DerivedData/SourcePackages/checkouts/aws-crt-swift/Source/LibNative/module.modulemap\ -fmodule-map-file\=/Users/michielvh/code/one-b2c/ssm-connect/.build/DerivedData/Build/Intermediates.noindex/GeneratedModuleMaps/AwsCMqtt.modulemap\ -fmodule-map-file\=/Users/michielvh/code/one-b2c/ssm-connect/.build/DerivedData/Build/Intermediates.noindex/GeneratedModuleMaps/AwsCEventStream.modulemap\ -fmodule-map-file\=/Users/michielvh/code/one-b2c/ssm-connect/.build/DerivedData/Build/Intermediates.noindex/GeneratedModuleMaps/AwsCChecksums.modulemap\ -fmodule-map-file\=/Users/michielvh/code/one-b2c/ssm-connect/.build/DerivedData/Build/Intermediates.noindex/GeneratedModuleMaps/AwsCAuth.modulemap\ -fmodule-map-file\=/Users/michielvh/code/one-b2c/ssm-connect/.build/DerivedData/Build/Intermediates.noindex/GeneratedModuleMaps/AwsCSdkUtils.modulemap\ -fmodule-map-file\=/Users/michielvh/code/one-b2c/ssm-connect/.build/DerivedData/Build/Intermediates.noindex/GeneratedModuleMaps/AwsCHttp.modulemap\ -fmodule-map-file\=/Users/michielvh/code/one-b2c/ssm-connect/.build/DerivedData/Build/Intermediates.noindex/GeneratedModuleMaps/AwsCIo.modulemap\ -fmodule-map-file\=/Users/michielvh/code/one-b2c/ssm-connect/.build/DerivedData/Build/Intermediates.noindex/GeneratedModuleMaps/AwsCCal.modulemap\ -fmodule-map-file\=/Users/michielvh/code/one-b2c/ssm-connect/.build/DerivedData/Build/Intermediates.noindex/GeneratedModuleMaps/AwsCCompression.modulemap\ -fmodule-map-file\=/Users/michielvh/code/one-b2c/ssm-connect/.build/DerivedData/Build/Intermediates.noindex/GeneratedModuleMaps/AwsCCommon.modulemap\ -fmodule-map-file\=/Users/michielvh/code/one-b2c/ssm-connect/.build/DerivedData/Build/Intermediates.noindex/GeneratedModuleMaps/AwsCommonRuntimeKit.modulemap\ -fmodule-map-file\=/Users/michielvh/code/one-b2c/ssm-connect/.build/DerivedData/Build/Intermediates.noindex/GeneratedModuleMaps/ClientRuntime.modulemap\ -fmodule-map-file\=/Users/michielvh/code/one-b2c/ssm-connect/.build/DerivedData/Build/Intermediates.noindex/GeneratedModuleMaps/SmithyCBOR.modulemap\ -fmodule-map-file\=/Users/michielvh/code/one-b2c/ssm-connect/.build/DerivedData/Build/Intermediates.noindex/GeneratedModuleMaps/SmithyChecksums.modulemap\ -fmodule-map-file\=/Users/michielvh/code/one-b2c/ssm-connect/.build/DerivedData/Build/Intermediates.noindex/GeneratedModuleMaps/SmithyEventStreams.modulemap\ -fmodule-map-file\=/Users/michielvh/code/one-b2c/ssm-connect/.build/DerivedData/Build/Intermediates.noindex/GeneratedModuleMaps/SmithyEventStreamsAuthAPI.modulemap\ -fmodule-map-file\=/Users/michielvh/code/one-b2c/ssm-connect/.build/DerivedData/Build/Intermediates.noindex/GeneratedModuleMaps/SmithyEventStreamsAPI.modulemap\ -fmodule-map-file\=/Users/michielvh/code/one-b2c/ssm-connect/.build/DerivedData/Build/Intermediates.noindex/GeneratedModuleMaps/SmithyHTTPAuth.modulemap\ -fmodule-map-file\=/Users/michielvh/code/one-b2c/ssm-connect/.build/DerivedData/Build/Intermediates.noindex/GeneratedModuleMaps/SmithyChecksumsAPI.modulemap\ -fmodule-map-file\=/Users/michielvh/code/one-b2c/ssm-connect/.build/DerivedData/Build/Intermediates.noindex/GeneratedModuleMaps/SmithyHTTPClient.modulemap\ -fmodule-map-file\=/Users/michielvh/code/one-b2c/ssm-connect/.build/DerivedData/Build/Intermediates.noindex/GeneratedModuleMaps/SmithyStreams.modulemap\ -fmodule-map-file\=/Users/michielvh/code/one-b2c/ssm-connect/.build/DerivedData/Build/Intermediates.noindex/GeneratedModuleMaps/SmithyIdentity.modulemap\ -fmodule-map-file\=/Users/michielvh/code/one-b2c/ssm-connect/.build/DerivedData/Build/Intermediates.noindex/GeneratedModuleMaps/SmithyRetries.modulemap\ -fmodule-map-file\=/Users/michielvh/code/one-b2c/ssm-connect/.build/DerivedData/Build/Intermediates.noindex/GeneratedModuleMaps/SmithyRetriesAPI.modulemap\ -fmodule-map-file\=/Users/michielvh/code/one-b2c/ssm-connect/.build/DerivedData/Build/Intermediates.noindex/GeneratedModuleMaps/SmithyHTTPClientAPI.modulemap\ -fmodule-map-file\=/Users/michielvh/code/one-b2c/ssm-connect/.build/DerivedData/Build/Intermediates.noindex/GeneratedModuleMaps/SmithyTelemetryAPI.modulemap\ -fmodule-map-file\=/Users/michielvh/code/one-b2c/ssm-connect/.build/DerivedData/Build/Intermediates.noindex/GeneratedModuleMaps/SmithyAWSJSON.modulemap\ -fmodule-map-file\=/Users/michielvh/code/one-b2c/ssm-connect/.build/DerivedData/Build/Intermediates.noindex/GeneratedModuleMaps/SmithyIdentityAPI.modulemap\ -fmodule-map-file\=/Users/michielvh/code/one-b2c/ssm-connect/.build/DerivedData/Build/Intermediates.noindex/GeneratedModuleMaps/SmithyHTTPAPI.modulemap\ -fmodule-map-file\=/Users/michielvh/code/one-b2c/ssm-connect/.build/DerivedData/Build/Intermediates.noindex/GeneratedModuleMaps/SmithyHTTPAuthAPI.modulemap\ -fmodule-map-file\=/Users/michielvh/code/one-b2c/ssm-connect/.build/DerivedData/Build/Intermediates.noindex/GeneratedModuleMaps/SmithyJSON.modulemap\ -fmodule-map-file\=/Users/michielvh/code/one-b2c/ssm-connect/.build/DerivedData/Build/Intermediates.noindex/GeneratedModuleMaps/SmithyFormURL.modulemap\ -fmodule-map-file\=/Users/michielvh/code/one-b2c/ssm-connect/.build/DerivedData/Build/Intermediates.noindex/GeneratedModuleMaps/Logging.modulemap\ -fmodule-map-file\=/Users/michielvh/code/one-b2c/ssm-connect/.build/DerivedData/Build/Intermediates.noindex/GeneratedModuleMaps/SmithyReadWrite.modulemap\ -fmodule-map-file\=/Users/michielvh/code/one-b2c/ssm-connect/.build/DerivedData/Build/Intermediates.noindex/GeneratedModuleMaps/SmithyTimestamps.modulemap\ -fmodule-map-file\=/Users/michielvh/code/one-b2c/ssm-connect/.build/DerivedData/Build/Intermediates.noindex/GeneratedModuleMaps/SmithySerialization.modulemap\ -fmodule-map-file\=/Users/michielvh/code/one-b2c/ssm-connect/.build/DerivedData/Build/Intermediates.noindex/GeneratedModuleMaps/Smithy.modulemap\ -fmodule-map-file\=/Users/michielvh/code/one-b2c/ssm-connect/.build/DerivedData/Build/Intermediates.noindex/GeneratedModuleMaps/SmithyXML.modulemap\ -fmodule-map-file\=/Users/michielvh/code/one-b2c/ssm-connect/.build/DerivedData/Build/Intermediates.noindex/GeneratedModuleMaps/AWSSDKIdentity.modulemap\ -fmodule-map-file\=/Users/michielvh/code/one-b2c/ssm-connect/.build/DerivedData/Build/Intermediates.noindex/GeneratedModuleMaps/InternalAWSSignin.modulemap\ -fmodule-map-file\=/Users/michielvh/code/one-b2c/ssm-connect/.build/DerivedData/Build/Intermediates.noindex/GeneratedModuleMaps/InternalAWSSTS.modulemap\ -fmodule-map-file\=/Users/michielvh/code/one-b2c/ssm-connect/.build/DerivedData/Build/Intermediates.noindex/GeneratedModuleMaps/InternalAWSSSOOIDC.modulemap\ -fmodule-map-file\=/Users/michielvh/code/one-b2c/ssm-connect/.build/DerivedData/Build/Intermediates.noindex/GeneratedModuleMaps/InternalAWSSSO.modulemap\ -fmodule-map-file\=/Users/michielvh/code/one-b2c/ssm-connect/.build/DerivedData/Build/Intermediates.noindex/GeneratedModuleMaps/InternalAWSCognitoIdentity.modulemap\ -fmodule-map-file\=/Users/michielvh/code/one-b2c/ssm-connect/.build/DerivedData/Build/Intermediates.noindex/GeneratedModuleMaps/AWSClientRuntime.modulemap\ -fmodule-map-file\=/Users/michielvh/code/one-b2c/ssm-connect/.build/DerivedData/Build/Intermediates.noindex/GeneratedModuleMaps/AWSSDKDynamic.modulemap\ -fmodule-map-file\=/Users/michielvh/code/one-b2c/ssm-connect/.build/DerivedData/Build/Intermediates.noindex/GeneratedModuleMaps/AWSSDKHTTPAuth.modulemap\ -fmodule-map-file\=/Users/michielvh/code/one-b2c/ssm-connect/.build/DerivedData/Build/Intermediates.noindex/GeneratedModuleMaps/AWSSDKChecksums.modulemap\ -fmodule-map-file\=/Users/michielvh/code/one-b2c/ssm-connect/.build/DerivedData/Build/Intermediates.noindex/GeneratedModuleMaps/AWSSDKIdentityAPI.modulemap\ -fmodule-map-file\=/Users/michielvh/code/one-b2c/ssm-connect/.build/DerivedData/Build/Intermediates.noindex/GeneratedModuleMaps/AWSSDKCommon.modulemap\ \ -DXcode
    export OTHER_CPLUSPLUSFLAGS\=-fmodule-map-file\=/Users/michielvh/code/one-b2c/ssm-connect/.build/DerivedData/SourcePackages/checkouts/aws-crt-swift/Source/LibNative/module.modulemap\ -fmodule-map-file\=/Users/michielvh/code/one-b2c/ssm-connect/.build/DerivedData/Build/Intermediates.noindex/GeneratedModuleMaps/AwsCMqtt.modulemap\ -fmodule-map-file\=/Users/michielvh/code/one-b2c/ssm-connect/.build/DerivedData/Build/Intermediates.noindex/GeneratedModuleMaps/AwsCEventStream.modulemap\ -fmodule-map-file\=/Users/michielvh/code/one-b2c/ssm-connect/.build/DerivedData/Build/Intermediates.noindex/GeneratedModuleMaps/AwsCChecksums.modulemap\ -fmodule-map-file\=/Users/michielvh/code/one-b2c/ssm-connect/.build/DerivedData/Build/Intermediates.noindex/GeneratedModuleMaps/AwsCAuth.modulemap\ -fmodule-map-file\=/Users/michielvh/code/one-b2c/ssm-connect/.build/DerivedData/Build/Intermediates.noindex/GeneratedModuleMaps/AwsCSdkUtils.modulemap\ -fmodule-map-file\=/Users/michielvh/code/one-b2c/ssm-connect/.build/DerivedData/Build/Intermediates.noindex/GeneratedModuleMaps/AwsCHttp.modulemap\ -fmodule-map-file\=/Users/michielvh/code/one-b2c/ssm-connect/.build/DerivedData/Build/Intermediates.noindex/GeneratedModuleMaps/AwsCIo.modulemap\ -fmodule-map-file\=/Users/michielvh/code/one-b2c/ssm-connect/.build/DerivedData/Build/Intermediates.noindex/GeneratedModuleMaps/AwsCCal.modulemap\ -fmodule-map-file\=/Users/michielvh/code/one-b2c/ssm-connect/.build/DerivedData/Build/Intermediates.noindex/GeneratedModuleMaps/AwsCCompression.modulemap\ -fmodule-map-file\=/Users/michielvh/code/one-b2c/ssm-connect/.build/DerivedData/Build/Intermediates.noindex/GeneratedModuleMaps/AwsCCommon.modulemap\ -fmodule-map-file\=/Users/michielvh/code/one-b2c/ssm-connect/.build/DerivedData/Build/Intermediates.noindex/GeneratedModuleMaps/AwsCommonRuntimeKit.modulemap\ -fmodule-map-file\=/Users/michielvh/code/one-b2c/ssm-connect/.build/DerivedData/Build/Intermediates.noindex/GeneratedModuleMaps/ClientRuntime.modulemap\ -fmodule-map-file\=/Users/michielvh/code/one-b2c/ssm-connect/.build/DerivedData/Build/Intermediates.noindex/GeneratedModuleMaps/SmithyCBOR.modulemap\ -fmodule-map-file\=/Users/michielvh/code/one-b2c/ssm-connect/.build/DerivedData/Build/Intermediates.noindex/GeneratedModuleMaps/SmithyChecksums.modulemap\ -fmodule-map-file\=/Users/michielvh/code/one-b2c/ssm-connect/.build/DerivedData/Build/Intermediates.noindex/GeneratedModuleMaps/SmithyEventStreams.modulemap\ -fmodule-map-file\=/Users/michielvh/code/one-b2c/ssm-connect/.build/DerivedData/Build/Intermediates.noindex/GeneratedModuleMaps/SmithyEventStreamsAuthAPI.modulemap\ -fmodule-map-file\=/Users/michielvh/code/one-b2c/ssm-connect/.build/DerivedData/Build/Intermediates.noindex/GeneratedModuleMaps/SmithyEventStreamsAPI.modulemap\ -fmodule-map-file\=/Users/michielvh/code/one-b2c/ssm-connect/.build/DerivedData/Build/Intermediates.noindex/GeneratedModuleMaps/SmithyHTTPAuth.modulemap\ -fmodule-map-file\=/Users/michielvh/code/one-b2c/ssm-connect/.build/DerivedData/Build/Intermediates.noindex/GeneratedModuleMaps/SmithyChecksumsAPI.modulemap\ -fmodule-map-file\=/Users/michielvh/code/one-b2c/ssm-connect/.build/DerivedData/Build/Intermediates.noindex/GeneratedModuleMaps/SmithyHTTPClient.modulemap\ -fmodule-map-file\=/Users/michielvh/code/one-b2c/ssm-connect/.build/DerivedData/Build/Intermediates.noindex/GeneratedModuleMaps/SmithyStreams.modulemap\ -fmodule-map-file\=/Users/michielvh/code/one-b2c/ssm-connect/.build/DerivedData/Build/Intermediates.noindex/GeneratedModuleMaps/SmithyIdentity.modulemap\ -fmodule-map-file\=/Users/michielvh/code/one-b2c/ssm-connect/.build/DerivedData/Build/Intermediates.noindex/GeneratedModuleMaps/SmithyRetries.modulemap\ -fmodule-map-file\=/Users/michielvh/code/one-b2c/ssm-connect/.build/DerivedData/Build/Intermediates.noindex/GeneratedModuleMaps/SmithyRetriesAPI.modulemap\ -fmodule-map-file\=/Users/michielvh/code/one-b2c/ssm-connect/.build/DerivedData/Build/Intermediates.noindex/GeneratedModuleMaps/SmithyHTTPClientAPI.modulemap\ -fmodule-map-file\=/Users/michielvh/code/one-b2c/ssm-connect/.build/DerivedData/Build/Intermediates.noindex/GeneratedModuleMaps/SmithyTelemetryAPI.modulemap\ -fmodule-map-file\=/Users/michielvh/code/one-b2c/ssm-connect/.build/DerivedData/Build/Intermediates.noindex/GeneratedModuleMaps/SmithyAWSJSON.modulemap\ -fmodule-map-file\=/Users/michielvh/code/one-b2c/ssm-connect/.build/DerivedData/Build/Intermediates.noindex/GeneratedModuleMaps/SmithyIdentityAPI.modulemap\ -fmodule-map-file\=/Users/michielvh/code/one-b2c/ssm-connect/.build/DerivedData/Build/Intermediates.noindex/GeneratedModuleMaps/SmithyHTTPAPI.modulemap\ -fmodule-map-file\=/Users/michielvh/code/one-b2c/ssm-connect/.build/DerivedData/Build/Intermediates.noindex/GeneratedModuleMaps/SmithyHTTPAuthAPI.modulemap\ -fmodule-map-file\=/Users/michielvh/code/one-b2c/ssm-connect/.build/DerivedData/Build/Intermediates.noindex/GeneratedModuleMaps/SmithyJSON.modulemap\ -fmodule-map-file\=/Users/michielvh/code/one-b2c/ssm-connect/.build/DerivedData/Build/Intermediates.noindex/GeneratedModuleMaps/SmithyFormURL.modulemap\ -fmodule-map-file\=/Users/michielvh/code/one-b2c/ssm-connect/.build/DerivedData/Build/Intermediates.noindex/GeneratedModuleMaps/Logging.modulemap\ -fmodule-map-file\=/Users/michielvh/code/one-b2c/ssm-connect/.build/DerivedData/Build/Intermediates.noindex/GeneratedModuleMaps/SmithyReadWrite.modulemap\ -fmodule-map-file\=/Users/michielvh/code/one-b2c/ssm-connect/.build/DerivedData/Build/Intermediates.noindex/GeneratedModuleMaps/SmithyTimestamps.modulemap\ -fmodule-map-file\=/Users/michielvh/code/one-b2c/ssm-connect/.build/DerivedData/Build/Intermediates.noindex/GeneratedModuleMaps/SmithySerialization.modulemap\ -fmodule-map-file\=/Users/michielvh/code/one-b2c/ssm-connect/.build/DerivedData/Build/Intermediates.noindex/GeneratedModuleMaps/Smithy.modulemap\ -fmodule-map-file\=/Users/michielvh/code/one-b2c/ssm-connect/.build/DerivedData/Build/Intermediates.noindex/GeneratedModuleMaps/SmithyXML.modulemap\ -fmodule-map-file\=/Users/michielvh/code/one-b2c/ssm-connect/.build/DerivedData/Build/Intermediates.noindex/GeneratedModuleMaps/AWSSDKIdentity.modulemap\ -fmodule-map-file\=/Users/michielvh/code/one-b2c/ssm-connect/.build/DerivedData/Build/Intermediates.noindex/GeneratedModuleMaps/InternalAWSSignin.modulemap\ -fmodule-map-file\=/Users/michielvh/code/one-b2c/ssm-connect/.build/DerivedData/Build/Intermediates.noindex/GeneratedModuleMaps/InternalAWSSTS.modulemap\ -fmodule-map-file\=/Users/michielvh/code/one-b2c/ssm-connect/.build/DerivedData/Build/Intermediates.noindex/GeneratedModuleMaps/InternalAWSSSOOIDC.modulemap\ -fmodule-map-file\=/Users/michielvh/code/one-b2c/ssm-connect/.build/DerivedData/Build/Intermediates.noindex/GeneratedModuleMaps/InternalAWSSSO.modulemap\ -fmodule-map-file\=/Users/michielvh/code/one-b2c/ssm-connect/.build/DerivedData/Build/Intermediates.noindex/GeneratedModuleMaps/InternalAWSCognitoIdentity.modulemap\ -fmodule-map-file\=/Users/michielvh/code/one-b2c/ssm-connect/.build/DerivedData/Build/Intermediates.noindex/GeneratedModuleMaps/AWSClientRuntime.modulemap\ -fmodule-map-file\=/Users/michielvh/code/one-b2c/ssm-connect/.build/DerivedData/Build/Intermediates.noindex/GeneratedModuleMaps/AWSSDKDynamic.modulemap\ -fmodule-map-file\=/Users/michielvh/code/one-b2c/ssm-connect/.build/DerivedData/Build/Intermediates.noindex/GeneratedModuleMaps/AWSSDKHTTPAuth.modulemap\ -fmodule-map-file\=/Users/michielvh/code/one-b2c/ssm-connect/.build/DerivedData/Build/Intermediates.noindex/GeneratedModuleMaps/AWSSDKChecksums.modulemap\ -fmodule-map-file\=/Users/michielvh/code/one-b2c/ssm-connect/.build/DerivedData/Build/Intermediates.noindex/GeneratedModuleMaps/AWSSDKIdentityAPI.modulemap\ -fmodule-map-file\=/Users/michielvh/code/one-b2c/ssm-connect/.build/DerivedData/Build/Intermediates.noindex/GeneratedModuleMaps/AWSSDKCommon.modulemap\ \ -DXcode
    export OTHER_LDFLAGS\=-Wl,-no_warn_duplicate_libraries\ -Wl,-no_warn_duplicate_libraries\ -Wl,-no_warn_duplicate_libraries\ -Wl,-no_warn_duplicate_libraries\ -Wl,-no_warn_duplicate_libraries\ -Wl,-no_warn_duplicate_libraries\ -Wl,-no_warn_duplicate_libraries\ -Wl,-no_warn_duplicate_libraries\ -Wl,-no_warn_duplicate_libraries\ -Wl,-no_warn_duplicate_libraries\ -Wl,-no_warn_duplicate_libraries\ -Wl,-no_warn_duplicate_libraries\ -Wl,-no_warn_duplicate_libraries\ -Wl,-no_warn_duplicate_libraries\ -Wl,-no_warn_duplicate_libraries\ -Wl,-no_warn_duplicate_libraries\ -Wl,-no_warn_duplicate_libraries\ -Wl,-no_warn_duplicate_libraries\ -Wl,-no_warn_duplicate_libraries\ -Wl,-no_warn_duplicate_libraries\ -Wl,-no_warn_duplicate_libraries\ -Wl,-no_warn_duplicate_libraries\ -Wl,-no_warn_duplicate_libraries\ -Wl,-no_warn_duplicate_libraries\ -Wl,-no_warn_duplicate_libraries\ -Wl,-no_warn_duplicate_libraries\ -Wl,-no_warn_duplicate_libraries\ -Wl,-no_warn_duplicate_libraries\ -Wl,-no_warn_duplicate_libraries\ -Wl,-no_warn_duplicate_libraries\ -Wl,-no_warn_duplicate_libraries\ -Wl,-no_warn_duplicate_libraries\ -Wl,-no_warn_duplicate_libraries\ -Wl,-no_warn_duplicate_libraries\ -Wl,-no_warn_duplicate_libraries\ -Wl,-no_warn_duplicate_libraries\ -Wl,-no_warn_duplicate_libraries\ -Wl,-no_warn_duplicate_libraries\ -Wl,-no_warn_duplicate_libraries\ -Wl,-no_warn_duplicate_libraries\ -Wl,-no_warn_duplicate_libraries\ -Wl,-no_warn_duplicate_libraries\ -Wl,-no_warn_duplicate_libraries\ -Wl,-no_warn_duplicate_libraries\ -Wl,-no_warn_duplicate_libraries\ -Wl,-no_warn_duplicate_libraries\ -Wl,-no_warn_duplicate_libraries\ -Wl,-no_warn_duplicate_libraries\ -Wl,-no_warn_duplicate_libraries\ -Wl,-no_warn_duplicate_libraries\ -Wl,-no_warn_duplicate_libraries\ 
    export OTHER_SWIFT_FLAGS\=-Xcc\ -fmodule-map-file\=/Users/michielvh/code/one-b2c/ssm-connect/.build/DerivedData/SourcePackages/checkouts/aws-crt-swift/Source/LibNative/module.modulemap\ -Xcc\ -fmodule-map-file\=/Users/michielvh/code/one-b2c/ssm-connect/.build/DerivedData/Build/Intermediates.noindex/GeneratedModuleMaps/AwsCMqtt.modulemap\ -Xcc\ -fmodule-map-file\=/Users/michielvh/code/one-b2c/ssm-connect/.build/DerivedData/Build/Intermediates.noindex/GeneratedModuleMaps/AwsCEventStream.modulemap\ -Xcc\ -fmodule-map-file\=/Users/michielvh/code/one-b2c/ssm-connect/.build/DerivedData/Build/Intermediates.noindex/GeneratedModuleMaps/AwsCChecksums.modulemap\ -Xcc\ -fmodule-map-file\=/Users/michielvh/code/one-b2c/ssm-connect/.build/DerivedData/Build/Intermediates.noindex/GeneratedModuleMaps/AwsCAuth.modulemap\ -Xcc\ -fmodule-map-file\=/Users/michielvh/code/one-b2c/ssm-connect/.build/DerivedData/Build/Intermediates.noindex/GeneratedModuleMaps/AwsCSdkUtils.modulemap\ -Xcc\ -fmodule-map-file\=/Users/michielvh/code/one-b2c/ssm-connect/.build/DerivedData/Build/Intermediates.noindex/GeneratedModuleMaps/AwsCHttp.modulemap\ -Xcc\ -fmodule-map-file\=/Users/michielvh/code/one-b2c/ssm-connect/.build/DerivedData/Build/Intermediates.noindex/GeneratedModuleMaps/AwsCIo.modulemap\ -Xcc\ -fmodule-map-file\=/Users/michielvh/code/one-b2c/ssm-connect/.build/DerivedData/Build/Intermediates.noindex/GeneratedModuleMaps/AwsCCal.modulemap\ -Xcc\ -fmodule-map-file\=/Users/michielvh/code/one-b2c/ssm-connect/.build/DerivedData/Build/Intermediates.noindex/GeneratedModuleMaps/AwsCCompression.modulemap\ -Xcc\ -fmodule-map-file\=/Users/michielvh/code/one-b2c/ssm-connect/.build/DerivedData/Build/Intermediates.noindex/GeneratedModuleMaps/AwsCCommon.modulemap\ \ -DXcode\ -plugin-path\ /Applications/Xcode.app/Contents/Developer/Toolchains/XcodeDefault.xctoolchain/usr/lib/swift/host/plugins/testing
    export PACKAGE_RESOURCE_TARGET_KIND\=regular
    export PACKAGE_TYPE\=com.apple.package-type.mach-o-objfile
    export PASCAL_STRINGS\=YES
    export PATH\=/Applications/Xcode.app/Contents/SharedFrameworks/SwiftBuild.framework/Versions/A/PlugIns/SWBBuildService.bundle/Contents/PlugIns/SWBUniversalPlatformPlugin.bundle/Contents/Frameworks/SWBUniversalPlatform.framework/Resources:/Applications/Xcode.app/Contents/Developer/Toolchains/XcodeDefault.xctoolchain/usr/bin:/Applications/Xcode.app/Contents/Developer/Toolchains/XcodeDefault.xctoolchain/usr/local/bin:/Applications/Xcode.app/Contents/Developer/Toolchains/XcodeDefault.xctoolchain/usr/libexec:/Applications/Xcode.app/Contents/Developer/Platforms/MacOSX.platform/usr/bin:/Applications/Xcode.app/Contents/Developer/Platforms/MacOSX.platform/usr/local/bin:/Applications/Xcode.app/Contents/Developer/Platforms/MacOSX.platform/Developer/usr/bin:/Applications/Xcode.app/Contents/Developer/Platforms/MacOSX.platform/Developer/usr/local/bin:/Applications/Xcode.app/Contents/Developer/usr/bin:/Applications/Xcode.app/Contents/Developer/usr/local/bin:/Users/michielvh/.antigravity/antigravity/bin:/Users/michielvh/go/bin:/Users/michielvh/Library/Application\ Support/Code/User/globalStorage/github.copilot-chat/debugCommand:/Users/michielvh/Library/Application\ Support/Code/User/globalStorage/github.copilot-chat/copilotCli:/Library/Frameworks/Python.framework/Versions/3.13/bin:/opt/homebrew/bin:/opt/homebrew/sbin:/usr/local/bin:/System/Cryptexes/App/usr/bin:/usr/bin:/bin:/usr/sbin:/sbin:/var/run/com.apple.security.cryptexd/codex.system/bootstrap/usr/local/bin:/var/run/com.apple.security.cryptexd/codex.system/bootstrap/usr/bin:/var/run/com.apple.security.cryptexd/codex.system/bootstrap/usr/appleinternal/bin:/opt/pkg/env/active/bin:/opt/pmk/env/global/bin:/Library/Apple/usr/bin:/Users/michielvh/.zi/polaris/sbin:/Users/michielvh/.zi/polaris/bin:/Users/michielvh/.vscode/extensions/ms-python.debugpy-2026.6.0-darwin-arm64/bundled/scripts/noConfigScripts
    export PATH_PREFIXES_EXCLUDED_FROM_HEADER_DEPENDENCIES\=/usr/include\ /usr/local/include\ /System/Library/Frameworks\ /System/Library/PrivateFrameworks\ /Applications/Xcode.app/Contents/Developer/Headers\ /Applications/Xcode.app/Contents/Developer/SDKs\ /Applications/Xcode.app/Contents/Developer/Platforms
    export PER_ARCH_MODULE_FILE_DIR\=/Users/michielvh/code/one-b2c/ssm-connect/.build/DerivedData/Build/Intermediates.noindex/aws-sdk-swift.build/Debug/AWSSecretsManager.build/Objects-normal/undefined_arch
    export PER_ARCH_OBJECT_FILE_DIR\=/Users/michielvh/code/one-b2c/ssm-connect/.build/DerivedData/Build/Intermediates.noindex/aws-sdk-swift.build/Debug/AWSSecretsManager.build/Objects-normal/undefined_arch
    export PER_VARIANT_OBJECT_FILE_DIR\=/Users/michielvh/code/one-b2c/ssm-connect/.build/DerivedData/Build/Intermediates.noindex/aws-sdk-swift.build/Debug/AWSSecretsManager.build/Objects-normal
    export PKGINFO_FILE_PATH\=/Users/michielvh/code/one-b2c/ssm-connect/.build/DerivedData/Build/Intermediates.noindex/aws-sdk-swift.build/Debug/AWSSecretsManager.build/PkgInfo
    export PLATFORM_DEVELOPER_APPLICATIONS_DIR\=/Applications/Xcode.app/Contents/Developer/Applications
    export PLATFORM_DEVELOPER_BIN_DIR\=/Applications/Xcode.app/Contents/Developer/usr/bin
    export PLATFORM_DEVELOPER_LIBRARY_DIR\=/Applications/Xcode.app/Contents/Developer/Library
    export PLATFORM_DEVELOPER_SDK_DIR\=/Applications/Xcode.app/Contents/Developer/Platforms/MacOSX.platform/Developer/SDKs
    export PLATFORM_DEVELOPER_TOOLS_DIR\=/Applications/Xcode.app/Contents/Developer/Tools
    export PLATFORM_DEVELOPER_USR_DIR\=/Applications/Xcode.app/Contents/Developer/usr
    export PLATFORM_DIR\=/Applications/Xcode.app/Contents/Developer/Platforms/MacOSX.platform
    export PLATFORM_DISPLAY_NAME\=macOS
    export PLATFORM_FAMILY_NAME\=macOS
    export PLATFORM_NAME\=macosx
    export PLATFORM_PREFERRED_ARCH\=x86_64
    export PLATFORM_PRODUCT_BUILD_VERSION\=25F70
    export PLATFORM_REQUIRES_SWIFT_AUTOLINK_EXTRACT\=NO
    export PLATFORM_REQUIRES_SWIFT_MODULEWRAP\=NO
    export PLATFORM_USES_DSYMS\=YES
    export PLIST_FILE_OUTPUT_FORMAT\=same-as-input
    export PRECOMPS_INCLUDE_HEADERS_FROM_BUILT_PRODUCTS_DIR\=YES
    export PRECOMP_DESTINATION_DIR\=/Users/michielvh/code/one-b2c/ssm-connect/.build/DerivedData/Build/Intermediates.noindex/aws-sdk-swift.build/Debug/AWSSecretsManager.build/PrefixHeaders
    export PRIVATE_HEADERS_FOLDER_PATH\=/usr/local/include
    export PROCESSED_INFOPLIST_PATH\=/Users/michielvh/code/one-b2c/ssm-connect/.build/DerivedData/Build/Intermediates.noindex/aws-sdk-swift.build/Debug/AWSSecretsManager.build/Objects-normal/undefined_arch/Processed-Info.plist
    export PRODUCT_BUNDLE_IDENTIFIER\=aws-sdk-swift.AWSSecretsManager
    export PRODUCT_MODULE_NAME\=AWSSecretsManager
    export PRODUCT_NAME\=AWSSecretsManager
    export PRODUCT_SETTINGS_PATH\=
    export PRODUCT_TYPE\=com.apple.product-type.objfile
    export PROFILING_CODE\=NO
    export PROJECT\=aws-sdk-swift
    export PROJECT_DERIVED_FILE_DIR\=/Users/michielvh/code/one-b2c/ssm-connect/.build/DerivedData/Build/Intermediates.noindex/aws-sdk-swift.build/DerivedSources
    export PROJECT_DIR\=/Users/michielvh/code/one-b2c/ssm-connect/.build/DerivedData/SourcePackages/checkouts/aws-sdk-swift
    export PROJECT_FILE_PATH\=/Users/michielvh/code/one-b2c/ssm-connect/.build/DerivedData/SourcePackages/checkouts/aws-sdk-swift/Package.swift
    export PROJECT_GUID\=PACKAGE:https://github.com/awslabs/aws-sdk-swift.git
    export PROJECT_NAME\=aws-sdk-swift
    export PROJECT_TEMP_DIR\=/Users/michielvh/code/one-b2c/ssm-connect/.build/DerivedData/Build/Intermediates.noindex/aws-sdk-swift.build
    export PROJECT_TEMP_ROOT\=/Users/michielvh/code/one-b2c/ssm-connect/.build/DerivedData/Build/Intermediates.noindex
    export PUBLIC_HEADERS_FOLDER_PATH\=/usr/local/include
    export RECOMMENDED_MACOSX_DEPLOYMENT_TARGET\=11.0
    export RECURSIVE_SEARCH_PATHS_FOLLOW_SYMLINKS\=YES
    export REMOVE_CVS_FROM_RESOURCES\=YES
    export REMOVE_GIT_FROM_RESOURCES\=YES
    export REMOVE_HEADERS_FROM_EMBEDDED_BUNDLES\=YES
    export REMOVE_HG_FROM_RESOURCES\=YES
    export REMOVE_STATIC_EXECUTABLES_FROM_EMBEDDED_BUNDLES\=YES
    export REMOVE_SVN_FROM_RESOURCES\=YES
    export RESCHEDULE_INDEPENDENT_HEADERS_PHASES\=YES
    export REZ_COLLECTOR_DIR\=/Users/michielvh/code/one-b2c/ssm-connect/.build/DerivedData/Build/Intermediates.noindex/aws-sdk-swift.build/Debug/AWSSecretsManager.build/ResourceManagerResources
    export REZ_EXECUTABLE\=YES
    export REZ_OBJECTS_DIR\=/Users/michielvh/code/one-b2c/ssm-connect/.build/DerivedData/Build/Intermediates.noindex/aws-sdk-swift.build/Debug/AWSSecretsManager.build/ResourceManagerResources/Objects
    export REZ_SEARCH_PATHS\=/Users/michielvh/code/one-b2c/ssm-connect/.build/DerivedData/Build/Products/Debug\ 
    export RPATH_ORIGIN\=@loader_path
    export RUNTIME_EXCEPTION_ALLOW_DYLD_ENVIRONMENT_VARIABLES\=NO
    export RUNTIME_EXCEPTION_ALLOW_JIT\=NO
    export RUNTIME_EXCEPTION_ALLOW_UNSIGNED_EXECUTABLE_MEMORY\=NO
    export RUNTIME_EXCEPTION_DEBUGGING_TOOL\=NO
    export RUNTIME_EXCEPTION_DISABLE_EXECUTABLE_PAGE_PROTECTION\=NO
    export RUNTIME_EXCEPTION_DISABLE_LIBRARY_VALIDATION\=NO
    export SCANNING_PCM_KEEP_CACHE_DIRECTORY\=YES
    export SCAN_ALL_SOURCE_FILES_FOR_INCLUDES\=NO
    export SDKROOT\=/Applications/Xcode.app/Contents/Developer/Platforms/MacOSX.platform/Developer/SDKs/MacOSX26.5.sdk
    export SDK_DIR\=/Applications/Xcode.app/Contents/Developer/Platforms/MacOSX.platform/Developer/SDKs/MacOSX26.5.sdk
    export SDK_DIR_macosx\=/Applications/Xcode.app/Contents/Developer/Platforms/MacOSX.platform/Developer/SDKs/MacOSX26.5.sdk
    export SDK_DIR_macosx26_5\=/Applications/Xcode.app/Contents/Developer/Platforms/MacOSX.platform/Developer/SDKs/MacOSX26.5.sdk
    export SDK_NAME\=macosx26.5
    export SDK_NAMES\=macosx26.5
    export SDK_PRODUCT_BUILD_VERSION\=25F70
    export SDK_STAT_CACHE_DIR\=/Users/michielvh/code/one-b2c/ssm-connect/.build/DerivedData
    export SDK_STAT_CACHE_ENABLE\=YES
    export SDK_STAT_CACHE_PATH\=/Users/michielvh/code/one-b2c/ssm-connect/.build/DerivedData/SDKStatCaches.noindex/macosx26.5-25F70-e082c4a02f00227109f4ed75e425c832.sdkstatcache
    export SDK_VERSION\=26.5
    export SDK_VERSION_ACTUAL\=260500
    export SDK_VERSION_MAJOR\=260000
    export SDK_VERSION_MINOR\=260500
    export SED\=/usr/bin/sed
    export SEPARATE_STRIP\=NO
    export SEPARATE_SYMBOL_EDIT\=NO
    export SET_DIR_MODE_OWNER_GROUP\=YES
    export SET_FILE_MODE_OWNER_GROUP\=NO
    export SHALLOW_BUNDLE\=NO
    export SHARED_DERIVED_FILE_DIR\=/Users/michielvh/code/one-b2c/ssm-connect/.build/DerivedData/Build/Products/Debug/DerivedSources
    export SHARED_PRECOMPS_DIR\=/Users/michielvh/code/one-b2c/ssm-connect/.build/DerivedData/Build/Intermediates.noindex/PrecompiledHeaders
    export SKIP_CLANG_STATIC_ANALYZER\=YES
    export SKIP_INSTALL\=YES
    export SKIP_MERGEABLE_LIBRARY_BUNDLE_HOOK\=NO
    export SOURCE_ROOT\=/Users/michielvh/code/one-b2c/ssm-connect/.build/DerivedData/SourcePackages/checkouts/aws-sdk-swift
    export SRCROOT\=/Users/michielvh/code/one-b2c/ssm-connect/.build/DerivedData/SourcePackages/checkouts/aws-sdk-swift
    export STRINGSDATA_DIR\=/Users/michielvh/code/one-b2c/ssm-connect/.build/DerivedData/Build/Intermediates.noindex/aws-sdk-swift.build/Debug/AWSSecretsManager.build/Objects-normal/undefined_arch
    export STRINGSDATA_ROOT\=/Users/michielvh/code/one-b2c/ssm-connect/.build/DerivedData/Build/Intermediates.noindex/aws-sdk-swift.build/Debug/AWSSecretsManager.build
    export STRINGS_FILE_INFOPLIST_RENAME\=YES
    export STRINGS_FILE_OUTPUT_ENCODING\=UTF-16
    export STRING_CATALOG_GENERATE_SYMBOLS\=NO
    export STRIP_BITCODE_FROM_COPIED_FILES\=NO
    export STRIP_INSTALLED_PRODUCT\=NO
    export STRIP_PNG_TEXT\=NO
    export STRIP_STYLE\=debugging
    export STRIP_SWIFT_SYMBOLS\=YES
    export SUPPORTED_PLATFORMS\=android\ appletvos\ appletvsimulator\ driverkit\ freebsd\ iphoneos\ iphonesimulator\ linux\ macosx\ none\ openbsd\ qnx\ watchos\ watchsimulator\ webassembly\ xros\ xrsimulator
    export SUPPORTS_MACCATALYST\=NO
    export SUPPORTS_TEXT_BASED_API\=NO
    export SUPPRESS_WARNINGS\=YES
    export SWIFT_ACTIVE_COMPILATION_CONDITIONS\=\ SWIFT_PACKAGE\ DEBUG\ SWIFT_MODULE_RESOURCE_BUNDLE_UNAVAILABLE
    export SWIFT_EMIT_CONST_VALUE_PROTOCOLS\=AnyResolverProviding\ AppEntity\ AppEnum\ AppExtension\ AppIntent\ AppIntentsPackage\ AppShortcutProviding\ AppShortcutsProvider\ AppUnionValue\ AppUnionValueCasesProviding\ DynamicOptionsProvider\ EntityQuery\ ExtensionPointDefining\ IntentValueQuery\ Resolver\ TransientEntity\ _AssistantIntentsProvider\ _GenerativeFunctionExtractable\ _IntentValueRepresentable
    export SWIFT_EMIT_LOC_STRINGS\=NO
    export SWIFT_ENABLE_BARE_SLASH_REGEX\=NO
    export SWIFT_ENABLE_EXPLICIT_MODULES\=YES
    export SWIFT_INSTALL_OBJC_HEADER\=NO
    export SWIFT_OBJC_INTERFACE_HEADER_DIR\=/Users/michielvh/code/one-b2c/ssm-connect/.build/DerivedData/Build/Intermediates.noindex/GeneratedModuleMaps
    export SWIFT_OBJC_INTERFACE_HEADER_NAME\=AWSSecretsManager-Swift.h
    export SWIFT_OPTIMIZATION_LEVEL\=-Onone
    export SWIFT_PACKAGE_NAME\=aws_sdk_swift
    export SWIFT_PLATFORM_TARGET_PREFIX\=macos
    export SWIFT_RESPONSE_FILE_PATH_normal_arm64\=/Users/michielvh/code/one-b2c/ssm-connect/.build/DerivedData/Build/Intermediates.noindex/aws-sdk-swift.build/Debug/AWSSecretsManager.build/Objects-normal/arm64/AWSSecretsManager.SwiftFileList
    export SWIFT_VERSION\=5
    export SYMROOT\=/Users/michielvh/code/one-b2c/ssm-connect/.build/DerivedData/Build/Products
    export SYSTEM_ADMIN_APPS_DIR\=/Applications/Utilities
    export SYSTEM_APPS_DIR\=/Applications
    export SYSTEM_CORE_SERVICES_DIR\=/System/Library/CoreServices
    export SYSTEM_DEMOS_DIR\=/Applications/Extras
    export SYSTEM_DEVELOPER_APPS_DIR\=/Applications/Xcode.app/Contents/Developer/Applications
    export SYSTEM_DEVELOPER_BIN_DIR\=/Applications/Xcode.app/Contents/Developer/usr/bin
    export SYSTEM_DEVELOPER_DEMOS_DIR\=/Applications/Xcode.app/Contents/Developer/Applications/Utilities/Built\ Examples
    export SYSTEM_DEVELOPER_DIR\=/Applications/Xcode.app/Contents/Developer
    export SYSTEM_DEVELOPER_DOC_DIR\=/Applications/Xcode.app/Contents/Developer/ADC\ Reference\ Library
    export SYSTEM_DEVELOPER_GRAPHICS_TOOLS_DIR\=/Applications/Xcode.app/Contents/Developer/Applications/Graphics\ Tools
    export SYSTEM_DEVELOPER_JAVA_TOOLS_DIR\=/Applications/Xcode.app/Contents/Developer/Applications/Java\ Tools
    export SYSTEM_DEVELOPER_PERFORMANCE_TOOLS_DIR\=/Applications/Xcode.app/Contents/Developer/Applications/Performance\ Tools
    export SYSTEM_DEVELOPER_RELEASENOTES_DIR\=/Applications/Xcode.app/Contents/Developer/ADC\ Reference\ Library/releasenotes
    export SYSTEM_DEVELOPER_TOOLS\=/Applications/Xcode.app/Contents/Developer/Tools
    export SYSTEM_DEVELOPER_TOOLS_DOC_DIR\=/Applications/Xcode.app/Contents/Developer/ADC\ Reference\ Library/documentation/DeveloperTools
    export SYSTEM_DEVELOPER_TOOLS_RELEASENOTES_DIR\=/Applications/Xcode.app/Contents/Developer/ADC\ Reference\ Library/releasenotes/DeveloperTools
    export SYSTEM_DEVELOPER_USR_DIR\=/Applications/Xcode.app/Contents/Developer/usr
    export SYSTEM_DEVELOPER_UTILITIES_DIR\=/Applications/Xcode.app/Contents/Developer/Applications/Utilities
    export SYSTEM_DEXT_INSTALL_PATH\=/System/Library/DriverExtensions
    export SYSTEM_DOCUMENTATION_DIR\=/Library/Documentation
    export SYSTEM_FRAMEWORK_SEARCH_PATHS\=\ \ /Applications/Xcode.app/Contents/Developer/Platforms/MacOSX.platform/Developer/Library/Frameworks
    export SYSTEM_KEXT_INSTALL_PATH\=/System/Library/Extensions
    export SYSTEM_LIBRARY_DIR\=/System/Library
    export TAPI_DEMANGLE\=YES
    export TAPI_DYLIB_INSTALL_NAME\=AWSSecretsManager
    export TAPI_ENABLE_PROJECT_HEADERS\=NO
    export TAPI_LANGUAGE\=objective-c
    export TAPI_LANGUAGE_STANDARD\=compiler-default
    export TAPI_USE_SRCROOT\=YES
    export TAPI_VERIFY_MODE\=Pedantic
    export TARGETED_DEVICE_FAMILY\=1,2,3,4,6,7
    export TARGETNAME\=AWSSecretsManager
    export TARGET_BUILD_DIR\=/Users/michielvh/code/one-b2c/ssm-connect/.build/DerivedData/Build/Products/Debug
    export TARGET_NAME\=AWSSecretsManager
    export TARGET_TEMP_DIR\=/Users/michielvh/code/one-b2c/ssm-connect/.build/DerivedData/Build/Intermediates.noindex/aws-sdk-swift.build/Debug/AWSSecretsManager.build
    export TEMP_DIR\=/Users/michielvh/code/one-b2c/ssm-connect/.build/DerivedData/Build/Intermediates.noindex/aws-sdk-swift.build/Debug/AWSSecretsManager.build
    export TEMP_FILES_DIR\=/Users/michielvh/code/one-b2c/ssm-connect/.build/DerivedData/Build/Intermediates.noindex/aws-sdk-swift.build/Debug/AWSSecretsManager.build
    export TEMP_FILE_DIR\=/Users/michielvh/code/one-b2c/ssm-connect/.build/DerivedData/Build/Intermediates.noindex/aws-sdk-swift.build/Debug/AWSSecretsManager.build
    export TEMP_ROOT\=/Users/michielvh/code/one-b2c/ssm-connect/.build/DerivedData/Build/Intermediates.noindex
    export TEMP_SANDBOX_DIR\=/Users/michielvh/code/one-b2c/ssm-connect/.build/DerivedData/Build/Intermediates.noindex/TemporaryTaskSandboxes
    export TEST_FRAMEWORK_SEARCH_PATHS\=\ /Applications/Xcode.app/Contents/Developer/Platforms/MacOSX.platform/Developer/Library/Frameworks
    export TEST_LIBRARY_SEARCH_PATHS\=\ /Applications/Xcode.app/Contents/Developer/Platforms/MacOSX.platform/Developer/usr/lib
    export TOOLCHAINS\=com.apple.dt.toolchain.XcodeDefault
    export TOOLCHAIN_DIR\=/Applications/Xcode.app/Contents/Developer/Toolchains/XcodeDefault.xctoolchain
    export TREAT_MISSING_BASELINES_AS_TEST_FAILURES\=NO
    export TREAT_MISSING_SCRIPT_PHASE_OUTPUTS_AS_ERRORS\=NO
    export UID\=501
    export UNINSTALLED_PRODUCTS_DIR\=/Users/michielvh/code/one-b2c/ssm-connect/.build/DerivedData/Build/Intermediates.noindex/UninstalledProducts
    export UNSTRIPPED_PRODUCT\=NO
    export USER\=michielvh
    export USER_APPS_DIR\=/Users/michielvh/Applications
    export USER_LIBRARY_DIR\=/Users/michielvh/Library
    export USE_DYNAMIC_NO_PIC\=YES
    export USE_HEADERMAP\=NO
    export USE_HEADER_SYMLINKS\=NO
    export VALIDATE_DEVELOPMENT_ASSET_PATHS\=YES_ERROR
    export VALIDATE_PRODUCT\=NO
    export VALID_ARCHS\=arm64\ arm64e\ i386\ x86_64
    export VERBOSE_PBXCP\=NO
    export VERSION_INFO_BUILDER\=michielvh
    export VERSION_INFO_FILE\=AWSSecretsManager_vers.c
    export VERSION_INFO_STRING\=\"@\(\#\)PROGRAM:AWSSecretsManager\ \ PROJECT:aws-sdk-swift-\"
    export WORKSPACE_DIR\=/Users/michielvh/code/one-b2c/ssm-connect/SSMConnect.xcodeproj
    export WRAP_ASSET_PACKS_IN_SEPARATE_DIRECTORIES\=NO
    export XCODE_APP_SUPPORT_DIR\=/Applications/Xcode.app/Contents/Developer/Library/Xcode
    export XCODE_PRODUCT_BUILD_VERSION\=17F42
    export XCODE_VERSION_ACTUAL\=2650
    export XCODE_VERSION_MAJOR\=2600
    export XCODE_VERSION_MINOR\=2650
    export XPCSERVICES_FOLDER_PATH\=/XPCServices
    export YACC\=yacc
    export _BOOL_\=NO
    export _BOOL_NO\=NO
    export _BOOL_YES\=YES
    export _DEVELOPMENT_TEAM_IS_EMPTY\=YES
    export _DISCOVER_COMMAND_LINE_LINKER_INPUTS\=YES
    export _DISCOVER_COMMAND_LINE_LINKER_INPUTS_INCLUDE_WL\=YES
    export _IS_EMPTY_\=YES
    export _LD_MULTIARCH\=YES
    export _MACOSX_DEPLOYMENT_TARGET_IS_EMPTY\=NO
    export __DIAGNOSE_DEPRECATED_ARCHS\=YES
    export __ORIGINAL_SDK_DEFINED_LLVM_TARGET_TRIPLE_SYS\=macos
    export arch\=undefined_arch
    export variant\=normal
    /usr/bin/sandbox-exec -p \(version\ 1\)'
'\(deny\ default\)'
'\(import\ \"system.sb\"\)'
'\(allow\ file-read\*\)'
'\(allow\ process\*\)'
'\(allow\ mach-lookup\ \(global-name\ \"com.apple.lsd.mapdb\"\)\)'
'\(allow\ mach-lookup\ \(global-name\ \"com.apple.mobileassetd.v2\"\)\)'
'\(allow\ file-write\*'
'\ \ \ \ \(subpath\ \"/private/tmp\"\)'
'\ \ \ \ \(subpath\ \"/private/var/tmp\"\)'
'\ \ \ \ \(subpath\ \"/private/var/folders/sm/8hfqw9_97pgfmhlfs2t7k66c0000gn/T\"\)'
'\ \ \ \ \(subpath\ \"/private/var/folders/sm/8hfqw9_97pgfmhlfs2t7k66c0000gn/C\"\)'
'\)'
'\(deny\ file-write\*'
'\ \ \ \ \(subpath\ \"/Users/michielvh/code/one-b2c/ssm-connect/.build/DerivedData/SourcePackages/checkouts/aws-sdk-swift\"\)'
'\)'
'\(allow\ file-write\*'
'\ \ \ \ \(subpath\ \"/Users/michielvh/code/one-b2c/ssm-connect/.build/DerivedData/Build/Intermediates.noindex/BuildToolPluginIntermediates/aws-sdk-swift.output/AWSSecretsManager/SmithyCodeGeneratorPlugin\"\)'
'\ \ \ \ \(subpath\ \"/private/var/folders/sm/8hfqw9_97pgfmhlfs2t7k66c0000gn/T/TemporaryItems\"\)'
'\)'
' //Users/michielvh/code/one-b2c/ssm-connect/.build/DerivedData/Build/Products/Debug/SmithyCodegenCLI com.amazonaws.secretsmanager\#secretsmanager /Users/michielvh/code/one-b2c/ssm-connect/.build/DerivedData/SourcePackages/checkouts/aws-sdk-swift/codegen/sdk-codegen/aws-models/secrets-manager.json --internal false --sdk-id Secrets\ Manager --schemas-path /Users/michielvh/code/one-b2c/ssm-connect/.build/DerivedData/Build/Intermediates.noindex/BuildToolPluginIntermediates/aws-sdk-swift.output/AWSSecretsManager/SmithyCodeGeneratorPlugin/AWSSecretsManagerSchemas.swift --serialize-path /Users/michielvh/code/one-b2c/ssm-connect/.build/DerivedData/Build/Intermediates.noindex/BuildToolPluginIntermediates/aws-sdk-swift.output/AWSSecretsManager/SmithyCodeGeneratorPlugin/AWSSecretsManagerSerialize.swift --deserialize-path /Users/michielvh/code/one-b2c/ssm-connect/.build/DerivedData/Build/Intermediates.noindex/BuildToolPluginIntermediates/aws-sdk-swift.output/AWSSecretsManager/SmithyCodeGeneratorPlugin/AWSSecretsManagerDeserialize.swift --type-registry-path /Users/michielvh/code/one-b2c/ssm-connect/.build/DerivedData/Build/Intermediates.noindex/BuildToolPluginIntermediates/aws-sdk-swift.output/AWSSecretsManager/SmithyCodeGeneratorPlugin/AWSSecretsManagerTypeRegistry.swift --operations-path /Users/michielvh/code/one-b2c/ssm-connect/.build/DerivedData/Build/Intermediates.noindex/BuildToolPluginIntermediates/aws-sdk-swift.output/AWSSecretsManager/SmithyCodeGeneratorPlugin/AWSSecretsManagerOperations.swift
Completed generating model secrets-manager.json in 0.08 sec

SwiftDriver AWSSecretsManager normal arm64 com.apple.xcode.tools.swift.compiler (in target 'AWSSecretsManager' from project 'aws-sdk-swift')
    cd /Users/michielvh/code/one-b2c/ssm-connect/SSMConnect.xcodeproj
    builtin-SwiftDriver -- /Applications/Xcode.app/Contents/Developer/Toolchains/XcodeDefault.xctoolchain/usr/bin/swiftc -module-name AWSSecretsManager -Onone @/Users/michielvh/code/one-b2c/ssm-connect/.build/DerivedData/Build/Intermediates.noindex/aws-sdk-swift.build/Debug/AWSSecretsManager.build/Objects-normal/arm64/AWSSecretsManager.SwiftFileList -DSWIFT_PACKAGE -DDEBUG -DSWIFT_MODULE_RESOURCE_BUNDLE_UNAVAILABLE -Xcc -fmodule-map-file\=/Users/michielvh/code/one-b2c/ssm-connect/.build/DerivedData/SourcePackages/checkouts/aws-crt-swift/Source/LibNative/module.modulemap -Xcc -fmodule-map-file\=/Users/michielvh/code/one-b2c/ssm-connect/.build/DerivedData/Build/Intermediates.noindex/GeneratedModuleMaps/AwsCMqtt.modulemap -Xcc -fmodule-map-file\=/Users/michielvh/code/one-b2c/ssm-connect/.build/DerivedData/Build/Intermediates.noindex/GeneratedModuleMaps/AwsCEventStream.modulemap -Xcc -fmodule-map-file\=/Users/michielvh/code/one-b2c/ssm-connect/.build/DerivedData/Build/Intermediates.noindex/GeneratedModuleMaps/AwsCChecksums.modulemap -Xcc -fmodule-map-file\=/Users/michielvh/code/one-b2c/ssm-connect/.build/DerivedData/Build/Intermediates.noindex/GeneratedModuleMaps/AwsCAuth.modulemap -Xcc -fmodule-map-file\=/Users/michielvh/code/one-b2c/ssm-connect/.build/DerivedData/Build/Intermediates.noindex/GeneratedModuleMaps/AwsCSdkUtils.modulemap -Xcc -fmodule-map-file\=/Users/michielvh/code/one-b2c/ssm-connect/.build/DerivedData/Build/Intermediates.noindex/GeneratedModuleMaps/AwsCHttp.modulemap -Xcc -fmodule-map-file\=/Users/michielvh/code/one-b2c/ssm-connect/.build/DerivedData/Build/Intermediates.noindex/GeneratedModuleMaps/AwsCIo.modulemap -Xcc -fmodule-map-file\=/Users/michielvh/code/one-b2c/ssm-connect/.build/DerivedData/Build/Intermediates.noindex/GeneratedModuleMaps/AwsCCal.modulemap -Xcc -fmodule-map-file\=/Users/michielvh/code/one-b2c/ssm-connect/.build/DerivedData/Build/Intermediates.noindex/GeneratedModuleMaps/AwsCCompression.modulemap -Xcc -fmodule-map-file\=/Users/michielvh/code/one-b2c/ssm-connect/.build/DerivedData/Build/Intermediates.noindex/GeneratedModuleMaps/AwsCCommon.modulemap -DXcode -plugin-path /Applications/Xcode.app/Contents/Developer/Toolchains/XcodeDefault.xctoolchain/usr/lib/swift/host/plugins/testing -enable-experimental-feature DebugDescriptionMacro -sdk /Applications/Xcode.app/Contents/Developer/Platforms/MacOSX.platform/Developer/SDKs/MacOSX26.5.sdk -target arm64-apple-macos12.0 -g -module-cache-path /Users/michielvh/code/one-b2c/ssm-connect/.build/DerivedData/ModuleCache.noindex -Xfrontend -serialize-debugging-options -enable-testing -suppress-warnings -index-store-path /Users/michielvh/code/one-b2c/ssm-connect/.build/DerivedData/Index.noindex/DataStore -Xcc -D_LIBCPP_HARDENING_MODE\=_LIBCPP_HARDENING_MODE_DEBUG -swift-version 5 -I /Users/michielvh/code/one-b2c/ssm-connect/.build/DerivedData/Build/Products/Debug -Isystem /Applications/Xcode.app/Contents/Developer/Platforms/MacOSX.platform/Developer/usr/lib -F /Users/michielvh/code/one-b2c/ssm-connect/.build/DerivedData/Build/Products/Debug/PackageFrameworks -F /Users/michielvh/code/one-b2c/ssm-connect/.build/DerivedData/Build/Products/Debug/PackageFrameworks -F /Users/michielvh/code/one-b2c/ssm-connect/.build/DerivedData/Build/Products/Debug/PackageFrameworks -F /Users/michielvh/code/one-b2c/ssm-connect/.build/DerivedData/Build/Products/Debug/PackageFrameworks -F /Users/michielvh/code/one-b2c/ssm-connect/.build/DerivedData/Build/Products/Debug/PackageFrameworks -F /Users/michielvh/code/one-b2c/ssm-connect/.build/DerivedData/Build/Products/Debug/PackageFrameworks -F /Users/michielvh/code/one-b2c/ssm-connect/.build/DerivedData/Build/Products/Debug/PackageFrameworks -F /Users/michielvh/code/one-b2c/ssm-connect/.build/DerivedData/Build/Products/Debug/PackageFrameworks -F /Users/michielvh/code/one-b2c/ssm-connect/.build/DerivedData/Build/Products/Debug/PackageFrameworks -F /Users/michielvh/code/one-b2c/ssm-connect/.build/DerivedData/Build/Products/Debug/PackageFrameworks -F /Users/michielvh/code/one-b2c/ssm-connect/.build/DerivedData/Build/Products/Debug/PackageFrameworks -F /Users/michielvh/code/one-b2c/ssm-connect/.build/DerivedData/Build/Products/Debug/PackageFrameworks -F /Users/michielvh/code/one-b2c/ssm-connect/.build/DerivedData/Build/Products/Debug/PackageFrameworks -F /Users/michielvh/code/one-b2c/ssm-connect/.build/DerivedData/Build/Products/Debug/PackageFrameworks -F /Users/michielvh/code/one-b2c/ssm-connect/.build/DerivedData/Build/Products/Debug/PackageFrameworks -F /Users/michielvh/code/one-b2c/ssm-connect/.build/DerivedData/Build/Products/Debug/PackageFrameworks -F /Users/michielvh/code/one-b2c/ssm-connect/.build/DerivedData/Build/Products/Debug/PackageFrameworks -F /Users/michielvh/code/one-b2c/ssm-connect/.build/DerivedData/Build/Products/Debug/PackageFrameworks -F /Users/michielvh/code/one-b2c/ssm-connect/.build/DerivedData/Build/Products/Debug/PackageFrameworks -F /Users/michielvh/code/one-b2c/ssm-connect/.build/DerivedData/Build/Products/Debug/PackageFrameworks -F /Users/michielvh/code/one-b2c/ssm-connect/.build/DerivedData/Build/Products/Debug/PackageFrameworks -F /Users/michielvh/code/one-b2c/ssm-connect/.build/DerivedData/Build/Products/Debug/PackageFrameworks -F /Users/michielvh/code/one-b2c/ssm-connect/.build/DerivedData/Build/Products/Debug/PackageFrameworks -F /Users/michielvh/code/one-b2c/ssm-connect/.build/DerivedData/Build/Products/Debug/PackageFrameworks -F /Users/michielvh/code/one-b2c/ssm-connect/.build/DerivedData/Build/Products/Debug/PackageFrameworks -F /Users/michielvh/code/one-b2c/ssm-connect/.build/DerivedData/Build/Products/Debug/PackageFrameworks -F /Users/michielvh/code/one-b2c/ssm-connect/.build/DerivedData/Build/Products/Debug/PackageFrameworks -F /Users/michielvh/code/one-b2c/ssm-connect/.build/DerivedData/Build/Products/Debug/PackageFrameworks -F /Users/michielvh/code/one-b2c/ssm-connect/.build/DerivedData/Build/Products/Debug/PackageFrameworks -F /Users/michielvh/code/one-b2c/ssm-connect/.build/DerivedData/Build/Products/Debug/PackageFrameworks -F /Users/michielvh/code/one-b2c/ssm-connect/.build/DerivedData/Build/Products/Debug/PackageFrameworks -F /Users/michielvh/code/one-b2c/ssm-connect/.build/DerivedData/Build/Products/Debug/PackageFrameworks -F /Users/michielvh/code/one-b2c/ssm-connect/.build/DerivedData/Build/Products/Debug/PackageFrameworks -F /Users/michielvh/code/one-b2c/ssm-connect/.build/DerivedData/Build/Products/Debug/PackageFrameworks -F /Users/michielvh/code/one-b2c/ssm-connect/.build/DerivedData/Build/Products/Debug/PackageFrameworks -F /Users/michielvh/code/one-b2c/ssm-connect/.build/DerivedData/Build/Products/Debug/PackageFrameworks -F /Users/michielvh/code/one-b2c/ssm-connect/.build/DerivedData/Build/Products/Debug/PackageFrameworks -F /Users/michielvh/code/one-b2c/ssm-connect/.build/DerivedData/Build/Products/Debug/PackageFrameworks -F /Users/michielvh/code/one-b2c/ssm-connect/.build/DerivedData/Build/Products/Debug/PackageFrameworks -F /Users/michielvh/code/one-b2c/ssm-connect/.build/DerivedData/Build/Products/Debug/PackageFrameworks -F /Users/michielvh/code/one-b2c/ssm-connect/.build/DerivedData/Build/Products/Debug/PackageFrameworks -F /Users/michielvh/code/one-b2c/ssm-connect/.build/DerivedData/Build/Products/Debug/PackageFrameworks -F /Users/michielvh/code/one-b2c/ssm-connect/.build/DerivedData/Build/Products/Debug/PackageFrameworks -F /Users/michielvh/code/one-b2c/ssm-connect/.build/DerivedData/Build/Products/Debug/PackageFrameworks -F /Users/michielvh/code/one-b2c/ssm-connect/.build/DerivedData/Build/Products/Debug/PackageFrameworks -F /Users/michielvh/code/one-b2c/ssm-connect/.build/DerivedData/Build/Products/Debug/PackageFrameworks -F /Users/michielvh/code/one-b2c/ssm-connect/.build/DerivedData/Build/Products/Debug/PackageFrameworks -F /Users/michielvh/code/one-b2c/ssm-connect/.build/DerivedData/Build/Products/Debug/PackageFrameworks -F /Users/michielvh/code/one-b2c/ssm-connect/.build/DerivedData/Build/Products/Debug/PackageFrameworks -F /Users/michielvh/code/one-b2c/ssm-connect/.build/DerivedData/Build/Products/Debug/PackageFrameworks -F /Users/michielvh/code/one-b2c/ssm-connect/.build/DerivedData/Build/Products/Debug/PackageFrameworks -F /Users/michielvh/code/one-b2c/ssm-connect/.build/DerivedData/Build/Products/Debug -F /Applications/Xcode.app/Contents/Developer/Platforms/MacOSX.platform/Developer/Library/Frameworks -c -j18 -enable-batch-mode -incremental -Xcc -ivfsstatcache -Xcc /Users/michielvh/code/one-b2c/ssm-connect/.build/DerivedData/SDKStatCaches.noindex/macosx26.5-25F70-e082c4a02f00227109f4ed75e425c832.sdkstatcache -output-file-map /Users/michielvh/code/one-b2c/ssm-connect/.build/DerivedData/Build/Intermediates.noindex/aws-sdk-swift.build/Debug/AWSSecretsManager.build/Objects-normal/arm64/AWSSecretsManager-OutputFileMap.json -use-frontend-parseable-output -save-temps -no-color-diagnostics -explicit-module-build -module-cache-path /Users/michielvh/code/one-b2c/ssm-connect/.build/DerivedData/Build/Intermediates.noindex/SwiftExplicitPrecompiledModules -clang-scanner-module-cache-path /Users/michielvh/code/one-b2c/ssm-connect/.build/DerivedData/ModuleCache.noindex -sdk-module-cache-path /Users/michielvh/code/one-b2c/ssm-connect/.build/DerivedData/ModuleCache.noindex -serialize-diagnostics -emit-dependencies -emit-module -emit-module-path /Users/michielvh/code/one-b2c/ssm-connect/.build/DerivedData/Build/Intermediates.noindex/aws-sdk-swift.build/Debug/AWSSecretsManager.build/Objects-normal/arm64/AWSSecretsManager.swiftmodule -validate-clang-modules-once -clang-build-session-file /Users/michielvh/code/one-b2c/ssm-connect/.build/DerivedData/ModuleCache.noindex/Session.modulevalidation -package-name aws_sdk_swift -Xcc -I/Users/michielvh/code/one-b2c/ssm-connect/.build/DerivedData/Build/Intermediates.noindex/aws-sdk-swift.build/Debug/AWSSecretsManager.build/swift-overrides.hmap -emit-const-values -Xfrontend -const-gather-protocols-file -Xfrontend /Users/michielvh/code/one-b2c/ssm-connect/.build/DerivedData/Build/Intermediates.noindex/aws-sdk-swift.build/Debug/AWSSecretsManager.build/Objects-normal/arm64/AWSSecretsManager_const_extract_protocols.json -Xcc -I/Users/michielvh/code/one-b2c/ssm-connect/.build/DerivedData/SourcePackages/checkouts/aws-crt-swift/aws-common-runtime/aws-c-mqtt/include -Xcc -I/Users/michielvh/code/one-b2c/ssm-connect/.build/DerivedData/SourcePackages/checkouts/aws-crt-swift/aws-common-runtime/aws-c-event-stream/include -Xcc -I/Users/michielvh/code/one-b2c/ssm-connect/.build/DerivedData/SourcePackages/checkouts/aws-crt-swift/aws-common-runtime/aws-checksums/include -Xcc -I/Users/michielvh/code/one-b2c/ssm-connect/.build/DerivedData/SourcePackages/checkouts/aws-crt-swift/aws-common-runtime/aws-c-auth/include -Xcc -I/Users/michielvh/code/one-b2c/ssm-connect/.build/DerivedData/SourcePackages/checkouts/aws-crt-swift/aws-common-runtime/aws-c-sdkutils/include -Xcc -I/Users/michielvh/code/one-b2c/ssm-connect/.build/DerivedData/SourcePackages/checkouts/aws-crt-swift/aws-common-runtime/aws-c-http/include -Xcc -I/Users/michielvh/code/one-b2c/ssm-connect/.build/DerivedData/SourcePackages/checkouts/aws-crt-swift/aws-common-runtime/aws-c-io/include -Xcc -I/Users/michielvh/code/one-b2c/ssm-connect/.build/DerivedData/SourcePackages/checkouts/aws-crt-swift/aws-common-runtime/aws-c-cal/include -Xcc -I/Users/michielvh/code/one-b2c/ssm-connect/.build/DerivedData/SourcePackages/checkouts/aws-crt-swift/aws-common-runtime/aws-c-compression/include -Xcc -I/Users/michielvh/code/one-b2c/ssm-connect/.build/DerivedData/SourcePackages/checkouts/aws-crt-swift/aws-common-runtime/aws-c-common/include -Xcc -I/Users/michielvh/code/one-b2c/ssm-connect/.build/DerivedData/SourcePackages/checkouts/aws-crt-swift/aws-common-runtime/config -Xcc -I/Users/michielvh/code/one-b2c/ssm-connect/.build/DerivedData/Build/Products/Debug/include -Xcc -I/Users/michielvh/code/one-b2c/ssm-connect/.build/DerivedData/Build/Intermediates.noindex/aws-sdk-swift.build/Debug/AWSSecretsManager.build/DerivedSources-normal/arm64 -Xcc -I/Users/michielvh/code/one-b2c/ssm-connect/.build/DerivedData/Build/Intermediates.noindex/aws-sdk-swift.build/Debug/AWSSecretsManager.build/DerivedSources/arm64 -Xcc -I/Users/michielvh/code/one-b2c/ssm-connect/.build/DerivedData/Build/Intermediates.noindex/aws-sdk-swift.build/Debug/AWSSecretsManager.build/DerivedSources -Xcc -DSWIFT_PACKAGE -Xcc -DDEBUG\=1 -emit-objc-header -emit-objc-header-path /Users/michielvh/code/one-b2c/ssm-connect/.build/DerivedData/Build/Intermediates.noindex/aws-sdk-swift.build/Debug/AWSSecretsManager.build/Objects-normal/arm64/AWSSecretsManager-Swift.h -working-directory /Users/michielvh/code/one-b2c/ssm-connect/SSMConnect.xcodeproj -experimental-emit-module-separately -disable-cmo

SwiftCompile normal arm64 Compiling\ AWSSecretsManagerSerialize.swift /Users/michielvh/code/one-b2c/ssm-connect/.build/DerivedData/Build/Intermediates.noindex/BuildToolPluginIntermediates/aws-sdk-swift.output/AWSSecretsManager/SmithyCodeGeneratorPlugin/AWSSecretsManagerSerialize.swift (in target 'AWSSecretsManager' from project 'aws-sdk-swift')

SwiftCompile normal arm64 /Users/michielvh/code/one-b2c/ssm-connect/.build/DerivedData/Build/Intermediates.noindex/BuildToolPluginIntermediates/aws-sdk-swift.output/AWSSecretsManager/SmithyCodeGeneratorPlugin/AWSSecretsManagerSerialize.swift (in target 'AWSSecretsManager' from project 'aws-sdk-swift')
    cd /Users/michielvh/code/one-b2c/ssm-connect/SSMConnect.xcodeproj
    

SwiftEmitModule normal arm64 Emitting\ module\ for\ AWSSecretsManager (in target 'AWSSecretsManager' from project 'aws-sdk-swift')

EmitSwiftModule normal arm64 (in target 'AWSSecretsManager' from project 'aws-sdk-swift')
    cd /Users/michielvh/code/one-b2c/ssm-connect/SSMConnect.xcodeproj
    

SwiftCompile normal arm64 Compiling\ AWSSecretsManagerSchemas.swift /Users/michielvh/code/one-b2c/ssm-connect/.build/DerivedData/Build/Intermediates.noindex/BuildToolPluginIntermediates/aws-sdk-swift.output/AWSSecretsManager/SmithyCodeGeneratorPlugin/AWSSecretsManagerSchemas.swift (in target 'AWSSecretsManager' from project 'aws-sdk-swift')

SwiftCompile normal arm64 /Users/michielvh/code/one-b2c/ssm-connect/.build/DerivedData/Build/Intermediates.noindex/BuildToolPluginIntermediates/aws-sdk-swift.output/AWSSecretsManager/SmithyCodeGeneratorPlugin/AWSSecretsManagerSchemas.swift (in target 'AWSSecretsManager' from project 'aws-sdk-swift')
    cd /Users/michielvh/code/one-b2c/ssm-connect/SSMConnect.xcodeproj
    

SwiftCompile normal arm64 Compiling\ AWSSecretsManagerOperations.swift /Users/michielvh/code/one-b2c/ssm-connect/.build/DerivedData/Build/Intermediates.noindex/BuildToolPluginIntermediates/aws-sdk-swift.output/AWSSecretsManager/SmithyCodeGeneratorPlugin/AWSSecretsManagerOperations.swift (in target 'AWSSecretsManager' from project 'aws-sdk-swift')

SwiftCompile normal arm64 /Users/michielvh/code/one-b2c/ssm-connect/.build/DerivedData/Build/Intermediates.noindex/BuildToolPluginIntermediates/aws-sdk-swift.output/AWSSecretsManager/SmithyCodeGeneratorPlugin/AWSSecretsManagerOperations.swift (in target 'AWSSecretsManager' from project 'aws-sdk-swift')
    cd /Users/michielvh/code/one-b2c/ssm-connect/SSMConnect.xcodeproj
    

SwiftCompile normal arm64 Compiling\ AWSSecretsManagerTypeRegistry.swift /Users/michielvh/code/one-b2c/ssm-connect/.build/DerivedData/Build/Intermediates.noindex/BuildToolPluginIntermediates/aws-sdk-swift.output/AWSSecretsManager/SmithyCodeGeneratorPlugin/AWSSecretsManagerTypeRegistry.swift (in target 'AWSSecretsManager' from project 'aws-sdk-swift')

SwiftCompile normal arm64 /Users/michielvh/code/one-b2c/ssm-connect/.build/DerivedData/Build/Intermediates.noindex/BuildToolPluginIntermediates/aws-sdk-swift.output/AWSSecretsManager/SmithyCodeGeneratorPlugin/AWSSecretsManagerTypeRegistry.swift (in target 'AWSSecretsManager' from project 'aws-sdk-swift')
    cd /Users/michielvh/code/one-b2c/ssm-connect/SSMConnect.xcodeproj
    

SwiftCompile normal arm64 Compiling\ AWSSecretsManagerDeserialize.swift /Users/michielvh/code/one-b2c/ssm-connect/.build/DerivedData/Build/Intermediates.noindex/BuildToolPluginIntermediates/aws-sdk-swift.output/AWSSecretsManager/SmithyCodeGeneratorPlugin/AWSSecretsManagerDeserialize.swift (in target 'AWSSecretsManager' from project 'aws-sdk-swift')

SwiftCompile normal arm64 /Users/michielvh/code/one-b2c/ssm-connect/.build/DerivedData/Build/Intermediates.noindex/BuildToolPluginIntermediates/aws-sdk-swift.output/AWSSecretsManager/SmithyCodeGeneratorPlugin/AWSSecretsManagerDeserialize.swift (in target 'AWSSecretsManager' from project 'aws-sdk-swift')
    cd /Users/michielvh/code/one-b2c/ssm-connect/SSMConnect.xcodeproj
    

SwiftDriverJobDiscovery normal arm64 Compiling AWSSecretsManagerOperations.swift (in target 'AWSSecretsManager' from project 'aws-sdk-swift')

SwiftDriverJobDiscovery normal arm64 Compiling AWSSecretsManagerTypeRegistry.swift (in target 'AWSSecretsManager' from project 'aws-sdk-swift')

SwiftDriverJobDiscovery normal arm64 Compiling AWSSecretsManagerDeserialize.swift (in target 'AWSSecretsManager' from project 'aws-sdk-swift')

SwiftDriverJobDiscovery normal arm64 Emitting module for AWSSecretsManager (in target 'AWSSecretsManager' from project 'aws-sdk-swift')

SwiftDriver\ Compilation\ Requirements AWSSecretsManager normal arm64 com.apple.xcode.tools.swift.compiler (in target 'AWSSecretsManager' from project 'aws-sdk-swift')
    cd /Users/michielvh/code/one-b2c/ssm-connect/SSMConnect.xcodeproj
    builtin-Swift-Compilation-Requirements -- /Applications/Xcode.app/Contents/Developer/Toolchains/XcodeDefault.xctoolchain/usr/bin/swiftc -module-name AWSSecretsManager -Onone @/Users/michielvh/code/one-b2c/ssm-connect/.build/DerivedData/Build/Intermediates.noindex/aws-sdk-swift.build/Debug/AWSSecretsManager.build/Objects-normal/arm64/AWSSecretsManager.SwiftFileList -DSWIFT_PACKAGE -DDEBUG -DSWIFT_MODULE_RESOURCE_BUNDLE_UNAVAILABLE -Xcc -fmodule-map-file\=/Users/michielvh/code/one-b2c/ssm-connect/.build/DerivedData/SourcePackages/checkouts/aws-crt-swift/Source/LibNative/module.modulemap -Xcc -fmodule-map-file\=/Users/michielvh/code/one-b2c/ssm-connect/.build/DerivedData/Build/Intermediates.noindex/GeneratedModuleMaps/AwsCMqtt.modulemap -Xcc -fmodule-map-file\=/Users/michielvh/code/one-b2c/ssm-connect/.build/DerivedData/Build/Intermediates.noindex/GeneratedModuleMaps/AwsCEventStream.modulemap -Xcc -fmodule-map-file\=/Users/michielvh/code/one-b2c/ssm-connect/.build/DerivedData/Build/Intermediates.noindex/GeneratedModuleMaps/AwsCChecksums.modulemap -Xcc -fmodule-map-file\=/Users/michielvh/code/one-b2c/ssm-connect/.build/DerivedData/Build/Intermediates.noindex/GeneratedModuleMaps/AwsCAuth.modulemap -Xcc -fmodule-map-file\=/Users/michielvh/code/one-b2c/ssm-connect/.build/DerivedData/Build/Intermediates.noindex/GeneratedModuleMaps/AwsCSdkUtils.modulemap -Xcc -fmodule-map-file\=/Users/michielvh/code/one-b2c/ssm-connect/.build/DerivedData/Build/Intermediates.noindex/GeneratedModuleMaps/AwsCHttp.modulemap -Xcc -fmodule-map-file\=/Users/michielvh/code/one-b2c/ssm-connect/.build/DerivedData/Build/Intermediates.noindex/GeneratedModuleMaps/AwsCIo.modulemap -Xcc -fmodule-map-file\=/Users/michielvh/code/one-b2c/ssm-connect/.build/DerivedData/Build/Intermediates.noindex/GeneratedModuleMaps/AwsCCal.modulemap -Xcc -fmodule-map-file\=/Users/michielvh/code/one-b2c/ssm-connect/.build/DerivedData/Build/Intermediates.noindex/GeneratedModuleMaps/AwsCCompression.modulemap -Xcc -fmodule-map-file\=/Users/michielvh/code/one-b2c/ssm-connect/.build/DerivedData/Build/Intermediates.noindex/GeneratedModuleMaps/AwsCCommon.modulemap -DXcode -plugin-path /Applications/Xcode.app/Contents/Developer/Toolchains/XcodeDefault.xctoolchain/usr/lib/swift/host/plugins/testing -enable-experimental-feature DebugDescriptionMacro -sdk /Applications/Xcode.app/Contents/Developer/Platforms/MacOSX.platform/Developer/SDKs/MacOSX26.5.sdk -target arm64-apple-macos12.0 -g -module-cache-path /Users/michielvh/code/one-b2c/ssm-connect/.build/DerivedData/ModuleCache.noindex -Xfrontend -serialize-debugging-options -enable-testing -suppress-warnings -index-store-path /Users/michielvh/code/one-b2c/ssm-connect/.build/DerivedData/Index.noindex/DataStore -Xcc -D_LIBCPP_HARDENING_MODE\=_LIBCPP_HARDENING_MODE_DEBUG -swift-version 5 -I /Users/michielvh/code/one-b2c/ssm-connect/.build/DerivedData/Build/Products/Debug -Isystem /Applications/Xcode.app/Contents/Developer/Platforms/MacOSX.platform/Developer/usr/lib -F /Users/michielvh/code/one-b2c/ssm-connect/.build/DerivedData/Build/Products/Debug/PackageFrameworks -F /Users/michielvh/code/one-b2c/ssm-connect/.build/DerivedData/Build/Products/Debug/PackageFrameworks -F /Users/michielvh/code/one-b2c/ssm-connect/.build/DerivedData/Build/Products/Debug/PackageFrameworks -F /Users/michielvh/code/one-b2c/ssm-connect/.build/DerivedData/Build/Products/Debug/PackageFrameworks -F /Users/michielvh/code/one-b2c/ssm-connect/.build/DerivedData/Build/Products/Debug/PackageFrameworks -F /Users/michielvh/code/one-b2c/ssm-connect/.build/DerivedData/Build/Products/Debug/PackageFrameworks -F /Users/michielvh/code/one-b2c/ssm-connect/.build/DerivedData/Build/Products/Debug/PackageFrameworks -F /Users/michielvh/code/one-b2c/ssm-connect/.build/DerivedData/Build/Products/Debug/PackageFrameworks -F /Users/michielvh/code/one-b2c/ssm-connect/.build/DerivedData/Build/Products/Debug/PackageFrameworks -F /Users/michielvh/code/one-b2c/ssm-connect/.build/DerivedData/Build/Products/Debug/PackageFrameworks -F /Users/michielvh/code/one-b2c/ssm-connect/.build/DerivedData/Build/Products/Debug/PackageFrameworks -F /Users/michielvh/code/one-b2c/ssm-connect/.build/DerivedData/Build/Products/Debug/PackageFrameworks -F /Users/michielvh/code/one-b2c/ssm-connect/.build/DerivedData/Build/Products/Debug/PackageFrameworks -F /Users/michielvh/code/one-b2c/ssm-connect/.build/DerivedData/Build/Products/Debug/PackageFrameworks -F /Users/michielvh/code/one-b2c/ssm-connect/.build/DerivedData/Build/Products/Debug/PackageFrameworks -F /Users/michielvh/code/one-b2c/ssm-connect/.build/DerivedData/Build/Products/Debug/PackageFrameworks -F /Users/michielvh/code/one-b2c/ssm-connect/.build/DerivedData/Build/Products/Debug/PackageFrameworks -F /Users/michielvh/code/one-b2c/ssm-connect/.build/DerivedData/Build/Products/Debug/PackageFrameworks -F /Users/michielvh/code/one-b2c/ssm-connect/.build/DerivedData/Build/Products/Debug/PackageFrameworks -F /Users/michielvh/code/one-b2c/ssm-connect/.build/DerivedData/Build/Products/Debug/PackageFrameworks -F /Users/michielvh/code/one-b2c/ssm-connect/.build/DerivedData/Build/Products/Debug/PackageFrameworks -F /Users/michielvh/code/one-b2c/ssm-connect/.build/DerivedData/Build/Products/Debug/PackageFrameworks -F /Users/michielvh/code/one-b2c/ssm-connect/.build/DerivedData/Build/Products/Debug/PackageFrameworks -F /Users/michielvh/code/one-b2c/ssm-connect/.build/DerivedData/Build/Products/Debug/PackageFrameworks -F /Users/michielvh/code/one-b2c/ssm-connect/.build/DerivedData/Build/Products/Debug/PackageFrameworks -F /Users/michielvh/code/one-b2c/ssm-connect/.build/DerivedData/Build/Products/Debug/PackageFrameworks -F /Users/michielvh/code/one-b2c/ssm-connect/.build/DerivedData/Build/Products/Debug/PackageFrameworks -F /Users/michielvh/code/one-b2c/ssm-connect/.build/DerivedData/Build/Products/Debug/PackageFrameworks -F /Users/michielvh/code/one-b2c/ssm-connect/.build/DerivedData/Build/Products/Debug/PackageFrameworks -F /Users/michielvh/code/one-b2c/ssm-connect/.build/DerivedData/Build/Products/Debug/PackageFrameworks -F /Users/michielvh/code/one-b2c/ssm-connect/.build/DerivedData/Build/Products/Debug/PackageFrameworks -F /Users/michielvh/code/one-b2c/ssm-connect/.build/DerivedData/Build/Products/Debug/PackageFrameworks -F /Users/michielvh/code/one-b2c/ssm-connect/.build/DerivedData/Build/Products/Debug/PackageFrameworks -F /Users/michielvh/code/one-b2c/ssm-connect/.build/DerivedData/Build/Products/Debug/PackageFrameworks -F /Users/michielvh/code/one-b2c/ssm-connect/.build/DerivedData/Build/Products/Debug/PackageFrameworks -F /Users/michielvh/code/one-b2c/ssm-connect/.build/DerivedData/Build/Products/Debug/PackageFrameworks -F /Users/michielvh/code/one-b2c/ssm-connect/.build/DerivedData/Build/Products/Debug/PackageFrameworks -F /Users/michielvh/code/one-b2c/ssm-connect/.build/DerivedData/Build/Products/Debug/PackageFrameworks -F /Users/michielvh/code/one-b2c/ssm-connect/.build/DerivedData/Build/Products/Debug/PackageFrameworks -F /Users/michielvh/code/one-b2c/ssm-connect/.build/DerivedData/Build/Products/Debug/PackageFrameworks -F /Users/michielvh/code/one-b2c/ssm-connect/.build/DerivedData/Build/Products/Debug/PackageFrameworks -F /Users/michielvh/code/one-b2c/ssm-connect/.build/DerivedData/Build/Products/Debug/PackageFrameworks -F /Users/michielvh/code/one-b2c/ssm-connect/.build/DerivedData/Build/Products/Debug/PackageFrameworks -F /Users/michielvh/code/one-b2c/ssm-connect/.build/DerivedData/Build/Products/Debug/PackageFrameworks -F /Users/michielvh/code/one-b2c/ssm-connect/.build/DerivedData/Build/Products/Debug/PackageFrameworks -F /Users/michielvh/code/one-b2c/ssm-connect/.build/DerivedData/Build/Products/Debug/PackageFrameworks -F /Users/michielvh/code/one-b2c/ssm-connect/.build/DerivedData/Build/Products/Debug/PackageFrameworks -F /Users/michielvh/code/one-b2c/ssm-connect/.build/DerivedData/Build/Products/Debug/PackageFrameworks -F /Users/michielvh/code/one-b2c/ssm-connect/.build/DerivedData/Build/Products/Debug/PackageFrameworks -F /Users/michielvh/code/one-b2c/ssm-connect/.build/DerivedData/Build/Products/Debug/PackageFrameworks -F /Users/michielvh/code/one-b2c/ssm-connect/.build/DerivedData/Build/Products/Debug/PackageFrameworks -F /Users/michielvh/code/one-b2c/ssm-connect/.build/DerivedData/Build/Products/Debug -F /Applications/Xcode.app/Contents/Developer/Platforms/MacOSX.platform/Developer/Library/Frameworks -c -j18 -enable-batch-mode -incremental -Xcc -ivfsstatcache -Xcc /Users/michielvh/code/one-b2c/ssm-connect/.build/DerivedData/SDKStatCaches.noindex/macosx26.5-25F70-e082c4a02f00227109f4ed75e425c832.sdkstatcache -output-file-map /Users/michielvh/code/one-b2c/ssm-connect/.build/DerivedData/Build/Intermediates.noindex/aws-sdk-swift.build/Debug/AWSSecretsManager.build/Objects-normal/arm64/AWSSecretsManager-OutputFileMap.json -use-frontend-parseable-output -save-temps -no-color-diagnostics -explicit-module-build -module-cache-path /Users/michielvh/code/one-b2c/ssm-connect/.build/DerivedData/Build/Intermediates.noindex/SwiftExplicitPrecompiledModules -clang-scanner-module-cache-path /Users/michielvh/code/one-b2c/ssm-connect/.build/DerivedData/ModuleCache.noindex -sdk-module-cache-path /Users/michielvh/code/one-b2c/ssm-connect/.build/DerivedData/ModuleCache.noindex -serialize-diagnostics -emit-dependencies -emit-module -emit-module-path /Users/michielvh/code/one-b2c/ssm-connect/.build/DerivedData/Build/Intermediates.noindex/aws-sdk-swift.build/Debug/AWSSecretsManager.build/Objects-normal/arm64/AWSSecretsManager.swiftmodule -validate-clang-modules-once -clang-build-session-file /Users/michielvh/code/one-b2c/ssm-connect/.build/DerivedData/ModuleCache.noindex/Session.modulevalidation -package-name aws_sdk_swift -Xcc -I/Users/michielvh/code/one-b2c/ssm-connect/.build/DerivedData/Build/Intermediates.noindex/aws-sdk-swift.build/Debug/AWSSecretsManager.build/swift-overrides.hmap -emit-const-values -Xfrontend -const-gather-protocols-file -Xfrontend /Users/michielvh/code/one-b2c/ssm-connect/.build/DerivedData/Build/Intermediates.noindex/aws-sdk-swift.build/Debug/AWSSecretsManager.build/Objects-normal/arm64/AWSSecretsManager_const_extract_protocols.json -Xcc -I/Users/michielvh/code/one-b2c/ssm-connect/.build/DerivedData/SourcePackages/checkouts/aws-crt-swift/aws-common-runtime/aws-c-mqtt/include -Xcc -I/Users/michielvh/code/one-b2c/ssm-connect/.build/DerivedData/SourcePackages/checkouts/aws-crt-swift/aws-common-runtime/aws-c-event-stream/include -Xcc -I/Users/michielvh/code/one-b2c/ssm-connect/.build/DerivedData/SourcePackages/checkouts/aws-crt-swift/aws-common-runtime/aws-checksums/include -Xcc -I/Users/michielvh/code/one-b2c/ssm-connect/.build/DerivedData/SourcePackages/checkouts/aws-crt-swift/aws-common-runtime/aws-c-auth/include -Xcc -I/Users/michielvh/code/one-b2c/ssm-connect/.build/DerivedData/SourcePackages/checkouts/aws-crt-swift/aws-common-runtime/aws-c-sdkutils/include -Xcc -I/Users/michielvh/code/one-b2c/ssm-connect/.build/DerivedData/SourcePackages/checkouts/aws-crt-swift/aws-common-runtime/aws-c-http/include -Xcc -I/Users/michielvh/code/one-b2c/ssm-connect/.build/DerivedData/SourcePackages/checkouts/aws-crt-swift/aws-common-runtime/aws-c-io/include -Xcc -I/Users/michielvh/code/one-b2c/ssm-connect/.build/DerivedData/SourcePackages/checkouts/aws-crt-swift/aws-common-runtime/aws-c-cal/include -Xcc -I/Users/michielvh/code/one-b2c/ssm-connect/.build/DerivedData/SourcePackages/checkouts/aws-crt-swift/aws-common-runtime/aws-c-compression/include -Xcc -I/Users/michielvh/code/one-b2c/ssm-connect/.build/DerivedData/SourcePackages/checkouts/aws-crt-swift/aws-common-runtime/aws-c-common/include -Xcc -I/Users/michielvh/code/one-b2c/ssm-connect/.build/DerivedData/SourcePackages/checkouts/aws-crt-swift/aws-common-runtime/config -Xcc -I/Users/michielvh/code/one-b2c/ssm-connect/.build/DerivedData/Build/Products/Debug/include -Xcc -I/Users/michielvh/code/one-b2c/ssm-connect/.build/DerivedData/Build/Intermediates.noindex/aws-sdk-swift.build/Debug/AWSSecretsManager.build/DerivedSources-normal/arm64 -Xcc -I/Users/michielvh/code/one-b2c/ssm-connect/.build/DerivedData/Build/Intermediates.noindex/aws-sdk-swift.build/Debug/AWSSecretsManager.build/DerivedSources/arm64 -Xcc -I/Users/michielvh/code/one-b2c/ssm-connect/.build/DerivedData/Build/Intermediates.noindex/aws-sdk-swift.build/Debug/AWSSecretsManager.build/DerivedSources -Xcc -DSWIFT_PACKAGE -Xcc -DDEBUG\=1 -emit-objc-header -emit-objc-header-path /Users/michielvh/code/one-b2c/ssm-connect/.build/DerivedData/Build/Intermediates.noindex/aws-sdk-swift.build/Debug/AWSSecretsManager.build/Objects-normal/arm64/AWSSecretsManager-Swift.h -working-directory /Users/michielvh/code/one-b2c/ssm-connect/SSMConnect.xcodeproj -experimental-emit-module-separately -disable-cmo

Copy /Users/michielvh/code/one-b2c/ssm-connect/.build/DerivedData/Build/Products/Debug/AWSSecretsManager.swiftmodule/arm64-apple-macos.abi.json /Users/michielvh/code/one-b2c/ssm-connect/.build/DerivedData/Build/Intermediates.noindex/aws-sdk-swift.build/Debug/AWSSecretsManager.build/Objects-normal/arm64/AWSSecretsManager.abi.json (in target 'AWSSecretsManager' from project 'aws-sdk-swift')
    cd /Users/michielvh/code/one-b2c/ssm-connect/.build/DerivedData/SourcePackages/checkouts/aws-sdk-swift
    builtin-copy -exclude .DS_Store -exclude CVS -exclude .svn -exclude .git -exclude .hg -resolve-src-symlinks -rename /Users/michielvh/code/one-b2c/ssm-connect/.build/DerivedData/Build/Intermediates.noindex/aws-sdk-swift.build/Debug/AWSSecretsManager.build/Objects-normal/arm64/AWSSecretsManager.abi.json /Users/michielvh/code/one-b2c/ssm-connect/.build/DerivedData/Build/Products/Debug/AWSSecretsManager.swiftmodule/arm64-apple-macos.abi.json

Copy /Users/michielvh/code/one-b2c/ssm-connect/.build/DerivedData/Build/Products/Debug/AWSSecretsManager.swiftmodule/Project/arm64-apple-macos.swiftsourceinfo /Users/michielvh/code/one-b2c/ssm-connect/.build/DerivedData/Build/Intermediates.noindex/aws-sdk-swift.build/Debug/AWSSecretsManager.build/Objects-normal/arm64/AWSSecretsManager.swiftsourceinfo (in target 'AWSSecretsManager' from project 'aws-sdk-swift')
    cd /Users/michielvh/code/one-b2c/ssm-connect/.build/DerivedData/SourcePackages/checkouts/aws-sdk-swift
    builtin-copy -exclude .DS_Store -exclude CVS -exclude .svn -exclude .git -exclude .hg -resolve-src-symlinks -rename /Users/michielvh/code/one-b2c/ssm-connect/.build/DerivedData/Build/Intermediates.noindex/aws-sdk-swift.build/Debug/AWSSecretsManager.build/Objects-normal/arm64/AWSSecretsManager.swiftsourceinfo /Users/michielvh/code/one-b2c/ssm-connect/.build/DerivedData/Build/Products/Debug/AWSSecretsManager.swiftmodule/Project/arm64-apple-macos.swiftsourceinfo

SwiftDriverJobDiscovery normal arm64 Compiling AWSSecretsManagerSerialize.swift (in target 'AWSSecretsManager' from project 'aws-sdk-swift')

SwiftDriverJobDiscovery normal arm64 Compiling AWSSecretsManagerSchemas.swift (in target 'AWSSecretsManager' from project 'aws-sdk-swift')

SwiftDriver\ Compilation AWSSecretsManager normal arm64 com.apple.xcode.tools.swift.compiler (in target 'AWSSecretsManager' from project 'aws-sdk-swift')
    cd /Users/michielvh/code/one-b2c/ssm-connect/SSMConnect.xcodeproj
    builtin-Swift-Compilation -- /Applications/Xcode.app/Contents/Developer/Toolchains/XcodeDefault.xctoolchain/usr/bin/swiftc -module-name AWSSecretsManager -Onone @/Users/michielvh/code/one-b2c/ssm-connect/.build/DerivedData/Build/Intermediates.noindex/aws-sdk-swift.build/Debug/AWSSecretsManager.build/Objects-normal/arm64/AWSSecretsManager.SwiftFileList -DSWIFT_PACKAGE -DDEBUG -DSWIFT_MODULE_RESOURCE_BUNDLE_UNAVAILABLE -Xcc -fmodule-map-file\=/Users/michielvh/code/one-b2c/ssm-connect/.build/DerivedData/SourcePackages/checkouts/aws-crt-swift/Source/LibNative/module.modulemap -Xcc -fmodule-map-file\=/Users/michielvh/code/one-b2c/ssm-connect/.build/DerivedData/Build/Intermediates.noindex/GeneratedModuleMaps/AwsCMqtt.modulemap -Xcc -fmodule-map-file\=/Users/michielvh/code/one-b2c/ssm-connect/.build/DerivedData/Build/Intermediates.noindex/GeneratedModuleMaps/AwsCEventStream.modulemap -Xcc -fmodule-map-file\=/Users/michielvh/code/one-b2c/ssm-connect/.build/DerivedData/Build/Intermediates.noindex/GeneratedModuleMaps/AwsCChecksums.modulemap -Xcc -fmodule-map-file\=/Users/michielvh/code/one-b2c/ssm-connect/.build/DerivedData/Build/Intermediates.noindex/GeneratedModuleMaps/AwsCAuth.modulemap -Xcc -fmodule-map-file\=/Users/michielvh/code/one-b2c/ssm-connect/.build/DerivedData/Build/Intermediates.noindex/GeneratedModuleMaps/AwsCSdkUtils.modulemap -Xcc -fmodule-map-file\=/Users/michielvh/code/one-b2c/ssm-connect/.build/DerivedData/Build/Intermediates.noindex/GeneratedModuleMaps/AwsCHttp.modulemap -Xcc -fmodule-map-file\=/Users/michielvh/code/one-b2c/ssm-connect/.build/DerivedData/Build/Intermediates.noindex/GeneratedModuleMaps/AwsCIo.modulemap -Xcc -fmodule-map-file\=/Users/michielvh/code/one-b2c/ssm-connect/.build/DerivedData/Build/Intermediates.noindex/GeneratedModuleMaps/AwsCCal.modulemap -Xcc -fmodule-map-file\=/Users/michielvh/code/one-b2c/ssm-connect/.build/DerivedData/Build/Intermediates.noindex/GeneratedModuleMaps/AwsCCompression.modulemap -Xcc -fmodule-map-file\=/Users/michielvh/code/one-b2c/ssm-connect/.build/DerivedData/Build/Intermediates.noindex/GeneratedModuleMaps/AwsCCommon.modulemap -DXcode -plugin-path /Applications/Xcode.app/Contents/Developer/Toolchains/XcodeDefault.xctoolchain/usr/lib/swift/host/plugins/testing -enable-experimental-feature DebugDescriptionMacro -sdk /Applications/Xcode.app/Contents/Developer/Platforms/MacOSX.platform/Developer/SDKs/MacOSX26.5.sdk -target arm64-apple-macos12.0 -g -module-cache-path /Users/michielvh/code/one-b2c/ssm-connect/.build/DerivedData/ModuleCache.noindex -Xfrontend -serialize-debugging-options -enable-testing -suppress-warnings -index-store-path /Users/michielvh/code/one-b2c/ssm-connect/.build/DerivedData/Index.noindex/DataStore -Xcc -D_LIBCPP_HARDENING_MODE\=_LIBCPP_HARDENING_MODE_DEBUG -swift-version 5 -I /Users/michielvh/code/one-b2c/ssm-connect/.build/DerivedData/Build/Products/Debug -Isystem /Applications/Xcode.app/Contents/Developer/Platforms/MacOSX.platform/Developer/usr/lib -F /Users/michielvh/code/one-b2c/ssm-connect/.build/DerivedData/Build/Products/Debug/PackageFrameworks -F /Users/michielvh/code/one-b2c/ssm-connect/.build/DerivedData/Build/Products/Debug/PackageFrameworks -F /Users/michielvh/code/one-b2c/ssm-connect/.build/DerivedData/Build/Products/Debug/PackageFrameworks -F /Users/michielvh/code/one-b2c/ssm-connect/.build/DerivedData/Build/Products/Debug/PackageFrameworks -F /Users/michielvh/code/one-b2c/ssm-connect/.build/DerivedData/Build/Products/Debug/PackageFrameworks -F /Users/michielvh/code/one-b2c/ssm-connect/.build/DerivedData/Build/Products/Debug/PackageFrameworks -F /Users/michielvh/code/one-b2c/ssm-connect/.build/DerivedData/Build/Products/Debug/PackageFrameworks -F /Users/michielvh/code/one-b2c/ssm-connect/.build/DerivedData/Build/Products/Debug/PackageFrameworks -F /Users/michielvh/code/one-b2c/ssm-connect/.build/DerivedData/Build/Products/Debug/PackageFrameworks -F /Users/michielvh/code/one-b2c/ssm-connect/.build/DerivedData/Build/Products/Debug/PackageFrameworks -F /Users/michielvh/code/one-b2c/ssm-connect/.build/DerivedData/Build/Products/Debug/PackageFrameworks -F /Users/michielvh/code/one-b2c/ssm-connect/.build/DerivedData/Build/Products/Debug/PackageFrameworks -F /Users/michielvh/code/one-b2c/ssm-connect/.build/DerivedData/Build/Products/Debug/PackageFrameworks -F /Users/michielvh/code/one-b2c/ssm-connect/.build/DerivedData/Build/Products/Debug/PackageFrameworks -F /Users/michielvh/code/one-b2c/ssm-connect/.build/DerivedData/Build/Products/Debug/PackageFrameworks -F /Users/michielvh/code/one-b2c/ssm-connect/.build/DerivedData/Build/Products/Debug/PackageFrameworks -F /Users/michielvh/code/one-b2c/ssm-connect/.build/DerivedData/Build/Products/Debug/PackageFrameworks -F /Users/michielvh/code/one-b2c/ssm-connect/.build/DerivedData/Build/Products/Debug/PackageFrameworks -F /Users/michielvh/code/one-b2c/ssm-connect/.build/DerivedData/Build/Products/Debug/PackageFrameworks -F /Users/michielvh/code/one-b2c/ssm-connect/.build/DerivedData/Build/Products/Debug/PackageFrameworks -F /Users/michielvh/code/one-b2c/ssm-connect/.build/DerivedData/Build/Products/Debug/PackageFrameworks -F /Users/michielvh/code/one-b2c/ssm-connect/.build/DerivedData/Build/Products/Debug/PackageFrameworks -F /Users/michielvh/code/one-b2c/ssm-connect/.build/DerivedData/Build/Products/Debug/PackageFrameworks -F /Users/michielvh/code/one-b2c/ssm-connect/.build/DerivedData/Build/Products/Debug/PackageFrameworks -F /Users/michielvh/code/one-b2c/ssm-connect/.build/DerivedData/Build/Products/Debug/PackageFrameworks -F /Users/michielvh/code/one-b2c/ssm-connect/.build/DerivedData/Build/Products/Debug/PackageFrameworks -F /Users/michielvh/code/one-b2c/ssm-connect/.build/DerivedData/Build/Products/Debug/PackageFrameworks -F /Users/michielvh/code/one-b2c/ssm-connect/.build/DerivedData/Build/Products/Debug/PackageFrameworks -F /Users/michielvh/code/one-b2c/ssm-connect/.build/DerivedData/Build/Products/Debug/PackageFrameworks -F /Users/michielvh/code/one-b2c/ssm-connect/.build/DerivedData/Build/Products/Debug/PackageFrameworks -F /Users/michielvh/code/one-b2c/ssm-connect/.build/DerivedData/Build/Products/Debug/PackageFrameworks -F /Users/michielvh/code/one-b2c/ssm-connect/.build/DerivedData/Build/Products/Debug/PackageFrameworks -F /Users/michielvh/code/one-b2c/ssm-connect/.build/DerivedData/Build/Products/Debug/PackageFrameworks -F /Users/michielvh/code/one-b2c/ssm-connect/.build/DerivedData/Build/Products/Debug/PackageFrameworks -F /Users/michielvh/code/one-b2c/ssm-connect/.build/DerivedData/Build/Products/Debug/PackageFrameworks -F /Users/michielvh/code/one-b2c/ssm-connect/.build/DerivedData/Build/Products/Debug/PackageFrameworks -F /Users/michielvh/code/one-b2c/ssm-connect/.build/DerivedData/Build/Products/Debug/PackageFrameworks -F /Users/michielvh/code/one-b2c/ssm-connect/.build/DerivedData/Build/Products/Debug/PackageFrameworks -F /Users/michielvh/code/one-b2c/ssm-connect/.build/DerivedData/Build/Products/Debug/PackageFrameworks -F /Users/michielvh/code/one-b2c/ssm-connect/.build/DerivedData/Build/Products/Debug/PackageFrameworks -F /Users/michielvh/code/one-b2c/ssm-connect/.build/DerivedData/Build/Products/Debug/PackageFrameworks -F /Users/michielvh/code/one-b2c/ssm-connect/.build/DerivedData/Build/Products/Debug/PackageFrameworks -F /Users/michielvh/code/one-b2c/ssm-connect/.build/DerivedData/Build/Products/Debug/PackageFrameworks -F /Users/michielvh/code/one-b2c/ssm-connect/.build/DerivedData/Build/Products/Debug/PackageFrameworks -F /Users/michielvh/code/one-b2c/ssm-connect/.build/DerivedData/Build/Products/Debug/PackageFrameworks -F /Users/michielvh/code/one-b2c/ssm-connect/.build/DerivedData/Build/Products/Debug/PackageFrameworks -F /Users/michielvh/code/one-b2c/ssm-connect/.build/DerivedData/Build/Products/Debug/PackageFrameworks -F /Users/michielvh/code/one-b2c/ssm-connect/.build/DerivedData/Build/Products/Debug/PackageFrameworks -F /Users/michielvh/code/one-b2c/ssm-connect/.build/DerivedData/Build/Products/Debug/PackageFrameworks -F /Users/michielvh/code/one-b2c/ssm-connect/.build/DerivedData/Build/Products/Debug/PackageFrameworks -F /Users/michielvh/code/one-b2c/ssm-connect/.build/DerivedData/Build/Products/Debug/PackageFrameworks -F /Users/michielvh/code/one-b2c/ssm-connect/.build/DerivedData/Build/Products/Debug -F /Applications/Xcode.app/Contents/Developer/Platforms/MacOSX.platform/Developer/Library/Frameworks -c -j18 -enable-batch-mode -incremental -Xcc -ivfsstatcache -Xcc /Users/michielvh/code/one-b2c/ssm-connect/.build/DerivedData/SDKStatCaches.noindex/macosx26.5-25F70-e082c4a02f00227109f4ed75e425c832.sdkstatcache -output-file-map /Users/michielvh/code/one-b2c/ssm-connect/.build/DerivedData/Build/Intermediates.noindex/aws-sdk-swift.build/Debug/AWSSecretsManager.build/Objects-normal/arm64/AWSSecretsManager-OutputFileMap.json -use-frontend-parseable-output -save-temps -no-color-diagnostics -explicit-module-build -module-cache-path /Users/michielvh/code/one-b2c/ssm-connect/.build/DerivedData/Build/Intermediates.noindex/SwiftExplicitPrecompiledModules -clang-scanner-module-cache-path /Users/michielvh/code/one-b2c/ssm-connect/.build/DerivedData/ModuleCache.noindex -sdk-module-cache-path /Users/michielvh/code/one-b2c/ssm-connect/.build/DerivedData/ModuleCache.noindex -serialize-diagnostics -emit-dependencies -emit-module -emit-module-path /Users/michielvh/code/one-b2c/ssm-connect/.build/DerivedData/Build/Intermediates.noindex/aws-sdk-swift.build/Debug/AWSSecretsManager.build/Objects-normal/arm64/AWSSecretsManager.swiftmodule -validate-clang-modules-once -clang-build-session-file /Users/michielvh/code/one-b2c/ssm-connect/.build/DerivedData/ModuleCache.noindex/Session.modulevalidation -package-name aws_sdk_swift -Xcc -I/Users/michielvh/code/one-b2c/ssm-connect/.build/DerivedData/Build/Intermediates.noindex/aws-sdk-swift.build/Debug/AWSSecretsManager.build/swift-overrides.hmap -emit-const-values -Xfrontend -const-gather-protocols-file -Xfrontend /Users/michielvh/code/one-b2c/ssm-connect/.build/DerivedData/Build/Intermediates.noindex/aws-sdk-swift.build/Debug/AWSSecretsManager.build/Objects-normal/arm64/AWSSecretsManager_const_extract_protocols.json -Xcc -I/Users/michielvh/code/one-b2c/ssm-connect/.build/DerivedData/SourcePackages/checkouts/aws-crt-swift/aws-common-runtime/aws-c-mqtt/include -Xcc -I/Users/michielvh/code/one-b2c/ssm-connect/.build/DerivedData/SourcePackages/checkouts/aws-crt-swift/aws-common-runtime/aws-c-event-stream/include -Xcc -I/Users/michielvh/code/one-b2c/ssm-connect/.build/DerivedData/SourcePackages/checkouts/aws-crt-swift/aws-common-runtime/aws-checksums/include -Xcc -I/Users/michielvh/code/one-b2c/ssm-connect/.build/DerivedData/SourcePackages/checkouts/aws-crt-swift/aws-common-runtime/aws-c-auth/include -Xcc -I/Users/michielvh/code/one-b2c/ssm-connect/.build/DerivedData/SourcePackages/checkouts/aws-crt-swift/aws-common-runtime/aws-c-sdkutils/include -Xcc -I/Users/michielvh/code/one-b2c/ssm-connect/.build/DerivedData/SourcePackages/checkouts/aws-crt-swift/aws-common-runtime/aws-c-http/include -Xcc -I/Users/michielvh/code/one-b2c/ssm-connect/.build/DerivedData/SourcePackages/checkouts/aws-crt-swift/aws-common-runtime/aws-c-io/include -Xcc -I/Users/michielvh/code/one-b2c/ssm-connect/.build/DerivedData/SourcePackages/checkouts/aws-crt-swift/aws-common-runtime/aws-c-cal/include -Xcc -I/Users/michielvh/code/one-b2c/ssm-connect/.build/DerivedData/SourcePackages/checkouts/aws-crt-swift/aws-common-runtime/aws-c-compression/include -Xcc -I/Users/michielvh/code/one-b2c/ssm-connect/.build/DerivedData/SourcePackages/checkouts/aws-crt-swift/aws-common-runtime/aws-c-common/include -Xcc -I/Users/michielvh/code/one-b2c/ssm-connect/.build/DerivedData/SourcePackages/checkouts/aws-crt-swift/aws-common-runtime/config -Xcc -I/Users/michielvh/code/one-b2c/ssm-connect/.build/DerivedData/Build/Products/Debug/include -Xcc -I/Users/michielvh/code/one-b2c/ssm-connect/.build/DerivedData/Build/Intermediates.noindex/aws-sdk-swift.build/Debug/AWSSecretsManager.build/DerivedSources-normal/arm64 -Xcc -I/Users/michielvh/code/one-b2c/ssm-connect/.build/DerivedData/Build/Intermediates.noindex/aws-sdk-swift.build/Debug/AWSSecretsManager.build/DerivedSources/arm64 -Xcc -I/Users/michielvh/code/one-b2c/ssm-connect/.build/DerivedData/Build/Intermediates.noindex/aws-sdk-swift.build/Debug/AWSSecretsManager.build/DerivedSources -Xcc -DSWIFT_PACKAGE -Xcc -DDEBUG\=1 -emit-objc-header -emit-objc-header-path /Users/michielvh/code/one-b2c/ssm-connect/.build/DerivedData/Build/Intermediates.noindex/aws-sdk-swift.build/Debug/AWSSecretsManager.build/Objects-normal/arm64/AWSSecretsManager-Swift.h -working-directory /Users/michielvh/code/one-b2c/ssm-connect/SSMConnect.xcodeproj -experimental-emit-module-separately -disable-cmo

Ld /Users/michielvh/code/one-b2c/ssm-connect/.build/DerivedData/Build/Products/Debug/AWSSecretsManager.o normal (in target 'AWSSecretsManager' from project 'aws-sdk-swift')
    cd /Users/michielvh/code/one-b2c/ssm-connect/.build/DerivedData/SourcePackages/checkouts/aws-sdk-swift
    /Applications/Xcode.app/Contents/Developer/Toolchains/XcodeDefault.xctoolchain/usr/bin/clang -Xlinker -reproducible -target arm64-apple-macos12.0 -r -isysroot /Applications/Xcode.app/Contents/Developer/Platforms/MacOSX.platform/Developer/SDKs/MacOSX26.5.sdk -O0 -w -F/Users/michielvh/code/one-b2c/ssm-connect/.build/DerivedData/Build/Intermediates.noindex/EagerLinkingTBDs/Debug -F/Users/michielvh/code/one-b2c/ssm-connect/.build/DerivedData/Build/Products/Debug/PackageFrameworks -F/Users/michielvh/code/one-b2c/ssm-connect/.build/DerivedData/Build/Products/Debug/PackageFrameworks -F/Users/michielvh/code/one-b2c/ssm-connect/.build/DerivedData/Build/Products/Debug/PackageFrameworks -F/Users/michielvh/code/one-b2c/ssm-connect/.build/DerivedData/Build/Products/Debug/PackageFrameworks -F/Users/michielvh/code/one-b2c/ssm-connect/.build/DerivedData/Build/Products/Debug/PackageFrameworks -F/Users/michielvh/code/one-b2c/ssm-connect/.build/DerivedData/Build/Products/Debug/PackageFrameworks -F/Users/michielvh/code/one-b2c/ssm-connect/.build/DerivedData/Build/Products/Debug/PackageFrameworks -F/Users/michielvh/code/one-b2c/ssm-connect/.build/DerivedData/Build/Products/Debug/PackageFrameworks -F/Users/michielvh/code/one-b2c/ssm-connect/.build/DerivedData/Build/Products/Debug/PackageFrameworks -F/Users/michielvh/code/one-b2c/ssm-connect/.build/DerivedData/Build/Products/Debug/PackageFrameworks -F/Users/michielvh/code/one-b2c/ssm-connect/.build/DerivedData/Build/Products/Debug/PackageFrameworks -F/Users/michielvh/code/one-b2c/ssm-connect/.build/DerivedData/Build/Products/Debug/PackageFrameworks -F/Users/michielvh/code/one-b2c/ssm-connect/.build/DerivedData/Build/Products/Debug/PackageFrameworks -F/Users/michielvh/code/one-b2c/ssm-connect/.build/DerivedData/Build/Products/Debug/PackageFrameworks -F/Users/michielvh/code/one-b2c/ssm-connect/.build/DerivedData/Build/Products/Debug/PackageFrameworks -F/Users/michielvh/code/one-b2c/ssm-connect/.build/DerivedData/Build/Products/Debug/PackageFrameworks -F/Users/michielvh/code/one-b2c/ssm-connect/.build/DerivedData/Build/Products/Debug/PackageFrameworks -F/Users/michielvh/code/one-b2c/ssm-connect/.build/DerivedData/Build/Products/Debug/PackageFrameworks -F/Users/michielvh/code/one-b2c/ssm-connect/.build/DerivedData/Build/Products/Debug/PackageFrameworks -F/Users/michielvh/code/one-b2c/ssm-connect/.build/DerivedData/Build/Products/Debug/PackageFrameworks -F/Users/michielvh/code/one-b2c/ssm-connect/.build/DerivedData/Build/Products/Debug/PackageFrameworks -F/Users/michielvh/code/one-b2c/ssm-connect/.build/DerivedData/Build/Products/Debug/PackageFrameworks -F/Users/michielvh/code/one-b2c/ssm-connect/.build/DerivedData/Build/Products/Debug/PackageFrameworks -F/Users/michielvh/code/one-b2c/ssm-connect/.build/DerivedData/Build/Products/Debug/PackageFrameworks -F/Users/michielvh/code/one-b2c/ssm-connect/.build/DerivedData/Build/Products/Debug/PackageFrameworks -F/Users/michielvh/code/one-b2c/ssm-connect/.build/DerivedData/Build/Products/Debug/PackageFrameworks -F/Users/michielvh/code/one-b2c/ssm-connect/.build/DerivedData/Build/Products/Debug/PackageFrameworks -F/Users/michielvh/code/one-b2c/ssm-connect/.build/DerivedData/Build/Products/Debug/PackageFrameworks -F/Users/michielvh/code/one-b2c/ssm-connect/.build/DerivedData/Build/Products/Debug/PackageFrameworks -F/Users/michielvh/code/one-b2c/ssm-connect/.build/DerivedData/Build/Products/Debug/PackageFrameworks -F/Users/michielvh/code/one-b2c/ssm-connect/.build/DerivedData/Build/Products/Debug/PackageFrameworks -F/Users/michielvh/code/one-b2c/ssm-connect/.build/DerivedData/Build/Products/Debug/PackageFrameworks -F/Users/michielvh/code/one-b2c/ssm-connect/.build/DerivedData/Build/Products/Debug/PackageFrameworks -F/Users/michielvh/code/one-b2c/ssm-connect/.build/DerivedData/Build/Products/Debug/PackageFrameworks -F/Users/michielvh/code/one-b2c/ssm-connect/.build/DerivedData/Build/Products/Debug/PackageFrameworks -F/Users/michielvh/code/one-b2c/ssm-connect/.build/DerivedData/Build/Products/Debug/PackageFrameworks -F/Users/michielvh/code/one-b2c/ssm-connect/.build/DerivedData/Build/Products/Debug/PackageFrameworks -F/Users/michielvh/code/one-b2c/ssm-connect/.build/DerivedData/Build/Products/Debug/PackageFrameworks -F/Users/michielvh/code/one-b2c/ssm-connect/.build/DerivedData/Build/Products/Debug/PackageFrameworks -F/Users/michielvh/code/one-b2c/ssm-connect/.build/DerivedData/Build/Products/Debug/PackageFrameworks -F/Users/michielvh/code/one-b2c/ssm-connect/.build/DerivedData/Build/Products/Debug/PackageFrameworks -F/Users/michielvh/code/one-b2c/ssm-connect/.build/DerivedData/Build/Products/Debug/PackageFrameworks -F/Users/michielvh/code/one-b2c/ssm-connect/.build/DerivedData/Build/Products/Debug/PackageFrameworks -F/Users/michielvh/code/one-b2c/ssm-connect/.build/DerivedData/Build/Products/Debug/PackageFrameworks -F/Users/michielvh/code/one-b2c/ssm-connect/.build/DerivedData/Build/Products/Debug/PackageFrameworks -F/Users/michielvh/code/one-b2c/ssm-connect/.build/DerivedData/Build/Products/Debug/PackageFrameworks -F/Users/michielvh/code/one-b2c/ssm-connect/.build/DerivedData/Build/Products/Debug/PackageFrameworks -F/Users/michielvh/code/one-b2c/ssm-connect/.build/DerivedData/Build/Products/Debug/PackageFrameworks -F/Users/michielvh/code/one-b2c/ssm-connect/.build/DerivedData/Build/Products/Debug/PackageFrameworks -F/Users/michielvh/code/one-b2c/ssm-connect/.build/DerivedData/Build/Products/Debug/PackageFrameworks -F/Users/michielvh/code/one-b2c/ssm-connect/.build/DerivedData/Build/Products/Debug/PackageFrameworks -F/Users/michielvh/code/one-b2c/ssm-connect/.build/DerivedData/Build/Products/Debug -iframework /Applications/Xcode.app/Contents/Developer/Platforms/MacOSX.platform/Developer/Library/Frameworks -filelist /Users/michielvh/code/one-b2c/ssm-connect/.build/DerivedData/Build/Intermediates.noindex/aws-sdk-swift.build/Debug/AWSSecretsManager.build/Objects-normal/arm64/AWSSecretsManager.LinkFileList -nostdlib -Xlinker -object_path_lto -Xlinker /Users/michielvh/code/one-b2c/ssm-connect/.build/DerivedData/Build/Intermediates.noindex/aws-sdk-swift.build/Debug/AWSSecretsManager.build/Objects-normal/arm64/AWSSecretsManager_lto.o -Xlinker -no_deduplicate -Xlinker -dependency_info -Xlinker /Users/michielvh/code/one-b2c/ssm-connect/.build/DerivedData/Build/Intermediates.noindex/aws-sdk-swift.build/Debug/AWSSecretsManager.build/Objects-normal/arm64/AWSSecretsManager_dependency_info.dat -fobjc-link-runtime -L/Applications/Xcode.app/Contents/Developer/Toolchains/XcodeDefault.xctoolchain/usr/lib/swift/macosx -L/usr/lib/swift -Xlinker -add_ast_path -Xlinker /Users/michielvh/code/one-b2c/ssm-connect/.build/DerivedData/Build/Intermediates.noindex/aws-sdk-swift.build/Debug/AWSSecretsManager.build/Objects-normal/arm64/AWSSecretsManager.swiftmodule @/Users/michielvh/code/one-b2c/ssm-connect/.build/DerivedData/Build/Intermediates.noindex/aws-sdk-swift.build/Debug/AWSSecretsManager.build/Objects-normal/arm64/AWSSecretsManager-linker-args.resp -o /Users/michielvh/code/one-b2c/ssm-connect/.build/DerivedData/Build/Products/Debug/AWSSecretsManager.o

ExtractAppIntentsMetadata (in target 'AWSSecretsManager' from project 'aws-sdk-swift')
    cd /Users/michielvh/code/one-b2c/ssm-connect/.build/DerivedData/SourcePackages/checkouts/aws-sdk-swift
    /Applications/Xcode.app/Contents/Developer/Toolchains/XcodeDefault.xctoolchain/usr/bin/appintentsmetadataprocessor --toolchain-dir /Applications/Xcode.app/Contents/Developer/Toolchains/XcodeDefault.xctoolchain --module-name AWSSecretsManager --sdk-root /Applications/Xcode.app/Contents/Developer/Platforms/MacOSX.platform/Developer/SDKs/MacOSX26.5.sdk --xcode-version 17F42 --platform-family macOS --deployment-target 12.0 --bundle-identifier aws-sdk-swift.AWSSecretsManager --output /Users/michielvh/code/one-b2c/ssm-connect/.build/DerivedData/Build/Products/Debug/AWSSecretsManager.appintents --target-triple arm64-apple-macos12.0 --binary-file /Users/michielvh/code/one-b2c/ssm-connect/.build/DerivedData/Build/Products/Debug/AWSSecretsManager.o --dependency-file /Users/michielvh/code/one-b2c/ssm-connect/.build/DerivedData/Build/Intermediates.noindex/aws-sdk-swift.build/Debug/AWSSecretsManager.build/Objects-normal/arm64/AWSSecretsManager_dependency_info.dat --stringsdata-file /Users/michielvh/code/one-b2c/ssm-connect/.build/DerivedData/Build/Intermediates.noindex/aws-sdk-swift.build/Debug/AWSSecretsManager.build/Objects-normal/arm64/ExtractedAppShortcutsMetadata.stringsdata --source-file-list /Users/michielvh/code/one-b2c/ssm-connect/.build/DerivedData/Build/Intermediates.noindex/aws-sdk-swift.build/Debug/AWSSecretsManager.build/Objects-normal/arm64/AWSSecretsManager.SwiftFileList --metadata-file-list /Users/michielvh/code/one-b2c/ssm-connect/.build/DerivedData/Build/Intermediates.noindex/aws-sdk-swift.build/Debug/AWSSecretsManager.build/AWSSecretsManager.DependencyMetadataFileList --static-metadata-file-list /Users/michielvh/code/one-b2c/ssm-connect/.build/DerivedData/Build/Intermediates.noindex/aws-sdk-swift.build/Debug/AWSSecretsManager.build/AWSSecretsManager.DependencyStaticMetadataFileList --swift-const-vals-list /Users/michielvh/code/one-b2c/ssm-connect/.build/DerivedData/Build/Intermediates.noindex/aws-sdk-swift.build/Debug/AWSSecretsManager.build/Objects-normal/arm64/AWSSecretsManager.SwiftConstValuesFileList --force --compile-time-extraction --deployment-aware-processing --validate-assistant-intents --no-app-shortcuts-localization
2026-06-05 21:03:38.446 appintentsmetadataprocessor[29048:29997627] Starting appintentsmetadataprocessor export
2026-06-05 21:03:38.452 appintentsmetadataprocessor[29048:29997627] Extracted no relevant App Intents symbols, skipping writing output

RegisterExecutionPolicyException /Users/michielvh/code/one-b2c/ssm-connect/.build/DerivedData/Build/Products/Debug/AWSSecretsManager.o (in target 'AWSSecretsManager' from project 'aws-sdk-swift')
    cd /Users/michielvh/code/one-b2c/ssm-connect/.build/DerivedData/SourcePackages/checkouts/aws-sdk-swift
    builtin-RegisterExecutionPolicyException /Users/michielvh/code/one-b2c/ssm-connect/.build/DerivedData/Build/Products/Debug/AWSSecretsManager.o

SwiftDriver AWSSSM normal arm64 com.apple.xcode.tools.swift.compiler (in target 'AWSSSM' from project 'aws-sdk-swift')
    cd /Users/michielvh/code/one-b2c/ssm-connect/SSMConnect.xcodeproj
    builtin-SwiftDriver -- /Applications/Xcode.app/Contents/Developer/Toolchains/XcodeDefault.xctoolchain/usr/bin/swiftc -module-name AWSSSM -Onone @/Users/michielvh/code/one-b2c/ssm-connect/.build/DerivedData/Build/Intermediates.noindex/aws-sdk-swift.build/Debug/AWSSSM.build/Objects-normal/arm64/AWSSSM.SwiftFileList -DSWIFT_PACKAGE -DDEBUG -DSWIFT_MODULE_RESOURCE_BUNDLE_UNAVAILABLE -Xcc -fmodule-map-file\=/Users/michielvh/code/one-b2c/ssm-connect/.build/DerivedData/SourcePackages/checkouts/aws-crt-swift/Source/LibNative/module.modulemap -Xcc -fmodule-map-file\=/Users/michielvh/code/one-b2c/ssm-connect/.build/DerivedData/Build/Intermediates.noindex/GeneratedModuleMaps/AwsCMqtt.modulemap -Xcc -fmodule-map-file\=/Users/michielvh/code/one-b2c/ssm-connect/.build/DerivedData/Build/Intermediates.noindex/GeneratedModuleMaps/AwsCEventStream.modulemap -Xcc -fmodule-map-file\=/Users/michielvh/code/one-b2c/ssm-connect/.build/DerivedData/Build/Intermediates.noindex/GeneratedModuleMaps/AwsCChecksums.modulemap -Xcc -fmodule-map-file\=/Users/michielvh/code/one-b2c/ssm-connect/.build/DerivedData/Build/Intermediates.noindex/GeneratedModuleMaps/AwsCAuth.modulemap -Xcc -fmodule-map-file\=/Users/michielvh/code/one-b2c/ssm-connect/.build/DerivedData/Build/Intermediates.noindex/GeneratedModuleMaps/AwsCSdkUtils.modulemap -Xcc -fmodule-map-file\=/Users/michielvh/code/one-b2c/ssm-connect/.build/DerivedData/Build/Intermediates.noindex/GeneratedModuleMaps/AwsCHttp.modulemap -Xcc -fmodule-map-file\=/Users/michielvh/code/one-b2c/ssm-connect/.build/DerivedData/Build/Intermediates.noindex/GeneratedModuleMaps/AwsCIo.modulemap -Xcc -fmodule-map-file\=/Users/michielvh/code/one-b2c/ssm-connect/.build/DerivedData/Build/Intermediates.noindex/GeneratedModuleMaps/AwsCCal.modulemap -Xcc -fmodule-map-file\=/Users/michielvh/code/one-b2c/ssm-connect/.build/DerivedData/Build/Intermediates.noindex/GeneratedModuleMaps/AwsCCompression.modulemap -Xcc -fmodule-map-file\=/Users/michielvh/code/one-b2c/ssm-connect/.build/DerivedData/Build/Intermediates.noindex/GeneratedModuleMaps/AwsCCommon.modulemap -DXcode -plugin-path /Applications/Xcode.app/Contents/Developer/Toolchains/XcodeDefault.xctoolchain/usr/lib/swift/host/plugins/testing -enable-experimental-feature DebugDescriptionMacro -sdk /Applications/Xcode.app/Contents/Developer/Platforms/MacOSX.platform/Developer/SDKs/MacOSX26.5.sdk -target arm64-apple-macos12.0 -g -module-cache-path /Users/michielvh/code/one-b2c/ssm-connect/.build/DerivedData/ModuleCache.noindex -Xfrontend -serialize-debugging-options -enable-testing -suppress-warnings -index-store-path /Users/michielvh/code/one-b2c/ssm-connect/.build/DerivedData/Index.noindex/DataStore -Xcc -D_LIBCPP_HARDENING_MODE\=_LIBCPP_HARDENING_MODE_DEBUG -swift-version 5 -I /Users/michielvh/code/one-b2c/ssm-connect/.build/DerivedData/Build/Products/Debug -Isystem /Applications/Xcode.app/Contents/Developer/Platforms/MacOSX.platform/Developer/usr/lib -F /Users/michielvh/code/one-b2c/ssm-connect/.build/DerivedData/Build/Products/Debug/PackageFrameworks -F /Users/michielvh/code/one-b2c/ssm-connect/.build/DerivedData/Build/Products/Debug/PackageFrameworks -F /Users/michielvh/code/one-b2c/ssm-connect/.build/DerivedData/Build/Products/Debug/PackageFrameworks -F /Users/michielvh/code/one-b2c/ssm-connect/.build/DerivedData/Build/Products/Debug/PackageFrameworks -F /Users/michielvh/code/one-b2c/ssm-connect/.build/DerivedData/Build/Products/Debug/PackageFrameworks -F /Users/michielvh/code/one-b2c/ssm-connect/.build/DerivedData/Build/Products/Debug/PackageFrameworks -F /Users/michielvh/code/one-b2c/ssm-connect/.build/DerivedData/Build/Products/Debug/PackageFrameworks -F /Users/michielvh/code/one-b2c/ssm-connect/.build/DerivedData/Build/Products/Debug/PackageFrameworks -F /Users/michielvh/code/one-b2c/ssm-connect/.build/DerivedData/Build/Products/Debug/PackageFrameworks -F /Users/michielvh/code/one-b2c/ssm-connect/.build/DerivedData/Build/Products/Debug/PackageFrameworks -F /Users/michielvh/code/one-b2c/ssm-connect/.build/DerivedData/Build/Products/Debug/PackageFrameworks -F /Users/michielvh/code/one-b2c/ssm-connect/.build/DerivedData/Build/Products/Debug/PackageFrameworks -F /Users/michielvh/code/one-b2c/ssm-connect/.build/DerivedData/Build/Products/Debug/PackageFrameworks -F /Users/michielvh/code/one-b2c/ssm-connect/.build/DerivedData/Build/Products/Debug/PackageFrameworks -F /Users/michielvh/code/one-b2c/ssm-connect/.build/DerivedData/Build/Products/Debug/PackageFrameworks -F /Users/michielvh/code/one-b2c/ssm-connect/.build/DerivedData/Build/Products/Debug/PackageFrameworks -F /Users/michielvh/code/one-b2c/ssm-connect/.build/DerivedData/Build/Products/Debug/PackageFrameworks -F /Users/michielvh/code/one-b2c/ssm-connect/.build/DerivedData/Build/Products/Debug/PackageFrameworks -F /Users/michielvh/code/one-b2c/ssm-connect/.build/DerivedData/Build/Products/Debug/PackageFrameworks -F /Users/michielvh/code/one-b2c/ssm-connect/.build/DerivedData/Build/Products/Debug/PackageFrameworks -F /Users/michielvh/code/one-b2c/ssm-connect/.build/DerivedData/Build/Products/Debug/PackageFrameworks -F /Users/michielvh/code/one-b2c/ssm-connect/.build/DerivedData/Build/Products/Debug/PackageFrameworks -F /Users/michielvh/code/one-b2c/ssm-connect/.build/DerivedData/Build/Products/Debug/PackageFrameworks -F /Users/michielvh/code/one-b2c/ssm-connect/.build/DerivedData/Build/Products/Debug/PackageFrameworks -F /Users/michielvh/code/one-b2c/ssm-connect/.build/DerivedData/Build/Products/Debug/PackageFrameworks -F /Users/michielvh/code/one-b2c/ssm-connect/.build/DerivedData/Build/Products/Debug/PackageFrameworks -F /Users/michielvh/code/one-b2c/ssm-connect/.build/DerivedData/Build/Products/Debug/PackageFrameworks -F /Users/michielvh/code/one-b2c/ssm-connect/.build/DerivedData/Build/Products/Debug/PackageFrameworks -F /Users/michielvh/code/one-b2c/ssm-connect/.build/DerivedData/Build/Products/Debug/PackageFrameworks -F /Users/michielvh/code/one-b2c/ssm-connect/.build/DerivedData/Build/Products/Debug/PackageFrameworks -F /Users/michielvh/code/one-b2c/ssm-connect/.build/DerivedData/Build/Products/Debug/PackageFrameworks -F /Users/michielvh/code/one-b2c/ssm-connect/.build/DerivedData/Build/Products/Debug/PackageFrameworks -F /Users/michielvh/code/one-b2c/ssm-connect/.build/DerivedData/Build/Products/Debug/PackageFrameworks -F /Users/michielvh/code/one-b2c/ssm-connect/.build/DerivedData/Build/Products/Debug/PackageFrameworks -F /Users/michielvh/code/one-b2c/ssm-connect/.build/DerivedData/Build/Products/Debug/PackageFrameworks -F /Users/michielvh/code/one-b2c/ssm-connect/.build/DerivedData/Build/Products/Debug/PackageFrameworks -F /Users/michielvh/code/one-b2c/ssm-connect/.build/DerivedData/Build/Products/Debug/PackageFrameworks -F /Users/michielvh/code/one-b2c/ssm-connect/.build/DerivedData/Build/Products/Debug/PackageFrameworks -F /Users/michielvh/code/one-b2c/ssm-connect/.build/DerivedData/Build/Products/Debug/PackageFrameworks -F /Users/michielvh/code/one-b2c/ssm-connect/.build/DerivedData/Build/Products/Debug/PackageFrameworks -F /Users/michielvh/code/one-b2c/ssm-connect/.build/DerivedData/Build/Products/Debug/PackageFrameworks -F /Users/michielvh/code/one-b2c/ssm-connect/.build/DerivedData/Build/Products/Debug/PackageFrameworks -F /Users/michielvh/code/one-b2c/ssm-connect/.build/DerivedData/Build/Products/Debug/PackageFrameworks -F /Users/michielvh/code/one-b2c/ssm-connect/.build/DerivedData/Build/Products/Debug/PackageFrameworks -F /Users/michielvh/code/one-b2c/ssm-connect/.build/DerivedData/Build/Products/Debug/PackageFrameworks -F /Users/michielvh/code/one-b2c/ssm-connect/.build/DerivedData/Build/Products/Debug/PackageFrameworks -F /Users/michielvh/code/one-b2c/ssm-connect/.build/DerivedData/Build/Products/Debug/PackageFrameworks -F /Users/michielvh/code/one-b2c/ssm-connect/.build/DerivedData/Build/Products/Debug/PackageFrameworks -F /Users/michielvh/code/one-b2c/ssm-connect/.build/DerivedData/Build/Products/Debug/PackageFrameworks -F /Users/michielvh/code/one-b2c/ssm-connect/.build/DerivedData/Build/Products/Debug/PackageFrameworks -F /Users/michielvh/code/one-b2c/ssm-connect/.build/DerivedData/Build/Products/Debug/PackageFrameworks -F /Users/michielvh/code/one-b2c/ssm-connect/.build/DerivedData/Build/Products/Debug/PackageFrameworks -F /Users/michielvh/code/one-b2c/ssm-connect/.build/DerivedData/Build/Products/Debug -F /Applications/Xcode.app/Contents/Developer/Platforms/MacOSX.platform/Developer/Library/Frameworks -c -j18 -enable-batch-mode -incremental -Xcc -ivfsstatcache -Xcc /Users/michielvh/code/one-b2c/ssm-connect/.build/DerivedData/SDKStatCaches.noindex/macosx26.5-25F70-e082c4a02f00227109f4ed75e425c832.sdkstatcache -output-file-map /Users/michielvh/code/one-b2c/ssm-connect/.build/DerivedData/Build/Intermediates.noindex/aws-sdk-swift.build/Debug/AWSSSM.build/Objects-normal/arm64/AWSSSM-OutputFileMap.json -use-frontend-parseable-output -save-temps -no-color-diagnostics -explicit-module-build -module-cache-path /Users/michielvh/code/one-b2c/ssm-connect/.build/DerivedData/Build/Intermediates.noindex/SwiftExplicitPrecompiledModules -clang-scanner-module-cache-path /Users/michielvh/code/one-b2c/ssm-connect/.build/DerivedData/ModuleCache.noindex -sdk-module-cache-path /Users/michielvh/code/one-b2c/ssm-connect/.build/DerivedData/ModuleCache.noindex -serialize-diagnostics -emit-dependencies -emit-module -emit-module-path /Users/michielvh/code/one-b2c/ssm-connect/.build/DerivedData/Build/Intermediates.noindex/aws-sdk-swift.build/Debug/AWSSSM.build/Objects-normal/arm64/AWSSSM.swiftmodule -validate-clang-modules-once -clang-build-session-file /Users/michielvh/code/one-b2c/ssm-connect/.build/DerivedData/ModuleCache.noindex/Session.modulevalidation -package-name aws_sdk_swift -Xcc -I/Users/michielvh/code/one-b2c/ssm-connect/.build/DerivedData/Build/Intermediates.noindex/aws-sdk-swift.build/Debug/AWSSSM.build/swift-overrides.hmap -emit-const-values -Xfrontend -const-gather-protocols-file -Xfrontend /Users/michielvh/code/one-b2c/ssm-connect/.build/DerivedData/Build/Intermediates.noindex/aws-sdk-swift.build/Debug/AWSSSM.build/Objects-normal/arm64/AWSSSM_const_extract_protocols.json -Xcc -I/Users/michielvh/code/one-b2c/ssm-connect/.build/DerivedData/SourcePackages/checkouts/aws-crt-swift/aws-common-runtime/aws-c-mqtt/include -Xcc -I/Users/michielvh/code/one-b2c/ssm-connect/.build/DerivedData/SourcePackages/checkouts/aws-crt-swift/aws-common-runtime/aws-c-event-stream/include -Xcc -I/Users/michielvh/code/one-b2c/ssm-connect/.build/DerivedData/SourcePackages/checkouts/aws-crt-swift/aws-common-runtime/aws-checksums/include -Xcc -I/Users/michielvh/code/one-b2c/ssm-connect/.build/DerivedData/SourcePackages/checkouts/aws-crt-swift/aws-common-runtime/aws-c-auth/include -Xcc -I/Users/michielvh/code/one-b2c/ssm-connect/.build/DerivedData/SourcePackages/checkouts/aws-crt-swift/aws-common-runtime/aws-c-sdkutils/include -Xcc -I/Users/michielvh/code/one-b2c/ssm-connect/.build/DerivedData/SourcePackages/checkouts/aws-crt-swift/aws-common-runtime/aws-c-http/include -Xcc -I/Users/michielvh/code/one-b2c/ssm-connect/.build/DerivedData/SourcePackages/checkouts/aws-crt-swift/aws-common-runtime/aws-c-io/include -Xcc -I/Users/michielvh/code/one-b2c/ssm-connect/.build/DerivedData/SourcePackages/checkouts/aws-crt-swift/aws-common-runtime/aws-c-cal/include -Xcc -I/Users/michielvh/code/one-b2c/ssm-connect/.build/DerivedData/SourcePackages/checkouts/aws-crt-swift/aws-common-runtime/aws-c-compression/include -Xcc -I/Users/michielvh/code/one-b2c/ssm-connect/.build/DerivedData/SourcePackages/checkouts/aws-crt-swift/aws-common-runtime/aws-c-common/include -Xcc -I/Users/michielvh/code/one-b2c/ssm-connect/.build/DerivedData/SourcePackages/checkouts/aws-crt-swift/aws-common-runtime/config -Xcc -I/Users/michielvh/code/one-b2c/ssm-connect/.build/DerivedData/Build/Products/Debug/include -Xcc -I/Users/michielvh/code/one-b2c/ssm-connect/.build/DerivedData/Build/Intermediates.noindex/aws-sdk-swift.build/Debug/AWSSSM.build/DerivedSources-normal/arm64 -Xcc -I/Users/michielvh/code/one-b2c/ssm-connect/.build/DerivedData/Build/Intermediates.noindex/aws-sdk-swift.build/Debug/AWSSSM.build/DerivedSources/arm64 -Xcc -I/Users/michielvh/code/one-b2c/ssm-connect/.build/DerivedData/Build/Intermediates.noindex/aws-sdk-swift.build/Debug/AWSSSM.build/DerivedSources -Xcc -DSWIFT_PACKAGE -Xcc -DDEBUG\=1 -emit-objc-header -emit-objc-header-path /Users/michielvh/code/one-b2c/ssm-connect/.build/DerivedData/Build/Intermediates.noindex/aws-sdk-swift.build/Debug/AWSSSM.build/Objects-normal/arm64/AWSSSM-Swift.h -working-directory /Users/michielvh/code/one-b2c/ssm-connect/SSMConnect.xcodeproj -experimental-emit-module-separately -disable-cmo

SwiftEmitModule normal arm64 Emitting\ module\ for\ AWSSSM (in target 'AWSSSM' from project 'aws-sdk-swift')

EmitSwiftModule normal arm64 (in target 'AWSSSM' from project 'aws-sdk-swift')
    cd /Users/michielvh/code/one-b2c/ssm-connect/SSMConnect.xcodeproj
    

SwiftCompile normal arm64 Compiling\ AWSSSMTypeRegistry.swift /Users/michielvh/code/one-b2c/ssm-connect/.build/DerivedData/Build/Intermediates.noindex/BuildToolPluginIntermediates/aws-sdk-swift.output/AWSSSM/SmithyCodeGeneratorPlugin/AWSSSMTypeRegistry.swift (in target 'AWSSSM' from project 'aws-sdk-swift')

SwiftCompile normal arm64 /Users/michielvh/code/one-b2c/ssm-connect/.build/DerivedData/Build/Intermediates.noindex/BuildToolPluginIntermediates/aws-sdk-swift.output/AWSSSM/SmithyCodeGeneratorPlugin/AWSSSMTypeRegistry.swift (in target 'AWSSSM' from project 'aws-sdk-swift')
    cd /Users/michielvh/code/one-b2c/ssm-connect/SSMConnect.xcodeproj
    

SwiftCompile normal arm64 Compiling\ AWSSSMSchemas.swift /Users/michielvh/code/one-b2c/ssm-connect/.build/DerivedData/Build/Intermediates.noindex/BuildToolPluginIntermediates/aws-sdk-swift.output/AWSSSM/SmithyCodeGeneratorPlugin/AWSSSMSchemas.swift (in target 'AWSSSM' from project 'aws-sdk-swift')
SwiftCompile normal arm64 /Users/michielvh/code/one-b2c/ssm-connect/.build/DerivedData/Build/Intermediates.noindex/BuildToolPluginIntermediates/aws-sdk-swift.output/AWSSSM/SmithyCodeGeneratorPlugin/AWSSSMSchemas.swift (in target 'AWSSSM' from project 'aws-sdk-swift')
    cd /Users/michielvh/code/one-b2c/ssm-connect/SSMConnect.xcodeproj
    

SwiftCompile normal arm64 Compiling\ AWSSSMOperations.swift /Users/michielvh/code/one-b2c/ssm-connect/.build/DerivedData/Build/Intermediates.noindex/BuildToolPluginIntermediates/aws-sdk-swift.output/AWSSSM/SmithyCodeGeneratorPlugin/AWSSSMOperations.swift (in target 'AWSSSM' from project 'aws-sdk-swift')

SwiftCompile normal arm64 /Users/michielvh/code/one-b2c/ssm-connect/.build/DerivedData/Build/Intermediates.noindex/BuildToolPluginIntermediates/aws-sdk-swift.output/AWSSSM/SmithyCodeGeneratorPlugin/AWSSSMOperations.swift (in target 'AWSSSM' from project 'aws-sdk-swift')
    cd /Users/michielvh/code/one-b2c/ssm-connect/SSMConnect.xcodeproj
    

SwiftCompile normal arm64 Compiling\ AWSSSMDeserialize.swift /Users/michielvh/code/one-b2c/ssm-connect/.build/DerivedData/Build/Intermediates.noindex/BuildToolPluginIntermediates/aws-sdk-swift.output/AWSSSM/SmithyCodeGeneratorPlugin/AWSSSMDeserialize.swift (in target 'AWSSSM' from project 'aws-sdk-swift')

SwiftCompile normal arm64 /Users/michielvh/code/one-b2c/ssm-connect/.build/DerivedData/Build/Intermediates.noindex/BuildToolPluginIntermediates/aws-sdk-swift.output/AWSSSM/SmithyCodeGeneratorPlugin/AWSSSMDeserialize.swift (in target 'AWSSSM' from project 'aws-sdk-swift')
    cd /Users/michielvh/code/one-b2c/ssm-connect/SSMConnect.xcodeproj
    

SwiftCompile normal arm64 Compiling\ AWSSSMSerialize.swift /Users/michielvh/code/one-b2c/ssm-connect/.build/DerivedData/Build/Intermediates.noindex/BuildToolPluginIntermediates/aws-sdk-swift.output/AWSSSM/SmithyCodeGeneratorPlugin/AWSSSMSerialize.swift (in target 'AWSSSM' from project 'aws-sdk-swift')

SwiftCompile normal arm64 /Users/michielvh/code/one-b2c/ssm-connect/.build/DerivedData/Build/Intermediates.noindex/BuildToolPluginIntermediates/aws-sdk-swift.output/AWSSSM/SmithyCodeGeneratorPlugin/AWSSSMSerialize.swift (in target 'AWSSSM' from project 'aws-sdk-swift')
    cd /Users/michielvh/code/one-b2c/ssm-connect/SSMConnect.xcodeproj
    

SwiftDriverJobDiscovery normal arm64 Compiling AWSSSMTypeRegistry.swift (in target 'AWSSSM' from project 'aws-sdk-swift')

SwiftDriverJobDiscovery normal arm64 Compiling AWSSSMOperations.swift (in target 'AWSSSM' from project 'aws-sdk-swift')

SwiftDriverJobDiscovery normal arm64 Compiling AWSSSMDeserialize.swift (in target 'AWSSSM' from project 'aws-sdk-swift')

SwiftDriverJobDiscovery normal arm64 Emitting module for AWSSSM (in target 'AWSSSM' from project 'aws-sdk-swift')

SwiftDriver\ Compilation\ Requirements AWSSSM normal arm64 com.apple.xcode.tools.swift.compiler (in target 'AWSSSM' from project 'aws-sdk-swift')
    cd /Users/michielvh/code/one-b2c/ssm-connect/SSMConnect.xcodeproj
    builtin-Swift-Compilation-Requirements -- /Applications/Xcode.app/Contents/Developer/Toolchains/XcodeDefault.xctoolchain/usr/bin/swiftc -module-name AWSSSM -Onone @/Users/michielvh/code/one-b2c/ssm-connect/.build/DerivedData/Build/Intermediates.noindex/aws-sdk-swift.build/Debug/AWSSSM.build/Objects-normal/arm64/AWSSSM.SwiftFileList -DSWIFT_PACKAGE -DDEBUG -DSWIFT_MODULE_RESOURCE_BUNDLE_UNAVAILABLE -Xcc -fmodule-map-file\=/Users/michielvh/code/one-b2c/ssm-connect/.build/DerivedData/SourcePackages/checkouts/aws-crt-swift/Source/LibNative/module.modulemap -Xcc -fmodule-map-file\=/Users/michielvh/code/one-b2c/ssm-connect/.build/DerivedData/Build/Intermediates.noindex/GeneratedModuleMaps/AwsCMqtt.modulemap -Xcc -fmodule-map-file\=/Users/michielvh/code/one-b2c/ssm-connect/.build/DerivedData/Build/Intermediates.noindex/GeneratedModuleMaps/AwsCEventStream.modulemap -Xcc -fmodule-map-file\=/Users/michielvh/code/one-b2c/ssm-connect/.build/DerivedData/Build/Intermediates.noindex/GeneratedModuleMaps/AwsCChecksums.modulemap -Xcc -fmodule-map-file\=/Users/michielvh/code/one-b2c/ssm-connect/.build/DerivedData/Build/Intermediates.noindex/GeneratedModuleMaps/AwsCAuth.modulemap -Xcc -fmodule-map-file\=/Users/michielvh/code/one-b2c/ssm-connect/.build/DerivedData/Build/Intermediates.noindex/GeneratedModuleMaps/AwsCSdkUtils.modulemap -Xcc -fmodule-map-file\=/Users/michielvh/code/one-b2c/ssm-connect/.build/DerivedData/Build/Intermediates.noindex/GeneratedModuleMaps/AwsCHttp.modulemap -Xcc -fmodule-map-file\=/Users/michielvh/code/one-b2c/ssm-connect/.build/DerivedData/Build/Intermediates.noindex/GeneratedModuleMaps/AwsCIo.modulemap -Xcc -fmodule-map-file\=/Users/michielvh/code/one-b2c/ssm-connect/.build/DerivedData/Build/Intermediates.noindex/GeneratedModuleMaps/AwsCCal.modulemap -Xcc -fmodule-map-file\=/Users/michielvh/code/one-b2c/ssm-connect/.build/DerivedData/Build/Intermediates.noindex/GeneratedModuleMaps/AwsCCompression.modulemap -Xcc -fmodule-map-file\=/Users/michielvh/code/one-b2c/ssm-connect/.build/DerivedData/Build/Intermediates.noindex/GeneratedModuleMaps/AwsCCommon.modulemap -DXcode -plugin-path /Applications/Xcode.app/Contents/Developer/Toolchains/XcodeDefault.xctoolchain/usr/lib/swift/host/plugins/testing -enable-experimental-feature DebugDescriptionMacro -sdk /Applications/Xcode.app/Contents/Developer/Platforms/MacOSX.platform/Developer/SDKs/MacOSX26.5.sdk -target arm64-apple-macos12.0 -g -module-cache-path /Users/michielvh/code/one-b2c/ssm-connect/.build/DerivedData/ModuleCache.noindex -Xfrontend -serialize-debugging-options -enable-testing -suppress-warnings -index-store-path /Users/michielvh/code/one-b2c/ssm-connect/.build/DerivedData/Index.noindex/DataStore -Xcc -D_LIBCPP_HARDENING_MODE\=_LIBCPP_HARDENING_MODE_DEBUG -swift-version 5 -I /Users/michielvh/code/one-b2c/ssm-connect/.build/DerivedData/Build/Products/Debug -Isystem /Applications/Xcode.app/Contents/Developer/Platforms/MacOSX.platform/Developer/usr/lib -F /Users/michielvh/code/one-b2c/ssm-connect/.build/DerivedData/Build/Products/Debug/PackageFrameworks -F /Users/michielvh/code/one-b2c/ssm-connect/.build/DerivedData/Build/Products/Debug/PackageFrameworks -F /Users/michielvh/code/one-b2c/ssm-connect/.build/DerivedData/Build/Products/Debug/PackageFrameworks -F /Users/michielvh/code/one-b2c/ssm-connect/.build/DerivedData/Build/Products/Debug/PackageFrameworks -F /Users/michielvh/code/one-b2c/ssm-connect/.build/DerivedData/Build/Products/Debug/PackageFrameworks -F /Users/michielvh/code/one-b2c/ssm-connect/.build/DerivedData/Build/Products/Debug/PackageFrameworks -F /Users/michielvh/code/one-b2c/ssm-connect/.build/DerivedData/Build/Products/Debug/PackageFrameworks -F /Users/michielvh/code/one-b2c/ssm-connect/.build/DerivedData/Build/Products/Debug/PackageFrameworks -F /Users/michielvh/code/one-b2c/ssm-connect/.build/DerivedData/Build/Products/Debug/PackageFrameworks -F /Users/michielvh/code/one-b2c/ssm-connect/.build/DerivedData/Build/Products/Debug/PackageFrameworks -F /Users/michielvh/code/one-b2c/ssm-connect/.build/DerivedData/Build/Products/Debug/PackageFrameworks -F /Users/michielvh/code/one-b2c/ssm-connect/.build/DerivedData/Build/Products/Debug/PackageFrameworks -F /Users/michielvh/code/one-b2c/ssm-connect/.build/DerivedData/Build/Products/Debug/PackageFrameworks -F /Users/michielvh/code/one-b2c/ssm-connect/.build/DerivedData/Build/Products/Debug/PackageFrameworks -F /Users/michielvh/code/one-b2c/ssm-connect/.build/DerivedData/Build/Products/Debug/PackageFrameworks -F /Users/michielvh/code/one-b2c/ssm-connect/.build/DerivedData/Build/Products/Debug/PackageFrameworks -F /Users/michielvh/code/one-b2c/ssm-connect/.build/DerivedData/Build/Products/Debug/PackageFrameworks -F /Users/michielvh/code/one-b2c/ssm-connect/.build/DerivedData/Build/Products/Debug/PackageFrameworks -F /Users/michielvh/code/one-b2c/ssm-connect/.build/DerivedData/Build/Products/Debug/PackageFrameworks -F /Users/michielvh/code/one-b2c/ssm-connect/.build/DerivedData/Build/Products/Debug/PackageFrameworks -F /Users/michielvh/code/one-b2c/ssm-connect/.build/DerivedData/Build/Products/Debug/PackageFrameworks -F /Users/michielvh/code/one-b2c/ssm-connect/.build/DerivedData/Build/Products/Debug/PackageFrameworks -F /Users/michielvh/code/one-b2c/ssm-connect/.build/DerivedData/Build/Products/Debug/PackageFrameworks -F /Users/michielvh/code/one-b2c/ssm-connect/.build/DerivedData/Build/Products/Debug/PackageFrameworks -F /Users/michielvh/code/one-b2c/ssm-connect/.build/DerivedData/Build/Products/Debug/PackageFrameworks -F /Users/michielvh/code/one-b2c/ssm-connect/.build/DerivedData/Build/Products/Debug/PackageFrameworks -F /Users/michielvh/code/one-b2c/ssm-connect/.build/DerivedData/Build/Products/Debug/PackageFrameworks -F /Users/michielvh/code/one-b2c/ssm-connect/.build/DerivedData/Build/Products/Debug/PackageFrameworks -F /Users/michielvh/code/one-b2c/ssm-connect/.build/DerivedData/Build/Products/Debug/PackageFrameworks -F /Users/michielvh/code/one-b2c/ssm-connect/.build/DerivedData/Build/Products/Debug/PackageFrameworks -F /Users/michielvh/code/one-b2c/ssm-connect/.build/DerivedData/Build/Products/Debug/PackageFrameworks -F /Users/michielvh/code/one-b2c/ssm-connect/.build/DerivedData/Build/Products/Debug/PackageFrameworks -F /Users/michielvh/code/one-b2c/ssm-connect/.build/DerivedData/Build/Products/Debug/PackageFrameworks -F /Users/michielvh/code/one-b2c/ssm-connect/.build/DerivedData/Build/Products/Debug/PackageFrameworks -F /Users/michielvh/code/one-b2c/ssm-connect/.build/DerivedData/Build/Products/Debug/PackageFrameworks -F /Users/michielvh/code/one-b2c/ssm-connect/.build/DerivedData/Build/Products/Debug/PackageFrameworks -F /Users/michielvh/code/one-b2c/ssm-connect/.build/DerivedData/Build/Products/Debug/PackageFrameworks -F /Users/michielvh/code/one-b2c/ssm-connect/.build/DerivedData/Build/Products/Debug/PackageFrameworks -F /Users/michielvh/code/one-b2c/ssm-connect/.build/DerivedData/Build/Products/Debug/PackageFrameworks -F /Users/michielvh/code/one-b2c/ssm-connect/.build/DerivedData/Build/Products/Debug/PackageFrameworks -F /Users/michielvh/code/one-b2c/ssm-connect/.build/DerivedData/Build/Products/Debug/PackageFrameworks -F /Users/michielvh/code/one-b2c/ssm-connect/.build/DerivedData/Build/Products/Debug/PackageFrameworks -F /Users/michielvh/code/one-b2c/ssm-connect/.build/DerivedData/Build/Products/Debug/PackageFrameworks -F /Users/michielvh/code/one-b2c/ssm-connect/.build/DerivedData/Build/Products/Debug/PackageFrameworks -F /Users/michielvh/code/one-b2c/ssm-connect/.build/DerivedData/Build/Products/Debug/PackageFrameworks -F /Users/michielvh/code/one-b2c/ssm-connect/.build/DerivedData/Build/Products/Debug/PackageFrameworks -F /Users/michielvh/code/one-b2c/ssm-connect/.build/DerivedData/Build/Products/Debug/PackageFrameworks -F /Users/michielvh/code/one-b2c/ssm-connect/.build/DerivedData/Build/Products/Debug/PackageFrameworks -F /Users/michielvh/code/one-b2c/ssm-connect/.build/DerivedData/Build/Products/Debug/PackageFrameworks -F /Users/michielvh/code/one-b2c/ssm-connect/.build/DerivedData/Build/Products/Debug/PackageFrameworks -F /Users/michielvh/code/one-b2c/ssm-connect/.build/DerivedData/Build/Products/Debug/PackageFrameworks -F /Users/michielvh/code/one-b2c/ssm-connect/.build/DerivedData/Build/Products/Debug/PackageFrameworks -F /Users/michielvh/code/one-b2c/ssm-connect/.build/DerivedData/Build/Products/Debug -F /Applications/Xcode.app/Contents/Developer/Platforms/MacOSX.platform/Developer/Library/Frameworks -c -j18 -enable-batch-mode -incremental -Xcc -ivfsstatcache -Xcc /Users/michielvh/code/one-b2c/ssm-connect/.build/DerivedData/SDKStatCaches.noindex/macosx26.5-25F70-e082c4a02f00227109f4ed75e425c832.sdkstatcache -output-file-map /Users/michielvh/code/one-b2c/ssm-connect/.build/DerivedData/Build/Intermediates.noindex/aws-sdk-swift.build/Debug/AWSSSM.build/Objects-normal/arm64/AWSSSM-OutputFileMap.json -use-frontend-parseable-output -save-temps -no-color-diagnostics -explicit-module-build -module-cache-path /Users/michielvh/code/one-b2c/ssm-connect/.build/DerivedData/Build/Intermediates.noindex/SwiftExplicitPrecompiledModules -clang-scanner-module-cache-path /Users/michielvh/code/one-b2c/ssm-connect/.build/DerivedData/ModuleCache.noindex -sdk-module-cache-path /Users/michielvh/code/one-b2c/ssm-connect/.build/DerivedData/ModuleCache.noindex -serialize-diagnostics -emit-dependencies -emit-module -emit-module-path /Users/michielvh/code/one-b2c/ssm-connect/.build/DerivedData/Build/Intermediates.noindex/aws-sdk-swift.build/Debug/AWSSSM.build/Objects-normal/arm64/AWSSSM.swiftmodule -validate-clang-modules-once -clang-build-session-file /Users/michielvh/code/one-b2c/ssm-connect/.build/DerivedData/ModuleCache.noindex/Session.modulevalidation -package-name aws_sdk_swift -Xcc -I/Users/michielvh/code/one-b2c/ssm-connect/.build/DerivedData/Build/Intermediates.noindex/aws-sdk-swift.build/Debug/AWSSSM.build/swift-overrides.hmap -emit-const-values -Xfrontend -const-gather-protocols-file -Xfrontend /Users/michielvh/code/one-b2c/ssm-connect/.build/DerivedData/Build/Intermediates.noindex/aws-sdk-swift.build/Debug/AWSSSM.build/Objects-normal/arm64/AWSSSM_const_extract_protocols.json -Xcc -I/Users/michielvh/code/one-b2c/ssm-connect/.build/DerivedData/SourcePackages/checkouts/aws-crt-swift/aws-common-runtime/aws-c-mqtt/include -Xcc -I/Users/michielvh/code/one-b2c/ssm-connect/.build/DerivedData/SourcePackages/checkouts/aws-crt-swift/aws-common-runtime/aws-c-event-stream/include -Xcc -I/Users/michielvh/code/one-b2c/ssm-connect/.build/DerivedData/SourcePackages/checkouts/aws-crt-swift/aws-common-runtime/aws-checksums/include -Xcc -I/Users/michielvh/code/one-b2c/ssm-connect/.build/DerivedData/SourcePackages/checkouts/aws-crt-swift/aws-common-runtime/aws-c-auth/include -Xcc -I/Users/michielvh/code/one-b2c/ssm-connect/.build/DerivedData/SourcePackages/checkouts/aws-crt-swift/aws-common-runtime/aws-c-sdkutils/include -Xcc -I/Users/michielvh/code/one-b2c/ssm-connect/.build/DerivedData/SourcePackages/checkouts/aws-crt-swift/aws-common-runtime/aws-c-http/include -Xcc -I/Users/michielvh/code/one-b2c/ssm-connect/.build/DerivedData/SourcePackages/checkouts/aws-crt-swift/aws-common-runtime/aws-c-io/include -Xcc -I/Users/michielvh/code/one-b2c/ssm-connect/.build/DerivedData/SourcePackages/checkouts/aws-crt-swift/aws-common-runtime/aws-c-cal/include -Xcc -I/Users/michielvh/code/one-b2c/ssm-connect/.build/DerivedData/SourcePackages/checkouts/aws-crt-swift/aws-common-runtime/aws-c-compression/include -Xcc -I/Users/michielvh/code/one-b2c/ssm-connect/.build/DerivedData/SourcePackages/checkouts/aws-crt-swift/aws-common-runtime/aws-c-common/include -Xcc -I/Users/michielvh/code/one-b2c/ssm-connect/.build/DerivedData/SourcePackages/checkouts/aws-crt-swift/aws-common-runtime/config -Xcc -I/Users/michielvh/code/one-b2c/ssm-connect/.build/DerivedData/Build/Products/Debug/include -Xcc -I/Users/michielvh/code/one-b2c/ssm-connect/.build/DerivedData/Build/Intermediates.noindex/aws-sdk-swift.build/Debug/AWSSSM.build/DerivedSources-normal/arm64 -Xcc -I/Users/michielvh/code/one-b2c/ssm-connect/.build/DerivedData/Build/Intermediates.noindex/aws-sdk-swift.build/Debug/AWSSSM.build/DerivedSources/arm64 -Xcc -I/Users/michielvh/code/one-b2c/ssm-connect/.build/DerivedData/Build/Intermediates.noindex/aws-sdk-swift.build/Debug/AWSSSM.build/DerivedSources -Xcc -DSWIFT_PACKAGE -Xcc -DDEBUG\=1 -emit-objc-header -emit-objc-header-path /Users/michielvh/code/one-b2c/ssm-connect/.build/DerivedData/Build/Intermediates.noindex/aws-sdk-swift.build/Debug/AWSSSM.build/Objects-normal/arm64/AWSSSM-Swift.h -working-directory /Users/michielvh/code/one-b2c/ssm-connect/SSMConnect.xcodeproj -experimental-emit-module-separately -disable-cmo

Copy /Users/michielvh/code/one-b2c/ssm-connect/.build/DerivedData/Build/Products/Debug/AWSSSM.swiftmodule/arm64-apple-macos.abi.json /Users/michielvh/code/one-b2c/ssm-connect/.build/DerivedData/Build/Intermediates.noindex/aws-sdk-swift.build/Debug/AWSSSM.build/Objects-normal/arm64/AWSSSM.abi.json (in target 'AWSSSM' from project 'aws-sdk-swift')
    cd /Users/michielvh/code/one-b2c/ssm-connect/.build/DerivedData/SourcePackages/checkouts/aws-sdk-swift
    builtin-copy -exclude .DS_Store -exclude CVS -exclude .svn -exclude .git -exclude .hg -resolve-src-symlinks -rename /Users/michielvh/code/one-b2c/ssm-connect/.build/DerivedData/Build/Intermediates.noindex/aws-sdk-swift.build/Debug/AWSSSM.build/Objects-normal/arm64/AWSSSM.abi.json /Users/michielvh/code/one-b2c/ssm-connect/.build/DerivedData/Build/Products/Debug/AWSSSM.swiftmodule/arm64-apple-macos.abi.json

Copy /Users/michielvh/code/one-b2c/ssm-connect/.build/DerivedData/Build/Products/Debug/AWSSSM.swiftmodule/Project/arm64-apple-macos.swiftsourceinfo /Users/michielvh/code/one-b2c/ssm-connect/.build/DerivedData/Build/Intermediates.noindex/aws-sdk-swift.build/Debug/AWSSSM.build/Objects-normal/arm64/AWSSSM.swiftsourceinfo (in target 'AWSSSM' from project 'aws-sdk-swift')
    cd /Users/michielvh/code/one-b2c/ssm-connect/.build/DerivedData/SourcePackages/checkouts/aws-sdk-swift
    builtin-copy -exclude .DS_Store -exclude CVS -exclude .svn -exclude .git -exclude .hg -resolve-src-symlinks -rename /Users/michielvh/code/one-b2c/ssm-connect/.build/DerivedData/Build/Intermediates.noindex/aws-sdk-swift.build/Debug/AWSSSM.build/Objects-normal/arm64/AWSSSM.swiftsourceinfo /Users/michielvh/code/one-b2c/ssm-connect/.build/DerivedData/Build/Products/Debug/AWSSSM.swiftmodule/Project/arm64-apple-macos.swiftsourceinfo

ProcessProductPackaging "" /Users/michielvh/code/one-b2c/ssm-connect/.build/DerivedData/Build/Intermediates.noindex/SSMConnect.build/Debug/SSMConnect.build/SSMConnect.app.xcent (in target 'SSMConnect' from project 'SSMConnect')
    cd /Users/michielvh/code/one-b2c/ssm-connect
    
    Entitlements:
    
    {
    "com.apple.security.get-task-allow" = 1;
}
    
    builtin-productPackagingUtility -entitlements -format xml -o /Users/michielvh/code/one-b2c/ssm-connect/.build/DerivedData/Build/Intermediates.noindex/SSMConnect.build/Debug/SSMConnect.build/SSMConnect.app.xcent

ProcessProductPackagingDER /Users/michielvh/code/one-b2c/ssm-connect/.build/DerivedData/Build/Intermediates.noindex/SSMConnect.build/Debug/SSMConnect.build/SSMConnect.app.xcent /Users/michielvh/code/one-b2c/ssm-connect/.build/DerivedData/Build/Intermediates.noindex/SSMConnect.build/Debug/SSMConnect.build/SSMConnect.app.xcent.der (in target 'SSMConnect' from project 'SSMConnect')
    cd /Users/michielvh/code/one-b2c/ssm-connect
    /usr/bin/derq query -f xml -i /Users/michielvh/code/one-b2c/ssm-connect/.build/DerivedData/Build/Intermediates.noindex/SSMConnect.build/Debug/SSMConnect.build/SSMConnect.app.xcent -o /Users/michielvh/code/one-b2c/ssm-connect/.build/DerivedData/Build/Intermediates.noindex/SSMConnect.build/Debug/SSMConnect.build/SSMConnect.app.xcent.der --raw

SwiftDriverJobDiscovery normal arm64 Compiling AWSSSMSerialize.swift (in target 'AWSSSM' from project 'aws-sdk-swift')

SwiftDriverJobDiscovery normal arm64 Compiling AWSSSMSchemas.swift (in target 'AWSSSM' from project 'aws-sdk-swift')

SwiftDriver\ Compilation AWSSSM normal arm64 com.apple.xcode.tools.swift.compiler (in target 'AWSSSM' from project 'aws-sdk-swift')
    cd /Users/michielvh/code/one-b2c/ssm-connect/SSMConnect.xcodeproj
    builtin-Swift-Compilation -- /Applications/Xcode.app/Contents/Developer/Toolchains/XcodeDefault.xctoolchain/usr/bin/swiftc -module-name AWSSSM -Onone @/Users/michielvh/code/one-b2c/ssm-connect/.build/DerivedData/Build/Intermediates.noindex/aws-sdk-swift.build/Debug/AWSSSM.build/Objects-normal/arm64/AWSSSM.SwiftFileList -DSWIFT_PACKAGE -DDEBUG -DSWIFT_MODULE_RESOURCE_BUNDLE_UNAVAILABLE -Xcc -fmodule-map-file\=/Users/michielvh/code/one-b2c/ssm-connect/.build/DerivedData/SourcePackages/checkouts/aws-crt-swift/Source/LibNative/module.modulemap -Xcc -fmodule-map-file\=/Users/michielvh/code/one-b2c/ssm-connect/.build/DerivedData/Build/Intermediates.noindex/GeneratedModuleMaps/AwsCMqtt.modulemap -Xcc -fmodule-map-file\=/Users/michielvh/code/one-b2c/ssm-connect/.build/DerivedData/Build/Intermediates.noindex/GeneratedModuleMaps/AwsCEventStream.modulemap -Xcc -fmodule-map-file\=/Users/michielvh/code/one-b2c/ssm-connect/.build/DerivedData/Build/Intermediates.noindex/GeneratedModuleMaps/AwsCChecksums.modulemap -Xcc -fmodule-map-file\=/Users/michielvh/code/one-b2c/ssm-connect/.build/DerivedData/Build/Intermediates.noindex/GeneratedModuleMaps/AwsCAuth.modulemap -Xcc -fmodule-map-file\=/Users/michielvh/code/one-b2c/ssm-connect/.build/DerivedData/Build/Intermediates.noindex/GeneratedModuleMaps/AwsCSdkUtils.modulemap -Xcc -fmodule-map-file\=/Users/michielvh/code/one-b2c/ssm-connect/.build/DerivedData/Build/Intermediates.noindex/GeneratedModuleMaps/AwsCHttp.modulemap -Xcc -fmodule-map-file\=/Users/michielvh/code/one-b2c/ssm-connect/.build/DerivedData/Build/Intermediates.noindex/GeneratedModuleMaps/AwsCIo.modulemap -Xcc -fmodule-map-file\=/Users/michielvh/code/one-b2c/ssm-connect/.build/DerivedData/Build/Intermediates.noindex/GeneratedModuleMaps/AwsCCal.modulemap -Xcc -fmodule-map-file\=/Users/michielvh/code/one-b2c/ssm-connect/.build/DerivedData/Build/Intermediates.noindex/GeneratedModuleMaps/AwsCCompression.modulemap -Xcc -fmodule-map-file\=/Users/michielvh/code/one-b2c/ssm-connect/.build/DerivedData/Build/Intermediates.noindex/GeneratedModuleMaps/AwsCCommon.modulemap -DXcode -plugin-path /Applications/Xcode.app/Contents/Developer/Toolchains/XcodeDefault.xctoolchain/usr/lib/swift/host/plugins/testing -enable-experimental-feature DebugDescriptionMacro -sdk /Applications/Xcode.app/Contents/Developer/Platforms/MacOSX.platform/Developer/SDKs/MacOSX26.5.sdk -target arm64-apple-macos12.0 -g -module-cache-path /Users/michielvh/code/one-b2c/ssm-connect/.build/DerivedData/ModuleCache.noindex -Xfrontend -serialize-debugging-options -enable-testing -suppress-warnings -index-store-path /Users/michielvh/code/one-b2c/ssm-connect/.build/DerivedData/Index.noindex/DataStore -Xcc -D_LIBCPP_HARDENING_MODE\=_LIBCPP_HARDENING_MODE_DEBUG -swift-version 5 -I /Users/michielvh/code/one-b2c/ssm-connect/.build/DerivedData/Build/Products/Debug -Isystem /Applications/Xcode.app/Contents/Developer/Platforms/MacOSX.platform/Developer/usr/lib -F /Users/michielvh/code/one-b2c/ssm-connect/.build/DerivedData/Build/Products/Debug/PackageFrameworks -F /Users/michielvh/code/one-b2c/ssm-connect/.build/DerivedData/Build/Products/Debug/PackageFrameworks -F /Users/michielvh/code/one-b2c/ssm-connect/.build/DerivedData/Build/Products/Debug/PackageFrameworks -F /Users/michielvh/code/one-b2c/ssm-connect/.build/DerivedData/Build/Products/Debug/PackageFrameworks -F /Users/michielvh/code/one-b2c/ssm-connect/.build/DerivedData/Build/Products/Debug/PackageFrameworks -F /Users/michielvh/code/one-b2c/ssm-connect/.build/DerivedData/Build/Products/Debug/PackageFrameworks -F /Users/michielvh/code/one-b2c/ssm-connect/.build/DerivedData/Build/Products/Debug/PackageFrameworks -F /Users/michielvh/code/one-b2c/ssm-connect/.build/DerivedData/Build/Products/Debug/PackageFrameworks -F /Users/michielvh/code/one-b2c/ssm-connect/.build/DerivedData/Build/Products/Debug/PackageFrameworks -F /Users/michielvh/code/one-b2c/ssm-connect/.build/DerivedData/Build/Products/Debug/PackageFrameworks -F /Users/michielvh/code/one-b2c/ssm-connect/.build/DerivedData/Build/Products/Debug/PackageFrameworks -F /Users/michielvh/code/one-b2c/ssm-connect/.build/DerivedData/Build/Products/Debug/PackageFrameworks -F /Users/michielvh/code/one-b2c/ssm-connect/.build/DerivedData/Build/Products/Debug/PackageFrameworks -F /Users/michielvh/code/one-b2c/ssm-connect/.build/DerivedData/Build/Products/Debug/PackageFrameworks -F /Users/michielvh/code/one-b2c/ssm-connect/.build/DerivedData/Build/Products/Debug/PackageFrameworks -F /Users/michielvh/code/one-b2c/ssm-connect/.build/DerivedData/Build/Products/Debug/PackageFrameworks -F /Users/michielvh/code/one-b2c/ssm-connect/.build/DerivedData/Build/Products/Debug/PackageFrameworks -F /Users/michielvh/code/one-b2c/ssm-connect/.build/DerivedData/Build/Products/Debug/PackageFrameworks -F /Users/michielvh/code/one-b2c/ssm-connect/.build/DerivedData/Build/Products/Debug/PackageFrameworks -F /Users/michielvh/code/one-b2c/ssm-connect/.build/DerivedData/Build/Products/Debug/PackageFrameworks -F /Users/michielvh/code/one-b2c/ssm-connect/.build/DerivedData/Build/Products/Debug/PackageFrameworks -F /Users/michielvh/code/one-b2c/ssm-connect/.build/DerivedData/Build/Products/Debug/PackageFrameworks -F /Users/michielvh/code/one-b2c/ssm-connect/.build/DerivedData/Build/Products/Debug/PackageFrameworks -F /Users/michielvh/code/one-b2c/ssm-connect/.build/DerivedData/Build/Products/Debug/PackageFrameworks -F /Users/michielvh/code/one-b2c/ssm-connect/.build/DerivedData/Build/Products/Debug/PackageFrameworks -F /Users/michielvh/code/one-b2c/ssm-connect/.build/DerivedData/Build/Products/Debug/PackageFrameworks -F /Users/michielvh/code/one-b2c/ssm-connect/.build/DerivedData/Build/Products/Debug/PackageFrameworks -F /Users/michielvh/code/one-b2c/ssm-connect/.build/DerivedData/Build/Products/Debug/PackageFrameworks -F /Users/michielvh/code/one-b2c/ssm-connect/.build/DerivedData/Build/Products/Debug/PackageFrameworks -F /Users/michielvh/code/one-b2c/ssm-connect/.build/DerivedData/Build/Products/Debug/PackageFrameworks -F /Users/michielvh/code/one-b2c/ssm-connect/.build/DerivedData/Build/Products/Debug/PackageFrameworks -F /Users/michielvh/code/one-b2c/ssm-connect/.build/DerivedData/Build/Products/Debug/PackageFrameworks -F /Users/michielvh/code/one-b2c/ssm-connect/.build/DerivedData/Build/Products/Debug/PackageFrameworks -F /Users/michielvh/code/one-b2c/ssm-connect/.build/DerivedData/Build/Products/Debug/PackageFrameworks -F /Users/michielvh/code/one-b2c/ssm-connect/.build/DerivedData/Build/Products/Debug/PackageFrameworks -F /Users/michielvh/code/one-b2c/ssm-connect/.build/DerivedData/Build/Products/Debug/PackageFrameworks -F /Users/michielvh/code/one-b2c/ssm-connect/.build/DerivedData/Build/Products/Debug/PackageFrameworks -F /Users/michielvh/code/one-b2c/ssm-connect/.build/DerivedData/Build/Products/Debug/PackageFrameworks -F /Users/michielvh/code/one-b2c/ssm-connect/.build/DerivedData/Build/Products/Debug/PackageFrameworks -F /Users/michielvh/code/one-b2c/ssm-connect/.build/DerivedData/Build/Products/Debug/PackageFrameworks -F /Users/michielvh/code/one-b2c/ssm-connect/.build/DerivedData/Build/Products/Debug/PackageFrameworks -F /Users/michielvh/code/one-b2c/ssm-connect/.build/DerivedData/Build/Products/Debug/PackageFrameworks -F /Users/michielvh/code/one-b2c/ssm-connect/.build/DerivedData/Build/Products/Debug/PackageFrameworks -F /Users/michielvh/code/one-b2c/ssm-connect/.build/DerivedData/Build/Products/Debug/PackageFrameworks -F /Users/michielvh/code/one-b2c/ssm-connect/.build/DerivedData/Build/Products/Debug/PackageFrameworks -F /Users/michielvh/code/one-b2c/ssm-connect/.build/DerivedData/Build/Products/Debug/PackageFrameworks -F /Users/michielvh/code/one-b2c/ssm-connect/.build/DerivedData/Build/Products/Debug/PackageFrameworks -F /Users/michielvh/code/one-b2c/ssm-connect/.build/DerivedData/Build/Products/Debug/PackageFrameworks -F /Users/michielvh/code/one-b2c/ssm-connect/.build/DerivedData/Build/Products/Debug/PackageFrameworks -F /Users/michielvh/code/one-b2c/ssm-connect/.build/DerivedData/Build/Products/Debug/PackageFrameworks -F /Users/michielvh/code/one-b2c/ssm-connect/.build/DerivedData/Build/Products/Debug/PackageFrameworks -F /Users/michielvh/code/one-b2c/ssm-connect/.build/DerivedData/Build/Products/Debug/PackageFrameworks -F /Users/michielvh/code/one-b2c/ssm-connect/.build/DerivedData/Build/Products/Debug -F /Applications/Xcode.app/Contents/Developer/Platforms/MacOSX.platform/Developer/Library/Frameworks -c -j18 -enable-batch-mode -incremental -Xcc -ivfsstatcache -Xcc /Users/michielvh/code/one-b2c/ssm-connect/.build/DerivedData/SDKStatCaches.noindex/macosx26.5-25F70-e082c4a02f00227109f4ed75e425c832.sdkstatcache -output-file-map /Users/michielvh/code/one-b2c/ssm-connect/.build/DerivedData/Build/Intermediates.noindex/aws-sdk-swift.build/Debug/AWSSSM.build/Objects-normal/arm64/AWSSSM-OutputFileMap.json -use-frontend-parseable-output -save-temps -no-color-diagnostics -explicit-module-build -module-cache-path /Users/michielvh/code/one-b2c/ssm-connect/.build/DerivedData/Build/Intermediates.noindex/SwiftExplicitPrecompiledModules -clang-scanner-module-cache-path /Users/michielvh/code/one-b2c/ssm-connect/.build/DerivedData/ModuleCache.noindex -sdk-module-cache-path /Users/michielvh/code/one-b2c/ssm-connect/.build/DerivedData/ModuleCache.noindex -serialize-diagnostics -emit-dependencies -emit-module -emit-module-path /Users/michielvh/code/one-b2c/ssm-connect/.build/DerivedData/Build/Intermediates.noindex/aws-sdk-swift.build/Debug/AWSSSM.build/Objects-normal/arm64/AWSSSM.swiftmodule -validate-clang-modules-once -clang-build-session-file /Users/michielvh/code/one-b2c/ssm-connect/.build/DerivedData/ModuleCache.noindex/Session.modulevalidation -package-name aws_sdk_swift -Xcc -I/Users/michielvh/code/one-b2c/ssm-connect/.build/DerivedData/Build/Intermediates.noindex/aws-sdk-swift.build/Debug/AWSSSM.build/swift-overrides.hmap -emit-const-values -Xfrontend -const-gather-protocols-file -Xfrontend /Users/michielvh/code/one-b2c/ssm-connect/.build/DerivedData/Build/Intermediates.noindex/aws-sdk-swift.build/Debug/AWSSSM.build/Objects-normal/arm64/AWSSSM_const_extract_protocols.json -Xcc -I/Users/michielvh/code/one-b2c/ssm-connect/.build/DerivedData/SourcePackages/checkouts/aws-crt-swift/aws-common-runtime/aws-c-mqtt/include -Xcc -I/Users/michielvh/code/one-b2c/ssm-connect/.build/DerivedData/SourcePackages/checkouts/aws-crt-swift/aws-common-runtime/aws-c-event-stream/include -Xcc -I/Users/michielvh/code/one-b2c/ssm-connect/.build/DerivedData/SourcePackages/checkouts/aws-crt-swift/aws-common-runtime/aws-checksums/include -Xcc -I/Users/michielvh/code/one-b2c/ssm-connect/.build/DerivedData/SourcePackages/checkouts/aws-crt-swift/aws-common-runtime/aws-c-auth/include -Xcc -I/Users/michielvh/code/one-b2c/ssm-connect/.build/DerivedData/SourcePackages/checkouts/aws-crt-swift/aws-common-runtime/aws-c-sdkutils/include -Xcc -I/Users/michielvh/code/one-b2c/ssm-connect/.build/DerivedData/SourcePackages/checkouts/aws-crt-swift/aws-common-runtime/aws-c-http/include -Xcc -I/Users/michielvh/code/one-b2c/ssm-connect/.build/DerivedData/SourcePackages/checkouts/aws-crt-swift/aws-common-runtime/aws-c-io/include -Xcc -I/Users/michielvh/code/one-b2c/ssm-connect/.build/DerivedData/SourcePackages/checkouts/aws-crt-swift/aws-common-runtime/aws-c-cal/include -Xcc -I/Users/michielvh/code/one-b2c/ssm-connect/.build/DerivedData/SourcePackages/checkouts/aws-crt-swift/aws-common-runtime/aws-c-compression/include -Xcc -I/Users/michielvh/code/one-b2c/ssm-connect/.build/DerivedData/SourcePackages/checkouts/aws-crt-swift/aws-common-runtime/aws-c-common/include -Xcc -I/Users/michielvh/code/one-b2c/ssm-connect/.build/DerivedData/SourcePackages/checkouts/aws-crt-swift/aws-common-runtime/config -Xcc -I/Users/michielvh/code/one-b2c/ssm-connect/.build/DerivedData/Build/Products/Debug/include -Xcc -I/Users/michielvh/code/one-b2c/ssm-connect/.build/DerivedData/Build/Intermediates.noindex/aws-sdk-swift.build/Debug/AWSSSM.build/DerivedSources-normal/arm64 -Xcc -I/Users/michielvh/code/one-b2c/ssm-connect/.build/DerivedData/Build/Intermediates.noindex/aws-sdk-swift.build/Debug/AWSSSM.build/DerivedSources/arm64 -Xcc -I/Users/michielvh/code/one-b2c/ssm-connect/.build/DerivedData/Build/Intermediates.noindex/aws-sdk-swift.build/Debug/AWSSSM.build/DerivedSources -Xcc -DSWIFT_PACKAGE -Xcc -DDEBUG\=1 -emit-objc-header -emit-objc-header-path /Users/michielvh/code/one-b2c/ssm-connect/.build/DerivedData/Build/Intermediates.noindex/aws-sdk-swift.build/Debug/AWSSSM.build/Objects-normal/arm64/AWSSSM-Swift.h -working-directory /Users/michielvh/code/one-b2c/ssm-connect/SSMConnect.xcodeproj -experimental-emit-module-separately -disable-cmo

Ld /Users/michielvh/code/one-b2c/ssm-connect/.build/DerivedData/Build/Products/Debug/AWSSSM.o normal (in target 'AWSSSM' from project 'aws-sdk-swift')
    cd /Users/michielvh/code/one-b2c/ssm-connect/.build/DerivedData/SourcePackages/checkouts/aws-sdk-swift
    /Applications/Xcode.app/Contents/Developer/Toolchains/XcodeDefault.xctoolchain/usr/bin/clang -Xlinker -reproducible -target arm64-apple-macos12.0 -r -isysroot /Applications/Xcode.app/Contents/Developer/Platforms/MacOSX.platform/Developer/SDKs/MacOSX26.5.sdk -O0 -w -F/Users/michielvh/code/one-b2c/ssm-connect/.build/DerivedData/Build/Intermediates.noindex/EagerLinkingTBDs/Debug -F/Users/michielvh/code/one-b2c/ssm-connect/.build/DerivedData/Build/Products/Debug/PackageFrameworks -F/Users/michielvh/code/one-b2c/ssm-connect/.build/DerivedData/Build/Products/Debug/PackageFrameworks -F/Users/michielvh/code/one-b2c/ssm-connect/.build/DerivedData/Build/Products/Debug/PackageFrameworks -F/Users/michielvh/code/one-b2c/ssm-connect/.build/DerivedData/Build/Products/Debug/PackageFrameworks -F/Users/michielvh/code/one-b2c/ssm-connect/.build/DerivedData/Build/Products/Debug/PackageFrameworks -F/Users/michielvh/code/one-b2c/ssm-connect/.build/DerivedData/Build/Products/Debug/PackageFrameworks -F/Users/michielvh/code/one-b2c/ssm-connect/.build/DerivedData/Build/Products/Debug/PackageFrameworks -F/Users/michielvh/code/one-b2c/ssm-connect/.build/DerivedData/Build/Products/Debug/PackageFrameworks -F/Users/michielvh/code/one-b2c/ssm-connect/.build/DerivedData/Build/Products/Debug/PackageFrameworks -F/Users/michielvh/code/one-b2c/ssm-connect/.build/DerivedData/Build/Products/Debug/PackageFrameworks -F/Users/michielvh/code/one-b2c/ssm-connect/.build/DerivedData/Build/Products/Debug/PackageFrameworks -F/Users/michielvh/code/one-b2c/ssm-connect/.build/DerivedData/Build/Products/Debug/PackageFrameworks -F/Users/michielvh/code/one-b2c/ssm-connect/.build/DerivedData/Build/Products/Debug/PackageFrameworks -F/Users/michielvh/code/one-b2c/ssm-connect/.build/DerivedData/Build/Products/Debug/PackageFrameworks -F/Users/michielvh/code/one-b2c/ssm-connect/.build/DerivedData/Build/Products/Debug/PackageFrameworks -F/Users/michielvh/code/one-b2c/ssm-connect/.build/DerivedData/Build/Products/Debug/PackageFrameworks -F/Users/michielvh/code/one-b2c/ssm-connect/.build/DerivedData/Build/Products/Debug/PackageFrameworks -F/Users/michielvh/code/one-b2c/ssm-connect/.build/DerivedData/Build/Products/Debug/PackageFrameworks -F/Users/michielvh/code/one-b2c/ssm-connect/.build/DerivedData/Build/Products/Debug/PackageFrameworks -F/Users/michielvh/code/one-b2c/ssm-connect/.build/DerivedData/Build/Products/Debug/PackageFrameworks -F/Users/michielvh/code/one-b2c/ssm-connect/.build/DerivedData/Build/Products/Debug/PackageFrameworks -F/Users/michielvh/code/one-b2c/ssm-connect/.build/DerivedData/Build/Products/Debug/PackageFrameworks -F/Users/michielvh/code/one-b2c/ssm-connect/.build/DerivedData/Build/Products/Debug/PackageFrameworks -F/Users/michielvh/code/one-b2c/ssm-connect/.build/DerivedData/Build/Products/Debug/PackageFrameworks -F/Users/michielvh/code/one-b2c/ssm-connect/.build/DerivedData/Build/Products/Debug/PackageFrameworks -F/Users/michielvh/code/one-b2c/ssm-connect/.build/DerivedData/Build/Products/Debug/PackageFrameworks -F/Users/michielvh/code/one-b2c/ssm-connect/.build/DerivedData/Build/Products/Debug/PackageFrameworks -F/Users/michielvh/code/one-b2c/ssm-connect/.build/DerivedData/Build/Products/Debug/PackageFrameworks -F/Users/michielvh/code/one-b2c/ssm-connect/.build/DerivedData/Build/Products/Debug/PackageFrameworks -F/Users/michielvh/code/one-b2c/ssm-connect/.build/DerivedData/Build/Products/Debug/PackageFrameworks -F/Users/michielvh/code/one-b2c/ssm-connect/.build/DerivedData/Build/Products/Debug/PackageFrameworks -F/Users/michielvh/code/one-b2c/ssm-connect/.build/DerivedData/Build/Products/Debug/PackageFrameworks -F/Users/michielvh/code/one-b2c/ssm-connect/.build/DerivedData/Build/Products/Debug/PackageFrameworks -F/Users/michielvh/code/one-b2c/ssm-connect/.build/DerivedData/Build/Products/Debug/PackageFrameworks -F/Users/michielvh/code/one-b2c/ssm-connect/.build/DerivedData/Build/Products/Debug/PackageFrameworks -F/Users/michielvh/code/one-b2c/ssm-connect/.build/DerivedData/Build/Products/Debug/PackageFrameworks -F/Users/michielvh/code/one-b2c/ssm-connect/.build/DerivedData/Build/Products/Debug/PackageFrameworks -F/Users/michielvh/code/one-b2c/ssm-connect/.build/DerivedData/Build/Products/Debug/PackageFrameworks -F/Users/michielvh/code/one-b2c/ssm-connect/.build/DerivedData/Build/Products/Debug/PackageFrameworks -F/Users/michielvh/code/one-b2c/ssm-connect/.build/DerivedData/Build/Products/Debug/PackageFrameworks -F/Users/michielvh/code/one-b2c/ssm-connect/.build/DerivedData/Build/Products/Debug/PackageFrameworks -F/Users/michielvh/code/one-b2c/ssm-connect/.build/DerivedData/Build/Products/Debug/PackageFrameworks -F/Users/michielvh/code/one-b2c/ssm-connect/.build/DerivedData/Build/Products/Debug/PackageFrameworks -F/Users/michielvh/code/one-b2c/ssm-connect/.build/DerivedData/Build/Products/Debug/PackageFrameworks -F/Users/michielvh/code/one-b2c/ssm-connect/.build/DerivedData/Build/Products/Debug/PackageFrameworks -F/Users/michielvh/code/one-b2c/ssm-connect/.build/DerivedData/Build/Products/Debug/PackageFrameworks -F/Users/michielvh/code/one-b2c/ssm-connect/.build/DerivedData/Build/Products/Debug/PackageFrameworks -F/Users/michielvh/code/one-b2c/ssm-connect/.build/DerivedData/Build/Products/Debug/PackageFrameworks -F/Users/michielvh/code/one-b2c/ssm-connect/.build/DerivedData/Build/Products/Debug/PackageFrameworks -F/Users/michielvh/code/one-b2c/ssm-connect/.build/DerivedData/Build/Products/Debug/PackageFrameworks -F/Users/michielvh/code/one-b2c/ssm-connect/.build/DerivedData/Build/Products/Debug/PackageFrameworks -F/Users/michielvh/code/one-b2c/ssm-connect/.build/DerivedData/Build/Products/Debug/PackageFrameworks -F/Users/michielvh/code/one-b2c/ssm-connect/.build/DerivedData/Build/Products/Debug -iframework /Applications/Xcode.app/Contents/Developer/Platforms/MacOSX.platform/Developer/Library/Frameworks -filelist /Users/michielvh/code/one-b2c/ssm-connect/.build/DerivedData/Build/Intermediates.noindex/aws-sdk-swift.build/Debug/AWSSSM.build/Objects-normal/arm64/AWSSSM.LinkFileList -nostdlib -Xlinker -object_path_lto -Xlinker /Users/michielvh/code/one-b2c/ssm-connect/.build/DerivedData/Build/Intermediates.noindex/aws-sdk-swift.build/Debug/AWSSSM.build/Objects-normal/arm64/AWSSSM_lto.o -Xlinker -no_deduplicate -Xlinker -dependency_info -Xlinker /Users/michielvh/code/one-b2c/ssm-connect/.build/DerivedData/Build/Intermediates.noindex/aws-sdk-swift.build/Debug/AWSSSM.build/Objects-normal/arm64/AWSSSM_dependency_info.dat -fobjc-link-runtime -L/Applications/Xcode.app/Contents/Developer/Toolchains/XcodeDefault.xctoolchain/usr/lib/swift/macosx -L/usr/lib/swift -Xlinker -add_ast_path -Xlinker /Users/michielvh/code/one-b2c/ssm-connect/.build/DerivedData/Build/Intermediates.noindex/aws-sdk-swift.build/Debug/AWSSSM.build/Objects-normal/arm64/AWSSSM.swiftmodule @/Users/michielvh/code/one-b2c/ssm-connect/.build/DerivedData/Build/Intermediates.noindex/aws-sdk-swift.build/Debug/AWSSSM.build/Objects-normal/arm64/AWSSSM-linker-args.resp -o /Users/michielvh/code/one-b2c/ssm-connect/.build/DerivedData/Build/Products/Debug/AWSSSM.o

ExtractAppIntentsMetadata (in target 'AWSSSM' from project 'aws-sdk-swift')
    cd /Users/michielvh/code/one-b2c/ssm-connect/.build/DerivedData/SourcePackages/checkouts/aws-sdk-swift
    /Applications/Xcode.app/Contents/Developer/Toolchains/XcodeDefault.xctoolchain/usr/bin/appintentsmetadataprocessor --toolchain-dir /Applications/Xcode.app/Contents/Developer/Toolchains/XcodeDefault.xctoolchain --module-name AWSSSM --sdk-root /Applications/Xcode.app/Contents/Developer/Platforms/MacOSX.platform/Developer/SDKs/MacOSX26.5.sdk --xcode-version 17F42 --platform-family macOS --deployment-target 12.0 --bundle-identifier aws-sdk-swift.AWSSSM --output /Users/michielvh/code/one-b2c/ssm-connect/.build/DerivedData/Build/Products/Debug/AWSSSM.appintents --target-triple arm64-apple-macos12.0 --binary-file /Users/michielvh/code/one-b2c/ssm-connect/.build/DerivedData/Build/Products/Debug/AWSSSM.o --dependency-file /Users/michielvh/code/one-b2c/ssm-connect/.build/DerivedData/Build/Intermediates.noindex/aws-sdk-swift.build/Debug/AWSSSM.build/Objects-normal/arm64/AWSSSM_dependency_info.dat --stringsdata-file /Users/michielvh/code/one-b2c/ssm-connect/.build/DerivedData/Build/Intermediates.noindex/aws-sdk-swift.build/Debug/AWSSSM.build/Objects-normal/arm64/ExtractedAppShortcutsMetadata.stringsdata --source-file-list /Users/michielvh/code/one-b2c/ssm-connect/.build/DerivedData/Build/Intermediates.noindex/aws-sdk-swift.build/Debug/AWSSSM.build/Objects-normal/arm64/AWSSSM.SwiftFileList --metadata-file-list /Users/michielvh/code/one-b2c/ssm-connect/.build/DerivedData/Build/Intermediates.noindex/aws-sdk-swift.build/Debug/AWSSSM.build/AWSSSM.DependencyMetadataFileList --static-metadata-file-list /Users/michielvh/code/one-b2c/ssm-connect/.build/DerivedData/Build/Intermediates.noindex/aws-sdk-swift.build/Debug/AWSSSM.build/AWSSSM.DependencyStaticMetadataFileList --swift-const-vals-list /Users/michielvh/code/one-b2c/ssm-connect/.build/DerivedData/Build/Intermediates.noindex/aws-sdk-swift.build/Debug/AWSSSM.build/Objects-normal/arm64/AWSSSM.SwiftConstValuesFileList --force --compile-time-extraction --deployment-aware-processing --validate-assistant-intents --no-app-shortcuts-localization
2026-06-05 21:03:41.661 appintentsmetadataprocessor[29074:29997985] Starting appintentsmetadataprocessor export
2026-06-05 21:03:41.668 appintentsmetadataprocessor[29074:29997985] Extracted no relevant App Intents symbols, skipping writing output

RegisterExecutionPolicyException /Users/michielvh/code/one-b2c/ssm-connect/.build/DerivedData/Build/Products/Debug/AWSSSM.o (in target 'AWSSSM' from project 'aws-sdk-swift')
    cd /Users/michielvh/code/one-b2c/ssm-connect/.build/DerivedData/SourcePackages/checkouts/aws-sdk-swift
    builtin-RegisterExecutionPolicyException /Users/michielvh/code/one-b2c/ssm-connect/.build/DerivedData/Build/Products/Debug/AWSSSM.o

PhaseScriptExecution Fetch\ session-manager-plugin /Users/michielvh/code/one-b2c/ssm-connect/.build/DerivedData/Build/Intermediates.noindex/SSMConnect.build/Debug/SSMConnect.build/Script-2C943157CBC30E1CFFEC6424.sh (in target 'SSMConnect' from project 'SSMConnect')
    cd /Users/michielvh/code/one-b2c/ssm-connect
    export ACTION\=build
    export AD_HOC_CODE_SIGNING_ALLOWED\=YES
    export AGGREGATE_TRACKED_DOMAINS\=YES
    export ALLOW_BUILD_REQUEST_OVERRIDES\=NO
    export ALLOW_TARGET_PLATFORM_SPECIALIZATION\=NO
    export ALTERNATE_GROUP\=staff
    export ALTERNATE_MODE\=u+w,go-w,a+rX
    export ALTERNATE_OWNER\=michielvh
    export ALTERNATIVE_DISTRIBUTION_WEB\=NO
    export ALWAYS_EMBED_SWIFT_STANDARD_LIBRARIES\=NO
    export ALWAYS_SEARCH_USER_PATHS\=NO
    export ALWAYS_USE_SEPARATE_HEADERMAPS\=NO
    export APPLICATION_EXTENSION_API_ONLY\=NO
    export APPLY_RULES_IN_COPY_FILES\=NO
    export APPLY_RULES_IN_COPY_HEADERS\=NO
    export APP_SHORTCUTS_ENABLE_FLEXIBLE_MATCHING\=YES
    export ARCHS\=arm64
    export ARCHS_BASE\=arm64
    export ARCHS_STANDARD\=arm64\ x86_64
    export ARCHS_STANDARD_32_64_BIT\=arm64\ x86_64\ i386
    export ARCHS_STANDARD_32_BIT\=i386
    export ARCHS_STANDARD_64_BIT\=arm64\ x86_64
    export ARCHS_STANDARD_INCLUDING_64_BIT\=arm64\ x86_64
    export ASSETCATALOG_COMPILER_APPICON_NAME\=AppIcon
    export AUTOMATICALLY_MERGE_DEPENDENCIES\=NO
    export AUTOMATION_APPLE_EVENTS\=NO
    export AVAILABLE_PLATFORMS\=android\ appletvos\ appletvsimulator\ driverkit\ freebsd\ iphoneos\ iphonesimulator\ linux\ macosx\ none\ openbsd\ qnx\ watchos\ watchsimulator\ webassembly\ xros\ xrsimulator
    export BUILD_ACTIVE_RESOURCES_ONLY\=NO
    export BUILD_COMPONENTS\=headers\ build
    export BUILD_DIR\=/Users/michielvh/code/one-b2c/ssm-connect/.build/DerivedData/Build/Products
    export BUILD_LIBRARY_FOR_DISTRIBUTION\=NO
    export BUILD_ONLY_KNOWN_LOCALIZATIONS\=NO
    export BUILD_ROOT\=/Users/michielvh/code/one-b2c/ssm-connect/.build/DerivedData/Build/Products
    export BUILD_STYLE\=
    export BUILD_VARIANTS\=normal
    export BUILT_PRODUCTS_DIR\=/Users/michielvh/code/one-b2c/ssm-connect/.build/DerivedData/Build/Products/Debug
    export BUNDLE_CONTENTS_FOLDER_PATH\=Contents/
    export BUNDLE_CONTENTS_FOLDER_PATH_deep\=Contents/
    export BUNDLE_EXECUTABLE_FOLDER_NAME_deep\=MacOS
    export BUNDLE_EXECUTABLE_FOLDER_PATH\=Contents/MacOS
    export BUNDLE_EXTENSIONS_FOLDER_PATH\=Contents/Extensions
    export BUNDLE_FORMAT\=deep
    export BUNDLE_FRAMEWORKS_FOLDER_PATH\=Contents/Frameworks
    export BUNDLE_PLUGINS_FOLDER_PATH\=Contents/PlugIns
    export BUNDLE_PRIVATE_HEADERS_FOLDER_PATH\=Contents/PrivateHeaders
    export BUNDLE_PUBLIC_HEADERS_FOLDER_PATH\=Contents/Headers
    export CACHE_ROOT\=/var/folders/sm/8hfqw9_97pgfmhlfs2t7k66c0000gn/C/com.apple.DeveloperTools/26.5-17F42/Xcode
    export CCHROOT\=/var/folders/sm/8hfqw9_97pgfmhlfs2t7k66c0000gn/C/com.apple.DeveloperTools/26.5-17F42/Xcode
    export CHMOD\=/bin/chmod
    export CHOWN\=chown
    export CLANG_ANALYZER_NONNULL\=YES
    export CLANG_ANALYZER_NUMBER_OBJECT_CONVERSION\=YES_AGGRESSIVE
    export CLANG_CACHE_FINE_GRAINED_OUTPUTS\=YES
    export CLANG_CXX_LANGUAGE_STANDARD\=gnu++14
    export CLANG_CXX_LIBRARY\=libc++
    export CLANG_ENABLE_EXPLICIT_MODULES\=YES
    export CLANG_ENABLE_MODULES\=YES
    export CLANG_ENABLE_OBJC_ARC\=YES
    export CLANG_ENABLE_OBJC_WEAK\=YES
    export CLANG_MODULES_BUILD_SESSION_FILE\=/Users/michielvh/code/one-b2c/ssm-connect/.build/DerivedData/ModuleCache.noindex/Session.modulevalidation
    export CLANG_WARN_BLOCK_CAPTURE_AUTORELEASING\=YES
    export CLANG_WARN_BOOL_CONVERSION\=YES
    export CLANG_WARN_COMMA\=YES
    export CLANG_WARN_CONSTANT_CONVERSION\=YES
    export CLANG_WARN_DEPRECATED_OBJC_IMPLEMENTATIONS\=YES
    export CLANG_WARN_DIRECT_OBJC_ISA_USAGE\=YES_ERROR
    export CLANG_WARN_DOCUMENTATION_COMMENTS\=YES
    export CLANG_WARN_EMPTY_BODY\=YES
    export CLANG_WARN_ENUM_CONVERSION\=YES
    export CLANG_WARN_INFINITE_RECURSION\=YES
    export CLANG_WARN_INT_CONVERSION\=YES
    export CLANG_WARN_NON_LITERAL_NULL_CONVERSION\=YES
    export CLANG_WARN_OBJC_IMPLICIT_RETAIN_SELF\=YES
    export CLANG_WARN_OBJC_LITERAL_CONVERSION\=YES
    export CLANG_WARN_OBJC_ROOT_CLASS\=YES_ERROR
    export CLANG_WARN_QUOTED_INCLUDE_IN_FRAMEWORK_HEADER\=YES
    export CLANG_WARN_RANGE_LOOP_ANALYSIS\=YES
    export CLANG_WARN_STRICT_PROTOTYPES\=YES
    export CLANG_WARN_SUSPICIOUS_MOVE\=YES
    export CLANG_WARN_UNGUARDED_AVAILABILITY\=YES_AGGRESSIVE
    export CLANG_WARN_UNREACHABLE_CODE\=YES
    export CLANG_WARN__DUPLICATE_METHOD_MATCH\=YES
    export CLASS_FILE_DIR\=/Users/michielvh/code/one-b2c/ssm-connect/.build/DerivedData/Build/Intermediates.noindex/SSMConnect.build/Debug/SSMConnect.build/JavaClasses
    export CLEAN_PRECOMPS\=YES
    export CLONE_HEADERS\=NO
    export CODESIGNING_FOLDER_PATH\=/Users/michielvh/code/one-b2c/ssm-connect/.build/DerivedData/Build/Products/Debug/SSMConnect.app
    export CODE_SIGNING_ALLOWED\=YES
    export CODE_SIGNING_REQUIRED\=YES
    export CODE_SIGN_IDENTITY\=-
    export CODE_SIGN_IDENTITY_NO\=Apple\ Development
    export CODE_SIGN_IDENTITY_YES\=-
    export CODE_SIGN_INJECT_BASE_ENTITLEMENTS\=YES
    export COLOR_DIAGNOSTICS\=NO
    export COMBINE_HIDPI_IMAGES\=YES
    export COMPILATION_CACHE_CAS_PATH\=/Users/michielvh/code/one-b2c/ssm-connect/.build/DerivedData/CompilationCache.noindex
    export COMPILATION_CACHE_KEEP_CAS_DIRECTORY\=YES
    export COMPILER_INDEX_STORE_ENABLE\=Default
    export COMPOSITE_SDK_DIRS\=/Users/michielvh/code/one-b2c/ssm-connect/.build/DerivedData/Build/Intermediates.noindex/CompositeSDKs
    export COMPRESS_PNG_FILES\=NO
    export CONFIGURATION\=Debug
    export CONFIGURATION_BUILD_DIR\=/Users/michielvh/code/one-b2c/ssm-connect/.build/DerivedData/Build/Products/Debug
    export CONFIGURATION_TEMP_DIR\=/Users/michielvh/code/one-b2c/ssm-connect/.build/DerivedData/Build/Intermediates.noindex/SSMConnect.build/Debug
    export CONTENTS_FOLDER_PATH\=SSMConnect.app/Contents
    export CONTENTS_FOLDER_PATH_SHALLOW_BUNDLE_NO\=SSMConnect.app/Contents
    export CONTENTS_FOLDER_PATH_SHALLOW_BUNDLE_YES\=SSMConnect.app
    export COPYING_PRESERVES_HFS_DATA\=NO
    export COPY_HEADERS_RUN_UNIFDEF\=NO
    export COPY_PHASE_STRIP\=NO
    export CP\=/bin/cp
    export CREATE_INFOPLIST_SECTION_IN_BINARY\=NO
    export CURRENT_ARCH\=undefined_arch
    export CURRENT_VARIANT\=normal
    export DEAD_CODE_STRIPPING\=NO
    export DEBUGGING_SYMBOLS\=YES
    export DEBUG_INFORMATION_FORMAT\=dwarf
    export DEBUG_INFORMATION_VERSION\=compiler-default
    export DEFAULT_COMPILER\=com.apple.compilers.llvm.clang.1_0
    export DEFAULT_DEXT_INSTALL_PATH\=/System/Library/DriverExtensions
    export DEFAULT_KEXT_INSTALL_PATH\=/System/Library/Extensions
    export DEFINES_MODULE\=NO
    export DEPLOYMENT_LOCATION\=NO
    export DEPLOYMENT_POSTPROCESSING\=NO
    export DEPLOYMENT_TARGET_SETTING_NAME\=MACOSX_DEPLOYMENT_TARGET
    export DEPLOYMENT_TARGET_SUGGESTED_VALUES\=10.13\ 10.14\ 10.15\ 11.0\ 11.1\ 11.2\ 11.3\ 11.4\ 11.5\ 12.0\ 12.2\ 12.3\ 12.4\ 13.0\ 13.1\ 13.2\ 13.3\ 13.4\ 13.5\ 14.0\ 14.1\ 14.2\ 14.3\ 14.4\ 14.5\ 14.6\ 15.0\ 15.1\ 15.2\ 15.3\ 15.4\ 15.5\ 15.6\ 26.0\ 26.1\ 26.2\ 26.3\ 26.4\ 26.5
    export DERIVED_FILES_DIR\=/Users/michielvh/code/one-b2c/ssm-connect/.build/DerivedData/Build/Intermediates.noindex/SSMConnect.build/Debug/SSMConnect.build/DerivedSources
    export DERIVED_FILE_DIR\=/Users/michielvh/code/one-b2c/ssm-connect/.build/DerivedData/Build/Intermediates.noindex/SSMConnect.build/Debug/SSMConnect.build/DerivedSources
    export DERIVED_SOURCES_DIR\=/Users/michielvh/code/one-b2c/ssm-connect/.build/DerivedData/Build/Intermediates.noindex/SSMConnect.build/Debug/SSMConnect.build/DerivedSources
    export DEVELOPER_APPLICATIONS_DIR\=/Applications/Xcode.app/Contents/Developer/Applications
    export DEVELOPER_BIN_DIR\=/Applications/Xcode.app/Contents/Developer/usr/bin
    export DEVELOPER_DIR\=/Applications/Xcode.app/Contents/Developer
    export DEVELOPER_FRAMEWORKS_DIR\=/Applications/Xcode.app/Contents/Developer/Library/Frameworks
    export DEVELOPER_FRAMEWORKS_DIR_QUOTED\=/Applications/Xcode.app/Contents/Developer/Library/Frameworks
    export DEVELOPER_LIBRARY_DIR\=/Applications/Xcode.app/Contents/Developer/Library
    export DEVELOPER_SDK_DIR\=/Applications/Xcode.app/Contents/Developer/Platforms/MacOSX.platform/Developer/SDKs
    export DEVELOPER_TOOLS_DIR\=/Applications/Xcode.app/Contents/Developer/Tools
    export DEVELOPER_USR_DIR\=/Applications/Xcode.app/Contents/Developer/usr
    export DEVELOPMENT_LANGUAGE\=en
    export DIAGNOSE_MISSING_TARGET_DEPENDENCIES\=YES
    export DIFF\=/usr/bin/diff
    export DOCUMENTATION_FOLDER_PATH\=SSMConnect.app/Contents/Resources/en.lproj/Documentation
    export DONT_GENERATE_INFOPLIST_FILE\=NO
    export DSTROOT\=/tmp/SSMConnect.dst
    export DT_TOOLCHAIN_DIR\=/Applications/Xcode.app/Contents/Developer/Toolchains/XcodeDefault.xctoolchain
    export DUMP_DEPENDENCIES\=NO
    export DUMP_DEPENDENCIES_OUTPUT_PATH\=/Users/michielvh/code/one-b2c/ssm-connect/.build/DerivedData/Build/Intermediates.noindex/SSMConnect.build/Debug/SSMConnect.build/SSMConnect-BuildDependencyInfo.json
    export DWARF_DSYM_FILE_NAME\=SSMConnect.app.dSYM
    export DWARF_DSYM_FILE_SHOULD_ACCOMPANY_PRODUCT\=NO
    export DWARF_DSYM_FOLDER_PATH\=/Users/michielvh/code/one-b2c/ssm-connect/.build/DerivedData/Build/Products/Debug
    export DYNAMIC_LIBRARY_EXTENSION\=dylib
    export EAGER_COMPILATION_ALLOW_SCRIPTS\=NO
    export EAGER_LINKING\=NO
    export EFFECTIVE_SWIFT_VERSION\=5
    export EMBEDDED_CONTENT_CONTAINS_SWIFT\=NO
    export EMBEDDED_PROFILE_NAME\=embedded.provisionprofile
    export EMBED_ASSET_PACKS_IN_PRODUCT_BUNDLE\=NO
    export EMBED_PACKAGE_RESOURCE_BUNDLE_NAMES\=\ aws-sdk-swift_AWSClientRuntime\ smithy-swift_ClientRuntime\ aws-crt-swift_AwsCommonRuntimeKit
    export ENABLE_APP_SANDBOX\=NO
    export ENABLE_CODE_COVERAGE\=YES
    export ENABLE_COHORT_ARCHS\=NO
    export ENABLE_CPLUSPLUS_BOUNDS_SAFE_BUFFERS\=NO
    export ENABLE_C_BOUNDS_SAFETY\=NO
    export ENABLE_DEBUG_DYLIB\=YES
    export ENABLE_DEFAULT_HEADER_SEARCH_PATHS\=YES
    export ENABLE_DEFAULT_SEARCH_PATHS\=YES
    export ENABLE_ENHANCED_SECURITY\=NO
    export ENABLE_HARDENED_RUNTIME\=NO
    export ENABLE_HEADER_DEPENDENCIES\=YES
    export ENABLE_INCOMING_NETWORK_CONNECTIONS\=NO
    export ENABLE_ON_DEMAND_RESOURCES\=NO
    export ENABLE_OUTGOING_NETWORK_CONNECTIONS\=NO
    export ENABLE_POINTER_AUTHENTICATION\=NO
    export ENABLE_PREVIEWS\=NO
    export ENABLE_RESOURCE_ACCESS_AUDIO_INPUT\=NO
    export ENABLE_RESOURCE_ACCESS_BLUETOOTH\=NO
    export ENABLE_RESOURCE_ACCESS_CALENDARS\=NO
    export ENABLE_RESOURCE_ACCESS_CAMERA\=NO
    export ENABLE_RESOURCE_ACCESS_CONTACTS\=NO
    export ENABLE_RESOURCE_ACCESS_LOCATION\=NO
    export ENABLE_RESOURCE_ACCESS_PHOTO_LIBRARY\=NO
    export ENABLE_RESOURCE_ACCESS_PRINTING\=NO
    export ENABLE_RESOURCE_ACCESS_USB\=NO
    export ENABLE_SDK_IMPORTS\=NO
    export ENABLE_SECURITY_COMPILER_WARNINGS\=NO
    export ENABLE_STRICT_OBJC_MSGSEND\=YES
    export ENABLE_TESTABILITY\=YES
    export ENABLE_TESTING_SEARCH_PATHS\=NO
    export ENABLE_USER_SCRIPT_SANDBOXING\=NO
    export ENABLE_XOJIT_PREVIEWS\=YES
    export ENFORCE_VALID_ARCHS\=YES
    export ENTITLEMENTS_ALLOWED\=YES
    export ENTITLEMENTS_DESTINATION\=Signature
    export ENTITLEMENTS_REQUIRED\=NO
    export EXCLUDED_INSTALLSRC_SUBDIRECTORY_PATTERNS\=.DS_Store\ .svn\ .git\ .hg\ CVS
    export EXCLUDED_RECURSIVE_SEARCH_PATH_SUBDIRECTORIES\=\*.nib\ \*.lproj\ \*.framework\ \*.gch\ \*.xcode\*\ \*.xcassets\ \*.icon\ \(\*\)\ .DS_Store\ CVS\ .svn\ .git\ .hg\ \*.pbproj\ \*.pbxproj
    export EXECUTABLES_FOLDER_PATH\=SSMConnect.app/Contents/Executables
    export EXECUTABLE_BLANK_INJECTION_DYLIB_PATH\=SSMConnect.app/Contents/MacOS/__preview.dylib
    export EXECUTABLE_DEBUG_DYLIB_INSTALL_NAME\=@rpath/SSMConnect.debug.dylib
    export EXECUTABLE_DEBUG_DYLIB_PATH\=SSMConnect.app/Contents/MacOS/SSMConnect.debug.dylib
    export EXECUTABLE_FOLDER_PATH\=SSMConnect.app/Contents/MacOS
    export EXECUTABLE_FOLDER_PATH_SHALLOW_BUNDLE_NO\=SSMConnect.app/Contents/MacOS
    export EXECUTABLE_FOLDER_PATH_SHALLOW_BUNDLE_YES\=SSMConnect.app/Contents
    export EXECUTABLE_NAME\=SSMConnect
    export EXECUTABLE_PATH\=SSMConnect.app/Contents/MacOS/SSMConnect
    export EXPANDED_CODE_SIGN_IDENTITY\=-
    export EXPANDED_CODE_SIGN_IDENTITY_NAME\=Sign\ to\ Run\ Locally
    export EXTENSIONS_FOLDER_PATH\=SSMConnect.app/Contents/Extensions
    export FILE_LIST\=/Users/michielvh/code/one-b2c/ssm-connect/.build/DerivedData/Build/Intermediates.noindex/SSMConnect.build/Debug/SSMConnect.build/Objects/LinkFileList
    export FIXED_FILES_DIR\=/Users/michielvh/code/one-b2c/ssm-connect/.build/DerivedData/Build/Intermediates.noindex/SSMConnect.build/Debug/SSMConnect.build/FixedFiles
    export FRAMEWORKS_FOLDER_PATH\=SSMConnect.app/Contents/Frameworks
    export FRAMEWORK_FLAG_PREFIX\=-framework
    export FRAMEWORK_SEARCH_PATHS\=/Users/michielvh/code/one-b2c/ssm-connect/.build/DerivedData/Build/Products/Debug/PackageFrameworks\ /Users/michielvh/code/one-b2c/ssm-connect/.build/DerivedData/Build/Products/Debug/PackageFrameworks\ /Users/michielvh/code/one-b2c/ssm-connect/.build/DerivedData/Build/Products/Debug/PackageFrameworks\ /Users/michielvh/code/one-b2c/ssm-connect/.build/DerivedData/Build/Products/Debug/PackageFrameworks\ /Users/michielvh/code/one-b2c/ssm-connect/.build/DerivedData/Build/Products/Debug/PackageFrameworks\ /Users/michielvh/code/one-b2c/ssm-connect/.build/DerivedData/Build/Products/Debug/PackageFrameworks\ /Users/michielvh/code/one-b2c/ssm-connect/.build/DerivedData/Build/Products/Debug/PackageFrameworks\ /Users/michielvh/code/one-b2c/ssm-connect/.build/DerivedData/Build/Products/Debug/PackageFrameworks\ /Users/michielvh/code/one-b2c/ssm-connect/.build/DerivedData/Build/Products/Debug/PackageFrameworks\ /Users/michielvh/code/one-b2c/ssm-connect/.build/DerivedData/Build/Products/Debug/PackageFrameworks\ /Users/michielvh/code/one-b2c/ssm-connect/.build/DerivedData/Build/Products/Debug/PackageFrameworks\ /Users/michielvh/code/one-b2c/ssm-connect/.build/DerivedData/Build/Products/Debug/PackageFrameworks\ /Users/michielvh/code/one-b2c/ssm-connect/.build/DerivedData/Build/Products/Debug/PackageFrameworks\ /Users/michielvh/code/one-b2c/ssm-connect/.build/DerivedData/Build/Products/Debug/PackageFrameworks\ /Users/michielvh/code/one-b2c/ssm-connect/.build/DerivedData/Build/Products/Debug/PackageFrameworks\ /Users/michielvh/code/one-b2c/ssm-connect/.build/DerivedData/Build/Products/Debug/PackageFrameworks\ /Users/michielvh/code/one-b2c/ssm-connect/.build/DerivedData/Build/Products/Debug/PackageFrameworks\ /Users/michielvh/code/one-b2c/ssm-connect/.build/DerivedData/Build/Products/Debug/PackageFrameworks\ /Users/michielvh/code/one-b2c/ssm-connect/.build/DerivedData/Build/Products/Debug/PackageFrameworks\ /Users/michielvh/code/one-b2c/ssm-connect/.build/DerivedData/Build/Products/Debug/PackageFrameworks\ /Users/michielvh/code/one-b2c/ssm-connect/.build/DerivedData/Build/Products/Debug/PackageFrameworks\ /Users/michielvh/code/one-b2c/ssm-connect/.build/DerivedData/Build/Products/Debug/PackageFrameworks\ /Users/michielvh/code/one-b2c/ssm-connect/.build/DerivedData/Build/Products/Debug/PackageFrameworks\ /Users/michielvh/code/one-b2c/ssm-connect/.build/DerivedData/Build/Products/Debug/PackageFrameworks\ /Users/michielvh/code/one-b2c/ssm-connect/.build/DerivedData/Build/Products/Debug/PackageFrameworks\ /Users/michielvh/code/one-b2c/ssm-connect/.build/DerivedData/Build/Products/Debug/PackageFrameworks\ /Users/michielvh/code/one-b2c/ssm-connect/.build/DerivedData/Build/Products/Debug/PackageFrameworks\ /Users/michielvh/code/one-b2c/ssm-connect/.build/DerivedData/Build/Products/Debug/PackageFrameworks\ /Users/michielvh/code/one-b2c/ssm-connect/.build/DerivedData/Build/Products/Debug/PackageFrameworks\ /Users/michielvh/code/one-b2c/ssm-connect/.build/DerivedData/Build/Products/Debug/PackageFrameworks\ /Users/michielvh/code/one-b2c/ssm-connect/.build/DerivedData/Build/Products/Debug/PackageFrameworks\ /Users/michielvh/code/one-b2c/ssm-connect/.build/DerivedData/Build/Products/Debug/PackageFrameworks\ /Users/michielvh/code/one-b2c/ssm-connect/.build/DerivedData/Build/Products/Debug/PackageFrameworks\ /Users/michielvh/code/one-b2c/ssm-connect/.build/DerivedData/Build/Products/Debug/PackageFrameworks\ /Users/michielvh/code/one-b2c/ssm-connect/.build/DerivedData/Build/Products/Debug/PackageFrameworks\ /Users/michielvh/code/one-b2c/ssm-connect/.build/DerivedData/Build/Products/Debug/PackageFrameworks\ /Users/michielvh/code/one-b2c/ssm-connect/.build/DerivedData/Build/Products/Debug/PackageFrameworks\ /Users/michielvh/code/one-b2c/ssm-connect/.build/DerivedData/Build/Products/Debug/PackageFrameworks\ /Users/michielvh/code/one-b2c/ssm-connect/.build/DerivedData/Build/Products/Debug/PackageFrameworks\ /Users/michielvh/code/one-b2c/ssm-connect/.build/DerivedData/Build/Products/Debug/PackageFrameworks\ /Users/michielvh/code/one-b2c/ssm-connect/.build/DerivedData/Build/Products/Debug/PackageFrameworks\ /Users/michielvh/code/one-b2c/ssm-connect/.build/DerivedData/Build/Products/Debug/PackageFrameworks\ /Users/michielvh/code/one-b2c/ssm-connect/.build/DerivedData/Build/Products/Debug/PackageFrameworks\ /Users/michielvh/code/one-b2c/ssm-connect/.build/DerivedData/Build/Products/Debug/PackageFrameworks\ /Users/michielvh/code/one-b2c/ssm-connect/.build/DerivedData/Build/Products/Debug/PackageFrameworks\ /Users/michielvh/code/one-b2c/ssm-connect/.build/DerivedData/Build/Products/Debug/PackageFrameworks\ /Users/michielvh/code/one-b2c/ssm-connect/.build/DerivedData/Build/Products/Debug/PackageFrameworks\ /Users/michielvh/code/one-b2c/ssm-connect/.build/DerivedData/Build/Products/Debug/PackageFrameworks\ /Users/michielvh/code/one-b2c/ssm-connect/.build/DerivedData/Build/Products/Debug/PackageFrameworks\ /Users/michielvh/code/one-b2c/ssm-connect/.build/DerivedData/Build/Products/Debug/PackageFrameworks\ /Users/michielvh/code/one-b2c/ssm-connect/.build/DerivedData/Build/Products/Debug/PackageFrameworks\ /Users/michielvh/code/one-b2c/ssm-connect/.build/DerivedData/Build/Products/Debug/PackageFrameworks\ /Users/michielvh/code/one-b2c/ssm-connect/.build/DerivedData/Build/Products/Debug/PackageFrameworks\ /Users/michielvh/code/one-b2c/ssm-connect/.build/DerivedData/Build/Products/Debug/PackageFrameworks\ /Users/michielvh/code/one-b2c/ssm-connect/.build/DerivedData/Build/Products/Debug/PackageFrameworks\ /Users/michielvh/code/one-b2c/ssm-connect/.build/DerivedData/Build/Products/Debug/PackageFrameworks\ /Users/michielvh/code/one-b2c/ssm-connect/.build/DerivedData/Build/Products/Debug/PackageFrameworks\ /Users/michielvh/code/one-b2c/ssm-connect/.build/DerivedData/Build/Products/Debug\ 
    export FRAMEWORK_VERSION\=A
    export FULL_PRODUCT_NAME\=SSMConnect.app
    export FUSE_BUILD_PHASES\=YES
    export FUSE_BUILD_SCRIPT_PHASES\=NO
    export GCC3_VERSION\=3.3
    export GCC_C_LANGUAGE_STANDARD\=gnu11
    export GCC_DYNAMIC_NO_PIC\=NO
    export GCC_INLINES_ARE_PRIVATE_EXTERN\=YES
    export GCC_NO_COMMON_BLOCKS\=YES
    export GCC_OPTIMIZATION_LEVEL\=0
    export GCC_PFE_FILE_C_DIALECTS\=c\ objective-c\ c++\ objective-c++
    export GCC_PREPROCESSOR_DEFINITIONS\=\ DEBUG\=1
    export GCC_SYMBOLS_PRIVATE_EXTERN\=NO
    export GCC_TREAT_WARNINGS_AS_ERRORS\=NO
    export GCC_VERSION\=com.apple.compilers.llvm.clang.1_0
    export GCC_VERSION_IDENTIFIER\=com_apple_compilers_llvm_clang_1_0
    export GCC_WARN_64_TO_32_BIT_CONVERSION\=YES
    export GCC_WARN_ABOUT_RETURN_TYPE\=YES_ERROR
    export GCC_WARN_UNDECLARED_SELECTOR\=YES
    export GCC_WARN_UNINITIALIZED_AUTOS\=YES_AGGRESSIVE
    export GCC_WARN_UNUSED_FUNCTION\=YES
    export GCC_WARN_UNUSED_VARIABLE\=YES
    export GENERATED_MODULEMAP_DIR\=/Users/michielvh/code/one-b2c/ssm-connect/.build/DerivedData/Build/Intermediates.noindex/GeneratedModuleMaps
    export GENERATE_INFOPLIST_FILE\=NO
    export GENERATE_INTERMEDIATE_TEXT_BASED_STUBS\=YES
    export GENERATE_PKGINFO_FILE\=YES
    export GENERATE_PRELINK_OBJECT_FILE\=NO
    export GENERATE_PROFILING_CODE\=NO
    export GENERATE_TEXT_BASED_STUBS\=NO
    export GID\=20
    export GROUP\=staff
    export HEADERMAP_INCLUDES_FLAT_ENTRIES_FOR_TARGET_BEING_BUILT\=YES
    export HEADERMAP_INCLUDES_FRAMEWORK_ENTRIES_FOR_ALL_PRODUCT_TYPES\=YES
    export HEADERMAP_INCLUDES_FRAMEWORK_ENTRIES_FOR_TARGETS_NOT_BEING_BUILT\=YES
    export HEADERMAP_INCLUDES_NONPUBLIC_NONPRIVATE_HEADERS\=YES
    export HEADERMAP_INCLUDES_PROJECT_HEADERS\=YES
    export HEADERMAP_USES_FRAMEWORK_PREFIX_ENTRIES\=YES
    export HEADERMAP_USES_VFS\=NO
    export HEADER_SEARCH_PATHS\=/Users/michielvh/code/one-b2c/ssm-connect/.build/DerivedData/SourcePackages/checkouts/aws-crt-swift/aws-common-runtime/aws-c-mqtt/include\ /Users/michielvh/code/one-b2c/ssm-connect/.build/DerivedData/SourcePackages/checkouts/aws-crt-swift/aws-common-runtime/aws-c-event-stream/include\ /Users/michielvh/code/one-b2c/ssm-connect/.build/DerivedData/SourcePackages/checkouts/aws-crt-swift/aws-common-runtime/aws-checksums/include\ /Users/michielvh/code/one-b2c/ssm-connect/.build/DerivedData/SourcePackages/checkouts/aws-crt-swift/aws-common-runtime/aws-c-auth/include\ /Users/michielvh/code/one-b2c/ssm-connect/.build/DerivedData/SourcePackages/checkouts/aws-crt-swift/aws-common-runtime/aws-c-sdkutils/include\ /Users/michielvh/code/one-b2c/ssm-connect/.build/DerivedData/SourcePackages/checkouts/aws-crt-swift/aws-common-runtime/aws-c-http/include\ /Users/michielvh/code/one-b2c/ssm-connect/.build/DerivedData/SourcePackages/checkouts/aws-crt-swift/aws-common-runtime/aws-c-io/include\ /Users/michielvh/code/one-b2c/ssm-connect/.build/DerivedData/SourcePackages/checkouts/aws-crt-swift/aws-common-runtime/aws-c-cal/include\ /Users/michielvh/code/one-b2c/ssm-connect/.build/DerivedData/SourcePackages/checkouts/aws-crt-swift/aws-common-runtime/aws-c-compression/include\ /Users/michielvh/code/one-b2c/ssm-connect/.build/DerivedData/SourcePackages/checkouts/aws-crt-swift/aws-common-runtime/aws-c-common/include\ /Users/michielvh/code/one-b2c/ssm-connect/.build/DerivedData/SourcePackages/checkouts/aws-crt-swift/aws-common-runtime/config/.\ /Users/michielvh/code/one-b2c/ssm-connect/.build/DerivedData/Build/Products/Debug/include\ 
    export HOME\=/Users/michielvh
    export HOST_ARCH\=arm64
    export HOST_PLATFORM\=macosx
    export ICONV\=/usr/bin/iconv
    export IMPLICIT_DEPENDENCY_DOMAIN\=default
    export INDEX_STORE_COMPRESS\=NO
    export INDEX_STORE_ONLY_PROJECT_FILES\=NO
    export INFOPLIST_ENABLE_CFBUNDLEICONS_MERGE\=YES
    export INFOPLIST_EXPAND_BUILD_SETTINGS\=YES
    export INFOPLIST_FILE\=SSMConnect/Info.plist
    export INFOPLIST_OUTPUT_FORMAT\=same-as-input
    export INFOPLIST_PATH\=SSMConnect.app/Contents/Info.plist
    export INFOPLIST_PREPROCESS\=NO
    export INFOSTRINGS_PATH\=SSMConnect.app/Contents/Resources/en.lproj/InfoPlist.strings
    export INLINE_PRIVATE_FRAMEWORKS\=NO
    export INSTALLAPI_IGNORE_SKIP_INSTALL\=YES
    export INSTALLHDRS_COPY_PHASE\=NO
    export INSTALLHDRS_SCRIPT_PHASE\=NO
    export INSTALL_DIR\=/tmp/SSMConnect.dst/Applications
    export INSTALL_GROUP\=staff
    export INSTALL_MODE_FLAG\=u+w,go-w,a+rX
    export INSTALL_OWNER\=michielvh
    export INSTALL_PATH\=/Applications
    export INSTALL_ROOT\=/tmp/SSMConnect.dst
    export IOS_UNZIPPERED_TWIN_PREFIX_PATH\=/System/iOSSupport
    export IS_MACCATALYST\=NO
    export IS_UNOPTIMIZED_BUILD\=YES
    export JAVAC_DEFAULT_FLAGS\=-J-Xms64m\ -J-XX:NewSize\=4M\ -J-Dfile.encoding\=UTF8
    export JAVA_APP_STUB\=/System/Library/Frameworks/JavaVM.framework/Resources/MacOS/JavaApplicationStub
    export JAVA_ARCHIVE_CLASSES\=YES
    export JAVA_ARCHIVE_TYPE\=JAR
    export JAVA_COMPILER\=/usr/bin/javac
    export JAVA_FOLDER_PATH\=SSMConnect.app/Contents/Resources/Java
    export JAVA_FRAMEWORK_RESOURCES_DIRS\=Resources
    export JAVA_JAR_FLAGS\=cv
    export JAVA_SOURCE_SUBDIR\=.
    export JAVA_USE_DEPENDENCIES\=YES
    export JAVA_ZIP_FLAGS\=-urg
    export JIKES_DEFAULT_FLAGS\=+E\ +OLDCSO
    export KASAN_CFLAGS_CLASSIC\=-DKASAN\=1\ -DKASAN_CLASSIC\=1\ -fsanitize\=address\ -mllvm\ -asan-globals-live-support\ -mllvm\ -asan-force-dynamic-shadow
    export KASAN_CFLAGS_TBI\=-DKASAN\=1\ -DKASAN_TBI\=1\ -fsanitize\=kernel-hwaddress\ -mllvm\ -hwasan-recover\=0\ -mllvm\ -hwasan-instrument-atomics\=0\ -mllvm\ -hwasan-instrument-stack\=1\ -mllvm\ -hwasan-generate-tags-with-calls\=1\ -mllvm\ -hwasan-instrument-with-calls\=1\ -mllvm\ -hwasan-use-short-granules\=0\ -mllvm\ -hwasan-memory-access-callback-prefix\=__asan_
    export KASAN_DEFAULT_CFLAGS\=-DKASAN\=1\ -DKASAN_CLASSIC\=1\ -fsanitize\=address\ -mllvm\ -asan-globals-live-support\ -mllvm\ -asan-force-dynamic-shadow
    export KEEP_PRIVATE_EXTERNS\=NO
    export LD_DEPENDENCY_INFO_FILE\=/Users/michielvh/code/one-b2c/ssm-connect/.build/DerivedData/Build/Intermediates.noindex/SSMConnect.build/Debug/SSMConnect.build/Objects-normal/undefined_arch/SSMConnect_dependency_info.dat
    export LD_EXPORT_SYMBOLS\=YES
    export LD_GENERATE_MAP_FILE\=NO
    export LD_MAP_FILE_PATH\=/Users/michielvh/code/one-b2c/ssm-connect/.build/DerivedData/Build/Intermediates.noindex/SSMConnect.build/Debug/SSMConnect.build/SSMConnect-LinkMap-normal-undefined_arch.txt
    export LD_NO_PIE\=NO
    export LD_QUOTE_LINKER_ARGUMENTS_FOR_COMPILER_DRIVER\=YES
    export LD_RUNPATH_SEARCH_PATHS\=/Users/michielvh/code/one-b2c/ssm-connect/.build/DerivedData/Build/Products/Debug/PackageFrameworks\ /Users/michielvh/code/one-b2c/ssm-connect/.build/DerivedData/Build/Products/Debug/PackageFrameworks\ /Users/michielvh/code/one-b2c/ssm-connect/.build/DerivedData/Build/Products/Debug/PackageFrameworks\ /Users/michielvh/code/one-b2c/ssm-connect/.build/DerivedData/Build/Products/Debug/PackageFrameworks\ /Users/michielvh/code/one-b2c/ssm-connect/.build/DerivedData/Build/Products/Debug/PackageFrameworks\ /Users/michielvh/code/one-b2c/ssm-connect/.build/DerivedData/Build/Products/Debug/PackageFrameworks\ /Users/michielvh/code/one-b2c/ssm-connect/.build/DerivedData/Build/Products/Debug/PackageFrameworks\ /Users/michielvh/code/one-b2c/ssm-connect/.build/DerivedData/Build/Products/Debug/PackageFrameworks\ /Users/michielvh/code/one-b2c/ssm-connect/.build/DerivedData/Build/Products/Debug/PackageFrameworks\ /Users/michielvh/code/one-b2c/ssm-connect/.build/DerivedData/Build/Products/Debug/PackageFrameworks\ /Users/michielvh/code/one-b2c/ssm-connect/.build/DerivedData/Build/Products/Debug/PackageFrameworks\ /Users/michielvh/code/one-b2c/ssm-connect/.build/DerivedData/Build/Products/Debug/PackageFrameworks\ /Users/michielvh/code/one-b2c/ssm-connect/.build/DerivedData/Build/Products/Debug/PackageFrameworks\ /Users/michielvh/code/one-b2c/ssm-connect/.build/DerivedData/Build/Products/Debug/PackageFrameworks\ /Users/michielvh/code/one-b2c/ssm-connect/.build/DerivedData/Build/Products/Debug/PackageFrameworks\ /Users/michielvh/code/one-b2c/ssm-connect/.build/DerivedData/Build/Products/Debug/PackageFrameworks\ /Users/michielvh/code/one-b2c/ssm-connect/.build/DerivedData/Build/Products/Debug/PackageFrameworks\ /Users/michielvh/code/one-b2c/ssm-connect/.build/DerivedData/Build/Products/Debug/PackageFrameworks\ /Users/michielvh/code/one-b2c/ssm-connect/.build/DerivedData/Build/Products/Debug/PackageFrameworks\ /Users/michielvh/code/one-b2c/ssm-connect/.build/DerivedData/Build/Products/Debug/PackageFrameworks\ /Users/michielvh/code/one-b2c/ssm-connect/.build/DerivedData/Build/Products/Debug/PackageFrameworks\ /Users/michielvh/code/one-b2c/ssm-connect/.build/DerivedData/Build/Products/Debug/PackageFrameworks\ /Users/michielvh/code/one-b2c/ssm-connect/.build/DerivedData/Build/Products/Debug/PackageFrameworks\ /Users/michielvh/code/one-b2c/ssm-connect/.build/DerivedData/Build/Products/Debug/PackageFrameworks\ /Users/michielvh/code/one-b2c/ssm-connect/.build/DerivedData/Build/Products/Debug/PackageFrameworks\ /Users/michielvh/code/one-b2c/ssm-connect/.build/DerivedData/Build/Products/Debug/PackageFrameworks\ /Users/michielvh/code/one-b2c/ssm-connect/.build/DerivedData/Build/Products/Debug/PackageFrameworks\ /Users/michielvh/code/one-b2c/ssm-connect/.build/DerivedData/Build/Products/Debug/PackageFrameworks\ /Users/michielvh/code/one-b2c/ssm-connect/.build/DerivedData/Build/Products/Debug/PackageFrameworks\ /Users/michielvh/code/one-b2c/ssm-connect/.build/DerivedData/Build/Products/Debug/PackageFrameworks\ /Users/michielvh/code/one-b2c/ssm-connect/.build/DerivedData/Build/Products/Debug/PackageFrameworks\ /Users/michielvh/code/one-b2c/ssm-connect/.build/DerivedData/Build/Products/Debug/PackageFrameworks\ /Users/michielvh/code/one-b2c/ssm-connect/.build/DerivedData/Build/Products/Debug/PackageFrameworks\ /Users/michielvh/code/one-b2c/ssm-connect/.build/DerivedData/Build/Products/Debug/PackageFrameworks\ /Users/michielvh/code/one-b2c/ssm-connect/.build/DerivedData/Build/Products/Debug/PackageFrameworks\ /Users/michielvh/code/one-b2c/ssm-connect/.build/DerivedData/Build/Products/Debug/PackageFrameworks\ /Users/michielvh/code/one-b2c/ssm-connect/.build/DerivedData/Build/Products/Debug/PackageFrameworks\ /Users/michielvh/code/one-b2c/ssm-connect/.build/DerivedData/Build/Products/Debug/PackageFrameworks\ /Users/michielvh/code/one-b2c/ssm-connect/.build/DerivedData/Build/Products/Debug/PackageFrameworks\ /Users/michielvh/code/one-b2c/ssm-connect/.build/DerivedData/Build/Products/Debug/PackageFrameworks\ /Users/michielvh/code/one-b2c/ssm-connect/.build/DerivedData/Build/Products/Debug/PackageFrameworks\ /Users/michielvh/code/one-b2c/ssm-connect/.build/DerivedData/Build/Products/Debug/PackageFrameworks\ /Users/michielvh/code/one-b2c/ssm-connect/.build/DerivedData/Build/Products/Debug/PackageFrameworks\ /Users/michielvh/code/one-b2c/ssm-connect/.build/DerivedData/Build/Products/Debug/PackageFrameworks\ /Users/michielvh/code/one-b2c/ssm-connect/.build/DerivedData/Build/Products/Debug/PackageFrameworks\ /Users/michielvh/code/one-b2c/ssm-connect/.build/DerivedData/Build/Products/Debug/PackageFrameworks\ /Users/michielvh/code/one-b2c/ssm-connect/.build/DerivedData/Build/Products/Debug/PackageFrameworks\ /Users/michielvh/code/one-b2c/ssm-connect/.build/DerivedData/Build/Products/Debug/PackageFrameworks\ /Users/michielvh/code/one-b2c/ssm-connect/.build/DerivedData/Build/Products/Debug/PackageFrameworks\ /Users/michielvh/code/one-b2c/ssm-connect/.build/DerivedData/Build/Products/Debug/PackageFrameworks\ /Users/michielvh/code/one-b2c/ssm-connect/.build/DerivedData/Build/Products/Debug/PackageFrameworks\ /Users/michielvh/code/one-b2c/ssm-connect/.build/DerivedData/Build/Products/Debug/PackageFrameworks\ /Users/michielvh/code/one-b2c/ssm-connect/.build/DerivedData/Build/Products/Debug/PackageFrameworks\ /Users/michielvh/code/one-b2c/ssm-connect/.build/DerivedData/Build/Products/Debug/PackageFrameworks\ /Users/michielvh/code/one-b2c/ssm-connect/.build/DerivedData/Build/Products/Debug/PackageFrameworks\ /Users/michielvh/code/one-b2c/ssm-connect/.build/DerivedData/Build/Products/Debug/PackageFrameworks\ /Users/michielvh/code/one-b2c/ssm-connect/.build/DerivedData/Build/Products/Debug/PackageFrameworks\ \ @executable_path/../Frameworks
    export LD_RUNPATH_SEARCH_PATHS_YES\=@loader_path/../Frameworks
    export LD_SHARED_CACHE_ELIGIBLE\=Automatic
    export LD_WARN_DUPLICATE_LIBRARIES\=NO
    export LD_WARN_UNUSED_DYLIBS\=NO
    export LEGACY_DEVELOPER_DIR\=/Applications/Xcode.app/Contents/PlugIns/Xcode3Core.ideplugin/Contents/SharedSupport/Developer
    export LEX\=lex
    export LIBRARY_DEXT_INSTALL_PATH\=/Library/DriverExtensions
    export LIBRARY_FLAG_NOSPACE\=YES
    export LIBRARY_FLAG_PREFIX\=-l
    export LIBRARY_KEXT_INSTALL_PATH\=/Library/Extensions
    export LIBRARY_SEARCH_PATHS\=/Users/michielvh/code/one-b2c/ssm-connect/.build/DerivedData/Build/Products/Debug\ 
    export LINKER_DISPLAYS_MANGLED_NAMES\=NO
    export LINK_FILE_LIST_normal_arm64\=/Users/michielvh/code/one-b2c/ssm-connect/.build/DerivedData/Build/Intermediates.noindex/SSMConnect.build/Debug/SSMConnect.build/Objects-normal/arm64/SSMConnect.LinkFileList
    export LINK_OBJC_RUNTIME\=YES
    export LINK_WITH_STANDARD_LIBRARIES\=YES
    export LLVM_TARGET_TRIPLE_OS_VERSION\=macos14.0
    export LLVM_TARGET_TRIPLE_OS_VERSION_NO\=macos14.0
    export LLVM_TARGET_TRIPLE_OS_VERSION_YES\=macos26.5
    export LLVM_TARGET_TRIPLE_VENDOR\=apple
    export LM_AUX_CONST_METADATA_LIST_PATH_normal_arm64\=/Users/michielvh/code/one-b2c/ssm-connect/.build/DerivedData/Build/Intermediates.noindex/SSMConnect.build/Debug/SSMConnect.build/Objects-normal/arm64/SSMConnect.SwiftConstValuesFileList
    export LOCALIZATION_EXPORT_SUPPORTED\=YES
    export LOCALIZATION_PREFERS_STRING_CATALOGS\=NO
    export LOCALIZED_RESOURCES_FOLDER_PATH\=SSMConnect.app/Contents/Resources/en.lproj
    export LOCALIZED_STRING_CODE_COMMENTS\=NO
    export LOCALIZED_STRING_MACRO_NAMES\=NSLocalizedString\ CFCopyLocalizedString
    export LOCALIZED_STRING_SWIFTUI_SUPPORT\=YES
    export LOCAL_ADMIN_APPS_DIR\=/Applications/Utilities
    export LOCAL_APPS_DIR\=/Applications
    export LOCAL_DEVELOPER_DIR\=/Library/Developer
    export LOCAL_LIBRARY_DIR\=/Library
    export LOCROOT\=/Users/michielvh/code/one-b2c/ssm-connect
    export LOCSYMROOT\=/Users/michielvh/code/one-b2c/ssm-connect
    export MACH_O_TYPE\=mh_execute
    export MACOSX_DEPLOYMENT_TARGET\=14.0
    export MAC_OS_X_PRODUCT_BUILD_VERSION\=25E246
    export MAC_OS_X_VERSION_ACTUAL\=260400
    export MAC_OS_X_VERSION_MAJOR\=260000
    export MAC_OS_X_VERSION_MINOR\=260400
    export MAKE_MERGEABLE\=NO
    export MERGEABLE_LIBRARY\=NO
    export MERGED_BINARY_TYPE\=none
    export MERGE_LINKED_LIBRARIES\=NO
    export METAL_LIBRARY_FILE_BASE\=default
    export METAL_LIBRARY_OUTPUT_DIR\=/Users/michielvh/code/one-b2c/ssm-connect/.build/DerivedData/Build/Products/Debug/SSMConnect.app/Contents/Resources
    export MODULES_FOLDER_PATH\=SSMConnect.app/Contents/Modules
    export MODULE_CACHE_DIR\=/Users/michielvh/code/one-b2c/ssm-connect/.build/DerivedData/ModuleCache.noindex
    export MTL_ENABLE_DEBUG_INFO\=INCLUDE_SOURCE
    export MTL_FAST_MATH\=YES
    export NATIVE_ARCH\=arm64
    export NATIVE_ARCH_32_BIT\=arm
    export NATIVE_ARCH_64_BIT\=arm64
    export NATIVE_ARCH_ACTUAL\=arm64
    export NO_COMMON\=YES
    export OBJECT_FILE_DIR\=/Users/michielvh/code/one-b2c/ssm-connect/.build/DerivedData/Build/Intermediates.noindex/SSMConnect.build/Debug/SSMConnect.build/Objects
    export OBJECT_FILE_DIR_normal\=/Users/michielvh/code/one-b2c/ssm-connect/.build/DerivedData/Build/Intermediates.noindex/SSMConnect.build/Debug/SSMConnect.build/Objects-normal
    export OBJROOT\=/Users/michielvh/code/one-b2c/ssm-connect/.build/DerivedData/Build/Intermediates.noindex
    export ONLY_ACTIVE_ARCH\=YES
    export OS\=MACOS
    export OSAC\=/usr/bin/osacompile
    export OTHER_CFLAGS\=-fmodule-map-file\=/Users/michielvh/code/one-b2c/ssm-connect/.build/DerivedData/Build/Intermediates.noindex/GeneratedModuleMaps/AWSSSOOIDC.modulemap\ -fmodule-map-file\=/Users/michielvh/code/one-b2c/ssm-connect/.build/DerivedData/Build/Intermediates.noindex/GeneratedModuleMaps/AWSSSO.modulemap\ -fmodule-map-file\=/Users/michielvh/code/one-b2c/ssm-connect/.build/DerivedData/Build/Intermediates.noindex/GeneratedModuleMaps/AWSEC2.modulemap\ -fmodule-map-file\=/Users/michielvh/code/one-b2c/ssm-connect/.build/DerivedData/Build/Intermediates.noindex/GeneratedModuleMaps/SmithyWaitersAPI.modulemap\ -fmodule-map-file\=/Users/michielvh/code/one-b2c/ssm-connect/.build/DerivedData/Build/Intermediates.noindex/GeneratedModuleMaps/AWSSSM.modulemap\ -fmodule-map-file\=/Users/michielvh/code/one-b2c/ssm-connect/.build/DerivedData/SourcePackages/checkouts/aws-crt-swift/Source/LibNative/module.modulemap\ -fmodule-map-file\=/Users/michielvh/code/one-b2c/ssm-connect/.build/DerivedData/Build/Intermediates.noindex/GeneratedModuleMaps/AwsCMqtt.modulemap\ -fmodule-map-file\=/Users/michielvh/code/one-b2c/ssm-connect/.build/DerivedData/Build/Intermediates.noindex/GeneratedModuleMaps/AwsCEventStream.modulemap\ -fmodule-map-file\=/Users/michielvh/code/one-b2c/ssm-connect/.build/DerivedData/Build/Intermediates.noindex/GeneratedModuleMaps/AwsCChecksums.modulemap\ -fmodule-map-file\=/Users/michielvh/code/one-b2c/ssm-connect/.build/DerivedData/Build/Intermediates.noindex/GeneratedModuleMaps/AwsCAuth.modulemap\ -fmodule-map-file\=/Users/michielvh/code/one-b2c/ssm-connect/.build/DerivedData/Build/Intermediates.noindex/GeneratedModuleMaps/AwsCSdkUtils.modulemap\ -fmodule-map-file\=/Users/michielvh/code/one-b2c/ssm-connect/.build/DerivedData/Build/Intermediates.noindex/GeneratedModuleMaps/AwsCHttp.modulemap\ -fmodule-map-file\=/Users/michielvh/code/one-b2c/ssm-connect/.build/DerivedData/Build/Intermediates.noindex/GeneratedModuleMaps/AwsCIo.modulemap\ -fmodule-map-file\=/Users/michielvh/code/one-b2c/ssm-connect/.build/DerivedData/Build/Intermediates.noindex/GeneratedModuleMaps/AwsCCal.modulemap\ -fmodule-map-file\=/Users/michielvh/code/one-b2c/ssm-connect/.build/DerivedData/Build/Intermediates.noindex/GeneratedModuleMaps/AwsCCompression.modulemap\ -fmodule-map-file\=/Users/michielvh/code/one-b2c/ssm-connect/.build/DerivedData/Build/Intermediates.noindex/GeneratedModuleMaps/AwsCCommon.modulemap\ -fmodule-map-file\=/Users/michielvh/code/one-b2c/ssm-connect/.build/DerivedData/Build/Intermediates.noindex/GeneratedModuleMaps/AwsCommonRuntimeKit.modulemap\ -fmodule-map-file\=/Users/michielvh/code/one-b2c/ssm-connect/.build/DerivedData/Build/Intermediates.noindex/GeneratedModuleMaps/ClientRuntime.modulemap\ -fmodule-map-file\=/Users/michielvh/code/one-b2c/ssm-connect/.build/DerivedData/Build/Intermediates.noindex/GeneratedModuleMaps/SmithyCBOR.modulemap\ -fmodule-map-file\=/Users/michielvh/code/one-b2c/ssm-connect/.build/DerivedData/Build/Intermediates.noindex/GeneratedModuleMaps/SmithyChecksums.modulemap\ -fmodule-map-file\=/Users/michielvh/code/one-b2c/ssm-connect/.build/DerivedData/Build/Intermediates.noindex/GeneratedModuleMaps/SmithyEventStreams.modulemap\ -fmodule-map-file\=/Users/michielvh/code/one-b2c/ssm-connect/.build/DerivedData/Build/Intermediates.noindex/GeneratedModuleMaps/SmithyEventStreamsAuthAPI.modulemap\ -fmodule-map-file\=/Users/michielvh/code/one-b2c/ssm-connect/.build/DerivedData/Build/Intermediates.noindex/GeneratedModuleMaps/SmithyEventStreamsAPI.modulemap\ -fmodule-map-file\=/Users/michielvh/code/one-b2c/ssm-connect/.build/DerivedData/Build/Intermediates.noindex/GeneratedModuleMaps/SmithyHTTPAuth.modulemap\ -fmodule-map-file\=/Users/michielvh/code/one-b2c/ssm-connect/.build/DerivedData/Build/Intermediates.noindex/GeneratedModuleMaps/SmithyChecksumsAPI.modulemap\ -fmodule-map-file\=/Users/michielvh/code/one-b2c/ssm-connect/.build/DerivedData/Build/Intermediates.noindex/GeneratedModuleMaps/SmithyHTTPClient.modulemap\ -fmodule-map-file\=/Users/michielvh/code/one-b2c/ssm-connect/.build/DerivedData/Build/Intermediates.noindex/GeneratedModuleMaps/SmithyStreams.modulemap\ -fmodule-map-file\=/Users/michielvh/code/one-b2c/ssm-connect/.build/DerivedData/Build/Intermediates.noindex/GeneratedModuleMaps/SmithyIdentity.modulemap\ -fmodule-map-file\=/Users/michielvh/code/one-b2c/ssm-connect/.build/DerivedData/Build/Intermediates.noindex/GeneratedModuleMaps/SmithyRetries.modulemap\ -fmodule-map-file\=/Users/michielvh/code/one-b2c/ssm-connect/.build/DerivedData/Build/Intermediates.noindex/GeneratedModuleMaps/SmithyRetriesAPI.modulemap\ -fmodule-map-file\=/Users/michielvh/code/one-b2c/ssm-connect/.build/DerivedData/Build/Intermediates.noindex/GeneratedModuleMaps/SmithyHTTPClientAPI.modulemap\ -fmodule-map-file\=/Users/michielvh/code/one-b2c/ssm-connect/.build/DerivedData/Build/Intermediates.noindex/GeneratedModuleMaps/SmithyTelemetryAPI.modulemap\ -fmodule-map-file\=/Users/michielvh/code/one-b2c/ssm-connect/.build/DerivedData/Build/Intermediates.noindex/GeneratedModuleMaps/SmithyAWSJSON.modulemap\ -fmodule-map-file\=/Users/michielvh/code/one-b2c/ssm-connect/.build/DerivedData/Build/Intermediates.noindex/GeneratedModuleMaps/SmithyIdentityAPI.modulemap\ -fmodule-map-file\=/Users/michielvh/code/one-b2c/ssm-connect/.build/DerivedData/Build/Intermediates.noindex/GeneratedModuleMaps/SmithyHTTPAPI.modulemap\ -fmodule-map-file\=/Users/michielvh/code/one-b2c/ssm-connect/.build/DerivedData/Build/Intermediates.noindex/GeneratedModuleMaps/SmithyHTTPAuthAPI.modulemap\ -fmodule-map-file\=/Users/michielvh/code/one-b2c/ssm-connect/.build/DerivedData/Build/Intermediates.noindex/GeneratedModuleMaps/SmithyJSON.modulemap\ -fmodule-map-file\=/Users/michielvh/code/one-b2c/ssm-connect/.build/DerivedData/Build/Intermediates.noindex/GeneratedModuleMaps/SmithyFormURL.modulemap\ -fmodule-map-file\=/Users/michielvh/code/one-b2c/ssm-connect/.build/DerivedData/Build/Intermediates.noindex/GeneratedModuleMaps/Logging.modulemap\ -fmodule-map-file\=/Users/michielvh/code/one-b2c/ssm-connect/.build/DerivedData/Build/Intermediates.noindex/GeneratedModuleMaps/SmithyReadWrite.modulemap\ -fmodule-map-file\=/Users/michielvh/code/one-b2c/ssm-connect/.build/DerivedData/Build/Intermediates.noindex/GeneratedModuleMaps/SmithyTimestamps.modulemap\ -fmodule-map-file\=/Users/michielvh/code/one-b2c/ssm-connect/.build/DerivedData/Build/Intermediates.noindex/GeneratedModuleMaps/SmithySerialization.modulemap\ -fmodule-map-file\=/Users/michielvh/code/one-b2c/ssm-connect/.build/DerivedData/Build/Intermediates.noindex/GeneratedModuleMaps/Smithy.modulemap\ -fmodule-map-file\=/Users/michielvh/code/one-b2c/ssm-connect/.build/DerivedData/Build/Intermediates.noindex/GeneratedModuleMaps/SmithyXML.modulemap\ -fmodule-map-file\=/Users/michielvh/code/one-b2c/ssm-connect/.build/DerivedData/Build/Intermediates.noindex/GeneratedModuleMaps/AWSSDKIdentity.modulemap\ -fmodule-map-file\=/Users/michielvh/code/one-b2c/ssm-connect/.build/DerivedData/Build/Intermediates.noindex/GeneratedModuleMaps/InternalAWSSignin.modulemap\ -fmodule-map-file\=/Users/michielvh/code/one-b2c/ssm-connect/.build/DerivedData/Build/Intermediates.noindex/GeneratedModuleMaps/InternalAWSSTS.modulemap\ -fmodule-map-file\=/Users/michielvh/code/one-b2c/ssm-connect/.build/DerivedData/Build/Intermediates.noindex/GeneratedModuleMaps/InternalAWSSSOOIDC.modulemap\ -fmodule-map-file\=/Users/michielvh/code/one-b2c/ssm-connect/.build/DerivedData/Build/Intermediates.noindex/GeneratedModuleMaps/InternalAWSSSO.modulemap\ -fmodule-map-file\=/Users/michielvh/code/one-b2c/ssm-connect/.build/DerivedData/Build/Intermediates.noindex/GeneratedModuleMaps/InternalAWSCognitoIdentity.modulemap\ -fmodule-map-file\=/Users/michielvh/code/one-b2c/ssm-connect/.build/DerivedData/Build/Intermediates.noindex/GeneratedModuleMaps/AWSClientRuntime.modulemap\ -fmodule-map-file\=/Users/michielvh/code/one-b2c/ssm-connect/.build/DerivedData/Build/Intermediates.noindex/GeneratedModuleMaps/AWSSDKDynamic.modulemap\ -fmodule-map-file\=/Users/michielvh/code/one-b2c/ssm-connect/.build/DerivedData/Build/Intermediates.noindex/GeneratedModuleMaps/AWSSDKHTTPAuth.modulemap\ -fmodule-map-file\=/Users/michielvh/code/one-b2c/ssm-connect/.build/DerivedData/Build/Intermediates.noindex/GeneratedModuleMaps/AWSSDKChecksums.modulemap\ -fmodule-map-file\=/Users/michielvh/code/one-b2c/ssm-connect/.build/DerivedData/Build/Intermediates.noindex/GeneratedModuleMaps/AWSSDKIdentityAPI.modulemap\ -fmodule-map-file\=/Users/michielvh/code/one-b2c/ssm-connect/.build/DerivedData/Build/Intermediates.noindex/GeneratedModuleMaps/AWSSDKCommon.modulemap\ -fmodule-map-file\=/Users/michielvh/code/one-b2c/ssm-connect/.build/DerivedData/Build/Intermediates.noindex/GeneratedModuleMaps/AWSSecretsManager.modulemap\ 
    export OTHER_CPLUSPLUSFLAGS\=-fmodule-map-file\=/Users/michielvh/code/one-b2c/ssm-connect/.build/DerivedData/Build/Intermediates.noindex/GeneratedModuleMaps/AWSSSOOIDC.modulemap\ -fmodule-map-file\=/Users/michielvh/code/one-b2c/ssm-connect/.build/DerivedData/Build/Intermediates.noindex/GeneratedModuleMaps/AWSSSO.modulemap\ -fmodule-map-file\=/Users/michielvh/code/one-b2c/ssm-connect/.build/DerivedData/Build/Intermediates.noindex/GeneratedModuleMaps/AWSEC2.modulemap\ -fmodule-map-file\=/Users/michielvh/code/one-b2c/ssm-connect/.build/DerivedData/Build/Intermediates.noindex/GeneratedModuleMaps/SmithyWaitersAPI.modulemap\ -fmodule-map-file\=/Users/michielvh/code/one-b2c/ssm-connect/.build/DerivedData/Build/Intermediates.noindex/GeneratedModuleMaps/AWSSSM.modulemap\ -fmodule-map-file\=/Users/michielvh/code/one-b2c/ssm-connect/.build/DerivedData/SourcePackages/checkouts/aws-crt-swift/Source/LibNative/module.modulemap\ -fmodule-map-file\=/Users/michielvh/code/one-b2c/ssm-connect/.build/DerivedData/Build/Intermediates.noindex/GeneratedModuleMaps/AwsCMqtt.modulemap\ -fmodule-map-file\=/Users/michielvh/code/one-b2c/ssm-connect/.build/DerivedData/Build/Intermediates.noindex/GeneratedModuleMaps/AwsCEventStream.modulemap\ -fmodule-map-file\=/Users/michielvh/code/one-b2c/ssm-connect/.build/DerivedData/Build/Intermediates.noindex/GeneratedModuleMaps/AwsCChecksums.modulemap\ -fmodule-map-file\=/Users/michielvh/code/one-b2c/ssm-connect/.build/DerivedData/Build/Intermediates.noindex/GeneratedModuleMaps/AwsCAuth.modulemap\ -fmodule-map-file\=/Users/michielvh/code/one-b2c/ssm-connect/.build/DerivedData/Build/Intermediates.noindex/GeneratedModuleMaps/AwsCSdkUtils.modulemap\ -fmodule-map-file\=/Users/michielvh/code/one-b2c/ssm-connect/.build/DerivedData/Build/Intermediates.noindex/GeneratedModuleMaps/AwsCHttp.modulemap\ -fmodule-map-file\=/Users/michielvh/code/one-b2c/ssm-connect/.build/DerivedData/Build/Intermediates.noindex/GeneratedModuleMaps/AwsCIo.modulemap\ -fmodule-map-file\=/Users/michielvh/code/one-b2c/ssm-connect/.build/DerivedData/Build/Intermediates.noindex/GeneratedModuleMaps/AwsCCal.modulemap\ -fmodule-map-file\=/Users/michielvh/code/one-b2c/ssm-connect/.build/DerivedData/Build/Intermediates.noindex/GeneratedModuleMaps/AwsCCompression.modulemap\ -fmodule-map-file\=/Users/michielvh/code/one-b2c/ssm-connect/.build/DerivedData/Build/Intermediates.noindex/GeneratedModuleMaps/AwsCCommon.modulemap\ -fmodule-map-file\=/Users/michielvh/code/one-b2c/ssm-connect/.build/DerivedData/Build/Intermediates.noindex/GeneratedModuleMaps/AwsCommonRuntimeKit.modulemap\ -fmodule-map-file\=/Users/michielvh/code/one-b2c/ssm-connect/.build/DerivedData/Build/Intermediates.noindex/GeneratedModuleMaps/ClientRuntime.modulemap\ -fmodule-map-file\=/Users/michielvh/code/one-b2c/ssm-connect/.build/DerivedData/Build/Intermediates.noindex/GeneratedModuleMaps/SmithyCBOR.modulemap\ -fmodule-map-file\=/Users/michielvh/code/one-b2c/ssm-connect/.build/DerivedData/Build/Intermediates.noindex/GeneratedModuleMaps/SmithyChecksums.modulemap\ -fmodule-map-file\=/Users/michielvh/code/one-b2c/ssm-connect/.build/DerivedData/Build/Intermediates.noindex/GeneratedModuleMaps/SmithyEventStreams.modulemap\ -fmodule-map-file\=/Users/michielvh/code/one-b2c/ssm-connect/.build/DerivedData/Build/Intermediates.noindex/GeneratedModuleMaps/SmithyEventStreamsAuthAPI.modulemap\ -fmodule-map-file\=/Users/michielvh/code/one-b2c/ssm-connect/.build/DerivedData/Build/Intermediates.noindex/GeneratedModuleMaps/SmithyEventStreamsAPI.modulemap\ -fmodule-map-file\=/Users/michielvh/code/one-b2c/ssm-connect/.build/DerivedData/Build/Intermediates.noindex/GeneratedModuleMaps/SmithyHTTPAuth.modulemap\ -fmodule-map-file\=/Users/michielvh/code/one-b2c/ssm-connect/.build/DerivedData/Build/Intermediates.noindex/GeneratedModuleMaps/SmithyChecksumsAPI.modulemap\ -fmodule-map-file\=/Users/michielvh/code/one-b2c/ssm-connect/.build/DerivedData/Build/Intermediates.noindex/GeneratedModuleMaps/SmithyHTTPClient.modulemap\ -fmodule-map-file\=/Users/michielvh/code/one-b2c/ssm-connect/.build/DerivedData/Build/Intermediates.noindex/GeneratedModuleMaps/SmithyStreams.modulemap\ -fmodule-map-file\=/Users/michielvh/code/one-b2c/ssm-connect/.build/DerivedData/Build/Intermediates.noindex/GeneratedModuleMaps/SmithyIdentity.modulemap\ -fmodule-map-file\=/Users/michielvh/code/one-b2c/ssm-connect/.build/DerivedData/Build/Intermediates.noindex/GeneratedModuleMaps/SmithyRetries.modulemap\ -fmodule-map-file\=/Users/michielvh/code/one-b2c/ssm-connect/.build/DerivedData/Build/Intermediates.noindex/GeneratedModuleMaps/SmithyRetriesAPI.modulemap\ -fmodule-map-file\=/Users/michielvh/code/one-b2c/ssm-connect/.build/DerivedData/Build/Intermediates.noindex/GeneratedModuleMaps/SmithyHTTPClientAPI.modulemap\ -fmodule-map-file\=/Users/michielvh/code/one-b2c/ssm-connect/.build/DerivedData/Build/Intermediates.noindex/GeneratedModuleMaps/SmithyTelemetryAPI.modulemap\ -fmodule-map-file\=/Users/michielvh/code/one-b2c/ssm-connect/.build/DerivedData/Build/Intermediates.noindex/GeneratedModuleMaps/SmithyAWSJSON.modulemap\ -fmodule-map-file\=/Users/michielvh/code/one-b2c/ssm-connect/.build/DerivedData/Build/Intermediates.noindex/GeneratedModuleMaps/SmithyIdentityAPI.modulemap\ -fmodule-map-file\=/Users/michielvh/code/one-b2c/ssm-connect/.build/DerivedData/Build/Intermediates.noindex/GeneratedModuleMaps/SmithyHTTPAPI.modulemap\ -fmodule-map-file\=/Users/michielvh/code/one-b2c/ssm-connect/.build/DerivedData/Build/Intermediates.noindex/GeneratedModuleMaps/SmithyHTTPAuthAPI.modulemap\ -fmodule-map-file\=/Users/michielvh/code/one-b2c/ssm-connect/.build/DerivedData/Build/Intermediates.noindex/GeneratedModuleMaps/SmithyJSON.modulemap\ -fmodule-map-file\=/Users/michielvh/code/one-b2c/ssm-connect/.build/DerivedData/Build/Intermediates.noindex/GeneratedModuleMaps/SmithyFormURL.modulemap\ -fmodule-map-file\=/Users/michielvh/code/one-b2c/ssm-connect/.build/DerivedData/Build/Intermediates.noindex/GeneratedModuleMaps/Logging.modulemap\ -fmodule-map-file\=/Users/michielvh/code/one-b2c/ssm-connect/.build/DerivedData/Build/Intermediates.noindex/GeneratedModuleMaps/SmithyReadWrite.modulemap\ -fmodule-map-file\=/Users/michielvh/code/one-b2c/ssm-connect/.build/DerivedData/Build/Intermediates.noindex/GeneratedModuleMaps/SmithyTimestamps.modulemap\ -fmodule-map-file\=/Users/michielvh/code/one-b2c/ssm-connect/.build/DerivedData/Build/Intermediates.noindex/GeneratedModuleMaps/SmithySerialization.modulemap\ -fmodule-map-file\=/Users/michielvh/code/one-b2c/ssm-connect/.build/DerivedData/Build/Intermediates.noindex/GeneratedModuleMaps/Smithy.modulemap\ -fmodule-map-file\=/Users/michielvh/code/one-b2c/ssm-connect/.build/DerivedData/Build/Intermediates.noindex/GeneratedModuleMaps/SmithyXML.modulemap\ -fmodule-map-file\=/Users/michielvh/code/one-b2c/ssm-connect/.build/DerivedData/Build/Intermediates.noindex/GeneratedModuleMaps/AWSSDKIdentity.modulemap\ -fmodule-map-file\=/Users/michielvh/code/one-b2c/ssm-connect/.build/DerivedData/Build/Intermediates.noindex/GeneratedModuleMaps/InternalAWSSignin.modulemap\ -fmodule-map-file\=/Users/michielvh/code/one-b2c/ssm-connect/.build/DerivedData/Build/Intermediates.noindex/GeneratedModuleMaps/InternalAWSSTS.modulemap\ -fmodule-map-file\=/Users/michielvh/code/one-b2c/ssm-connect/.build/DerivedData/Build/Intermediates.noindex/GeneratedModuleMaps/InternalAWSSSOOIDC.modulemap\ -fmodule-map-file\=/Users/michielvh/code/one-b2c/ssm-connect/.build/DerivedData/Build/Intermediates.noindex/GeneratedModuleMaps/InternalAWSSSO.modulemap\ -fmodule-map-file\=/Users/michielvh/code/one-b2c/ssm-connect/.build/DerivedData/Build/Intermediates.noindex/GeneratedModuleMaps/InternalAWSCognitoIdentity.modulemap\ -fmodule-map-file\=/Users/michielvh/code/one-b2c/ssm-connect/.build/DerivedData/Build/Intermediates.noindex/GeneratedModuleMaps/AWSClientRuntime.modulemap\ -fmodule-map-file\=/Users/michielvh/code/one-b2c/ssm-connect/.build/DerivedData/Build/Intermediates.noindex/GeneratedModuleMaps/AWSSDKDynamic.modulemap\ -fmodule-map-file\=/Users/michielvh/code/one-b2c/ssm-connect/.build/DerivedData/Build/Intermediates.noindex/GeneratedModuleMaps/AWSSDKHTTPAuth.modulemap\ -fmodule-map-file\=/Users/michielvh/code/one-b2c/ssm-connect/.build/DerivedData/Build/Intermediates.noindex/GeneratedModuleMaps/AWSSDKChecksums.modulemap\ -fmodule-map-file\=/Users/michielvh/code/one-b2c/ssm-connect/.build/DerivedData/Build/Intermediates.noindex/GeneratedModuleMaps/AWSSDKIdentityAPI.modulemap\ -fmodule-map-file\=/Users/michielvh/code/one-b2c/ssm-connect/.build/DerivedData/Build/Intermediates.noindex/GeneratedModuleMaps/AWSSDKCommon.modulemap\ -fmodule-map-file\=/Users/michielvh/code/one-b2c/ssm-connect/.build/DerivedData/Build/Intermediates.noindex/GeneratedModuleMaps/AWSSecretsManager.modulemap\ 
    export OTHER_LDFLAGS\=-Wl,-no_warn_duplicate_libraries\ -Wl,-no_warn_duplicate_libraries\ -Wl,-no_warn_duplicate_libraries\ -Wl,-no_warn_duplicate_libraries\ -Wl,-no_warn_duplicate_libraries\ -Wl,-no_warn_duplicate_libraries\ -Wl,-no_warn_duplicate_libraries\ -Wl,-no_warn_duplicate_libraries\ -Wl,-no_warn_duplicate_libraries\ -Wl,-no_warn_duplicate_libraries\ -Wl,-no_warn_duplicate_libraries\ -Wl,-no_warn_duplicate_libraries\ -Wl,-no_warn_duplicate_libraries\ -Wl,-no_warn_duplicate_libraries\ -Wl,-no_warn_duplicate_libraries\ -Wl,-no_warn_duplicate_libraries\ -Wl,-no_warn_duplicate_libraries\ -Wl,-no_warn_duplicate_libraries\ -Wl,-no_warn_duplicate_libraries\ -Wl,-no_warn_duplicate_libraries\ -Wl,-no_warn_duplicate_libraries\ -Wl,-no_warn_duplicate_libraries\ -Wl,-no_warn_duplicate_libraries\ -Wl,-no_warn_duplicate_libraries\ -Wl,-no_warn_duplicate_libraries\ -Wl,-no_warn_duplicate_libraries\ -Wl,-no_warn_duplicate_libraries\ -Wl,-no_warn_duplicate_libraries\ -Wl,-no_warn_duplicate_libraries\ -Wl,-no_warn_duplicate_libraries\ -Wl,-no_warn_duplicate_libraries\ -Wl,-no_warn_duplicate_libraries\ -Wl,-no_warn_duplicate_libraries\ -Wl,-no_warn_duplicate_libraries\ -Wl,-no_warn_duplicate_libraries\ -Wl,-no_warn_duplicate_libraries\ -Wl,-no_warn_duplicate_libraries\ -Wl,-no_warn_duplicate_libraries\ -Wl,-no_warn_duplicate_libraries\ -Wl,-no_warn_duplicate_libraries\ -Wl,-no_warn_duplicate_libraries\ -Wl,-no_warn_duplicate_libraries\ -Wl,-no_warn_duplicate_libraries\ -Wl,-no_warn_duplicate_libraries\ -Wl,-no_warn_duplicate_libraries\ -Wl,-no_warn_duplicate_libraries\ -Wl,-no_warn_duplicate_libraries\ -Wl,-no_warn_duplicate_libraries\ -Wl,-no_warn_duplicate_libraries\ -Wl,-no_warn_duplicate_libraries\ -Wl,-no_warn_duplicate_libraries\ -Wl,-no_warn_duplicate_libraries\ -Wl,-no_warn_duplicate_libraries\ -Wl,-no_warn_duplicate_libraries\ -Wl,-no_warn_duplicate_libraries\ -Wl,-no_warn_duplicate_libraries\ -Wl,-no_warn_duplicate_libraries\ 
    export OTHER_SWIFT_FLAGS\=-Xcc\ -fmodule-map-file\=/Users/michielvh/code/one-b2c/ssm-connect/.build/DerivedData/SourcePackages/checkouts/aws-crt-swift/Source/LibNative/module.modulemap\ -Xcc\ -fmodule-map-file\=/Users/michielvh/code/one-b2c/ssm-connect/.build/DerivedData/Build/Intermediates.noindex/GeneratedModuleMaps/AwsCMqtt.modulemap\ -Xcc\ -fmodule-map-file\=/Users/michielvh/code/one-b2c/ssm-connect/.build/DerivedData/Build/Intermediates.noindex/GeneratedModuleMaps/AwsCEventStream.modulemap\ -Xcc\ -fmodule-map-file\=/Users/michielvh/code/one-b2c/ssm-connect/.build/DerivedData/Build/Intermediates.noindex/GeneratedModuleMaps/AwsCChecksums.modulemap\ -Xcc\ -fmodule-map-file\=/Users/michielvh/code/one-b2c/ssm-connect/.build/DerivedData/Build/Intermediates.noindex/GeneratedModuleMaps/AwsCAuth.modulemap\ -Xcc\ -fmodule-map-file\=/Users/michielvh/code/one-b2c/ssm-connect/.build/DerivedData/Build/Intermediates.noindex/GeneratedModuleMaps/AwsCSdkUtils.modulemap\ -Xcc\ -fmodule-map-file\=/Users/michielvh/code/one-b2c/ssm-connect/.build/DerivedData/Build/Intermediates.noindex/GeneratedModuleMaps/AwsCHttp.modulemap\ -Xcc\ -fmodule-map-file\=/Users/michielvh/code/one-b2c/ssm-connect/.build/DerivedData/Build/Intermediates.noindex/GeneratedModuleMaps/AwsCIo.modulemap\ -Xcc\ -fmodule-map-file\=/Users/michielvh/code/one-b2c/ssm-connect/.build/DerivedData/Build/Intermediates.noindex/GeneratedModuleMaps/AwsCCal.modulemap\ -Xcc\ -fmodule-map-file\=/Users/michielvh/code/one-b2c/ssm-connect/.build/DerivedData/Build/Intermediates.noindex/GeneratedModuleMaps/AwsCCompression.modulemap\ -Xcc\ -fmodule-map-file\=/Users/michielvh/code/one-b2c/ssm-connect/.build/DerivedData/Build/Intermediates.noindex/GeneratedModuleMaps/AwsCCommon.modulemap\ 
    export PACKAGE_TYPE\=com.apple.package-type.wrapper.application
    export PASCAL_STRINGS\=YES
    export PATH\=/Applications/Xcode.app/Contents/SharedFrameworks/SwiftBuild.framework/Versions/A/PlugIns/SWBBuildService.bundle/Contents/PlugIns/SWBUniversalPlatformPlugin.bundle/Contents/Frameworks/SWBUniversalPlatform.framework/Resources:/Applications/Xcode.app/Contents/Developer/Toolchains/XcodeDefault.xctoolchain/usr/bin:/Applications/Xcode.app/Contents/Developer/Toolchains/XcodeDefault.xctoolchain/usr/local/bin:/Applications/Xcode.app/Contents/Developer/Toolchains/XcodeDefault.xctoolchain/usr/libexec:/Applications/Xcode.app/Contents/Developer/Platforms/MacOSX.platform/usr/bin:/Applications/Xcode.app/Contents/Developer/Platforms/MacOSX.platform/usr/local/bin:/Applications/Xcode.app/Contents/Developer/Platforms/MacOSX.platform/Developer/usr/bin:/Applications/Xcode.app/Contents/Developer/Platforms/MacOSX.platform/Developer/usr/local/bin:/Applications/Xcode.app/Contents/Developer/usr/bin:/Applications/Xcode.app/Contents/Developer/usr/local/bin:/Users/michielvh/.antigravity/antigravity/bin:/Users/michielvh/go/bin:/Users/michielvh/Library/Application\ Support/Code/User/globalStorage/github.copilot-chat/debugCommand:/Users/michielvh/Library/Application\ Support/Code/User/globalStorage/github.copilot-chat/copilotCli:/Library/Frameworks/Python.framework/Versions/3.13/bin:/opt/homebrew/bin:/opt/homebrew/sbin:/usr/local/bin:/System/Cryptexes/App/usr/bin:/usr/bin:/bin:/usr/sbin:/sbin:/var/run/com.apple.security.cryptexd/codex.system/bootstrap/usr/local/bin:/var/run/com.apple.security.cryptexd/codex.system/bootstrap/usr/bin:/var/run/com.apple.security.cryptexd/codex.system/bootstrap/usr/appleinternal/bin:/opt/pkg/env/active/bin:/opt/pmk/env/global/bin:/Library/Apple/usr/bin:/Users/michielvh/.zi/polaris/sbin:/Users/michielvh/.zi/polaris/bin:/Users/michielvh/.vscode/extensions/ms-python.debugpy-2026.6.0-darwin-arm64/bundled/scripts/noConfigScripts
    export PATH_PREFIXES_EXCLUDED_FROM_HEADER_DEPENDENCIES\=/usr/include\ /usr/local/include\ /System/Library/Frameworks\ /System/Library/PrivateFrameworks\ /Applications/Xcode.app/Contents/Developer/Headers\ /Applications/Xcode.app/Contents/Developer/SDKs\ /Applications/Xcode.app/Contents/Developer/Platforms
    export PBDEVELOPMENTPLIST_PATH\=SSMConnect.app/Contents/pbdevelopment.plist
    export PER_ARCH_MODULE_FILE_DIR\=/Users/michielvh/code/one-b2c/ssm-connect/.build/DerivedData/Build/Intermediates.noindex/SSMConnect.build/Debug/SSMConnect.build/Objects-normal/undefined_arch
    export PER_ARCH_OBJECT_FILE_DIR\=/Users/michielvh/code/one-b2c/ssm-connect/.build/DerivedData/Build/Intermediates.noindex/SSMConnect.build/Debug/SSMConnect.build/Objects-normal/undefined_arch
    export PER_VARIANT_OBJECT_FILE_DIR\=/Users/michielvh/code/one-b2c/ssm-connect/.build/DerivedData/Build/Intermediates.noindex/SSMConnect.build/Debug/SSMConnect.build/Objects-normal
    export PKGINFO_FILE_PATH\=/Users/michielvh/code/one-b2c/ssm-connect/.build/DerivedData/Build/Intermediates.noindex/SSMConnect.build/Debug/SSMConnect.build/PkgInfo
    export PKGINFO_PATH\=SSMConnect.app/Contents/PkgInfo
    export PLATFORM_DEVELOPER_APPLICATIONS_DIR\=/Applications/Xcode.app/Contents/Developer/Applications
    export PLATFORM_DEVELOPER_BIN_DIR\=/Applications/Xcode.app/Contents/Developer/usr/bin
    export PLATFORM_DEVELOPER_LIBRARY_DIR\=/Applications/Xcode.app/Contents/Developer/Library
    export PLATFORM_DEVELOPER_SDK_DIR\=/Applications/Xcode.app/Contents/Developer/Platforms/MacOSX.platform/Developer/SDKs
    export PLATFORM_DEVELOPER_TOOLS_DIR\=/Applications/Xcode.app/Contents/Developer/Tools
    export PLATFORM_DEVELOPER_USR_DIR\=/Applications/Xcode.app/Contents/Developer/usr
    export PLATFORM_DIR\=/Applications/Xcode.app/Contents/Developer/Platforms/MacOSX.platform
    export PLATFORM_DISPLAY_NAME\=macOS
    export PLATFORM_FAMILY_NAME\=macOS
    export PLATFORM_NAME\=macosx
    export PLATFORM_PREFERRED_ARCH\=x86_64
    export PLATFORM_PRODUCT_BUILD_VERSION\=25F70
    export PLATFORM_REQUIRES_SWIFT_AUTOLINK_EXTRACT\=NO
    export PLATFORM_REQUIRES_SWIFT_MODULEWRAP\=NO
    export PLATFORM_USES_DSYMS\=YES
    export PLIST_FILE_OUTPUT_FORMAT\=same-as-input
    export PLUGINS_FOLDER_PATH\=SSMConnect.app/Contents/PlugIns
    export PRECOMPS_INCLUDE_HEADERS_FROM_BUILT_PRODUCTS_DIR\=YES
    export PRECOMP_DESTINATION_DIR\=/Users/michielvh/code/one-b2c/ssm-connect/.build/DerivedData/Build/Intermediates.noindex/SSMConnect.build/Debug/SSMConnect.build/PrefixHeaders
    export PRIVATE_HEADERS_FOLDER_PATH\=SSMConnect.app/Contents/PrivateHeaders
    export PROCESSED_INFOPLIST_PATH\=/Users/michielvh/code/one-b2c/ssm-connect/.build/DerivedData/Build/Intermediates.noindex/SSMConnect.build/Debug/SSMConnect.build/Objects-normal/undefined_arch/Processed-Info.plist
    export PRODUCT_BUNDLE_IDENTIFIER\=pro.vhco.ssm-connect
    export PRODUCT_BUNDLE_PACKAGE_TYPE\=APPL
    export PRODUCT_MODULE_NAME\=SSMConnect
    export PRODUCT_NAME\=SSMConnect
    export PRODUCT_SETTINGS_PATH\=/Users/michielvh/code/one-b2c/ssm-connect/SSMConnect/Info.plist
    export PRODUCT_TYPE\=com.apple.product-type.application
    export PROFILING_CODE\=NO
    export PROJECT\=SSMConnect
    export PROJECT_DERIVED_FILE_DIR\=/Users/michielvh/code/one-b2c/ssm-connect/.build/DerivedData/Build/Intermediates.noindex/SSMConnect.build/DerivedSources
    export PROJECT_DIR\=/Users/michielvh/code/one-b2c/ssm-connect
    export PROJECT_FILE_PATH\=/Users/michielvh/code/one-b2c/ssm-connect/SSMConnect.xcodeproj
    export PROJECT_GUID\=143d7d7ca523301723e96f80ac4f74bb
    export PROJECT_NAME\=SSMConnect
    export PROJECT_TEMP_DIR\=/Users/michielvh/code/one-b2c/ssm-connect/.build/DerivedData/Build/Intermediates.noindex/SSMConnect.build
    export PROJECT_TEMP_ROOT\=/Users/michielvh/code/one-b2c/ssm-connect/.build/DerivedData/Build/Intermediates.noindex
    export PROVISIONING_PROFILE_REQUIRED\=NO
    export PROVISIONING_PROFILE_REQUIRED_YES_YES\=YES
    export PROVISIONING_PROFILE_SUPPORTED\=YES
    export PUBLIC_HEADERS_FOLDER_PATH\=SSMConnect.app/Contents/Headers
    export RECOMMENDED_MACOSX_DEPLOYMENT_TARGET\=11.0
    export RECURSIVE_SEARCH_PATHS_FOLLOW_SYMLINKS\=YES
    export REMOVE_CVS_FROM_RESOURCES\=YES
    export REMOVE_GIT_FROM_RESOURCES\=YES
    export REMOVE_HEADERS_FROM_EMBEDDED_BUNDLES\=YES
    export REMOVE_HG_FROM_RESOURCES\=YES
    export REMOVE_STATIC_EXECUTABLES_FROM_EMBEDDED_BUNDLES\=YES
    export REMOVE_SVN_FROM_RESOURCES\=YES
    export RESCHEDULE_INDEPENDENT_HEADERS_PHASES\=YES
    export REZ_COLLECTOR_DIR\=/Users/michielvh/code/one-b2c/ssm-connect/.build/DerivedData/Build/Intermediates.noindex/SSMConnect.build/Debug/SSMConnect.build/ResourceManagerResources
    export REZ_OBJECTS_DIR\=/Users/michielvh/code/one-b2c/ssm-connect/.build/DerivedData/Build/Intermediates.noindex/SSMConnect.build/Debug/SSMConnect.build/ResourceManagerResources/Objects
    export REZ_SEARCH_PATHS\=/Users/michielvh/code/one-b2c/ssm-connect/.build/DerivedData/Build/Products/Debug\ 
    export RPATH_ORIGIN\=@loader_path
    export RUNTIME_EXCEPTION_ALLOW_DYLD_ENVIRONMENT_VARIABLES\=NO
    export RUNTIME_EXCEPTION_ALLOW_JIT\=NO
    export RUNTIME_EXCEPTION_ALLOW_UNSIGNED_EXECUTABLE_MEMORY\=NO
    export RUNTIME_EXCEPTION_DEBUGGING_TOOL\=NO
    export RUNTIME_EXCEPTION_DISABLE_EXECUTABLE_PAGE_PROTECTION\=NO
    export RUNTIME_EXCEPTION_DISABLE_LIBRARY_VALIDATION\=NO
    export SCANNING_PCM_KEEP_CACHE_DIRECTORY\=YES
    export SCAN_ALL_SOURCE_FILES_FOR_INCLUDES\=NO
    export SCRIPTS_FOLDER_PATH\=SSMConnect.app/Contents/Resources/Scripts
    export SCRIPT_INPUT_FILE_COUNT\=0
    export SCRIPT_INPUT_FILE_LIST_COUNT\=0
    export SCRIPT_OUTPUT_FILE_COUNT\=0
    export SCRIPT_OUTPUT_FILE_LIST_COUNT\=0
    export SDKROOT\=/Applications/Xcode.app/Contents/Developer/Platforms/MacOSX.platform/Developer/SDKs/MacOSX26.5.sdk
    export SDK_DIR\=/Applications/Xcode.app/Contents/Developer/Platforms/MacOSX.platform/Developer/SDKs/MacOSX26.5.sdk
    export SDK_DIR_macosx\=/Applications/Xcode.app/Contents/Developer/Platforms/MacOSX.platform/Developer/SDKs/MacOSX26.5.sdk
    export SDK_DIR_macosx26_5\=/Applications/Xcode.app/Contents/Developer/Platforms/MacOSX.platform/Developer/SDKs/MacOSX26.5.sdk
    export SDK_NAME\=macosx26.5
    export SDK_NAMES\=macosx26.5
    export SDK_PRODUCT_BUILD_VERSION\=25F70
    export SDK_STAT_CACHE_DIR\=/Users/michielvh/code/one-b2c/ssm-connect/.build/DerivedData
    export SDK_STAT_CACHE_ENABLE\=YES
    export SDK_STAT_CACHE_PATH\=/Users/michielvh/code/one-b2c/ssm-connect/.build/DerivedData/SDKStatCaches.noindex/macosx26.5-25F70-e082c4a02f00227109f4ed75e425c832.sdkstatcache
    export SDK_VERSION\=26.5
    export SDK_VERSION_ACTUAL\=260500
    export SDK_VERSION_MAJOR\=260000
    export SDK_VERSION_MINOR\=260500
    export SED\=/usr/bin/sed
    export SEPARATE_STRIP\=NO
    export SEPARATE_SYMBOL_EDIT\=NO
    export SET_DIR_MODE_OWNER_GROUP\=YES
    export SET_FILE_MODE_OWNER_GROUP\=NO
    export SHALLOW_BUNDLE\=NO
    export SHALLOW_BUNDLE_PLATFORM\=NO
    export SHALLOW_BUNDLE_TRIPLE\=macos
    export SHALLOW_BUNDLE_ios_macabi\=NO
    export SHALLOW_BUNDLE_macos\=NO
    export SHARED_DERIVED_FILE_DIR\=/Users/michielvh/code/one-b2c/ssm-connect/.build/DerivedData/Build/Products/Debug/DerivedSources
    export SHARED_FRAMEWORKS_FOLDER_PATH\=SSMConnect.app/Contents/SharedFrameworks
    export SHARED_PRECOMPS_DIR\=/Users/michielvh/code/one-b2c/ssm-connect/.build/DerivedData/Build/Intermediates.noindex/PrecompiledHeaders
    export SHARED_SUPPORT_FOLDER_PATH\=SSMConnect.app/Contents/SharedSupport
    export SKIP_INSTALL\=NO
    export SKIP_MERGEABLE_LIBRARY_BUNDLE_HOOK\=NO
    export SOURCE_ROOT\=/Users/michielvh/code/one-b2c/ssm-connect
    export SRCROOT\=/Users/michielvh/code/one-b2c/ssm-connect
    export STRINGSDATA_DIR\=/Users/michielvh/code/one-b2c/ssm-connect/.build/DerivedData/Build/Intermediates.noindex/SSMConnect.build/Debug/SSMConnect.build/Objects-normal/undefined_arch
    export STRINGSDATA_ROOT\=/Users/michielvh/code/one-b2c/ssm-connect/.build/DerivedData/Build/Intermediates.noindex/SSMConnect.build/Debug/SSMConnect.build
    export STRINGS_FILE_INFOPLIST_RENAME\=YES
    export STRINGS_FILE_OUTPUT_ENCODING\=UTF-16
    export STRING_CATALOG_GENERATE_SYMBOLS\=NO
    export STRIP_BITCODE_FROM_COPIED_FILES\=NO
    export STRIP_INSTALLED_PRODUCT\=NO
    export STRIP_PNG_TEXT\=NO
    export STRIP_STYLE\=all
    export STRIP_SWIFT_SYMBOLS\=YES
    export SUPPORTED_PLATFORMS\=macosx
    export SUPPORTS_MACCATALYST\=NO
    export SUPPORTS_ON_DEMAND_RESOURCES\=NO
    export SUPPORTS_TEXT_BASED_API\=NO
    export SUPPRESS_WARNINGS\=NO
    export SWIFT_ACTIVE_COMPILATION_CONDITIONS\=DEBUG
    export SWIFT_EMIT_CONST_VALUE_PROTOCOLS\=AnyResolverProviding\ AppEntity\ AppEnum\ AppExtension\ AppIntent\ AppIntentsPackage\ AppShortcutProviding\ AppShortcutsProvider\ AppUnionValue\ AppUnionValueCasesProviding\ DynamicOptionsProvider\ EntityQuery\ ExtensionPointDefining\ IntentValueQuery\ Resolver\ TransientEntity\ _AssistantIntentsProvider\ _GenerativeFunctionExtractable\ _IntentValueRepresentable
    export SWIFT_EMIT_LOC_STRINGS\=NO
    export SWIFT_ENABLE_EXPLICIT_MODULES\=YES
    export SWIFT_OPTIMIZATION_LEVEL\=-Onone
    export SWIFT_PLATFORM_TARGET_PREFIX\=macos
    export SWIFT_RESPONSE_FILE_PATH_normal_arm64\=/Users/michielvh/code/one-b2c/ssm-connect/.build/DerivedData/Build/Intermediates.noindex/SSMConnect.build/Debug/SSMConnect.build/Objects-normal/arm64/SSMConnect.SwiftFileList
    export SWIFT_VERSION\=5
    export SYMROOT\=/Users/michielvh/code/one-b2c/ssm-connect/.build/DerivedData/Build/Products
    export SYSTEM_ADMIN_APPS_DIR\=/Applications/Utilities
    export SYSTEM_APPS_DIR\=/Applications
    export SYSTEM_CORE_SERVICES_DIR\=/System/Library/CoreServices
    export SYSTEM_DEMOS_DIR\=/Applications/Extras
    export SYSTEM_DEVELOPER_APPS_DIR\=/Applications/Xcode.app/Contents/Developer/Applications
    export SYSTEM_DEVELOPER_BIN_DIR\=/Applications/Xcode.app/Contents/Developer/usr/bin
    export SYSTEM_DEVELOPER_DEMOS_DIR\=/Applications/Xcode.app/Contents/Developer/Applications/Utilities/Built\ Examples
    export SYSTEM_DEVELOPER_DIR\=/Applications/Xcode.app/Contents/Developer
    export SYSTEM_DEVELOPER_DOC_DIR\=/Applications/Xcode.app/Contents/Developer/ADC\ Reference\ Library
    export SYSTEM_DEVELOPER_GRAPHICS_TOOLS_DIR\=/Applications/Xcode.app/Contents/Developer/Applications/Graphics\ Tools
    export SYSTEM_DEVELOPER_JAVA_TOOLS_DIR\=/Applications/Xcode.app/Contents/Developer/Applications/Java\ Tools
    export SYSTEM_DEVELOPER_PERFORMANCE_TOOLS_DIR\=/Applications/Xcode.app/Contents/Developer/Applications/Performance\ Tools
    export SYSTEM_DEVELOPER_RELEASENOTES_DIR\=/Applications/Xcode.app/Contents/Developer/ADC\ Reference\ Library/releasenotes
    export SYSTEM_DEVELOPER_TOOLS\=/Applications/Xcode.app/Contents/Developer/Tools
    export SYSTEM_DEVELOPER_TOOLS_DOC_DIR\=/Applications/Xcode.app/Contents/Developer/ADC\ Reference\ Library/documentation/DeveloperTools
    export SYSTEM_DEVELOPER_TOOLS_RELEASENOTES_DIR\=/Applications/Xcode.app/Contents/Developer/ADC\ Reference\ Library/releasenotes/DeveloperTools
    export SYSTEM_DEVELOPER_USR_DIR\=/Applications/Xcode.app/Contents/Developer/usr
    export SYSTEM_DEVELOPER_UTILITIES_DIR\=/Applications/Xcode.app/Contents/Developer/Applications/Utilities
    export SYSTEM_DEXT_INSTALL_PATH\=/System/Library/DriverExtensions
    export SYSTEM_DOCUMENTATION_DIR\=/Library/Documentation
    export SYSTEM_EXTENSIONS_FOLDER_PATH\=SSMConnect.app/Contents/Library/SystemExtensions
    export SYSTEM_EXTENSIONS_FOLDER_PATH_SHALLOW_BUNDLE_NO\=SSMConnect.app/Contents/Library/SystemExtensions
    export SYSTEM_EXTENSIONS_FOLDER_PATH_SHALLOW_BUNDLE_YES\=SSMConnect.app/Contents/SystemExtensions
    export SYSTEM_KEXT_INSTALL_PATH\=/System/Library/Extensions
    export SYSTEM_LIBRARY_DIR\=/System/Library
    export TAPI_DEMANGLE\=YES
    export TAPI_ENABLE_PROJECT_HEADERS\=NO
    export TAPI_LANGUAGE\=objective-c
    export TAPI_LANGUAGE_STANDARD\=compiler-default
    export TAPI_USE_SRCROOT\=YES
    export TAPI_VERIFY_MODE\=Pedantic
    export TARGETNAME\=SSMConnect
    export TARGET_BUILD_DIR\=/Users/michielvh/code/one-b2c/ssm-connect/.build/DerivedData/Build/Products/Debug
    export TARGET_NAME\=SSMConnect
    export TARGET_TEMP_DIR\=/Users/michielvh/code/one-b2c/ssm-connect/.build/DerivedData/Build/Intermediates.noindex/SSMConnect.build/Debug/SSMConnect.build
    export TEMP_DIR\=/Users/michielvh/code/one-b2c/ssm-connect/.build/DerivedData/Build/Intermediates.noindex/SSMConnect.build/Debug/SSMConnect.build
    export TEMP_FILES_DIR\=/Users/michielvh/code/one-b2c/ssm-connect/.build/DerivedData/Build/Intermediates.noindex/SSMConnect.build/Debug/SSMConnect.build
    export TEMP_FILE_DIR\=/Users/michielvh/code/one-b2c/ssm-connect/.build/DerivedData/Build/Intermediates.noindex/SSMConnect.build/Debug/SSMConnect.build
    export TEMP_ROOT\=/Users/michielvh/code/one-b2c/ssm-connect/.build/DerivedData/Build/Intermediates.noindex
    export TEMP_SANDBOX_DIR\=/Users/michielvh/code/one-b2c/ssm-connect/.build/DerivedData/Build/Intermediates.noindex/TemporaryTaskSandboxes
    export TEST_FRAMEWORK_SEARCH_PATHS\=\ /Applications/Xcode.app/Contents/Developer/Platforms/MacOSX.platform/Developer/Library/Frameworks
    export TEST_LIBRARY_SEARCH_PATHS\=\ /Applications/Xcode.app/Contents/Developer/Platforms/MacOSX.platform/Developer/usr/lib
    export TOOLCHAINS\=com.apple.dt.toolchain.XcodeDefault
    export TOOLCHAIN_DIR\=/Applications/Xcode.app/Contents/Developer/Toolchains/XcodeDefault.xctoolchain
    export TREAT_MISSING_BASELINES_AS_TEST_FAILURES\=NO
    export TREAT_MISSING_SCRIPT_PHASE_OUTPUTS_AS_ERRORS\=NO
    export UID\=501
    export UNINSTALLED_PRODUCTS_DIR\=/Users/michielvh/code/one-b2c/ssm-connect/.build/DerivedData/Build/Intermediates.noindex/UninstalledProducts
    export UNLOCALIZED_RESOURCES_FOLDER_PATH\=SSMConnect.app/Contents/Resources
    export UNLOCALIZED_RESOURCES_FOLDER_PATH_SHALLOW_BUNDLE_NO\=SSMConnect.app/Contents/Resources
    export UNLOCALIZED_RESOURCES_FOLDER_PATH_SHALLOW_BUNDLE_YES\=SSMConnect.app/Contents
    export UNSTRIPPED_PRODUCT\=NO
    export USER\=michielvh
    export USER_APPS_DIR\=/Users/michielvh/Applications
    export USER_LIBRARY_DIR\=/Users/michielvh/Library
    export USE_DYNAMIC_NO_PIC\=YES
    export USE_HEADERMAP\=YES
    export USE_HEADER_SYMLINKS\=NO
    export VALIDATE_DEVELOPMENT_ASSET_PATHS\=YES_ERROR
    export VALIDATE_PRODUCT\=NO
    export VALID_ARCHS\=arm64\ arm64e\ i386\ x86_64
    export VERBOSE_PBXCP\=NO
    export VERSIONPLIST_PATH\=SSMConnect.app/Contents/version.plist
    export VERSION_INFO_BUILDER\=michielvh
    export VERSION_INFO_FILE\=SSMConnect_vers.c
    export VERSION_INFO_STRING\=\"@\(\#\)PROGRAM:SSMConnect\ \ PROJECT:SSMConnect-\"
    export WORKSPACE_DIR\=/Users/michielvh/code/one-b2c/ssm-connect/SSMConnect.xcodeproj
    export WRAPPER_EXTENSION\=app
    export WRAPPER_NAME\=SSMConnect.app
    export WRAPPER_SUFFIX\=.app
    export WRAP_ASSET_PACKS_IN_SEPARATE_DIRECTORIES\=NO
    export XCODE_APP_SUPPORT_DIR\=/Applications/Xcode.app/Contents/Developer/Library/Xcode
    export XCODE_PRODUCT_BUILD_VERSION\=17F42
    export XCODE_VERSION_ACTUAL\=2650
    export XCODE_VERSION_MAJOR\=2600
    export XCODE_VERSION_MINOR\=2650
    export XPCSERVICES_FOLDER_PATH\=SSMConnect.app/Contents/XPCServices
    export YACC\=yacc
    export _BOOL_\=NO
    export _BOOL_NO\=NO
    export _BOOL_YES\=YES
    export _DEVELOPMENT_TEAM_IS_EMPTY\=YES
    export _DISCOVER_COMMAND_LINE_LINKER_INPUTS\=YES
    export _DISCOVER_COMMAND_LINE_LINKER_INPUTS_INCLUDE_WL\=YES
    export _IS_EMPTY_\=YES
    export _LD_MULTIARCH\=YES
    export _MACOSX_DEPLOYMENT_TARGET_IS_EMPTY\=NO
    export _WRAPPER_CONTENTS_DIR\=/Contents
    export _WRAPPER_CONTENTS_DIR_SHALLOW_BUNDLE_NO\=/Contents
    export _WRAPPER_PARENT_PATH\=/..
    export _WRAPPER_PARENT_PATH_SHALLOW_BUNDLE_NO\=/..
    export _WRAPPER_RESOURCES_DIR\=/Resources
    export _WRAPPER_RESOURCES_DIR_SHALLOW_BUNDLE_NO\=/Resources
    export __DIAGNOSE_DEPRECATED_ARCHS\=YES
    export __IS_NOT_MACOS\=NO
    export __IS_NOT_MACOS_macosx\=NO
    export __IS_NOT_SIMULATOR\=YES
    export __IS_NOT_SIMULATOR_simulator\=NO
    export __ORIGINAL_SDK_DEFINED_LLVM_TARGET_TRIPLE_SYS\=macos
    export arch\=undefined_arch
    export variant\=normal
    /bin/sh -c /Users/michielvh/code/one-b2c/ssm-connect/.build/DerivedData/Build/Intermediates.noindex/SSMConnect.build/Debug/SSMConnect.build/Script-2C943157CBC30E1CFFEC6424.sh
✓ session-manager-plugin 1.2.814.0 already cached and verified.

Copy /Users/michielvh/code/one-b2c/ssm-connect/.build/DerivedData/Build/Products/Debug/SSMConnect.app/Contents/Frameworks/XCUnit.framework /Applications/Xcode.app/Contents/Developer/Platforms/MacOSX.platform/Developer/Library/PrivateFrameworks/XCUnit.framework (in target 'SSMConnect' from project 'SSMConnect')
    cd /Users/michielvh/code/one-b2c/ssm-connect
    builtin-copy -exclude .DS_Store -exclude CVS -exclude .svn -exclude .git -exclude .hg -exclude Headers -exclude PrivateHeaders -exclude Modules -exclude \*.tbd -resolve-src-symlinks /Applications/Xcode.app/Contents/Developer/Platforms/MacOSX.platform/Developer/Library/PrivateFrameworks/XCUnit.framework /Users/michielvh/code/one-b2c/ssm-connect/.build/DerivedData/Build/Products/Debug/SSMConnect.app/Contents/Frameworks

Copy /Users/michielvh/code/one-b2c/ssm-connect/.build/DerivedData/Build/Products/Debug/SSMConnect.app/Contents/Frameworks/XCUIAutomation.framework /Applications/Xcode.app/Contents/Developer/Platforms/MacOSX.platform/Developer/Library/Frameworks/XCUIAutomation.framework (in target 'SSMConnect' from project 'SSMConnect')
    cd /Users/michielvh/code/one-b2c/ssm-connect
    builtin-copy -exclude .DS_Store -exclude CVS -exclude .svn -exclude .git -exclude .hg -exclude Headers -exclude PrivateHeaders -exclude Modules -exclude \*.tbd -resolve-src-symlinks /Applications/Xcode.app/Contents/Developer/Platforms/MacOSX.platform/Developer/Library/Frameworks/XCUIAutomation.framework /Users/michielvh/code/one-b2c/ssm-connect/.build/DerivedData/Build/Products/Debug/SSMConnect.app/Contents/Frameworks

ProcessInfoPlistFile /Users/michielvh/code/one-b2c/ssm-connect/.build/DerivedData/Build/Products/Debug/SSMConnect.app/Contents/Info.plist /Users/michielvh/code/one-b2c/ssm-connect/SSMConnect/Info.plist (in target 'SSMConnect' from project 'SSMConnect')
    cd /Users/michielvh/code/one-b2c/ssm-connect
    builtin-infoPlistUtility /Users/michielvh/code/one-b2c/ssm-connect/SSMConnect/Info.plist -producttype com.apple.product-type.application -genpkginfo /Users/michielvh/code/one-b2c/ssm-connect/.build/DerivedData/Build/Products/Debug/SSMConnect.app/Contents/PkgInfo -expandbuildsettings -platform macosx -scanforprivacyfile /Users/michielvh/code/one-b2c/ssm-connect/.build/DerivedData/Build/Products/Debug/SSMConnect.app/Contents/Resources/aws-crt-swift_AwsCommonRuntimeKit.bundle -scanforprivacyfile /Users/michielvh/code/one-b2c/ssm-connect/.build/DerivedData/Build/Products/Debug/SSMConnect.app/Contents/Resources/aws-sdk-swift_AWSClientRuntime.bundle -scanforprivacyfile /Users/michielvh/code/one-b2c/ssm-connect/.build/DerivedData/Build/Products/Debug/SSMConnect.app/Contents/Resources/smithy-swift_ClientRuntime.bundle -o /Users/michielvh/code/one-b2c/ssm-connect/.build/DerivedData/Build/Products/Debug/SSMConnect.app/Contents/Info.plist

Copy /Users/michielvh/code/one-b2c/ssm-connect/.build/DerivedData/Build/Products/Debug/SSMConnect.app/Contents/Frameworks/libXCTestBundleInject.dylib /Applications/Xcode.app/Contents/Developer/Platforms/MacOSX.platform/Developer/usr/lib/libXCTestBundleInject.dylib (in target 'SSMConnect' from project 'SSMConnect')
    cd /Users/michielvh/code/one-b2c/ssm-connect
    builtin-copy -exclude .DS_Store -exclude CVS -exclude .svn -exclude .git -exclude .hg -exclude Headers -exclude PrivateHeaders -exclude Modules -exclude \*.tbd -resolve-src-symlinks /Applications/Xcode.app/Contents/Developer/Platforms/MacOSX.platform/Developer/usr/lib/libXCTestBundleInject.dylib /Users/michielvh/code/one-b2c/ssm-connect/.build/DerivedData/Build/Products/Debug/SSMConnect.app/Contents/Frameworks

Copy /Users/michielvh/code/one-b2c/ssm-connect/.build/DerivedData/Build/Products/Debug/SSMConnect.app/Contents/Frameworks/XCTestCore.framework /Applications/Xcode.app/Contents/Developer/Platforms/MacOSX.platform/Developer/Library/PrivateFrameworks/XCTestCore.framework (in target 'SSMConnect' from project 'SSMConnect')
    cd /Users/michielvh/code/one-b2c/ssm-connect
    builtin-copy -exclude .DS_Store -exclude CVS -exclude .svn -exclude .git -exclude .hg -exclude Headers -exclude PrivateHeaders -exclude Modules -exclude \*.tbd -resolve-src-symlinks /Applications/Xcode.app/Contents/Developer/Platforms/MacOSX.platform/Developer/Library/PrivateFrameworks/XCTestCore.framework /Users/michielvh/code/one-b2c/ssm-connect/.build/DerivedData/Build/Products/Debug/SSMConnect.app/Contents/Frameworks

Copy /Users/michielvh/code/one-b2c/ssm-connect/.build/DerivedData/Build/Products/Debug/SSMConnect.app/Contents/Frameworks/XCTestSupport.framework /Applications/Xcode.app/Contents/Developer/Platforms/MacOSX.platform/Developer/Library/PrivateFrameworks/XCTestSupport.framework (in target 'SSMConnect' from project 'SSMConnect')
    cd /Users/michielvh/code/one-b2c/ssm-connect
    builtin-copy -exclude .DS_Store -exclude CVS -exclude .svn -exclude .git -exclude .hg -exclude Headers -exclude PrivateHeaders -exclude Modules -exclude \*.tbd -resolve-src-symlinks /Applications/Xcode.app/Contents/Developer/Platforms/MacOSX.platform/Developer/Library/PrivateFrameworks/XCTestSupport.framework /Users/michielvh/code/one-b2c/ssm-connect/.build/DerivedData/Build/Products/Debug/SSMConnect.app/Contents/Frameworks

Copy /Users/michielvh/code/one-b2c/ssm-connect/.build/DerivedData/Build/Products/Debug/SSMConnect.app/Contents/Frameworks/Testing.framework /Applications/Xcode.app/Contents/Developer/Platforms/MacOSX.platform/Developer/Library/Frameworks/Testing.framework (in target 'SSMConnect' from project 'SSMConnect')
    cd /Users/michielvh/code/one-b2c/ssm-connect
    builtin-copy -exclude .DS_Store -exclude CVS -exclude .svn -exclude .git -exclude .hg -exclude Headers -exclude PrivateHeaders -exclude Modules -exclude \*.tbd -resolve-src-symlinks /Applications/Xcode.app/Contents/Developer/Platforms/MacOSX.platform/Developer/Library/Frameworks/Testing.framework /Users/michielvh/code/one-b2c/ssm-connect/.build/DerivedData/Build/Products/Debug/SSMConnect.app/Contents/Frameworks

Copy /Users/michielvh/code/one-b2c/ssm-connect/.build/DerivedData/Build/Products/Debug/SSMConnect.app/Contents/Frameworks/XCTAutomationSupport.framework /Applications/Xcode.app/Contents/Developer/Platforms/MacOSX.platform/Developer/Library/PrivateFrameworks/XCTAutomationSupport.framework (in target 'SSMConnect' from project 'SSMConnect')
    cd /Users/michielvh/code/one-b2c/ssm-connect
    builtin-copy -exclude .DS_Store -exclude CVS -exclude .svn -exclude .git -exclude .hg -exclude Headers -exclude PrivateHeaders -exclude Modules -exclude \*.tbd -resolve-src-symlinks /Applications/Xcode.app/Contents/Developer/Platforms/MacOSX.platform/Developer/Library/PrivateFrameworks/XCTAutomationSupport.framework /Users/michielvh/code/one-b2c/ssm-connect/.build/DerivedData/Build/Products/Debug/SSMConnect.app/Contents/Frameworks

Copy /Users/michielvh/code/one-b2c/ssm-connect/.build/DerivedData/Build/Products/Debug/SSMConnect.app/Contents/Frameworks/libXCTestSwiftSupport.dylib /Applications/Xcode.app/Contents/Developer/Platforms/MacOSX.platform/Developer/usr/lib/libXCTestSwiftSupport.dylib (in target 'SSMConnect' from project 'SSMConnect')
    cd /Users/michielvh/code/one-b2c/ssm-connect
    builtin-copy -exclude .DS_Store -exclude CVS -exclude .svn -exclude .git -exclude .hg -exclude Headers -exclude PrivateHeaders -exclude Modules -exclude \*.tbd -resolve-src-symlinks /Applications/Xcode.app/Contents/Developer/Platforms/MacOSX.platform/Developer/usr/lib/libXCTestSwiftSupport.dylib /Users/michielvh/code/one-b2c/ssm-connect/.build/DerivedData/Build/Products/Debug/SSMConnect.app/Contents/Frameworks

Copy /Users/michielvh/code/one-b2c/ssm-connect/.build/DerivedData/Build/Products/Debug/SSMConnect.app/Contents/Frameworks/XCTest.framework /Applications/Xcode.app/Contents/Developer/Platforms/MacOSX.platform/Developer/Library/Frameworks/XCTest.framework (in target 'SSMConnect' from project 'SSMConnect')
    cd /Users/michielvh/code/one-b2c/ssm-connect
    builtin-copy -exclude .DS_Store -exclude CVS -exclude .svn -exclude .git -exclude .hg -exclude Headers -exclude PrivateHeaders -exclude Modules -exclude \*.tbd -resolve-src-symlinks /Applications/Xcode.app/Contents/Developer/Platforms/MacOSX.platform/Developer/Library/Frameworks/XCTest.framework /Users/michielvh/code/one-b2c/ssm-connect/.build/DerivedData/Build/Products/Debug/SSMConnect.app/Contents/Frameworks

CodeSign /Users/michielvh/code/one-b2c/ssm-connect/.build/DerivedData/Build/Products/Debug/SSMConnect.app/Contents/Frameworks/libXCTestBundleInject.dylib (in target 'SSMConnect' from project 'SSMConnect')
    cd /Users/michielvh/code/one-b2c/ssm-connect
    
    Signing Identity:     "Sign to Run Locally"
    
    /usr/bin/codesign --force --sign - --timestamp\=none --preserve-metadata\=identifier,entitlements,flags --generate-entitlement-der /Users/michielvh/code/one-b2c/ssm-connect/.build/DerivedData/Build/Products/Debug/SSMConnect.app/Contents/Frameworks/libXCTestBundleInject.dylib
/Users/michielvh/code/one-b2c/ssm-connect/.build/DerivedData/Build/Products/Debug/SSMConnect.app/Contents/Frameworks/libXCTestBundleInject.dylib: replacing existing signature

CodeSign /Users/michielvh/code/one-b2c/ssm-connect/.build/DerivedData/Build/Products/Debug/SSMConnect.app/Contents/Frameworks/libXCTestSwiftSupport.dylib (in target 'SSMConnect' from project 'SSMConnect')
    cd /Users/michielvh/code/one-b2c/ssm-connect
    
    Signing Identity:     "Sign to Run Locally"
    
    /usr/bin/codesign --force --sign - --timestamp\=none --preserve-metadata\=identifier,entitlements,flags --generate-entitlement-der /Users/michielvh/code/one-b2c/ssm-connect/.build/DerivedData/Build/Products/Debug/SSMConnect.app/Contents/Frameworks/libXCTestSwiftSupport.dylib
/Users/michielvh/code/one-b2c/ssm-connect/.build/DerivedData/Build/Products/Debug/SSMConnect.app/Contents/Frameworks/libXCTestSwiftSupport.dylib: replacing existing signature

CodeSign /Users/michielvh/code/one-b2c/ssm-connect/.build/DerivedData/Build/Products/Debug/SSMConnect.app/Contents/Frameworks/XCUnit.framework (in target 'SSMConnect' from project 'SSMConnect')
    cd /Users/michielvh/code/one-b2c/ssm-connect
    
    Signing Identity:     "Sign to Run Locally"
    
    /usr/bin/codesign --force --sign - --timestamp\=none --preserve-metadata\=identifier,entitlements,flags --generate-entitlement-der /Users/michielvh/code/one-b2c/ssm-connect/.build/DerivedData/Build/Products/Debug/SSMConnect.app/Contents/Frameworks/XCUnit.framework
/Users/michielvh/code/one-b2c/ssm-connect/.build/DerivedData/Build/Products/Debug/SSMConnect.app/Contents/Frameworks/XCUnit.framework: replacing existing signature

CodeSign /Users/michielvh/code/one-b2c/ssm-connect/.build/DerivedData/Build/Products/Debug/SSMConnect.app/Contents/Frameworks/XCTestSupport.framework (in target 'SSMConnect' from project 'SSMConnect')
    cd /Users/michielvh/code/one-b2c/ssm-connect
    
    Signing Identity:     "Sign to Run Locally"
    
    /usr/bin/codesign --force --sign - --timestamp\=none --preserve-metadata\=identifier,entitlements,flags --generate-entitlement-der /Users/michielvh/code/one-b2c/ssm-connect/.build/DerivedData/Build/Products/Debug/SSMConnect.app/Contents/Frameworks/XCTestSupport.framework
/Users/michielvh/code/one-b2c/ssm-connect/.build/DerivedData/Build/Products/Debug/SSMConnect.app/Contents/Frameworks/XCTestSupport.framework: replacing existing signature

CodeSign /Users/michielvh/code/one-b2c/ssm-connect/.build/DerivedData/Build/Products/Debug/SSMConnect.app/Contents/Frameworks/XCTest.framework (in target 'SSMConnect' from project 'SSMConnect')
    cd /Users/michielvh/code/one-b2c/ssm-connect
    
    Signing Identity:     "Sign to Run Locally"
    
    /usr/bin/codesign --force --sign - --timestamp\=none --preserve-metadata\=identifier,entitlements,flags --generate-entitlement-der /Users/michielvh/code/one-b2c/ssm-connect/.build/DerivedData/Build/Products/Debug/SSMConnect.app/Contents/Frameworks/XCTest.framework
/Users/michielvh/code/one-b2c/ssm-connect/.build/DerivedData/Build/Products/Debug/SSMConnect.app/Contents/Frameworks/XCTest.framework: replacing existing signature

CodeSign /Users/michielvh/code/one-b2c/ssm-connect/.build/DerivedData/Build/Products/Debug/SSMConnect.app/Contents/Frameworks/XCTAutomationSupport.framework (in target 'SSMConnect' from project 'SSMConnect')
    cd /Users/michielvh/code/one-b2c/ssm-connect
    
    Signing Identity:     "Sign to Run Locally"
    
    /usr/bin/codesign --force --sign - --timestamp\=none --preserve-metadata\=identifier,entitlements,flags --generate-entitlement-der /Users/michielvh/code/one-b2c/ssm-connect/.build/DerivedData/Build/Products/Debug/SSMConnect.app/Contents/Frameworks/XCTAutomationSupport.framework
/Users/michielvh/code/one-b2c/ssm-connect/.build/DerivedData/Build/Products/Debug/SSMConnect.app/Contents/Frameworks/XCTAutomationSupport.framework: replacing existing signature

CodeSign /Users/michielvh/code/one-b2c/ssm-connect/.build/DerivedData/Build/Products/Debug/SSMConnect.app/Contents/Frameworks/XCTestCore.framework (in target 'SSMConnect' from project 'SSMConnect')
    cd /Users/michielvh/code/one-b2c/ssm-connect
    
    Signing Identity:     "Sign to Run Locally"
    
    /usr/bin/codesign --force --sign - --timestamp\=none --preserve-metadata\=identifier,entitlements,flags --generate-entitlement-der /Users/michielvh/code/one-b2c/ssm-connect/.build/DerivedData/Build/Products/Debug/SSMConnect.app/Contents/Frameworks/XCTestCore.framework
/Users/michielvh/code/one-b2c/ssm-connect/.build/DerivedData/Build/Products/Debug/SSMConnect.app/Contents/Frameworks/XCTestCore.framework: replacing existing signature

CodeSign /Users/michielvh/code/one-b2c/ssm-connect/.build/DerivedData/Build/Products/Debug/SSMConnect.app/Contents/Frameworks/XCUIAutomation.framework (in target 'SSMConnect' from project 'SSMConnect')
    cd /Users/michielvh/code/one-b2c/ssm-connect
    
    Signing Identity:     "Sign to Run Locally"
    
    /usr/bin/codesign --force --sign - --timestamp\=none --preserve-metadata\=identifier,entitlements,flags --generate-entitlement-der /Users/michielvh/code/one-b2c/ssm-connect/.build/DerivedData/Build/Products/Debug/SSMConnect.app/Contents/Frameworks/XCUIAutomation.framework
/Users/michielvh/code/one-b2c/ssm-connect/.build/DerivedData/Build/Products/Debug/SSMConnect.app/Contents/Frameworks/XCUIAutomation.framework: replacing existing signature

CodeSign /Users/michielvh/code/one-b2c/ssm-connect/.build/DerivedData/Build/Products/Debug/SSMConnect.app/Contents/Frameworks/Testing.framework (in target 'SSMConnect' from project 'SSMConnect')
    cd /Users/michielvh/code/one-b2c/ssm-connect
    
    Signing Identity:     "Sign to Run Locally"
    
    /usr/bin/codesign --force --sign - --timestamp\=none --preserve-metadata\=identifier,entitlements,flags --generate-entitlement-der /Users/michielvh/code/one-b2c/ssm-connect/.build/DerivedData/Build/Products/Debug/SSMConnect.app/Contents/Frameworks/Testing.framework
/Users/michielvh/code/one-b2c/ssm-connect/.build/DerivedData/Build/Products/Debug/SSMConnect.app/Contents/Frameworks/Testing.framework: replacing existing signature

SwiftDriver SSMConnect normal arm64 com.apple.xcode.tools.swift.compiler (in target 'SSMConnect' from project 'SSMConnect')
    cd /Users/michielvh/code/one-b2c/ssm-connect
    builtin-SwiftDriver -- /Applications/Xcode.app/Contents/Developer/Toolchains/XcodeDefault.xctoolchain/usr/bin/swiftc -module-name SSMConnect -Onone @/Users/michielvh/code/one-b2c/ssm-connect/.build/DerivedData/Build/Intermediates.noindex/SSMConnect.build/Debug/SSMConnect.build/Objects-normal/arm64/SSMConnect.SwiftFileList -DDEBUG -Xcc -fmodule-map-file\=/Users/michielvh/code/one-b2c/ssm-connect/.build/DerivedData/SourcePackages/checkouts/aws-crt-swift/Source/LibNative/module.modulemap -Xcc -fmodule-map-file\=/Users/michielvh/code/one-b2c/ssm-connect/.build/DerivedData/Build/Intermediates.noindex/GeneratedModuleMaps/AwsCMqtt.modulemap -Xcc -fmodule-map-file\=/Users/michielvh/code/one-b2c/ssm-connect/.build/DerivedData/Build/Intermediates.noindex/GeneratedModuleMaps/AwsCEventStream.modulemap -Xcc -fmodule-map-file\=/Users/michielvh/code/one-b2c/ssm-connect/.build/DerivedData/Build/Intermediates.noindex/GeneratedModuleMaps/AwsCChecksums.modulemap -Xcc -fmodule-map-file\=/Users/michielvh/code/one-b2c/ssm-connect/.build/DerivedData/Build/Intermediates.noindex/GeneratedModuleMaps/AwsCAuth.modulemap -Xcc -fmodule-map-file\=/Users/michielvh/code/one-b2c/ssm-connect/.build/DerivedData/Build/Intermediates.noindex/GeneratedModuleMaps/AwsCSdkUtils.modulemap -Xcc -fmodule-map-file\=/Users/michielvh/code/one-b2c/ssm-connect/.build/DerivedData/Build/Intermediates.noindex/GeneratedModuleMaps/AwsCHttp.modulemap -Xcc -fmodule-map-file\=/Users/michielvh/code/one-b2c/ssm-connect/.build/DerivedData/Build/Intermediates.noindex/GeneratedModuleMaps/AwsCIo.modulemap -Xcc -fmodule-map-file\=/Users/michielvh/code/one-b2c/ssm-connect/.build/DerivedData/Build/Intermediates.noindex/GeneratedModuleMaps/AwsCCal.modulemap -Xcc -fmodule-map-file\=/Users/michielvh/code/one-b2c/ssm-connect/.build/DerivedData/Build/Intermediates.noindex/GeneratedModuleMaps/AwsCCompression.modulemap -Xcc -fmodule-map-file\=/Users/michielvh/code/one-b2c/ssm-connect/.build/DerivedData/Build/Intermediates.noindex/GeneratedModuleMaps/AwsCCommon.modulemap -enable-bare-slash-regex -enable-experimental-feature DebugDescriptionMacro -sdk /Applications/Xcode.app/Contents/Developer/Platforms/MacOSX.platform/Developer/SDKs/MacOSX26.5.sdk -target arm64-apple-macos14.0 -g -module-cache-path /Users/michielvh/code/one-b2c/ssm-connect/.build/DerivedData/ModuleCache.noindex -Xfrontend -serialize-debugging-options -enable-testing -index-store-path /Users/michielvh/code/one-b2c/ssm-connect/.build/DerivedData/Index.noindex/DataStore -Xcc -D_LIBCPP_HARDENING_MODE\=_LIBCPP_HARDENING_MODE_DEBUG -swift-version 5 -I /Users/michielvh/code/one-b2c/ssm-connect/.build/DerivedData/Build/Products/Debug -F /Users/michielvh/code/one-b2c/ssm-connect/.build/DerivedData/Build/Products/Debug/PackageFrameworks -F /Users/michielvh/code/one-b2c/ssm-connect/.build/DerivedData/Build/Products/Debug/PackageFrameworks -F /Users/michielvh/code/one-b2c/ssm-connect/.build/DerivedData/Build/Products/Debug/PackageFrameworks -F /Users/michielvh/code/one-b2c/ssm-connect/.build/DerivedData/Build/Products/Debug/PackageFrameworks -F /Users/michielvh/code/one-b2c/ssm-connect/.build/DerivedData/Build/Products/Debug/PackageFrameworks -F /Users/michielvh/code/one-b2c/ssm-connect/.build/DerivedData/Build/Products/Debug/PackageFrameworks -F /Users/michielvh/code/one-b2c/ssm-connect/.build/DerivedData/Build/Products/Debug/PackageFrameworks -F /Users/michielvh/code/one-b2c/ssm-connect/.build/DerivedData/Build/Products/Debug/PackageFrameworks -F /Users/michielvh/code/one-b2c/ssm-connect/.build/DerivedData/Build/Products/Debug/PackageFrameworks -F /Users/michielvh/code/one-b2c/ssm-connect/.build/DerivedData/Build/Products/Debug/PackageFrameworks -F /Users/michielvh/code/one-b2c/ssm-connect/.build/DerivedData/Build/Products/Debug/PackageFrameworks -F /Users/michielvh/code/one-b2c/ssm-connect/.build/DerivedData/Build/Products/Debug/PackageFrameworks -F /Users/michielvh/code/one-b2c/ssm-connect/.build/DerivedData/Build/Products/Debug/PackageFrameworks -F /Users/michielvh/code/one-b2c/ssm-connect/.build/DerivedData/Build/Products/Debug/PackageFrameworks -F /Users/michielvh/code/one-b2c/ssm-connect/.build/DerivedData/Build/Products/Debug/PackageFrameworks -F /Users/michielvh/code/one-b2c/ssm-connect/.build/DerivedData/Build/Products/Debug/PackageFrameworks -F /Users/michielvh/code/one-b2c/ssm-connect/.build/DerivedData/Build/Products/Debug/PackageFrameworks -F /Users/michielvh/code/one-b2c/ssm-connect/.build/DerivedData/Build/Products/Debug/PackageFrameworks -F /Users/michielvh/code/one-b2c/ssm-connect/.build/DerivedData/Build/Products/Debug/PackageFrameworks -F /Users/michielvh/code/one-b2c/ssm-connect/.build/DerivedData/Build/Products/Debug/PackageFrameworks -F /Users/michielvh/code/one-b2c/ssm-connect/.build/DerivedData/Build/Products/Debug/PackageFrameworks -F /Users/michielvh/code/one-b2c/ssm-connect/.build/DerivedData/Build/Products/Debug/PackageFrameworks -F /Users/michielvh/code/one-b2c/ssm-connect/.build/DerivedData/Build/Products/Debug/PackageFrameworks -F /Users/michielvh/code/one-b2c/ssm-connect/.build/DerivedData/Build/Products/Debug/PackageFrameworks -F /Users/michielvh/code/one-b2c/ssm-connect/.build/DerivedData/Build/Products/Debug/PackageFrameworks -F /Users/michielvh/code/one-b2c/ssm-connect/.build/DerivedData/Build/Products/Debug/PackageFrameworks -F /Users/michielvh/code/one-b2c/ssm-connect/.build/DerivedData/Build/Products/Debug/PackageFrameworks -F /Users/michielvh/code/one-b2c/ssm-connect/.build/DerivedData/Build/Products/Debug/PackageFrameworks -F /Users/michielvh/code/one-b2c/ssm-connect/.build/DerivedData/Build/Products/Debug/PackageFrameworks -F /Users/michielvh/code/one-b2c/ssm-connect/.build/DerivedData/Build/Products/Debug/PackageFrameworks -F /Users/michielvh/code/one-b2c/ssm-connect/.build/DerivedData/Build/Products/Debug/PackageFrameworks -F /Users/michielvh/code/one-b2c/ssm-connect/.build/DerivedData/Build/Products/Debug/PackageFrameworks -F /Users/michielvh/code/one-b2c/ssm-connect/.build/DerivedData/Build/Products/Debug/PackageFrameworks -F /Users/michielvh/code/one-b2c/ssm-connect/.build/DerivedData/Build/Products/Debug/PackageFrameworks -F /Users/michielvh/code/one-b2c/ssm-connect/.build/DerivedData/Build/Products/Debug/PackageFrameworks -F /Users/michielvh/code/one-b2c/ssm-connect/.build/DerivedData/Build/Products/Debug/PackageFrameworks -F /Users/michielvh/code/one-b2c/ssm-connect/.build/DerivedData/Build/Products/Debug/PackageFrameworks -F /Users/michielvh/code/one-b2c/ssm-connect/.build/DerivedData/Build/Products/Debug/PackageFrameworks -F /Users/michielvh/code/one-b2c/ssm-connect/.build/DerivedData/Build/Products/Debug/PackageFrameworks -F /Users/michielvh/code/one-b2c/ssm-connect/.build/DerivedData/Build/Products/Debug/PackageFrameworks -F /Users/michielvh/code/one-b2c/ssm-connect/.build/DerivedData/Build/Products/Debug/PackageFrameworks -F /Users/michielvh/code/one-b2c/ssm-connect/.build/DerivedData/Build/Products/Debug/PackageFrameworks -F /Users/michielvh/code/one-b2c/ssm-connect/.build/DerivedData/Build/Products/Debug/PackageFrameworks -F /Users/michielvh/code/one-b2c/ssm-connect/.build/DerivedData/Build/Products/Debug/PackageFrameworks -F /Users/michielvh/code/one-b2c/ssm-connect/.build/DerivedData/Build/Products/Debug/PackageFrameworks -F /Users/michielvh/code/one-b2c/ssm-connect/.build/DerivedData/Build/Products/Debug/PackageFrameworks -F /Users/michielvh/code/one-b2c/ssm-connect/.build/DerivedData/Build/Products/Debug/PackageFrameworks -F /Users/michielvh/code/one-b2c/ssm-connect/.build/DerivedData/Build/Products/Debug/PackageFrameworks -F /Users/michielvh/code/one-b2c/ssm-connect/.build/DerivedData/Build/Products/Debug/PackageFrameworks -F /Users/michielvh/code/one-b2c/ssm-connect/.build/DerivedData/Build/Products/Debug/PackageFrameworks -F /Users/michielvh/code/one-b2c/ssm-connect/.build/DerivedData/Build/Products/Debug/PackageFrameworks -F /Users/michielvh/code/one-b2c/ssm-connect/.build/DerivedData/Build/Products/Debug/PackageFrameworks -F /Users/michielvh/code/one-b2c/ssm-connect/.build/DerivedData/Build/Products/Debug/PackageFrameworks -F /Users/michielvh/code/one-b2c/ssm-connect/.build/DerivedData/Build/Products/Debug/PackageFrameworks -F /Users/michielvh/code/one-b2c/ssm-connect/.build/DerivedData/Build/Products/Debug/PackageFrameworks -F /Users/michielvh/code/one-b2c/ssm-connect/.build/DerivedData/Build/Products/Debug/PackageFrameworks -F /Users/michielvh/code/one-b2c/ssm-connect/.build/DerivedData/Build/Products/Debug/PackageFrameworks -F /Users/michielvh/code/one-b2c/ssm-connect/.build/DerivedData/Build/Products/Debug -c -j18 -enable-batch-mode -incremental -Xcc -ivfsstatcache -Xcc /Users/michielvh/code/one-b2c/ssm-connect/.build/DerivedData/SDKStatCaches.noindex/macosx26.5-25F70-e082c4a02f00227109f4ed75e425c832.sdkstatcache -output-file-map /Users/michielvh/code/one-b2c/ssm-connect/.build/DerivedData/Build/Intermediates.noindex/SSMConnect.build/Debug/SSMConnect.build/Objects-normal/arm64/SSMConnect-OutputFileMap.json -use-frontend-parseable-output -save-temps -no-color-diagnostics -explicit-module-build -module-cache-path /Users/michielvh/code/one-b2c/ssm-connect/.build/DerivedData/Build/Intermediates.noindex/SwiftExplicitPrecompiledModules -clang-scanner-module-cache-path /Users/michielvh/code/one-b2c/ssm-connect/.build/DerivedData/ModuleCache.noindex -sdk-module-cache-path /Users/michielvh/code/one-b2c/ssm-connect/.build/DerivedData/ModuleCache.noindex -serialize-diagnostics -emit-dependencies -emit-module -emit-module-path /Users/michielvh/code/one-b2c/ssm-connect/.build/DerivedData/Build/Intermediates.noindex/SSMConnect.build/Debug/SSMConnect.build/Objects-normal/arm64/SSMConnect.swiftmodule -validate-clang-modules-once -clang-build-session-file /Users/michielvh/code/one-b2c/ssm-connect/.build/DerivedData/ModuleCache.noindex/Session.modulevalidation -Xcc -I/Users/michielvh/code/one-b2c/ssm-connect/.build/DerivedData/Build/Intermediates.noindex/SSMConnect.build/Debug/SSMConnect.build/swift-overrides.hmap -emit-const-values -Xfrontend -const-gather-protocols-file -Xfrontend /Users/michielvh/code/one-b2c/ssm-connect/.build/DerivedData/Build/Intermediates.noindex/SSMConnect.build/Debug/SSMConnect.build/Objects-normal/arm64/SSMConnect_const_extract_protocols.json -Xcc -iquote -Xcc /Users/michielvh/code/one-b2c/ssm-connect/.build/DerivedData/Build/Intermediates.noindex/SSMConnect.build/Debug/SSMConnect.build/SSMConnect-generated-files.hmap -Xcc -I/Users/michielvh/code/one-b2c/ssm-connect/.build/DerivedData/Build/Intermediates.noindex/SSMConnect.build/Debug/SSMConnect.build/SSMConnect-own-target-headers.hmap -Xcc -I/Users/michielvh/code/one-b2c/ssm-connect/.build/DerivedData/Build/Intermediates.noindex/SSMConnect.build/Debug/SSMConnect.build/SSMConnect-all-non-framework-target-headers.hmap -Xcc -ivfsoverlay -Xcc /Users/michielvh/code/one-b2c/ssm-connect/.build/DerivedData/Build/Intermediates.noindex/SSMConnect.build/Debug/SSMConnect-143d7d7ca523301723e96f80ac4f74bb-VFS/all-product-headers.yaml -Xcc -iquote -Xcc /Users/michielvh/code/one-b2c/ssm-connect/.build/DerivedData/Build/Intermediates.noindex/SSMConnect.build/Debug/SSMConnect.build/SSMConnect-project-headers.hmap -Xcc -I/Users/michielvh/code/one-b2c/ssm-connect/.build/DerivedData/SourcePackages/checkouts/aws-crt-swift/aws-common-runtime/aws-c-mqtt/include -Xcc -I/Users/michielvh/code/one-b2c/ssm-connect/.build/DerivedData/SourcePackages/checkouts/aws-crt-swift/aws-common-runtime/aws-c-event-stream/include -Xcc -I/Users/michielvh/code/one-b2c/ssm-connect/.build/DerivedData/SourcePackages/checkouts/aws-crt-swift/aws-common-runtime/aws-checksums/include -Xcc -I/Users/michielvh/code/one-b2c/ssm-connect/.build/DerivedData/SourcePackages/checkouts/aws-crt-swift/aws-common-runtime/aws-c-auth/include -Xcc -I/Users/michielvh/code/one-b2c/ssm-connect/.build/DerivedData/SourcePackages/checkouts/aws-crt-swift/aws-common-runtime/aws-c-sdkutils/include -Xcc -I/Users/michielvh/code/one-b2c/ssm-connect/.build/DerivedData/SourcePackages/checkouts/aws-crt-swift/aws-common-runtime/aws-c-http/include -Xcc -I/Users/michielvh/code/one-b2c/ssm-connect/.build/DerivedData/SourcePackages/checkouts/aws-crt-swift/aws-common-runtime/aws-c-io/include -Xcc -I/Users/michielvh/code/one-b2c/ssm-connect/.build/DerivedData/SourcePackages/checkouts/aws-crt-swift/aws-common-runtime/aws-c-cal/include -Xcc -I/Users/michielvh/code/one-b2c/ssm-connect/.build/DerivedData/SourcePackages/checkouts/aws-crt-swift/aws-common-runtime/aws-c-compression/include -Xcc -I/Users/michielvh/code/one-b2c/ssm-connect/.build/DerivedData/SourcePackages/checkouts/aws-crt-swift/aws-common-runtime/aws-c-common/include -Xcc -I/Users/michielvh/code/one-b2c/ssm-connect/.build/DerivedData/SourcePackages/checkouts/aws-crt-swift/aws-common-runtime/config -Xcc -I/Users/michielvh/code/one-b2c/ssm-connect/.build/DerivedData/Build/Products/Debug/include -Xcc -I/Users/michielvh/code/one-b2c/ssm-connect/.build/DerivedData/Build/Intermediates.noindex/SSMConnect.build/Debug/SSMConnect.build/DerivedSources-normal/arm64 -Xcc -I/Users/michielvh/code/one-b2c/ssm-connect/.build/DerivedData/Build/Intermediates.noindex/SSMConnect.build/Debug/SSMConnect.build/DerivedSources/arm64 -Xcc -I/Users/michielvh/code/one-b2c/ssm-connect/.build/DerivedData/Build/Intermediates.noindex/SSMConnect.build/Debug/SSMConnect.build/DerivedSources -Xcc -DDEBUG\=1 -emit-objc-header -emit-objc-header-path /Users/michielvh/code/one-b2c/ssm-connect/.build/DerivedData/Build/Intermediates.noindex/SSMConnect.build/Debug/SSMConnect.build/Objects-normal/arm64/SSMConnect-Swift.h -working-directory /Users/michielvh/code/one-b2c/ssm-connect -experimental-emit-module-separately -disable-cmo

SwiftCompile normal arm64 Compiling\ SSMConnectApp.swift /Users/michielvh/code/one-b2c/ssm-connect/SSMConnect/App/SSMConnectApp.swift (in target 'SSMConnect' from project 'SSMConnect')

SwiftCompile normal arm64 /Users/michielvh/code/one-b2c/ssm-connect/SSMConnect/App/SSMConnectApp.swift (in target 'SSMConnect' from project 'SSMConnect')
    cd /Users/michielvh/code/one-b2c/ssm-connect
    

SwiftEmitModule normal arm64 Emitting\ module\ for\ SSMConnect (in target 'SSMConnect' from project 'SSMConnect')

EmitSwiftModule normal arm64 (in target 'SSMConnect' from project 'SSMConnect')
    cd /Users/michielvh/code/one-b2c/ssm-connect
    

SwiftCompile normal arm64 Compiling\ AuthViewModel.swift /Users/michielvh/code/one-b2c/ssm-connect/SSMConnect/Auth/AuthViewModel.swift (in target 'SSMConnect' from project 'SSMConnect')

SwiftCompile normal arm64 /Users/michielvh/code/one-b2c/ssm-connect/SSMConnect/Auth/AuthViewModel.swift (in target 'SSMConnect' from project 'SSMConnect')
    cd /Users/michielvh/code/one-b2c/ssm-connect
    

SwiftDriverJobDiscovery normal arm64 Emitting module for SSMConnect (in target 'SSMConnect' from project 'SSMConnect')

SwiftDriver\ Compilation\ Requirements SSMConnect normal arm64 com.apple.xcode.tools.swift.compiler (in target 'SSMConnect' from project 'SSMConnect')
    cd /Users/michielvh/code/one-b2c/ssm-connect
    builtin-Swift-Compilation-Requirements -- /Applications/Xcode.app/Contents/Developer/Toolchains/XcodeDefault.xctoolchain/usr/bin/swiftc -module-name SSMConnect -Onone @/Users/michielvh/code/one-b2c/ssm-connect/.build/DerivedData/Build/Intermediates.noindex/SSMConnect.build/Debug/SSMConnect.build/Objects-normal/arm64/SSMConnect.SwiftFileList -DDEBUG -Xcc -fmodule-map-file\=/Users/michielvh/code/one-b2c/ssm-connect/.build/DerivedData/SourcePackages/checkouts/aws-crt-swift/Source/LibNative/module.modulemap -Xcc -fmodule-map-file\=/Users/michielvh/code/one-b2c/ssm-connect/.build/DerivedData/Build/Intermediates.noindex/GeneratedModuleMaps/AwsCMqtt.modulemap -Xcc -fmodule-map-file\=/Users/michielvh/code/one-b2c/ssm-connect/.build/DerivedData/Build/Intermediates.noindex/GeneratedModuleMaps/AwsCEventStream.modulemap -Xcc -fmodule-map-file\=/Users/michielvh/code/one-b2c/ssm-connect/.build/DerivedData/Build/Intermediates.noindex/GeneratedModuleMaps/AwsCChecksums.modulemap -Xcc -fmodule-map-file\=/Users/michielvh/code/one-b2c/ssm-connect/.build/DerivedData/Build/Intermediates.noindex/GeneratedModuleMaps/AwsCAuth.modulemap -Xcc -fmodule-map-file\=/Users/michielvh/code/one-b2c/ssm-connect/.build/DerivedData/Build/Intermediates.noindex/GeneratedModuleMaps/AwsCSdkUtils.modulemap -Xcc -fmodule-map-file\=/Users/michielvh/code/one-b2c/ssm-connect/.build/DerivedData/Build/Intermediates.noindex/GeneratedModuleMaps/AwsCHttp.modulemap -Xcc -fmodule-map-file\=/Users/michielvh/code/one-b2c/ssm-connect/.build/DerivedData/Build/Intermediates.noindex/GeneratedModuleMaps/AwsCIo.modulemap -Xcc -fmodule-map-file\=/Users/michielvh/code/one-b2c/ssm-connect/.build/DerivedData/Build/Intermediates.noindex/GeneratedModuleMaps/AwsCCal.modulemap -Xcc -fmodule-map-file\=/Users/michielvh/code/one-b2c/ssm-connect/.build/DerivedData/Build/Intermediates.noindex/GeneratedModuleMaps/AwsCCompression.modulemap -Xcc -fmodule-map-file\=/Users/michielvh/code/one-b2c/ssm-connect/.build/DerivedData/Build/Intermediates.noindex/GeneratedModuleMaps/AwsCCommon.modulemap -enable-bare-slash-regex -enable-experimental-feature DebugDescriptionMacro -sdk /Applications/Xcode.app/Contents/Developer/Platforms/MacOSX.platform/Developer/SDKs/MacOSX26.5.sdk -target arm64-apple-macos14.0 -g -module-cache-path /Users/michielvh/code/one-b2c/ssm-connect/.build/DerivedData/ModuleCache.noindex -Xfrontend -serialize-debugging-options -enable-testing -index-store-path /Users/michielvh/code/one-b2c/ssm-connect/.build/DerivedData/Index.noindex/DataStore -Xcc -D_LIBCPP_HARDENING_MODE\=_LIBCPP_HARDENING_MODE_DEBUG -swift-version 5 -I /Users/michielvh/code/one-b2c/ssm-connect/.build/DerivedData/Build/Products/Debug -F /Users/michielvh/code/one-b2c/ssm-connect/.build/DerivedData/Build/Products/Debug/PackageFrameworks -F /Users/michielvh/code/one-b2c/ssm-connect/.build/DerivedData/Build/Products/Debug/PackageFrameworks -F /Users/michielvh/code/one-b2c/ssm-connect/.build/DerivedData/Build/Products/Debug/PackageFrameworks -F /Users/michielvh/code/one-b2c/ssm-connect/.build/DerivedData/Build/Products/Debug/PackageFrameworks -F /Users/michielvh/code/one-b2c/ssm-connect/.build/DerivedData/Build/Products/Debug/PackageFrameworks -F /Users/michielvh/code/one-b2c/ssm-connect/.build/DerivedData/Build/Products/Debug/PackageFrameworks -F /Users/michielvh/code/one-b2c/ssm-connect/.build/DerivedData/Build/Products/Debug/PackageFrameworks -F /Users/michielvh/code/one-b2c/ssm-connect/.build/DerivedData/Build/Products/Debug/PackageFrameworks -F /Users/michielvh/code/one-b2c/ssm-connect/.build/DerivedData/Build/Products/Debug/PackageFrameworks -F /Users/michielvh/code/one-b2c/ssm-connect/.build/DerivedData/Build/Products/Debug/PackageFrameworks -F /Users/michielvh/code/one-b2c/ssm-connect/.build/DerivedData/Build/Products/Debug/PackageFrameworks -F /Users/michielvh/code/one-b2c/ssm-connect/.build/DerivedData/Build/Products/Debug/PackageFrameworks -F /Users/michielvh/code/one-b2c/ssm-connect/.build/DerivedData/Build/Products/Debug/PackageFrameworks -F /Users/michielvh/code/one-b2c/ssm-connect/.build/DerivedData/Build/Products/Debug/PackageFrameworks -F /Users/michielvh/code/one-b2c/ssm-connect/.build/DerivedData/Build/Products/Debug/PackageFrameworks -F /Users/michielvh/code/one-b2c/ssm-connect/.build/DerivedData/Build/Products/Debug/PackageFrameworks -F /Users/michielvh/code/one-b2c/ssm-connect/.build/DerivedData/Build/Products/Debug/PackageFrameworks -F /Users/michielvh/code/one-b2c/ssm-connect/.build/DerivedData/Build/Products/Debug/PackageFrameworks -F /Users/michielvh/code/one-b2c/ssm-connect/.build/DerivedData/Build/Products/Debug/PackageFrameworks -F /Users/michielvh/code/one-b2c/ssm-connect/.build/DerivedData/Build/Products/Debug/PackageFrameworks -F /Users/michielvh/code/one-b2c/ssm-connect/.build/DerivedData/Build/Products/Debug/PackageFrameworks -F /Users/michielvh/code/one-b2c/ssm-connect/.build/DerivedData/Build/Products/Debug/PackageFrameworks -F /Users/michielvh/code/one-b2c/ssm-connect/.build/DerivedData/Build/Products/Debug/PackageFrameworks -F /Users/michielvh/code/one-b2c/ssm-connect/.build/DerivedData/Build/Products/Debug/PackageFrameworks -F /Users/michielvh/code/one-b2c/ssm-connect/.build/DerivedData/Build/Products/Debug/PackageFrameworks -F /Users/michielvh/code/one-b2c/ssm-connect/.build/DerivedData/Build/Products/Debug/PackageFrameworks -F /Users/michielvh/code/one-b2c/ssm-connect/.build/DerivedData/Build/Products/Debug/PackageFrameworks -F /Users/michielvh/code/one-b2c/ssm-connect/.build/DerivedData/Build/Products/Debug/PackageFrameworks -F /Users/michielvh/code/one-b2c/ssm-connect/.build/DerivedData/Build/Products/Debug/PackageFrameworks -F /Users/michielvh/code/one-b2c/ssm-connect/.build/DerivedData/Build/Products/Debug/PackageFrameworks -F /Users/michielvh/code/one-b2c/ssm-connect/.build/DerivedData/Build/Products/Debug/PackageFrameworks -F /Users/michielvh/code/one-b2c/ssm-connect/.build/DerivedData/Build/Products/Debug/PackageFrameworks -F /Users/michielvh/code/one-b2c/ssm-connect/.build/DerivedData/Build/Products/Debug/PackageFrameworks -F /Users/michielvh/code/one-b2c/ssm-connect/.build/DerivedData/Build/Products/Debug/PackageFrameworks -F /Users/michielvh/code/one-b2c/ssm-connect/.build/DerivedData/Build/Products/Debug/PackageFrameworks -F /Users/michielvh/code/one-b2c/ssm-connect/.build/DerivedData/Build/Products/Debug/PackageFrameworks -F /Users/michielvh/code/one-b2c/ssm-connect/.build/DerivedData/Build/Products/Debug/PackageFrameworks -F /Users/michielvh/code/one-b2c/ssm-connect/.build/DerivedData/Build/Products/Debug/PackageFrameworks -F /Users/michielvh/code/one-b2c/ssm-connect/.build/DerivedData/Build/Products/Debug/PackageFrameworks -F /Users/michielvh/code/one-b2c/ssm-connect/.build/DerivedData/Build/Products/Debug/PackageFrameworks -F /Users/michielvh/code/one-b2c/ssm-connect/.build/DerivedData/Build/Products/Debug/PackageFrameworks -F /Users/michielvh/code/one-b2c/ssm-connect/.build/DerivedData/Build/Products/Debug/PackageFrameworks -F /Users/michielvh/code/one-b2c/ssm-connect/.build/DerivedData/Build/Products/Debug/PackageFrameworks -F /Users/michielvh/code/one-b2c/ssm-connect/.build/DerivedData/Build/Products/Debug/PackageFrameworks -F /Users/michielvh/code/one-b2c/ssm-connect/.build/DerivedData/Build/Products/Debug/PackageFrameworks -F /Users/michielvh/code/one-b2c/ssm-connect/.build/DerivedData/Build/Products/Debug/PackageFrameworks -F /Users/michielvh/code/one-b2c/ssm-connect/.build/DerivedData/Build/Products/Debug/PackageFrameworks -F /Users/michielvh/code/one-b2c/ssm-connect/.build/DerivedData/Build/Products/Debug/PackageFrameworks -F /Users/michielvh/code/one-b2c/ssm-connect/.build/DerivedData/Build/Products/Debug/PackageFrameworks -F /Users/michielvh/code/one-b2c/ssm-connect/.build/DerivedData/Build/Products/Debug/PackageFrameworks -F /Users/michielvh/code/one-b2c/ssm-connect/.build/DerivedData/Build/Products/Debug/PackageFrameworks -F /Users/michielvh/code/one-b2c/ssm-connect/.build/DerivedData/Build/Products/Debug/PackageFrameworks -F /Users/michielvh/code/one-b2c/ssm-connect/.build/DerivedData/Build/Products/Debug/PackageFrameworks -F /Users/michielvh/code/one-b2c/ssm-connect/.build/DerivedData/Build/Products/Debug/PackageFrameworks -F /Users/michielvh/code/one-b2c/ssm-connect/.build/DerivedData/Build/Products/Debug/PackageFrameworks -F /Users/michielvh/code/one-b2c/ssm-connect/.build/DerivedData/Build/Products/Debug/PackageFrameworks -F /Users/michielvh/code/one-b2c/ssm-connect/.build/DerivedData/Build/Products/Debug/PackageFrameworks -F /Users/michielvh/code/one-b2c/ssm-connect/.build/DerivedData/Build/Products/Debug -c -j18 -enable-batch-mode -incremental -Xcc -ivfsstatcache -Xcc /Users/michielvh/code/one-b2c/ssm-connect/.build/DerivedData/SDKStatCaches.noindex/macosx26.5-25F70-e082c4a02f00227109f4ed75e425c832.sdkstatcache -output-file-map /Users/michielvh/code/one-b2c/ssm-connect/.build/DerivedData/Build/Intermediates.noindex/SSMConnect.build/Debug/SSMConnect.build/Objects-normal/arm64/SSMConnect-OutputFileMap.json -use-frontend-parseable-output -save-temps -no-color-diagnostics -explicit-module-build -module-cache-path /Users/michielvh/code/one-b2c/ssm-connect/.build/DerivedData/Build/Intermediates.noindex/SwiftExplicitPrecompiledModules -clang-scanner-module-cache-path /Users/michielvh/code/one-b2c/ssm-connect/.build/DerivedData/ModuleCache.noindex -sdk-module-cache-path /Users/michielvh/code/one-b2c/ssm-connect/.build/DerivedData/ModuleCache.noindex -serialize-diagnostics -emit-dependencies -emit-module -emit-module-path /Users/michielvh/code/one-b2c/ssm-connect/.build/DerivedData/Build/Intermediates.noindex/SSMConnect.build/Debug/SSMConnect.build/Objects-normal/arm64/SSMConnect.swiftmodule -validate-clang-modules-once -clang-build-session-file /Users/michielvh/code/one-b2c/ssm-connect/.build/DerivedData/ModuleCache.noindex/Session.modulevalidation -Xcc -I/Users/michielvh/code/one-b2c/ssm-connect/.build/DerivedData/Build/Intermediates.noindex/SSMConnect.build/Debug/SSMConnect.build/swift-overrides.hmap -emit-const-values -Xfrontend -const-gather-protocols-file -Xfrontend /Users/michielvh/code/one-b2c/ssm-connect/.build/DerivedData/Build/Intermediates.noindex/SSMConnect.build/Debug/SSMConnect.build/Objects-normal/arm64/SSMConnect_const_extract_protocols.json -Xcc -iquote -Xcc /Users/michielvh/code/one-b2c/ssm-connect/.build/DerivedData/Build/Intermediates.noindex/SSMConnect.build/Debug/SSMConnect.build/SSMConnect-generated-files.hmap -Xcc -I/Users/michielvh/code/one-b2c/ssm-connect/.build/DerivedData/Build/Intermediates.noindex/SSMConnect.build/Debug/SSMConnect.build/SSMConnect-own-target-headers.hmap -Xcc -I/Users/michielvh/code/one-b2c/ssm-connect/.build/DerivedData/Build/Intermediates.noindex/SSMConnect.build/Debug/SSMConnect.build/SSMConnect-all-non-framework-target-headers.hmap -Xcc -ivfsoverlay -Xcc /Users/michielvh/code/one-b2c/ssm-connect/.build/DerivedData/Build/Intermediates.noindex/SSMConnect.build/Debug/SSMConnect-143d7d7ca523301723e96f80ac4f74bb-VFS/all-product-headers.yaml -Xcc -iquote -Xcc /Users/michielvh/code/one-b2c/ssm-connect/.build/DerivedData/Build/Intermediates.noindex/SSMConnect.build/Debug/SSMConnect.build/SSMConnect-project-headers.hmap -Xcc -I/Users/michielvh/code/one-b2c/ssm-connect/.build/DerivedData/SourcePackages/checkouts/aws-crt-swift/aws-common-runtime/aws-c-mqtt/include -Xcc -I/Users/michielvh/code/one-b2c/ssm-connect/.build/DerivedData/SourcePackages/checkouts/aws-crt-swift/aws-common-runtime/aws-c-event-stream/include -Xcc -I/Users/michielvh/code/one-b2c/ssm-connect/.build/DerivedData/SourcePackages/checkouts/aws-crt-swift/aws-common-runtime/aws-checksums/include -Xcc -I/Users/michielvh/code/one-b2c/ssm-connect/.build/DerivedData/SourcePackages/checkouts/aws-crt-swift/aws-common-runtime/aws-c-auth/include -Xcc -I/Users/michielvh/code/one-b2c/ssm-connect/.build/DerivedData/SourcePackages/checkouts/aws-crt-swift/aws-common-runtime/aws-c-sdkutils/include -Xcc -I/Users/michielvh/code/one-b2c/ssm-connect/.build/DerivedData/SourcePackages/checkouts/aws-crt-swift/aws-common-runtime/aws-c-http/include -Xcc -I/Users/michielvh/code/one-b2c/ssm-connect/.build/DerivedData/SourcePackages/checkouts/aws-crt-swift/aws-common-runtime/aws-c-io/include -Xcc -I/Users/michielvh/code/one-b2c/ssm-connect/.build/DerivedData/SourcePackages/checkouts/aws-crt-swift/aws-common-runtime/aws-c-cal/include -Xcc -I/Users/michielvh/code/one-b2c/ssm-connect/.build/DerivedData/SourcePackages/checkouts/aws-crt-swift/aws-common-runtime/aws-c-compression/include -Xcc -I/Users/michielvh/code/one-b2c/ssm-connect/.build/DerivedData/SourcePackages/checkouts/aws-crt-swift/aws-common-runtime/aws-c-common/include -Xcc -I/Users/michielvh/code/one-b2c/ssm-connect/.build/DerivedData/SourcePackages/checkouts/aws-crt-swift/aws-common-runtime/config -Xcc -I/Users/michielvh/code/one-b2c/ssm-connect/.build/DerivedData/Build/Products/Debug/include -Xcc -I/Users/michielvh/code/one-b2c/ssm-connect/.build/DerivedData/Build/Intermediates.noindex/SSMConnect.build/Debug/SSMConnect.build/DerivedSources-normal/arm64 -Xcc -I/Users/michielvh/code/one-b2c/ssm-connect/.build/DerivedData/Build/Intermediates.noindex/SSMConnect.build/Debug/SSMConnect.build/DerivedSources/arm64 -Xcc -I/Users/michielvh/code/one-b2c/ssm-connect/.build/DerivedData/Build/Intermediates.noindex/SSMConnect.build/Debug/SSMConnect.build/DerivedSources -Xcc -DDEBUG\=1 -emit-objc-header -emit-objc-header-path /Users/michielvh/code/one-b2c/ssm-connect/.build/DerivedData/Build/Intermediates.noindex/SSMConnect.build/Debug/SSMConnect.build/Objects-normal/arm64/SSMConnect-Swift.h -working-directory /Users/michielvh/code/one-b2c/ssm-connect -experimental-emit-module-separately -disable-cmo

Copy /Users/michielvh/code/one-b2c/ssm-connect/.build/DerivedData/Build/Products/Debug/SSMConnect.swiftmodule/arm64-apple-macos.swiftmodule /Users/michielvh/code/one-b2c/ssm-connect/.build/DerivedData/Build/Intermediates.noindex/SSMConnect.build/Debug/SSMConnect.build/Objects-normal/arm64/SSMConnect.swiftmodule (in target 'SSMConnect' from project 'SSMConnect')
    cd /Users/michielvh/code/one-b2c/ssm-connect
    builtin-copy -exclude .DS_Store -exclude CVS -exclude .svn -exclude .git -exclude .hg -resolve-src-symlinks -rename /Users/michielvh/code/one-b2c/ssm-connect/.build/DerivedData/Build/Intermediates.noindex/SSMConnect.build/Debug/SSMConnect.build/Objects-normal/arm64/SSMConnect.swiftmodule /Users/michielvh/code/one-b2c/ssm-connect/.build/DerivedData/Build/Products/Debug/SSMConnect.swiftmodule/arm64-apple-macos.swiftmodule

Copy /Users/michielvh/code/one-b2c/ssm-connect/.build/DerivedData/Build/Products/Debug/SSMConnect.swiftmodule/Project/arm64-apple-macos.swiftsourceinfo /Users/michielvh/code/one-b2c/ssm-connect/.build/DerivedData/Build/Intermediates.noindex/SSMConnect.build/Debug/SSMConnect.build/Objects-normal/arm64/SSMConnect.swiftsourceinfo (in target 'SSMConnect' from project 'SSMConnect')
    cd /Users/michielvh/code/one-b2c/ssm-connect
    builtin-copy -exclude .DS_Store -exclude CVS -exclude .svn -exclude .git -exclude .hg -resolve-src-symlinks -rename /Users/michielvh/code/one-b2c/ssm-connect/.build/DerivedData/Build/Intermediates.noindex/SSMConnect.build/Debug/SSMConnect.build/Objects-normal/arm64/SSMConnect.swiftsourceinfo /Users/michielvh/code/one-b2c/ssm-connect/.build/DerivedData/Build/Products/Debug/SSMConnect.swiftmodule/Project/arm64-apple-macos.swiftsourceinfo

Copy /Users/michielvh/code/one-b2c/ssm-connect/.build/DerivedData/Build/Products/Debug/SSMConnect.swiftmodule/arm64-apple-macos.abi.json /Users/michielvh/code/one-b2c/ssm-connect/.build/DerivedData/Build/Intermediates.noindex/SSMConnect.build/Debug/SSMConnect.build/Objects-normal/arm64/SSMConnect.abi.json (in target 'SSMConnect' from project 'SSMConnect')
    cd /Users/michielvh/code/one-b2c/ssm-connect
    builtin-copy -exclude .DS_Store -exclude CVS -exclude .svn -exclude .git -exclude .hg -resolve-src-symlinks -rename /Users/michielvh/code/one-b2c/ssm-connect/.build/DerivedData/Build/Intermediates.noindex/SSMConnect.build/Debug/SSMConnect.build/Objects-normal/arm64/SSMConnect.abi.json /Users/michielvh/code/one-b2c/ssm-connect/.build/DerivedData/Build/Products/Debug/SSMConnect.swiftmodule/arm64-apple-macos.abi.json

Copy /Users/michielvh/code/one-b2c/ssm-connect/.build/DerivedData/Build/Products/Debug/SSMConnect.swiftmodule/arm64-apple-macos.swiftdoc /Users/michielvh/code/one-b2c/ssm-connect/.build/DerivedData/Build/Intermediates.noindex/SSMConnect.build/Debug/SSMConnect.build/Objects-normal/arm64/SSMConnect.swiftdoc (in target 'SSMConnect' from project 'SSMConnect')
    cd /Users/michielvh/code/one-b2c/ssm-connect
    builtin-copy -exclude .DS_Store -exclude CVS -exclude .svn -exclude .git -exclude .hg -resolve-src-symlinks -rename /Users/michielvh/code/one-b2c/ssm-connect/.build/DerivedData/Build/Intermediates.noindex/SSMConnect.build/Debug/SSMConnect.build/Objects-normal/arm64/SSMConnect.swiftdoc /Users/michielvh/code/one-b2c/ssm-connect/.build/DerivedData/Build/Products/Debug/SSMConnect.swiftmodule/arm64-apple-macos.swiftdoc

SwiftDriverJobDiscovery normal arm64 Compiling AuthViewModel.swift (in target 'SSMConnect' from project 'SSMConnect')

SwiftDriverJobDiscovery normal arm64 Compiling SSMConnectApp.swift (in target 'SSMConnect' from project 'SSMConnect')

SwiftDriver\ Compilation SSMConnect normal arm64 com.apple.xcode.tools.swift.compiler (in target 'SSMConnect' from project 'SSMConnect')
    cd /Users/michielvh/code/one-b2c/ssm-connect
    builtin-Swift-Compilation -- /Applications/Xcode.app/Contents/Developer/Toolchains/XcodeDefault.xctoolchain/usr/bin/swiftc -module-name SSMConnect -Onone @/Users/michielvh/code/one-b2c/ssm-connect/.build/DerivedData/Build/Intermediates.noindex/SSMConnect.build/Debug/SSMConnect.build/Objects-normal/arm64/SSMConnect.SwiftFileList -DDEBUG -Xcc -fmodule-map-file\=/Users/michielvh/code/one-b2c/ssm-connect/.build/DerivedData/SourcePackages/checkouts/aws-crt-swift/Source/LibNative/module.modulemap -Xcc -fmodule-map-file\=/Users/michielvh/code/one-b2c/ssm-connect/.build/DerivedData/Build/Intermediates.noindex/GeneratedModuleMaps/AwsCMqtt.modulemap -Xcc -fmodule-map-file\=/Users/michielvh/code/one-b2c/ssm-connect/.build/DerivedData/Build/Intermediates.noindex/GeneratedModuleMaps/AwsCEventStream.modulemap -Xcc -fmodule-map-file\=/Users/michielvh/code/one-b2c/ssm-connect/.build/DerivedData/Build/Intermediates.noindex/GeneratedModuleMaps/AwsCChecksums.modulemap -Xcc -fmodule-map-file\=/Users/michielvh/code/one-b2c/ssm-connect/.build/DerivedData/Build/Intermediates.noindex/GeneratedModuleMaps/AwsCAuth.modulemap -Xcc -fmodule-map-file\=/Users/michielvh/code/one-b2c/ssm-connect/.build/DerivedData/Build/Intermediates.noindex/GeneratedModuleMaps/AwsCSdkUtils.modulemap -Xcc -fmodule-map-file\=/Users/michielvh/code/one-b2c/ssm-connect/.build/DerivedData/Build/Intermediates.noindex/GeneratedModuleMaps/AwsCHttp.modulemap -Xcc -fmodule-map-file\=/Users/michielvh/code/one-b2c/ssm-connect/.build/DerivedData/Build/Intermediates.noindex/GeneratedModuleMaps/AwsCIo.modulemap -Xcc -fmodule-map-file\=/Users/michielvh/code/one-b2c/ssm-connect/.build/DerivedData/Build/Intermediates.noindex/GeneratedModuleMaps/AwsCCal.modulemap -Xcc -fmodule-map-file\=/Users/michielvh/code/one-b2c/ssm-connect/.build/DerivedData/Build/Intermediates.noindex/GeneratedModuleMaps/AwsCCompression.modulemap -Xcc -fmodule-map-file\=/Users/michielvh/code/one-b2c/ssm-connect/.build/DerivedData/Build/Intermediates.noindex/GeneratedModuleMaps/AwsCCommon.modulemap -enable-bare-slash-regex -enable-experimental-feature DebugDescriptionMacro -sdk /Applications/Xcode.app/Contents/Developer/Platforms/MacOSX.platform/Developer/SDKs/MacOSX26.5.sdk -target arm64-apple-macos14.0 -g -module-cache-path /Users/michielvh/code/one-b2c/ssm-connect/.build/DerivedData/ModuleCache.noindex -Xfrontend -serialize-debugging-options -enable-testing -index-store-path /Users/michielvh/code/one-b2c/ssm-connect/.build/DerivedData/Index.noindex/DataStore -Xcc -D_LIBCPP_HARDENING_MODE\=_LIBCPP_HARDENING_MODE_DEBUG -swift-version 5 -I /Users/michielvh/code/one-b2c/ssm-connect/.build/DerivedData/Build/Products/Debug -F /Users/michielvh/code/one-b2c/ssm-connect/.build/DerivedData/Build/Products/Debug/PackageFrameworks -F /Users/michielvh/code/one-b2c/ssm-connect/.build/DerivedData/Build/Products/Debug/PackageFrameworks -F /Users/michielvh/code/one-b2c/ssm-connect/.build/DerivedData/Build/Products/Debug/PackageFrameworks -F /Users/michielvh/code/one-b2c/ssm-connect/.build/DerivedData/Build/Products/Debug/PackageFrameworks -F /Users/michielvh/code/one-b2c/ssm-connect/.build/DerivedData/Build/Products/Debug/PackageFrameworks -F /Users/michielvh/code/one-b2c/ssm-connect/.build/DerivedData/Build/Products/Debug/PackageFrameworks -F /Users/michielvh/code/one-b2c/ssm-connect/.build/DerivedData/Build/Products/Debug/PackageFrameworks -F /Users/michielvh/code/one-b2c/ssm-connect/.build/DerivedData/Build/Products/Debug/PackageFrameworks -F /Users/michielvh/code/one-b2c/ssm-connect/.build/DerivedData/Build/Products/Debug/PackageFrameworks -F /Users/michielvh/code/one-b2c/ssm-connect/.build/DerivedData/Build/Products/Debug/PackageFrameworks -F /Users/michielvh/code/one-b2c/ssm-connect/.build/DerivedData/Build/Products/Debug/PackageFrameworks -F /Users/michielvh/code/one-b2c/ssm-connect/.build/DerivedData/Build/Products/Debug/PackageFrameworks -F /Users/michielvh/code/one-b2c/ssm-connect/.build/DerivedData/Build/Products/Debug/PackageFrameworks -F /Users/michielvh/code/one-b2c/ssm-connect/.build/DerivedData/Build/Products/Debug/PackageFrameworks -F /Users/michielvh/code/one-b2c/ssm-connect/.build/DerivedData/Build/Products/Debug/PackageFrameworks -F /Users/michielvh/code/one-b2c/ssm-connect/.build/DerivedData/Build/Products/Debug/PackageFrameworks -F /Users/michielvh/code/one-b2c/ssm-connect/.build/DerivedData/Build/Products/Debug/PackageFrameworks -F /Users/michielvh/code/one-b2c/ssm-connect/.build/DerivedData/Build/Products/Debug/PackageFrameworks -F /Users/michielvh/code/one-b2c/ssm-connect/.build/DerivedData/Build/Products/Debug/PackageFrameworks -F /Users/michielvh/code/one-b2c/ssm-connect/.build/DerivedData/Build/Products/Debug/PackageFrameworks -F /Users/michielvh/code/one-b2c/ssm-connect/.build/DerivedData/Build/Products/Debug/PackageFrameworks -F /Users/michielvh/code/one-b2c/ssm-connect/.build/DerivedData/Build/Products/Debug/PackageFrameworks -F /Users/michielvh/code/one-b2c/ssm-connect/.build/DerivedData/Build/Products/Debug/PackageFrameworks -F /Users/michielvh/code/one-b2c/ssm-connect/.build/DerivedData/Build/Products/Debug/PackageFrameworks -F /Users/michielvh/code/one-b2c/ssm-connect/.build/DerivedData/Build/Products/Debug/PackageFrameworks -F /Users/michielvh/code/one-b2c/ssm-connect/.build/DerivedData/Build/Products/Debug/PackageFrameworks -F /Users/michielvh/code/one-b2c/ssm-connect/.build/DerivedData/Build/Products/Debug/PackageFrameworks -F /Users/michielvh/code/one-b2c/ssm-connect/.build/DerivedData/Build/Products/Debug/PackageFrameworks -F /Users/michielvh/code/one-b2c/ssm-connect/.build/DerivedData/Build/Products/Debug/PackageFrameworks -F /Users/michielvh/code/one-b2c/ssm-connect/.build/DerivedData/Build/Products/Debug/PackageFrameworks -F /Users/michielvh/code/one-b2c/ssm-connect/.build/DerivedData/Build/Products/Debug/PackageFrameworks -F /Users/michielvh/code/one-b2c/ssm-connect/.build/DerivedData/Build/Products/Debug/PackageFrameworks -F /Users/michielvh/code/one-b2c/ssm-connect/.build/DerivedData/Build/Products/Debug/PackageFrameworks -F /Users/michielvh/code/one-b2c/ssm-connect/.build/DerivedData/Build/Products/Debug/PackageFrameworks -F /Users/michielvh/code/one-b2c/ssm-connect/.build/DerivedData/Build/Products/Debug/PackageFrameworks -F /Users/michielvh/code/one-b2c/ssm-connect/.build/DerivedData/Build/Products/Debug/PackageFrameworks -F /Users/michielvh/code/one-b2c/ssm-connect/.build/DerivedData/Build/Products/Debug/PackageFrameworks -F /Users/michielvh/code/one-b2c/ssm-connect/.build/DerivedData/Build/Products/Debug/PackageFrameworks -F /Users/michielvh/code/one-b2c/ssm-connect/.build/DerivedData/Build/Products/Debug/PackageFrameworks -F /Users/michielvh/code/one-b2c/ssm-connect/.build/DerivedData/Build/Products/Debug/PackageFrameworks -F /Users/michielvh/code/one-b2c/ssm-connect/.build/DerivedData/Build/Products/Debug/PackageFrameworks -F /Users/michielvh/code/one-b2c/ssm-connect/.build/DerivedData/Build/Products/Debug/PackageFrameworks -F /Users/michielvh/code/one-b2c/ssm-connect/.build/DerivedData/Build/Products/Debug/PackageFrameworks -F /Users/michielvh/code/one-b2c/ssm-connect/.build/DerivedData/Build/Products/Debug/PackageFrameworks -F /Users/michielvh/code/one-b2c/ssm-connect/.build/DerivedData/Build/Products/Debug/PackageFrameworks -F /Users/michielvh/code/one-b2c/ssm-connect/.build/DerivedData/Build/Products/Debug/PackageFrameworks -F /Users/michielvh/code/one-b2c/ssm-connect/.build/DerivedData/Build/Products/Debug/PackageFrameworks -F /Users/michielvh/code/one-b2c/ssm-connect/.build/DerivedData/Build/Products/Debug/PackageFrameworks -F /Users/michielvh/code/one-b2c/ssm-connect/.build/DerivedData/Build/Products/Debug/PackageFrameworks -F /Users/michielvh/code/one-b2c/ssm-connect/.build/DerivedData/Build/Products/Debug/PackageFrameworks -F /Users/michielvh/code/one-b2c/ssm-connect/.build/DerivedData/Build/Products/Debug/PackageFrameworks -F /Users/michielvh/code/one-b2c/ssm-connect/.build/DerivedData/Build/Products/Debug/PackageFrameworks -F /Users/michielvh/code/one-b2c/ssm-connect/.build/DerivedData/Build/Products/Debug/PackageFrameworks -F /Users/michielvh/code/one-b2c/ssm-connect/.build/DerivedData/Build/Products/Debug/PackageFrameworks -F /Users/michielvh/code/one-b2c/ssm-connect/.build/DerivedData/Build/Products/Debug/PackageFrameworks -F /Users/michielvh/code/one-b2c/ssm-connect/.build/DerivedData/Build/Products/Debug/PackageFrameworks -F /Users/michielvh/code/one-b2c/ssm-connect/.build/DerivedData/Build/Products/Debug/PackageFrameworks -F /Users/michielvh/code/one-b2c/ssm-connect/.build/DerivedData/Build/Products/Debug -c -j18 -enable-batch-mode -incremental -Xcc -ivfsstatcache -Xcc /Users/michielvh/code/one-b2c/ssm-connect/.build/DerivedData/SDKStatCaches.noindex/macosx26.5-25F70-e082c4a02f00227109f4ed75e425c832.sdkstatcache -output-file-map /Users/michielvh/code/one-b2c/ssm-connect/.build/DerivedData/Build/Intermediates.noindex/SSMConnect.build/Debug/SSMConnect.build/Objects-normal/arm64/SSMConnect-OutputFileMap.json -use-frontend-parseable-output -save-temps -no-color-diagnostics -explicit-module-build -module-cache-path /Users/michielvh/code/one-b2c/ssm-connect/.build/DerivedData/Build/Intermediates.noindex/SwiftExplicitPrecompiledModules -clang-scanner-module-cache-path /Users/michielvh/code/one-b2c/ssm-connect/.build/DerivedData/ModuleCache.noindex -sdk-module-cache-path /Users/michielvh/code/one-b2c/ssm-connect/.build/DerivedData/ModuleCache.noindex -serialize-diagnostics -emit-dependencies -emit-module -emit-module-path /Users/michielvh/code/one-b2c/ssm-connect/.build/DerivedData/Build/Intermediates.noindex/SSMConnect.build/Debug/SSMConnect.build/Objects-normal/arm64/SSMConnect.swiftmodule -validate-clang-modules-once -clang-build-session-file /Users/michielvh/code/one-b2c/ssm-connect/.build/DerivedData/ModuleCache.noindex/Session.modulevalidation -Xcc -I/Users/michielvh/code/one-b2c/ssm-connect/.build/DerivedData/Build/Intermediates.noindex/SSMConnect.build/Debug/SSMConnect.build/swift-overrides.hmap -emit-const-values -Xfrontend -const-gather-protocols-file -Xfrontend /Users/michielvh/code/one-b2c/ssm-connect/.build/DerivedData/Build/Intermediates.noindex/SSMConnect.build/Debug/SSMConnect.build/Objects-normal/arm64/SSMConnect_const_extract_protocols.json -Xcc -iquote -Xcc /Users/michielvh/code/one-b2c/ssm-connect/.build/DerivedData/Build/Intermediates.noindex/SSMConnect.build/Debug/SSMConnect.build/SSMConnect-generated-files.hmap -Xcc -I/Users/michielvh/code/one-b2c/ssm-connect/.build/DerivedData/Build/Intermediates.noindex/SSMConnect.build/Debug/SSMConnect.build/SSMConnect-own-target-headers.hmap -Xcc -I/Users/michielvh/code/one-b2c/ssm-connect/.build/DerivedData/Build/Intermediates.noindex/SSMConnect.build/Debug/SSMConnect.build/SSMConnect-all-non-framework-target-headers.hmap -Xcc -ivfsoverlay -Xcc /Users/michielvh/code/one-b2c/ssm-connect/.build/DerivedData/Build/Intermediates.noindex/SSMConnect.build/Debug/SSMConnect-143d7d7ca523301723e96f80ac4f74bb-VFS/all-product-headers.yaml -Xcc -iquote -Xcc /Users/michielvh/code/one-b2c/ssm-connect/.build/DerivedData/Build/Intermediates.noindex/SSMConnect.build/Debug/SSMConnect.build/SSMConnect-project-headers.hmap -Xcc -I/Users/michielvh/code/one-b2c/ssm-connect/.build/DerivedData/SourcePackages/checkouts/aws-crt-swift/aws-common-runtime/aws-c-mqtt/include -Xcc -I/Users/michielvh/code/one-b2c/ssm-connect/.build/DerivedData/SourcePackages/checkouts/aws-crt-swift/aws-common-runtime/aws-c-event-stream/include -Xcc -I/Users/michielvh/code/one-b2c/ssm-connect/.build/DerivedData/SourcePackages/checkouts/aws-crt-swift/aws-common-runtime/aws-checksums/include -Xcc -I/Users/michielvh/code/one-b2c/ssm-connect/.build/DerivedData/SourcePackages/checkouts/aws-crt-swift/aws-common-runtime/aws-c-auth/include -Xcc -I/Users/michielvh/code/one-b2c/ssm-connect/.build/DerivedData/SourcePackages/checkouts/aws-crt-swift/aws-common-runtime/aws-c-sdkutils/include -Xcc -I/Users/michielvh/code/one-b2c/ssm-connect/.build/DerivedData/SourcePackages/checkouts/aws-crt-swift/aws-common-runtime/aws-c-http/include -Xcc -I/Users/michielvh/code/one-b2c/ssm-connect/.build/DerivedData/SourcePackages/checkouts/aws-crt-swift/aws-common-runtime/aws-c-io/include -Xcc -I/Users/michielvh/code/one-b2c/ssm-connect/.build/DerivedData/SourcePackages/checkouts/aws-crt-swift/aws-common-runtime/aws-c-cal/include -Xcc -I/Users/michielvh/code/one-b2c/ssm-connect/.build/DerivedData/SourcePackages/checkouts/aws-crt-swift/aws-common-runtime/aws-c-compression/include -Xcc -I/Users/michielvh/code/one-b2c/ssm-connect/.build/DerivedData/SourcePackages/checkouts/aws-crt-swift/aws-common-runtime/aws-c-common/include -Xcc -I/Users/michielvh/code/one-b2c/ssm-connect/.build/DerivedData/SourcePackages/checkouts/aws-crt-swift/aws-common-runtime/config -Xcc -I/Users/michielvh/code/one-b2c/ssm-connect/.build/DerivedData/Build/Products/Debug/include -Xcc -I/Users/michielvh/code/one-b2c/ssm-connect/.build/DerivedData/Build/Intermediates.noindex/SSMConnect.build/Debug/SSMConnect.build/DerivedSources-normal/arm64 -Xcc -I/Users/michielvh/code/one-b2c/ssm-connect/.build/DerivedData/Build/Intermediates.noindex/SSMConnect.build/Debug/SSMConnect.build/DerivedSources/arm64 -Xcc -I/Users/michielvh/code/one-b2c/ssm-connect/.build/DerivedData/Build/Intermediates.noindex/SSMConnect.build/Debug/SSMConnect.build/DerivedSources -Xcc -DDEBUG\=1 -emit-objc-header -emit-objc-header-path /Users/michielvh/code/one-b2c/ssm-connect/.build/DerivedData/Build/Intermediates.noindex/SSMConnect.build/Debug/SSMConnect.build/Objects-normal/arm64/SSMConnect-Swift.h -working-directory /Users/michielvh/code/one-b2c/ssm-connect -experimental-emit-module-separately -disable-cmo

Ld /Users/michielvh/code/one-b2c/ssm-connect/.build/DerivedData/Build/Products/Debug/SSMConnect.app/Contents/MacOS/SSMConnect.debug.dylib normal (in target 'SSMConnect' from project 'SSMConnect')
    cd /Users/michielvh/code/one-b2c/ssm-connect
    /Applications/Xcode.app/Contents/Developer/Toolchains/XcodeDefault.xctoolchain/usr/bin/clang -Xlinker -reproducible -target arm64-apple-macos14.0 -dynamiclib -isysroot /Applications/Xcode.app/Contents/Developer/Platforms/MacOSX.platform/Developer/SDKs/MacOSX26.5.sdk -O0 -L/Users/michielvh/code/one-b2c/ssm-connect/.build/DerivedData/Build/Intermediates.noindex/EagerLinkingTBDs/Debug -L/Users/michielvh/code/one-b2c/ssm-connect/.build/DerivedData/Build/Products/Debug -F/Users/michielvh/code/one-b2c/ssm-connect/.build/DerivedData/Build/Intermediates.noindex/EagerLinkingTBDs/Debug -F/Users/michielvh/code/one-b2c/ssm-connect/.build/DerivedData/Build/Products/Debug/PackageFrameworks -F/Users/michielvh/code/one-b2c/ssm-connect/.build/DerivedData/Build/Products/Debug/PackageFrameworks -F/Users/michielvh/code/one-b2c/ssm-connect/.build/DerivedData/Build/Products/Debug/PackageFrameworks -F/Users/michielvh/code/one-b2c/ssm-connect/.build/DerivedData/Build/Products/Debug/PackageFrameworks -F/Users/michielvh/code/one-b2c/ssm-connect/.build/DerivedData/Build/Products/Debug/PackageFrameworks -F/Users/michielvh/code/one-b2c/ssm-connect/.build/DerivedData/Build/Products/Debug/PackageFrameworks -F/Users/michielvh/code/one-b2c/ssm-connect/.build/DerivedData/Build/Products/Debug/PackageFrameworks -F/Users/michielvh/code/one-b2c/ssm-connect/.build/DerivedData/Build/Products/Debug/PackageFrameworks -F/Users/michielvh/code/one-b2c/ssm-connect/.build/DerivedData/Build/Products/Debug/PackageFrameworks -F/Users/michielvh/code/one-b2c/ssm-connect/.build/DerivedData/Build/Products/Debug/PackageFrameworks -F/Users/michielvh/code/one-b2c/ssm-connect/.build/DerivedData/Build/Products/Debug/PackageFrameworks -F/Users/michielvh/code/one-b2c/ssm-connect/.build/DerivedData/Build/Products/Debug/PackageFrameworks -F/Users/michielvh/code/one-b2c/ssm-connect/.build/DerivedData/Build/Products/Debug/PackageFrameworks -F/Users/michielvh/code/one-b2c/ssm-connect/.build/DerivedData/Build/Products/Debug/PackageFrameworks -F/Users/michielvh/code/one-b2c/ssm-connect/.build/DerivedData/Build/Products/Debug/PackageFrameworks -F/Users/michielvh/code/one-b2c/ssm-connect/.build/DerivedData/Build/Products/Debug/PackageFrameworks -F/Users/michielvh/code/one-b2c/ssm-connect/.build/DerivedData/Build/Products/Debug/PackageFrameworks -F/Users/michielvh/code/one-b2c/ssm-connect/.build/DerivedData/Build/Products/Debug/PackageFrameworks -F/Users/michielvh/code/one-b2c/ssm-connect/.build/DerivedData/Build/Products/Debug/PackageFrameworks -F/Users/michielvh/code/one-b2c/ssm-connect/.build/DerivedData/Build/Products/Debug/PackageFrameworks -F/Users/michielvh/code/one-b2c/ssm-connect/.build/DerivedData/Build/Products/Debug/PackageFrameworks -F/Users/michielvh/code/one-b2c/ssm-connect/.build/DerivedData/Build/Products/Debug/PackageFrameworks -F/Users/michielvh/code/one-b2c/ssm-connect/.build/DerivedData/Build/Products/Debug/PackageFrameworks -F/Users/michielvh/code/one-b2c/ssm-connect/.build/DerivedData/Build/Products/Debug/PackageFrameworks -F/Users/michielvh/code/one-b2c/ssm-connect/.build/DerivedData/Build/Products/Debug/PackageFrameworks -F/Users/michielvh/code/one-b2c/ssm-connect/.build/DerivedData/Build/Products/Debug/PackageFrameworks -F/Users/michielvh/code/one-b2c/ssm-connect/.build/DerivedData/Build/Products/Debug/PackageFrameworks -F/Users/michielvh/code/one-b2c/ssm-connect/.build/DerivedData/Build/Products/Debug/PackageFrameworks -F/Users/michielvh/code/one-b2c/ssm-connect/.build/DerivedData/Build/Products/Debug/PackageFrameworks -F/Users/michielvh/code/one-b2c/ssm-connect/.build/DerivedData/Build/Products/Debug/PackageFrameworks -F/Users/michielvh/code/one-b2c/ssm-connect/.build/DerivedData/Build/Products/Debug/PackageFrameworks -F/Users/michielvh/code/one-b2c/ssm-connect/.build/DerivedData/Build/Products/Debug/PackageFrameworks -F/Users/michielvh/code/one-b2c/ssm-connect/.build/DerivedData/Build/Products/Debug/PackageFrameworks -F/Users/michielvh/code/one-b2c/ssm-connect/.build/DerivedData/Build/Products/Debug/PackageFrameworks -F/Users/michielvh/code/one-b2c/ssm-connect/.build/DerivedData/Build/Products/Debug/PackageFrameworks -F/Users/michielvh/code/one-b2c/ssm-connect/.build/DerivedData/Build/Products/Debug/PackageFrameworks -F/Users/michielvh/code/one-b2c/ssm-connect/.build/DerivedData/Build/Products/Debug/PackageFrameworks -F/Users/michielvh/code/one-b2c/ssm-connect/.build/DerivedData/Build/Products/Debug/PackageFrameworks -F/Users/michielvh/code/one-b2c/ssm-connect/.build/DerivedData/Build/Products/Debug/PackageFrameworks -F/Users/michielvh/code/one-b2c/ssm-connect/.build/DerivedData/Build/Products/Debug/PackageFrameworks -F/Users/michielvh/code/one-b2c/ssm-connect/.build/DerivedData/Build/Products/Debug/PackageFrameworks -F/Users/michielvh/code/one-b2c/ssm-connect/.build/DerivedData/Build/Products/Debug/PackageFrameworks -F/Users/michielvh/code/one-b2c/ssm-connect/.build/DerivedData/Build/Products/Debug/PackageFrameworks -F/Users/michielvh/code/one-b2c/ssm-connect/.build/DerivedData/Build/Products/Debug/PackageFrameworks -F/Users/michielvh/code/one-b2c/ssm-connect/.build/DerivedData/Build/Products/Debug/PackageFrameworks -F/Users/michielvh/code/one-b2c/ssm-connect/.build/DerivedData/Build/Products/Debug/PackageFrameworks -F/Users/michielvh/code/one-b2c/ssm-connect/.build/DerivedData/Build/Products/Debug/PackageFrameworks -F/Users/michielvh/code/one-b2c/ssm-connect/.build/DerivedData/Build/Products/Debug/PackageFrameworks -F/Users/michielvh/code/one-b2c/ssm-connect/.build/DerivedData/Build/Products/Debug/PackageFrameworks -F/Users/michielvh/code/one-b2c/ssm-connect/.build/DerivedData/Build/Products/Debug/PackageFrameworks -F/Users/michielvh/code/one-b2c/ssm-connect/.build/DerivedData/Build/Products/Debug/PackageFrameworks -F/Users/michielvh/code/one-b2c/ssm-connect/.build/DerivedData/Build/Products/Debug/PackageFrameworks -F/Users/michielvh/code/one-b2c/ssm-connect/.build/DerivedData/Build/Products/Debug/PackageFrameworks -F/Users/michielvh/code/one-b2c/ssm-connect/.build/DerivedData/Build/Products/Debug/PackageFrameworks -F/Users/michielvh/code/one-b2c/ssm-connect/.build/DerivedData/Build/Products/Debug/PackageFrameworks -F/Users/michielvh/code/one-b2c/ssm-connect/.build/DerivedData/Build/Products/Debug/PackageFrameworks -F/Users/michielvh/code/one-b2c/ssm-connect/.build/DerivedData/Build/Products/Debug/PackageFrameworks -F/Users/michielvh/code/one-b2c/ssm-connect/.build/DerivedData/Build/Products/Debug -filelist /Users/michielvh/code/one-b2c/ssm-connect/.build/DerivedData/Build/Intermediates.noindex/SSMConnect.build/Debug/SSMConnect.build/Objects-normal/arm64/SSMConnect.LinkFileList -install_name @rpath/SSMConnect.debug.dylib -Xlinker -rpath -Xlinker /usr/lib/swift -Xlinker -rpath -Xlinker /Users/michielvh/code/one-b2c/ssm-connect/.build/DerivedData/Build/Products/Debug/PackageFrameworks -Xlinker -rpath -Xlinker @executable_path/../Frameworks -Xlinker -object_path_lto -Xlinker /Users/michielvh/code/one-b2c/ssm-connect/.build/DerivedData/Build/Intermediates.noindex/SSMConnect.build/Debug/SSMConnect.build/Objects-normal/arm64/SSMConnect_lto.o -rdynamic -Xlinker -no_deduplicate -Xlinker -dependency_info -Xlinker /Users/michielvh/code/one-b2c/ssm-connect/.build/DerivedData/Build/Intermediates.noindex/SSMConnect.build/Debug/SSMConnect.build/Objects-normal/arm64/SSMConnect_dependency_info.dat -fobjc-link-runtime -L/Applications/Xcode.app/Contents/Developer/Toolchains/XcodeDefault.xctoolchain/usr/lib/swift/macosx -L/usr/lib/swift -Xlinker -add_ast_path -Xlinker /Users/michielvh/code/one-b2c/ssm-connect/.build/DerivedData/Build/Intermediates.noindex/SSMConnect.build/Debug/SSMConnect.build/Objects-normal/arm64/SSMConnect.swiftmodule @/Users/michielvh/code/one-b2c/ssm-connect/.build/DerivedData/Build/Intermediates.noindex/SSMConnect.build/Debug/SSMConnect.build/Objects-normal/arm64/SSMConnect-linker-args.resp -Wl,-no_warn_duplicate_libraries -Wl,-no_warn_duplicate_libraries -Wl,-no_warn_duplicate_libraries -Wl,-no_warn_duplicate_libraries -Wl,-no_warn_duplicate_libraries -Wl,-no_warn_duplicate_libraries -Wl,-no_warn_duplicate_libraries -Wl,-no_warn_duplicate_libraries -Wl,-no_warn_duplicate_libraries -Wl,-no_warn_duplicate_libraries -Wl,-no_warn_duplicate_libraries -Wl,-no_warn_duplicate_libraries -Wl,-no_warn_duplicate_libraries -Wl,-no_warn_duplicate_libraries -Wl,-no_warn_duplicate_libraries -Wl,-no_warn_duplicate_libraries -Wl,-no_warn_duplicate_libraries -Wl,-no_warn_duplicate_libraries -Wl,-no_warn_duplicate_libraries -Wl,-no_warn_duplicate_libraries -Wl,-no_warn_duplicate_libraries -Wl,-no_warn_duplicate_libraries -Wl,-no_warn_duplicate_libraries -Wl,-no_warn_duplicate_libraries -Wl,-no_warn_duplicate_libraries -Wl,-no_warn_duplicate_libraries -Wl,-no_warn_duplicate_libraries -Wl,-no_warn_duplicate_libraries -Wl,-no_warn_duplicate_libraries -Wl,-no_warn_duplicate_libraries -Wl,-no_warn_duplicate_libraries -Wl,-no_warn_duplicate_libraries -Wl,-no_warn_duplicate_libraries -Wl,-no_warn_duplicate_libraries -Wl,-no_warn_duplicate_libraries -Wl,-no_warn_duplicate_libraries -Wl,-no_warn_duplicate_libraries -Wl,-no_warn_duplicate_libraries -Wl,-no_warn_duplicate_libraries -Wl,-no_warn_duplicate_libraries -Wl,-no_warn_duplicate_libraries -Wl,-no_warn_duplicate_libraries -Wl,-no_warn_duplicate_libraries -Wl,-no_warn_duplicate_libraries -Wl,-no_warn_duplicate_libraries -Wl,-no_warn_duplicate_libraries -Wl,-no_warn_duplicate_libraries -Wl,-no_warn_duplicate_libraries -Wl,-no_warn_duplicate_libraries -Wl,-no_warn_duplicate_libraries -Wl,-no_warn_duplicate_libraries -Wl,-no_warn_duplicate_libraries -Wl,-no_warn_duplicate_libraries -Wl,-no_warn_duplicate_libraries -Wl,-no_warn_duplicate_libraries -Wl,-no_warn_duplicate_libraries -Wl,-no_warn_duplicate_libraries -Xlinker -alias -Xlinker _main -Xlinker ___debug_main_executable_dylib_entry_point -Xlinker -no_adhoc_codesign -o /Users/michielvh/code/one-b2c/ssm-connect/.build/DerivedData/Build/Products/Debug/SSMConnect.app/Contents/MacOS/SSMConnect.debug.dylib -Xlinker -add_ast_path -Xlinker /Users/michielvh/code/one-b2c/ssm-connect/.build/DerivedData/Build/Intermediates.noindex/aws-sdk-swift.build/Debug/AWSSSOOIDC.build/Objects-normal/arm64/AWSSSOOIDC.swiftmodule @/Users/michielvh/code/one-b2c/ssm-connect/.build/DerivedData/Build/Intermediates.noindex/aws-sdk-swift.build/Debug/AWSSSOOIDC.build/Objects-normal/arm64/AWSSSOOIDC-linker-args.resp -Xlinker -add_ast_path -Xlinker /Users/michielvh/code/one-b2c/ssm-connect/.build/DerivedData/Build/Intermediates.noindex/aws-crt-swift.build/Debug/AwsCommonRuntimeKit.build/Objects-normal/arm64/AwsCommonRuntimeKit.swiftmodule @/Users/michielvh/code/one-b2c/ssm-connect/.build/DerivedData/Build/Intermediates.noindex/aws-crt-swift.build/Debug/AwsCommonRuntimeKit.build/Objects-normal/arm64/AwsCommonRuntimeKit-linker-args.resp -Xlinker -add_ast_path -Xlinker /Users/michielvh/code/one-b2c/ssm-connect/.build/DerivedData/Build/Intermediates.noindex/aws-sdk-swift.build/Debug/AWSSDKCommon.build/Objects-normal/arm64/AWSSDKCommon.swiftmodule @/Users/michielvh/code/one-b2c/ssm-connect/.build/DerivedData/Build/Intermediates.noindex/aws-sdk-swift.build/Debug/AWSSDKCommon.build/Objects-normal/arm64/AWSSDKCommon-linker-args.resp -Xlinker -add_ast_path -Xlinker /Users/michielvh/code/one-b2c/ssm-connect/.build/DerivedData/Build/Intermediates.noindex/smithy-swift.build/Debug/Smithy.build/Objects-normal/arm64/Smithy.swiftmodule @/Users/michielvh/code/one-b2c/ssm-connect/.build/DerivedData/Build/Intermediates.noindex/smithy-swift.build/Debug/Smithy.build/Objects-normal/arm64/Smithy-linker-args.resp -Xlinker -add_ast_path -Xlinker /Users/michielvh/code/one-b2c/ssm-connect/.build/DerivedData/Build/Intermediates.noindex/swift-log.build/Debug/Logging.build/Objects-normal/arm64/Logging.swiftmodule @/Users/michielvh/code/one-b2c/ssm-connect/.build/DerivedData/Build/Intermediates.noindex/swift-log.build/Debug/Logging.build/Objects-normal/arm64/Logging-linker-args.resp -Xlinker -add_ast_path -Xlinker /Users/michielvh/code/one-b2c/ssm-connect/.build/DerivedData/Build/Intermediates.noindex/smithy-swift.build/Debug/SmithyIdentityAPI.build/Objects-normal/arm64/SmithyIdentityAPI.swiftmodule @/Users/michielvh/code/one-b2c/ssm-connect/.build/DerivedData/Build/Intermediates.noindex/smithy-swift.build/Debug/SmithyIdentityAPI.build/Objects-normal/arm64/SmithyIdentityAPI-linker-args.resp -Xlinker -add_ast_path -Xlinker /Users/michielvh/code/one-b2c/ssm-connect/.build/DerivedData/Build/Intermediates.noindex/aws-sdk-swift.build/Debug/AWSSDKIdentityAPI.build/Objects-normal/arm64/AWSSDKIdentityAPI.swiftmodule @/Users/michielvh/code/one-b2c/ssm-connect/.build/DerivedData/Build/Intermediates.noindex/aws-sdk-swift.build/Debug/AWSSDKIdentityAPI.build/Objects-normal/arm64/AWSSDKIdentityAPI-linker-args.resp -Xlinker -add_ast_path -Xlinker /Users/michielvh/code/one-b2c/ssm-connect/.build/DerivedData/Build/Intermediates.noindex/smithy-swift.build/Debug/SmithyChecksums.build/Objects-normal/arm64/SmithyChecksums.swiftmodule @/Users/michielvh/code/one-b2c/ssm-connect/.build/DerivedData/Build/Intermediates.noindex/smithy-swift.build/Debug/SmithyChecksums.build/Objects-normal/arm64/SmithyChecksums-linker-args.resp -Xlinker -add_ast_path -Xlinker /Users/michielvh/code/one-b2c/ssm-connect/.build/DerivedData/Build/Intermediates.noindex/smithy-swift.build/Debug/SmithyChecksumsAPI.build/Objects-normal/arm64/SmithyChecksumsAPI.swiftmodule @/Users/michielvh/code/one-b2c/ssm-connect/.build/DerivedData/Build/Intermediates.noindex/smithy-swift.build/Debug/SmithyChecksumsAPI.build/Objects-normal/arm64/SmithyChecksumsAPI-linker-args.resp -Xlinker -add_ast_path -Xlinker /Users/michielvh/code/one-b2c/ssm-connect/.build/DerivedData/Build/Intermediates.noindex/smithy-swift.build/Debug/SmithyStreams.build/Objects-normal/arm64/SmithyStreams.swiftmodule @/Users/michielvh/code/one-b2c/ssm-connect/.build/DerivedData/Build/Intermediates.noindex/smithy-swift.build/Debug/SmithyStreams.build/Objects-normal/arm64/SmithyStreams-linker-args.resp -Xlinker -add_ast_path -Xlinker /Users/michielvh/code/one-b2c/ssm-connect/.build/DerivedData/Build/Intermediates.noindex/smithy-swift.build/Debug/SmithyHTTPAPI.build/Objects-normal/arm64/SmithyHTTPAPI.swiftmodule @/Users/michielvh/code/one-b2c/ssm-connect/.build/DerivedData/Build/Intermediates.noindex/smithy-swift.build/Debug/SmithyHTTPAPI.build/Objects-normal/arm64/SmithyHTTPAPI-linker-args.resp -Xlinker -add_ast_path -Xlinker /Users/michielvh/code/one-b2c/ssm-connect/.build/DerivedData/Build/Intermediates.noindex/smithy-swift.build/Debug/SmithyHTTPClient.build/Objects-normal/arm64/SmithyHTTPClient.swiftmodule @/Users/michielvh/code/one-b2c/ssm-connect/.build/DerivedData/Build/Intermediates.noindex/smithy-swift.build/Debug/SmithyHTTPClient.build/Objects-normal/arm64/SmithyHTTPClient-linker-args.resp -Xlinker -add_ast_path -Xlinker /Users/michielvh/code/one-b2c/ssm-connect/.build/DerivedData/Build/Intermediates.noindex/aws-sdk-swift.build/Debug/AWSSDKChecksums.build/Objects-normal/arm64/AWSSDKChecksums.swiftmodule @/Users/michielvh/code/one-b2c/ssm-connect/.build/DerivedData/Build/Intermediates.noindex/aws-sdk-swift.build/Debug/AWSSDKChecksums.build/Objects-normal/arm64/AWSSDKChecksums-linker-args.resp -Xlinker -add_ast_path -Xlinker /Users/michielvh/code/one-b2c/ssm-connect/.build/DerivedData/Build/Intermediates.noindex/smithy-swift.build/Debug/SmithyHTTPAuth.build/Objects-normal/arm64/SmithyHTTPAuth.swiftmodule @/Users/michielvh/code/one-b2c/ssm-connect/.build/DerivedData/Build/Intermediates.noindex/smithy-swift.build/Debug/SmithyHTTPAuth.build/Objects-normal/arm64/SmithyHTTPAuth-linker-args.resp -Xlinker -add_ast_path -Xlinker /Users/michielvh/code/one-b2c/ssm-connect/.build/DerivedData/Build/Intermediates.noindex/smithy-swift.build/Debug/SmithyHTTPAuthAPI.build/Objects-normal/arm64/SmithyHTTPAuthAPI.swiftmodule @/Users/michielvh/code/one-b2c/ssm-connect/.build/DerivedData/Build/Intermediates.noindex/smithy-swift.build/Debug/SmithyHTTPAuthAPI.build/Objects-normal/arm64/SmithyHTTPAuthAPI-linker-args.resp -Xlinker -add_ast_path -Xlinker /Users/michielvh/code/one-b2c/ssm-connect/.build/DerivedData/Build/Intermediates.noindex/smithy-swift.build/Debug/SmithyIdentity.build/Objects-normal/arm64/SmithyIdentity.swiftmodule @/Users/michielvh/code/one-b2c/ssm-connect/.build/DerivedData/Build/Intermediates.noindex/smithy-swift.build/Debug/SmithyIdentity.build/Objects-normal/arm64/SmithyIdentity-linker-args.resp -Xlinker -add_ast_path -Xlinker /Users/michielvh/code/one-b2c/ssm-connect/.build/DerivedData/Build/Intermediates.noindex/aws-sdk-swift.build/Debug/AWSSDKHTTPAuth.build/Objects-normal/arm64/AWSSDKHTTPAuth.swiftmodule @/Users/michielvh/code/one-b2c/ssm-connect/.build/DerivedData/Build/Intermediates.noindex/aws-sdk-swift.build/Debug/AWSSDKHTTPAuth.build/Objects-normal/arm64/AWSSDKHTTPAuth-linker-args.resp -Xlinker -add_ast_path -Xlinker /Users/michielvh/code/one-b2c/ssm-connect/.build/DerivedData/Build/Intermediates.noindex/aws-sdk-swift.build/Debug/AWSSDKDynamic.build/Objects-normal/arm64/AWSSDKDynamic.swiftmodule @/Users/michielvh/code/one-b2c/ssm-connect/.build/DerivedData/Build/Intermediates.noindex/aws-sdk-swift.build/Debug/AWSSDKDynamic.build/Objects-normal/arm64/AWSSDKDynamic-linker-args.resp -Xlinker -add_ast_path -Xlinker /Users/michielvh/code/one-b2c/ssm-connect/.build/DerivedData/Build/Intermediates.noindex/smithy-swift.build/Debug/ClientRuntime.build/Objects-normal/arm64/ClientRuntime.swiftmodule @/Users/michielvh/code/one-b2c/ssm-connect/.build/DerivedData/Build/Intermediates.noindex/smithy-swift.build/Debug/ClientRuntime.build/Objects-normal/arm64/ClientRuntime-linker-args.resp -Xlinker -add_ast_path -Xlinker /Users/michielvh/code/one-b2c/ssm-connect/.build/DerivedData/Build/Intermediates.noindex/smithy-swift.build/Debug/SmithyTelemetryAPI.build/Objects-normal/arm64/SmithyTelemetryAPI.swiftmodule @/Users/michielvh/code/one-b2c/ssm-connect/.build/DerivedData/Build/Intermediates.noindex/smithy-swift.build/Debug/SmithyTelemetryAPI.build/Objects-normal/arm64/SmithyTelemetryAPI-linker-args.resp -Xlinker -add_ast_path -Xlinker /Users/michielvh/code/one-b2c/ssm-connect/.build/DerivedData/Build/Intermediates.noindex/smithy-swift.build/Debug/SmithyHTTPClientAPI.build/Objects-normal/arm64/SmithyHTTPClientAPI.swiftmodule @/Users/michielvh/code/one-b2c/ssm-connect/.build/DerivedData/Build/Intermediates.noindex/smithy-swift.build/Debug/SmithyHTTPClientAPI.build/Objects-normal/arm64/SmithyHTTPClientAPI-linker-args.resp -Xlinker -add_ast_path -Xlinker /Users/michielvh/code/one-b2c/ssm-connect/.build/DerivedData/Build/Intermediates.noindex/smithy-swift.build/Debug/SmithyRetriesAPI.build/Objects-normal/arm64/SmithyRetriesAPI.swiftmodule @/Users/michielvh/code/one-b2c/ssm-connect/.build/DerivedData/Build/Intermediates.noindex/smithy-swift.build/Debug/SmithyRetriesAPI.build/Objects-normal/arm64/SmithyRetriesAPI-linker-args.resp -Xlinker -add_ast_path -Xlinker /Users/michielvh/code/one-b2c/ssm-connect/.build/DerivedData/Build/Intermediates.noindex/smithy-swift.build/Debug/SmithyRetries.build/Objects-normal/arm64/SmithyRetries.swiftmodule @/Users/michielvh/code/one-b2c/ssm-connect/.build/DerivedData/Build/Intermediates.noindex/smithy-swift.build/Debug/SmithyRetries.build/Objects-normal/arm64/SmithyRetries-linker-args.resp -Xlinker -add_ast_path -Xlinker /Users/michielvh/code/one-b2c/ssm-connect/.build/DerivedData/Build/Intermediates.noindex/smithy-swift.build/Debug/SmithySerialization.build/Objects-normal/arm64/SmithySerialization.swiftmodule @/Users/michielvh/code/one-b2c/ssm-connect/.build/DerivedData/Build/Intermediates.noindex/smithy-swift.build/Debug/SmithySerialization.build/Objects-normal/arm64/SmithySerialization-linker-args.resp -Xlinker -add_ast_path -Xlinker /Users/michielvh/code/one-b2c/ssm-connect/.build/DerivedData/Build/Intermediates.noindex/smithy-swift.build/Debug/SmithyTimestamps.build/Objects-normal/arm64/SmithyTimestamps.swiftmodule @/Users/michielvh/code/one-b2c/ssm-connect/.build/DerivedData/Build/Intermediates.noindex/smithy-swift.build/Debug/SmithyTimestamps.build/Objects-normal/arm64/SmithyTimestamps-linker-args.resp -Xlinker -add_ast_path -Xlinker /Users/michielvh/code/one-b2c/ssm-connect/.build/DerivedData/Build/Intermediates.noindex/smithy-swift.build/Debug/SmithyReadWrite.build/Objects-normal/arm64/SmithyReadWrite.swiftmodule @/Users/michielvh/code/one-b2c/ssm-connect/.build/DerivedData/Build/Intermediates.noindex/smithy-swift.build/Debug/SmithyReadWrite.build/Objects-normal/arm64/SmithyReadWrite-linker-args.resp -Xlinker -add_ast_path -Xlinker /Users/michielvh/code/one-b2c/ssm-connect/.build/DerivedData/Build/Intermediates.noindex/smithy-swift.build/Debug/SmithyXML.build/Objects-normal/arm64/SmithyXML.swiftmodule @/Users/michielvh/code/one-b2c/ssm-connect/.build/DerivedData/Build/Intermediates.noindex/smithy-swift.build/Debug/SmithyXML.build/Objects-normal/arm64/SmithyXML-linker-args.resp -Xlinker -add_ast_path -Xlinker /Users/michielvh/code/one-b2c/ssm-connect/.build/DerivedData/Build/Intermediates.noindex/smithy-swift.build/Debug/SmithyJSON.build/Objects-normal/arm64/SmithyJSON.swiftmodule @/Users/michielvh/code/one-b2c/ssm-connect/.build/DerivedData/Build/Intermediates.noindex/smithy-swift.build/Debug/SmithyJSON.build/Objects-normal/arm64/SmithyJSON-linker-args.resp -Xlinker -add_ast_path -Xlinker /Users/michielvh/code/one-b2c/ssm-connect/.build/DerivedData/Build/Intermediates.noindex/smithy-swift.build/Debug/SmithyFormURL.build/Objects-normal/arm64/SmithyFormURL.swiftmodule @/Users/michielvh/code/one-b2c/ssm-connect/.build/DerivedData/Build/Intermediates.noindex/smithy-swift.build/Debug/SmithyFormURL.build/Objects-normal/arm64/SmithyFormURL-linker-args.resp -Xlinker -add_ast_path -Xlinker /Users/michielvh/code/one-b2c/ssm-connect/.build/DerivedData/Build/Intermediates.noindex/smithy-swift.build/Debug/SmithyEventStreamsAPI.build/Objects-normal/arm64/SmithyEventStreamsAPI.swiftmodule @/Users/michielvh/code/one-b2c/ssm-connect/.build/DerivedData/Build/Intermediates.noindex/smithy-swift.build/Debug/SmithyEventStreamsAPI.build/Objects-normal/arm64/SmithyEventStreamsAPI-linker-args.resp -Xlinker -add_ast_path -Xlinker /Users/michielvh/code/one-b2c/ssm-connect/.build/DerivedData/Build/Intermediates.noindex/smithy-swift.build/Debug/SmithyEventStreamsAuthAPI.build/Objects-normal/arm64/SmithyEventStreamsAuthAPI.swiftmodule @/Users/michielvh/code/one-b2c/ssm-connect/.build/DerivedData/Build/Intermediates.noindex/smithy-swift.build/Debug/SmithyEventStreamsAuthAPI.build/Objects-normal/arm64/SmithyEventStreamsAuthAPI-linker-args.resp -Xlinker -add_ast_path -Xlinker /Users/michielvh/code/one-b2c/ssm-connect/.build/DerivedData/Build/Intermediates.noindex/smithy-swift.build/Debug/SmithyEventStreams.build/Objects-normal/arm64/SmithyEventStreams.swiftmodule @/Users/michielvh/code/one-b2c/ssm-connect/.build/DerivedData/Build/Intermediates.noindex/smithy-swift.build/Debug/SmithyEventStreams.build/Objects-normal/arm64/SmithyEventStreams-linker-args.resp -Xlinker -add_ast_path -Xlinker /Users/michielvh/code/one-b2c/ssm-connect/.build/DerivedData/Build/Intermediates.noindex/smithy-swift.build/Debug/SmithyCBOR.build/Objects-normal/arm64/SmithyCBOR.swiftmodule @/Users/michielvh/code/one-b2c/ssm-connect/.build/DerivedData/Build/Intermediates.noindex/smithy-swift.build/Debug/SmithyCBOR.build/Objects-normal/arm64/SmithyCBOR-linker-args.resp -Xlinker -add_ast_path -Xlinker /Users/michielvh/code/one-b2c/ssm-connect/.build/DerivedData/Build/Intermediates.noindex/aws-sdk-swift.build/Debug/AWSClientRuntime.build/Objects-normal/arm64/AWSClientRuntime.swiftmodule @/Users/michielvh/code/one-b2c/ssm-connect/.build/DerivedData/Build/Intermediates.noindex/aws-sdk-swift.build/Debug/AWSClientRuntime.build/Objects-normal/arm64/AWSClientRuntime-linker-args.resp -Xlinker -add_ast_path -Xlinker /Users/michielvh/code/one-b2c/ssm-connect/.build/DerivedData/Build/Intermediates.noindex/smithy-swift.build/Debug/SmithyAWSJSON.build/Objects-normal/arm64/SmithyAWSJSON.swiftmodule @/Users/michielvh/code/one-b2c/ssm-connect/.build/DerivedData/Build/Intermediates.noindex/smithy-swift.build/Debug/SmithyAWSJSON.build/Objects-normal/arm64/SmithyAWSJSON-linker-args.resp -Xlinker -add_ast_path -Xlinker /Users/michielvh/code/one-b2c/ssm-connect/.build/DerivedData/Build/Intermediates.noindex/aws-sdk-swift.build/Debug/InternalAWSCognitoIdentity.build/Objects-normal/arm64/InternalAWSCognitoIdentity.swiftmodule @/Users/michielvh/code/one-b2c/ssm-connect/.build/DerivedData/Build/Intermediates.noindex/aws-sdk-swift.build/Debug/InternalAWSCognitoIdentity.build/Objects-normal/arm64/InternalAWSCognitoIdentity-linker-args.resp -Xlinker -add_ast_path -Xlinker /Users/michielvh/code/one-b2c/ssm-connect/.build/DerivedData/Build/Intermediates.noindex/aws-sdk-swift.build/Debug/InternalAWSSSO.build/Objects-normal/arm64/InternalAWSSSO.swiftmodule @/Users/michielvh/code/one-b2c/ssm-connect/.build/DerivedData/Build/Intermediates.noindex/aws-sdk-swift.build/Debug/InternalAWSSSO.build/Objects-normal/arm64/InternalAWSSSO-linker-args.resp -Xlinker -add_ast_path -Xlinker /Users/michielvh/code/one-b2c/ssm-connect/.build/DerivedData/Build/Intermediates.noindex/aws-sdk-swift.build/Debug/InternalAWSSSOOIDC.build/Objects-normal/arm64/InternalAWSSSOOIDC.swiftmodule @/Users/michielvh/code/one-b2c/ssm-connect/.build/DerivedData/Build/Intermediates.noindex/aws-sdk-swift.build/Debug/InternalAWSSSOOIDC.build/Objects-normal/arm64/InternalAWSSSOOIDC-linker-args.resp -Xlinker -add_ast_path -Xlinker /Users/michielvh/code/one-b2c/ssm-connect/.build/DerivedData/Build/Intermediates.noindex/aws-sdk-swift.build/Debug/InternalAWSSTS.build/Objects-normal/arm64/InternalAWSSTS.swiftmodule @/Users/michielvh/code/one-b2c/ssm-connect/.build/DerivedData/Build/Intermediates.noindex/aws-sdk-swift.build/Debug/InternalAWSSTS.build/Objects-normal/arm64/InternalAWSSTS-linker-args.resp -Xlinker -add_ast_path -Xlinker /Users/michielvh/code/one-b2c/ssm-connect/.build/DerivedData/Build/Intermediates.noindex/aws-sdk-swift.build/Debug/InternalAWSSignin.build/Objects-normal/arm64/InternalAWSSignin.swiftmodule @/Users/michielvh/code/one-b2c/ssm-connect/.build/DerivedData/Build/Intermediates.noindex/aws-sdk-swift.build/Debug/InternalAWSSignin.build/Objects-normal/arm64/InternalAWSSignin-linker-args.resp -Xlinker -add_ast_path -Xlinker /Users/michielvh/code/one-b2c/ssm-connect/.build/DerivedData/Build/Intermediates.noindex/aws-sdk-swift.build/Debug/AWSSDKIdentity.build/Objects-normal/arm64/AWSSDKIdentity.swiftmodule @/Users/michielvh/code/one-b2c/ssm-connect/.build/DerivedData/Build/Intermediates.noindex/aws-sdk-swift.build/Debug/AWSSDKIdentity.build/Objects-normal/arm64/AWSSDKIdentity-linker-args.resp -Xlinker -add_ast_path -Xlinker /Users/michielvh/code/one-b2c/ssm-connect/.build/DerivedData/Build/Intermediates.noindex/aws-sdk-swift.build/Debug/AWSSSO.build/Objects-normal/arm64/AWSSSO.swiftmodule @/Users/michielvh/code/one-b2c/ssm-connect/.build/DerivedData/Build/Intermediates.noindex/aws-sdk-swift.build/Debug/AWSSSO.build/Objects-normal/arm64/AWSSSO-linker-args.resp -Xlinker -add_ast_path -Xlinker /Users/michielvh/code/one-b2c/ssm-connect/.build/DerivedData/Build/Intermediates.noindex/aws-sdk-swift.build/Debug/AWSEC2.build/Objects-normal/arm64/AWSEC2.swiftmodule @/Users/michielvh/code/one-b2c/ssm-connect/.build/DerivedData/Build/Intermediates.noindex/aws-sdk-swift.build/Debug/AWSEC2.build/Objects-normal/arm64/AWSEC2-linker-args.resp -Xlinker -add_ast_path -Xlinker /Users/michielvh/code/one-b2c/ssm-connect/.build/DerivedData/Build/Intermediates.noindex/smithy-swift.build/Debug/SmithyWaitersAPI.build/Objects-normal/arm64/SmithyWaitersAPI.swiftmodule @/Users/michielvh/code/one-b2c/ssm-connect/.build/DerivedData/Build/Intermediates.noindex/smithy-swift.build/Debug/SmithyWaitersAPI.build/Objects-normal/arm64/SmithyWaitersAPI-linker-args.resp -Xlinker -add_ast_path -Xlinker /Users/michielvh/code/one-b2c/ssm-connect/.build/DerivedData/Build/Intermediates.noindex/aws-sdk-swift.build/Debug/AWSSSM.build/Objects-normal/arm64/AWSSSM.swiftmodule @/Users/michielvh/code/one-b2c/ssm-connect/.build/DerivedData/Build/Intermediates.noindex/aws-sdk-swift.build/Debug/AWSSSM.build/Objects-normal/arm64/AWSSSM-linker-args.resp -Xlinker -add_ast_path -Xlinker /Users/michielvh/code/one-b2c/ssm-connect/.build/DerivedData/Build/Intermediates.noindex/aws-sdk-swift.build/Debug/AWSSecretsManager.build/Objects-normal/arm64/AWSSecretsManager.swiftmodule @/Users/michielvh/code/one-b2c/ssm-connect/.build/DerivedData/Build/Intermediates.noindex/aws-sdk-swift.build/Debug/AWSSecretsManager.build/Objects-normal/arm64/AWSSecretsManager-linker-args.resp

ConstructStubExecutorLinkFileList /Users/michielvh/code/one-b2c/ssm-connect/.build/DerivedData/Build/Intermediates.noindex/SSMConnect.build/Debug/SSMConnect.build/SSMConnect-ExecutorLinkFileList-normal-arm64.txt (in target 'SSMConnect' from project 'SSMConnect')
    cd /Users/michielvh/code/one-b2c/ssm-connect
    construct-stub-executor-link-file-list /Users/michielvh/code/one-b2c/ssm-connect/.build/DerivedData/Build/Products/Debug/SSMConnect.app/Contents/MacOS/SSMConnect.debug.dylib /Applications/Xcode.app/Contents/Developer/Platforms/MacOSX.platform/Developer/usr/lib/libPreviewsJITStubExecutor_no_swift_entry_point.a /Applications/Xcode.app/Contents/Developer/Platforms/MacOSX.platform/Developer/usr/lib/libPreviewsJITStubExecutor.a --output /Users/michielvh/code/one-b2c/ssm-connect/.build/DerivedData/Build/Intermediates.noindex/SSMConnect.build/Debug/SSMConnect.build/SSMConnect-ExecutorLinkFileList-normal-arm64.txt
note: Using stub executor library with Swift entry point. (in target 'SSMConnect' from project 'SSMConnect')

Ld /Users/michielvh/code/one-b2c/ssm-connect/.build/DerivedData/Build/Products/Debug/SSMConnect.app/Contents/MacOS/SSMConnect normal (in target 'SSMConnect' from project 'SSMConnect')
    cd /Users/michielvh/code/one-b2c/ssm-connect
    /Applications/Xcode.app/Contents/Developer/Toolchains/XcodeDefault.xctoolchain/usr/bin/clang -Xlinker -reproducible -target arm64-apple-macos14.0 -isysroot /Applications/Xcode.app/Contents/Developer/Platforms/MacOSX.platform/Developer/SDKs/MacOSX26.5.sdk -O0 -L/Users/michielvh/code/one-b2c/ssm-connect/.build/DerivedData/Build/Products/Debug -F/Users/michielvh/code/one-b2c/ssm-connect/.build/DerivedData/Build/Products/Debug/PackageFrameworks -F/Users/michielvh/code/one-b2c/ssm-connect/.build/DerivedData/Build/Products/Debug/PackageFrameworks -F/Users/michielvh/code/one-b2c/ssm-connect/.build/DerivedData/Build/Products/Debug/PackageFrameworks -F/Users/michielvh/code/one-b2c/ssm-connect/.build/DerivedData/Build/Products/Debug/PackageFrameworks -F/Users/michielvh/code/one-b2c/ssm-connect/.build/DerivedData/Build/Products/Debug/PackageFrameworks -F/Users/michielvh/code/one-b2c/ssm-connect/.build/DerivedData/Build/Products/Debug/PackageFrameworks -F/Users/michielvh/code/one-b2c/ssm-connect/.build/DerivedData/Build/Products/Debug/PackageFrameworks -F/Users/michielvh/code/one-b2c/ssm-connect/.build/DerivedData/Build/Products/Debug/PackageFrameworks -F/Users/michielvh/code/one-b2c/ssm-connect/.build/DerivedData/Build/Products/Debug/PackageFrameworks -F/Users/michielvh/code/one-b2c/ssm-connect/.build/DerivedData/Build/Products/Debug/PackageFrameworks -F/Users/michielvh/code/one-b2c/ssm-connect/.build/DerivedData/Build/Products/Debug/PackageFrameworks -F/Users/michielvh/code/one-b2c/ssm-connect/.build/DerivedData/Build/Products/Debug/PackageFrameworks -F/Users/michielvh/code/one-b2c/ssm-connect/.build/DerivedData/Build/Products/Debug/PackageFrameworks -F/Users/michielvh/code/one-b2c/ssm-connect/.build/DerivedData/Build/Products/Debug/PackageFrameworks -F/Users/michielvh/code/one-b2c/ssm-connect/.build/DerivedData/Build/Products/Debug/PackageFrameworks -F/Users/michielvh/code/one-b2c/ssm-connect/.build/DerivedData/Build/Products/Debug/PackageFrameworks -F/Users/michielvh/code/one-b2c/ssm-connect/.build/DerivedData/Build/Products/Debug/PackageFrameworks -F/Users/michielvh/code/one-b2c/ssm-connect/.build/DerivedData/Build/Products/Debug/PackageFrameworks -F/Users/michielvh/code/one-b2c/ssm-connect/.build/DerivedData/Build/Products/Debug/PackageFrameworks -F/Users/michielvh/code/one-b2c/ssm-connect/.build/DerivedData/Build/Products/Debug/PackageFrameworks -F/Users/michielvh/code/one-b2c/ssm-connect/.build/DerivedData/Build/Products/Debug/PackageFrameworks -F/Users/michielvh/code/one-b2c/ssm-connect/.build/DerivedData/Build/Products/Debug/PackageFrameworks -F/Users/michielvh/code/one-b2c/ssm-connect/.build/DerivedData/Build/Products/Debug/PackageFrameworks -F/Users/michielvh/code/one-b2c/ssm-connect/.build/DerivedData/Build/Products/Debug/PackageFrameworks -F/Users/michielvh/code/one-b2c/ssm-connect/.build/DerivedData/Build/Products/Debug/PackageFrameworks -F/Users/michielvh/code/one-b2c/ssm-connect/.build/DerivedData/Build/Products/Debug/PackageFrameworks -F/Users/michielvh/code/one-b2c/ssm-connect/.build/DerivedData/Build/Products/Debug/PackageFrameworks -F/Users/michielvh/code/one-b2c/ssm-connect/.build/DerivedData/Build/Products/Debug/PackageFrameworks -F/Users/michielvh/code/one-b2c/ssm-connect/.build/DerivedData/Build/Products/Debug/PackageFrameworks -F/Users/michielvh/code/one-b2c/ssm-connect/.build/DerivedData/Build/Products/Debug/PackageFrameworks -F/Users/michielvh/code/one-b2c/ssm-connect/.build/DerivedData/Build/Products/Debug/PackageFrameworks -F/Users/michielvh/code/one-b2c/ssm-connect/.build/DerivedData/Build/Products/Debug/PackageFrameworks -F/Users/michielvh/code/one-b2c/ssm-connect/.build/DerivedData/Build/Products/Debug/PackageFrameworks -F/Users/michielvh/code/one-b2c/ssm-connect/.build/DerivedData/Build/Products/Debug/PackageFrameworks -F/Users/michielvh/code/one-b2c/ssm-connect/.build/DerivedData/Build/Products/Debug/PackageFrameworks -F/Users/michielvh/code/one-b2c/ssm-connect/.build/DerivedData/Build/Products/Debug/PackageFrameworks -F/Users/michielvh/code/one-b2c/ssm-connect/.build/DerivedData/Build/Products/Debug/PackageFrameworks -F/Users/michielvh/code/one-b2c/ssm-connect/.build/DerivedData/Build/Products/Debug/PackageFrameworks -F/Users/michielvh/code/one-b2c/ssm-connect/.build/DerivedData/Build/Products/Debug/PackageFrameworks -F/Users/michielvh/code/one-b2c/ssm-connect/.build/DerivedData/Build/Products/Debug/PackageFrameworks -F/Users/michielvh/code/one-b2c/ssm-connect/.build/DerivedData/Build/Products/Debug/PackageFrameworks -F/Users/michielvh/code/one-b2c/ssm-connect/.build/DerivedData/Build/Products/Debug/PackageFrameworks -F/Users/michielvh/code/one-b2c/ssm-connect/.build/DerivedData/Build/Products/Debug/PackageFrameworks -F/Users/michielvh/code/one-b2c/ssm-connect/.build/DerivedData/Build/Products/Debug/PackageFrameworks -F/Users/michielvh/code/one-b2c/ssm-connect/.build/DerivedData/Build/Products/Debug/PackageFrameworks -F/Users/michielvh/code/one-b2c/ssm-connect/.build/DerivedData/Build/Products/Debug/PackageFrameworks -F/Users/michielvh/code/one-b2c/ssm-connect/.build/DerivedData/Build/Products/Debug/PackageFrameworks -F/Users/michielvh/code/one-b2c/ssm-connect/.build/DerivedData/Build/Products/Debug/PackageFrameworks -F/Users/michielvh/code/one-b2c/ssm-connect/.build/DerivedData/Build/Products/Debug/PackageFrameworks -F/Users/michielvh/code/one-b2c/ssm-connect/.build/DerivedData/Build/Products/Debug/PackageFrameworks -F/Users/michielvh/code/one-b2c/ssm-connect/.build/DerivedData/Build/Products/Debug/PackageFrameworks -F/Users/michielvh/code/one-b2c/ssm-connect/.build/DerivedData/Build/Products/Debug/PackageFrameworks -F/Users/michielvh/code/one-b2c/ssm-connect/.build/DerivedData/Build/Products/Debug/PackageFrameworks -F/Users/michielvh/code/one-b2c/ssm-connect/.build/DerivedData/Build/Products/Debug/PackageFrameworks -F/Users/michielvh/code/one-b2c/ssm-connect/.build/DerivedData/Build/Products/Debug/PackageFrameworks -F/Users/michielvh/code/one-b2c/ssm-connect/.build/DerivedData/Build/Products/Debug/PackageFrameworks -F/Users/michielvh/code/one-b2c/ssm-connect/.build/DerivedData/Build/Products/Debug/PackageFrameworks -F/Users/michielvh/code/one-b2c/ssm-connect/.build/DerivedData/Build/Products/Debug -Xlinker -rpath -Xlinker @executable_path -Xlinker -rpath -Xlinker /Users/michielvh/code/one-b2c/ssm-connect/.build/DerivedData/Build/Products/Debug/PackageFrameworks -Xlinker -rpath -Xlinker @executable_path/../Frameworks -rdynamic -Xlinker -no_deduplicate -e ___debug_blank_executor_main -Xlinker -sectcreate -Xlinker __TEXT -Xlinker __debug_dylib -Xlinker /Users/michielvh/code/one-b2c/ssm-connect/.build/DerivedData/Build/Intermediates.noindex/SSMConnect.build/Debug/SSMConnect.build/SSMConnect-DebugDylibPath-normal-arm64.txt -Xlinker -sectcreate -Xlinker __TEXT -Xlinker __debug_instlnm -Xlinker /Users/michielvh/code/one-b2c/ssm-connect/.build/DerivedData/Build/Intermediates.noindex/SSMConnect.build/Debug/SSMConnect.build/SSMConnect-DebugDylibInstallName-normal-arm64.txt -Xlinker -filelist -Xlinker /Users/michielvh/code/one-b2c/ssm-connect/.build/DerivedData/Build/Intermediates.noindex/SSMConnect.build/Debug/SSMConnect.build/SSMConnect-ExecutorLinkFileList-normal-arm64.txt /Users/michielvh/code/one-b2c/ssm-connect/.build/DerivedData/Build/Products/Debug/SSMConnect.app/Contents/MacOS/SSMConnect.debug.dylib -Xlinker -no_adhoc_codesign -o /Users/michielvh/code/one-b2c/ssm-connect/.build/DerivedData/Build/Products/Debug/SSMConnect.app/Contents/MacOS/SSMConnect

PhaseScriptExecution Embed\ session-manager-plugin /Users/michielvh/code/one-b2c/ssm-connect/.build/DerivedData/Build/Intermediates.noindex/SSMConnect.build/Debug/SSMConnect.build/Script-137EE6F9EC8B56E19FCCC4A3.sh (in target 'SSMConnect' from project 'SSMConnect')
    cd /Users/michielvh/code/one-b2c/ssm-connect
    export ACTION\=build
    export AD_HOC_CODE_SIGNING_ALLOWED\=YES
    export AGGREGATE_TRACKED_DOMAINS\=YES
    export ALLOW_BUILD_REQUEST_OVERRIDES\=NO
    export ALLOW_TARGET_PLATFORM_SPECIALIZATION\=NO
    export ALTERNATE_GROUP\=staff
    export ALTERNATE_MODE\=u+w,go-w,a+rX
    export ALTERNATE_OWNER\=michielvh
    export ALTERNATIVE_DISTRIBUTION_WEB\=NO
    export ALWAYS_EMBED_SWIFT_STANDARD_LIBRARIES\=NO
    export ALWAYS_SEARCH_USER_PATHS\=NO
    export ALWAYS_USE_SEPARATE_HEADERMAPS\=NO
    export APPLICATION_EXTENSION_API_ONLY\=NO
    export APPLY_RULES_IN_COPY_FILES\=NO
    export APPLY_RULES_IN_COPY_HEADERS\=NO
    export APP_SHORTCUTS_ENABLE_FLEXIBLE_MATCHING\=YES
    export ARCHS\=arm64
    export ARCHS_BASE\=arm64
    export ARCHS_STANDARD\=arm64\ x86_64
    export ARCHS_STANDARD_32_64_BIT\=arm64\ x86_64\ i386
    export ARCHS_STANDARD_32_BIT\=i386
    export ARCHS_STANDARD_64_BIT\=arm64\ x86_64
    export ARCHS_STANDARD_INCLUDING_64_BIT\=arm64\ x86_64
    export ASSETCATALOG_COMPILER_APPICON_NAME\=AppIcon
    export AUTOMATICALLY_MERGE_DEPENDENCIES\=NO
    export AUTOMATION_APPLE_EVENTS\=NO
    export AVAILABLE_PLATFORMS\=android\ appletvos\ appletvsimulator\ driverkit\ freebsd\ iphoneos\ iphonesimulator\ linux\ macosx\ none\ openbsd\ qnx\ watchos\ watchsimulator\ webassembly\ xros\ xrsimulator
    export BUILD_ACTIVE_RESOURCES_ONLY\=NO
    export BUILD_COMPONENTS\=headers\ build
    export BUILD_DIR\=/Users/michielvh/code/one-b2c/ssm-connect/.build/DerivedData/Build/Products
    export BUILD_LIBRARY_FOR_DISTRIBUTION\=NO
    export BUILD_ONLY_KNOWN_LOCALIZATIONS\=NO
    export BUILD_ROOT\=/Users/michielvh/code/one-b2c/ssm-connect/.build/DerivedData/Build/Products
    export BUILD_STYLE\=
    export BUILD_VARIANTS\=normal
    export BUILT_PRODUCTS_DIR\=/Users/michielvh/code/one-b2c/ssm-connect/.build/DerivedData/Build/Products/Debug
    export BUNDLE_CONTENTS_FOLDER_PATH\=Contents/
    export BUNDLE_CONTENTS_FOLDER_PATH_deep\=Contents/
    export BUNDLE_EXECUTABLE_FOLDER_NAME_deep\=MacOS
    export BUNDLE_EXECUTABLE_FOLDER_PATH\=Contents/MacOS
    export BUNDLE_EXTENSIONS_FOLDER_PATH\=Contents/Extensions
    export BUNDLE_FORMAT\=deep
    export BUNDLE_FRAMEWORKS_FOLDER_PATH\=Contents/Frameworks
    export BUNDLE_PLUGINS_FOLDER_PATH\=Contents/PlugIns
    export BUNDLE_PRIVATE_HEADERS_FOLDER_PATH\=Contents/PrivateHeaders
    export BUNDLE_PUBLIC_HEADERS_FOLDER_PATH\=Contents/Headers
    export CACHE_ROOT\=/var/folders/sm/8hfqw9_97pgfmhlfs2t7k66c0000gn/C/com.apple.DeveloperTools/26.5-17F42/Xcode
    export CCHROOT\=/var/folders/sm/8hfqw9_97pgfmhlfs2t7k66c0000gn/C/com.apple.DeveloperTools/26.5-17F42/Xcode
    export CHMOD\=/bin/chmod
    export CHOWN\=chown
    export CLANG_ANALYZER_NONNULL\=YES
    export CLANG_ANALYZER_NUMBER_OBJECT_CONVERSION\=YES_AGGRESSIVE
    export CLANG_CACHE_FINE_GRAINED_OUTPUTS\=YES
    export CLANG_CXX_LANGUAGE_STANDARD\=gnu++14
    export CLANG_CXX_LIBRARY\=libc++
    export CLANG_ENABLE_EXPLICIT_MODULES\=YES
    export CLANG_ENABLE_MODULES\=YES
    export CLANG_ENABLE_OBJC_ARC\=YES
    export CLANG_ENABLE_OBJC_WEAK\=YES
    export CLANG_MODULES_BUILD_SESSION_FILE\=/Users/michielvh/code/one-b2c/ssm-connect/.build/DerivedData/ModuleCache.noindex/Session.modulevalidation
    export CLANG_WARN_BLOCK_CAPTURE_AUTORELEASING\=YES
    export CLANG_WARN_BOOL_CONVERSION\=YES
    export CLANG_WARN_COMMA\=YES
    export CLANG_WARN_CONSTANT_CONVERSION\=YES
    export CLANG_WARN_DEPRECATED_OBJC_IMPLEMENTATIONS\=YES
    export CLANG_WARN_DIRECT_OBJC_ISA_USAGE\=YES_ERROR
    export CLANG_WARN_DOCUMENTATION_COMMENTS\=YES
    export CLANG_WARN_EMPTY_BODY\=YES
    export CLANG_WARN_ENUM_CONVERSION\=YES
    export CLANG_WARN_INFINITE_RECURSION\=YES
    export CLANG_WARN_INT_CONVERSION\=YES
    export CLANG_WARN_NON_LITERAL_NULL_CONVERSION\=YES
    export CLANG_WARN_OBJC_IMPLICIT_RETAIN_SELF\=YES
    export CLANG_WARN_OBJC_LITERAL_CONVERSION\=YES
    export CLANG_WARN_OBJC_ROOT_CLASS\=YES_ERROR
    export CLANG_WARN_QUOTED_INCLUDE_IN_FRAMEWORK_HEADER\=YES
    export CLANG_WARN_RANGE_LOOP_ANALYSIS\=YES
    export CLANG_WARN_STRICT_PROTOTYPES\=YES
    export CLANG_WARN_SUSPICIOUS_MOVE\=YES
    export CLANG_WARN_UNGUARDED_AVAILABILITY\=YES_AGGRESSIVE
    export CLANG_WARN_UNREACHABLE_CODE\=YES
    export CLANG_WARN__DUPLICATE_METHOD_MATCH\=YES
    export CLASS_FILE_DIR\=/Users/michielvh/code/one-b2c/ssm-connect/.build/DerivedData/Build/Intermediates.noindex/SSMConnect.build/Debug/SSMConnect.build/JavaClasses
    export CLEAN_PRECOMPS\=YES
    export CLONE_HEADERS\=NO
    export CODESIGNING_FOLDER_PATH\=/Users/michielvh/code/one-b2c/ssm-connect/.build/DerivedData/Build/Products/Debug/SSMConnect.app
    export CODE_SIGNING_ALLOWED\=YES
    export CODE_SIGNING_REQUIRED\=YES
    export CODE_SIGN_IDENTITY\=-
    export CODE_SIGN_IDENTITY_NO\=Apple\ Development
    export CODE_SIGN_IDENTITY_YES\=-
    export CODE_SIGN_INJECT_BASE_ENTITLEMENTS\=YES
    export COLOR_DIAGNOSTICS\=NO
    export COMBINE_HIDPI_IMAGES\=YES
    export COMPILATION_CACHE_CAS_PATH\=/Users/michielvh/code/one-b2c/ssm-connect/.build/DerivedData/CompilationCache.noindex
    export COMPILATION_CACHE_KEEP_CAS_DIRECTORY\=YES
    export COMPILER_INDEX_STORE_ENABLE\=Default
    export COMPOSITE_SDK_DIRS\=/Users/michielvh/code/one-b2c/ssm-connect/.build/DerivedData/Build/Intermediates.noindex/CompositeSDKs
    export COMPRESS_PNG_FILES\=NO
    export CONFIGURATION\=Debug
    export CONFIGURATION_BUILD_DIR\=/Users/michielvh/code/one-b2c/ssm-connect/.build/DerivedData/Build/Products/Debug
    export CONFIGURATION_TEMP_DIR\=/Users/michielvh/code/one-b2c/ssm-connect/.build/DerivedData/Build/Intermediates.noindex/SSMConnect.build/Debug
    export CONTENTS_FOLDER_PATH\=SSMConnect.app/Contents
    export CONTENTS_FOLDER_PATH_SHALLOW_BUNDLE_NO\=SSMConnect.app/Contents
    export CONTENTS_FOLDER_PATH_SHALLOW_BUNDLE_YES\=SSMConnect.app
    export COPYING_PRESERVES_HFS_DATA\=NO
    export COPY_HEADERS_RUN_UNIFDEF\=NO
    export COPY_PHASE_STRIP\=NO
    export CP\=/bin/cp
    export CREATE_INFOPLIST_SECTION_IN_BINARY\=NO
    export CURRENT_ARCH\=undefined_arch
    export CURRENT_VARIANT\=normal
    export DEAD_CODE_STRIPPING\=NO
    export DEBUGGING_SYMBOLS\=YES
    export DEBUG_INFORMATION_FORMAT\=dwarf
    export DEBUG_INFORMATION_VERSION\=compiler-default
    export DEFAULT_COMPILER\=com.apple.compilers.llvm.clang.1_0
    export DEFAULT_DEXT_INSTALL_PATH\=/System/Library/DriverExtensions
    export DEFAULT_KEXT_INSTALL_PATH\=/System/Library/Extensions
    export DEFINES_MODULE\=NO
    export DEPLOYMENT_LOCATION\=NO
    export DEPLOYMENT_POSTPROCESSING\=NO
    export DEPLOYMENT_TARGET_SETTING_NAME\=MACOSX_DEPLOYMENT_TARGET
    export DEPLOYMENT_TARGET_SUGGESTED_VALUES\=10.13\ 10.14\ 10.15\ 11.0\ 11.1\ 11.2\ 11.3\ 11.4\ 11.5\ 12.0\ 12.2\ 12.3\ 12.4\ 13.0\ 13.1\ 13.2\ 13.3\ 13.4\ 13.5\ 14.0\ 14.1\ 14.2\ 14.3\ 14.4\ 14.5\ 14.6\ 15.0\ 15.1\ 15.2\ 15.3\ 15.4\ 15.5\ 15.6\ 26.0\ 26.1\ 26.2\ 26.3\ 26.4\ 26.5
    export DERIVED_FILES_DIR\=/Users/michielvh/code/one-b2c/ssm-connect/.build/DerivedData/Build/Intermediates.noindex/SSMConnect.build/Debug/SSMConnect.build/DerivedSources
    export DERIVED_FILE_DIR\=/Users/michielvh/code/one-b2c/ssm-connect/.build/DerivedData/Build/Intermediates.noindex/SSMConnect.build/Debug/SSMConnect.build/DerivedSources
    export DERIVED_SOURCES_DIR\=/Users/michielvh/code/one-b2c/ssm-connect/.build/DerivedData/Build/Intermediates.noindex/SSMConnect.build/Debug/SSMConnect.build/DerivedSources
    export DEVELOPER_APPLICATIONS_DIR\=/Applications/Xcode.app/Contents/Developer/Applications
    export DEVELOPER_BIN_DIR\=/Applications/Xcode.app/Contents/Developer/usr/bin
    export DEVELOPER_DIR\=/Applications/Xcode.app/Contents/Developer
    export DEVELOPER_FRAMEWORKS_DIR\=/Applications/Xcode.app/Contents/Developer/Library/Frameworks
    export DEVELOPER_FRAMEWORKS_DIR_QUOTED\=/Applications/Xcode.app/Contents/Developer/Library/Frameworks
    export DEVELOPER_LIBRARY_DIR\=/Applications/Xcode.app/Contents/Developer/Library
    export DEVELOPER_SDK_DIR\=/Applications/Xcode.app/Contents/Developer/Platforms/MacOSX.platform/Developer/SDKs
    export DEVELOPER_TOOLS_DIR\=/Applications/Xcode.app/Contents/Developer/Tools
    export DEVELOPER_USR_DIR\=/Applications/Xcode.app/Contents/Developer/usr
    export DEVELOPMENT_LANGUAGE\=en
    export DIAGNOSE_MISSING_TARGET_DEPENDENCIES\=YES
    export DIFF\=/usr/bin/diff
    export DOCUMENTATION_FOLDER_PATH\=SSMConnect.app/Contents/Resources/en.lproj/Documentation
    export DONT_GENERATE_INFOPLIST_FILE\=NO
    export DSTROOT\=/tmp/SSMConnect.dst
    export DT_TOOLCHAIN_DIR\=/Applications/Xcode.app/Contents/Developer/Toolchains/XcodeDefault.xctoolchain
    export DUMP_DEPENDENCIES\=NO
    export DUMP_DEPENDENCIES_OUTPUT_PATH\=/Users/michielvh/code/one-b2c/ssm-connect/.build/DerivedData/Build/Intermediates.noindex/SSMConnect.build/Debug/SSMConnect.build/SSMConnect-BuildDependencyInfo.json
    export DWARF_DSYM_FILE_NAME\=SSMConnect.app.dSYM
    export DWARF_DSYM_FILE_SHOULD_ACCOMPANY_PRODUCT\=NO
    export DWARF_DSYM_FOLDER_PATH\=/Users/michielvh/code/one-b2c/ssm-connect/.build/DerivedData/Build/Products/Debug
    export DYNAMIC_LIBRARY_EXTENSION\=dylib
    export EAGER_COMPILATION_ALLOW_SCRIPTS\=NO
    export EAGER_LINKING\=NO
    export EFFECTIVE_SWIFT_VERSION\=5
    export EMBEDDED_CONTENT_CONTAINS_SWIFT\=NO
    export EMBEDDED_PROFILE_NAME\=embedded.provisionprofile
    export EMBED_ASSET_PACKS_IN_PRODUCT_BUNDLE\=NO
    export EMBED_PACKAGE_RESOURCE_BUNDLE_NAMES\=\ aws-sdk-swift_AWSClientRuntime\ smithy-swift_ClientRuntime\ aws-crt-swift_AwsCommonRuntimeKit
    export ENABLE_APP_SANDBOX\=NO
    export ENABLE_CODE_COVERAGE\=YES
    export ENABLE_COHORT_ARCHS\=NO
    export ENABLE_CPLUSPLUS_BOUNDS_SAFE_BUFFERS\=NO
    export ENABLE_C_BOUNDS_SAFETY\=NO
    export ENABLE_DEBUG_DYLIB\=YES
    export ENABLE_DEFAULT_HEADER_SEARCH_PATHS\=YES
    export ENABLE_DEFAULT_SEARCH_PATHS\=YES
    export ENABLE_ENHANCED_SECURITY\=NO
    export ENABLE_HARDENED_RUNTIME\=NO
    export ENABLE_HEADER_DEPENDENCIES\=YES
    export ENABLE_INCOMING_NETWORK_CONNECTIONS\=NO
    export ENABLE_ON_DEMAND_RESOURCES\=NO
    export ENABLE_OUTGOING_NETWORK_CONNECTIONS\=NO
    export ENABLE_POINTER_AUTHENTICATION\=NO
    export ENABLE_PREVIEWS\=NO
    export ENABLE_RESOURCE_ACCESS_AUDIO_INPUT\=NO
    export ENABLE_RESOURCE_ACCESS_BLUETOOTH\=NO
    export ENABLE_RESOURCE_ACCESS_CALENDARS\=NO
    export ENABLE_RESOURCE_ACCESS_CAMERA\=NO
    export ENABLE_RESOURCE_ACCESS_CONTACTS\=NO
    export ENABLE_RESOURCE_ACCESS_LOCATION\=NO
    export ENABLE_RESOURCE_ACCESS_PHOTO_LIBRARY\=NO
    export ENABLE_RESOURCE_ACCESS_PRINTING\=NO
    export ENABLE_RESOURCE_ACCESS_USB\=NO
    export ENABLE_SDK_IMPORTS\=NO
    export ENABLE_SECURITY_COMPILER_WARNINGS\=NO
    export ENABLE_STRICT_OBJC_MSGSEND\=YES
    export ENABLE_TESTABILITY\=YES
    export ENABLE_TESTING_SEARCH_PATHS\=NO
    export ENABLE_USER_SCRIPT_SANDBOXING\=NO
    export ENABLE_XOJIT_PREVIEWS\=YES
    export ENFORCE_VALID_ARCHS\=YES
    export ENTITLEMENTS_ALLOWED\=YES
    export ENTITLEMENTS_DESTINATION\=Signature
    export ENTITLEMENTS_REQUIRED\=NO
    export EXCLUDED_INSTALLSRC_SUBDIRECTORY_PATTERNS\=.DS_Store\ .svn\ .git\ .hg\ CVS
    export EXCLUDED_RECURSIVE_SEARCH_PATH_SUBDIRECTORIES\=\*.nib\ \*.lproj\ \*.framework\ \*.gch\ \*.xcode\*\ \*.xcassets\ \*.icon\ \(\*\)\ .DS_Store\ CVS\ .svn\ .git\ .hg\ \*.pbproj\ \*.pbxproj
    export EXECUTABLES_FOLDER_PATH\=SSMConnect.app/Contents/Executables
    export EXECUTABLE_BLANK_INJECTION_DYLIB_PATH\=SSMConnect.app/Contents/MacOS/__preview.dylib
    export EXECUTABLE_DEBUG_DYLIB_INSTALL_NAME\=@rpath/SSMConnect.debug.dylib
    export EXECUTABLE_DEBUG_DYLIB_PATH\=SSMConnect.app/Contents/MacOS/SSMConnect.debug.dylib
    export EXECUTABLE_FOLDER_PATH\=SSMConnect.app/Contents/MacOS
    export EXECUTABLE_FOLDER_PATH_SHALLOW_BUNDLE_NO\=SSMConnect.app/Contents/MacOS
    export EXECUTABLE_FOLDER_PATH_SHALLOW_BUNDLE_YES\=SSMConnect.app/Contents
    export EXECUTABLE_NAME\=SSMConnect
    export EXECUTABLE_PATH\=SSMConnect.app/Contents/MacOS/SSMConnect
    export EXPANDED_CODE_SIGN_IDENTITY\=-
    export EXPANDED_CODE_SIGN_IDENTITY_NAME\=Sign\ to\ Run\ Locally
    export EXTENSIONS_FOLDER_PATH\=SSMConnect.app/Contents/Extensions
    export FILE_LIST\=/Users/michielvh/code/one-b2c/ssm-connect/.build/DerivedData/Build/Intermediates.noindex/SSMConnect.build/Debug/SSMConnect.build/Objects/LinkFileList
    export FIXED_FILES_DIR\=/Users/michielvh/code/one-b2c/ssm-connect/.build/DerivedData/Build/Intermediates.noindex/SSMConnect.build/Debug/SSMConnect.build/FixedFiles
    export FRAMEWORKS_FOLDER_PATH\=SSMConnect.app/Contents/Frameworks
    export FRAMEWORK_FLAG_PREFIX\=-framework
    export FRAMEWORK_SEARCH_PATHS\=/Users/michielvh/code/one-b2c/ssm-connect/.build/DerivedData/Build/Products/Debug/PackageFrameworks\ /Users/michielvh/code/one-b2c/ssm-connect/.build/DerivedData/Build/Products/Debug/PackageFrameworks\ /Users/michielvh/code/one-b2c/ssm-connect/.build/DerivedData/Build/Products/Debug/PackageFrameworks\ /Users/michielvh/code/one-b2c/ssm-connect/.build/DerivedData/Build/Products/Debug/PackageFrameworks\ /Users/michielvh/code/one-b2c/ssm-connect/.build/DerivedData/Build/Products/Debug/PackageFrameworks\ /Users/michielvh/code/one-b2c/ssm-connect/.build/DerivedData/Build/Products/Debug/PackageFrameworks\ /Users/michielvh/code/one-b2c/ssm-connect/.build/DerivedData/Build/Products/Debug/PackageFrameworks\ /Users/michielvh/code/one-b2c/ssm-connect/.build/DerivedData/Build/Products/Debug/PackageFrameworks\ /Users/michielvh/code/one-b2c/ssm-connect/.build/DerivedData/Build/Products/Debug/PackageFrameworks\ /Users/michielvh/code/one-b2c/ssm-connect/.build/DerivedData/Build/Products/Debug/PackageFrameworks\ /Users/michielvh/code/one-b2c/ssm-connect/.build/DerivedData/Build/Products/Debug/PackageFrameworks\ /Users/michielvh/code/one-b2c/ssm-connect/.build/DerivedData/Build/Products/Debug/PackageFrameworks\ /Users/michielvh/code/one-b2c/ssm-connect/.build/DerivedData/Build/Products/Debug/PackageFrameworks\ /Users/michielvh/code/one-b2c/ssm-connect/.build/DerivedData/Build/Products/Debug/PackageFrameworks\ /Users/michielvh/code/one-b2c/ssm-connect/.build/DerivedData/Build/Products/Debug/PackageFrameworks\ /Users/michielvh/code/one-b2c/ssm-connect/.build/DerivedData/Build/Products/Debug/PackageFrameworks\ /Users/michielvh/code/one-b2c/ssm-connect/.build/DerivedData/Build/Products/Debug/PackageFrameworks\ /Users/michielvh/code/one-b2c/ssm-connect/.build/DerivedData/Build/Products/Debug/PackageFrameworks\ /Users/michielvh/code/one-b2c/ssm-connect/.build/DerivedData/Build/Products/Debug/PackageFrameworks\ /Users/michielvh/code/one-b2c/ssm-connect/.build/DerivedData/Build/Products/Debug/PackageFrameworks\ /Users/michielvh/code/one-b2c/ssm-connect/.build/DerivedData/Build/Products/Debug/PackageFrameworks\ /Users/michielvh/code/one-b2c/ssm-connect/.build/DerivedData/Build/Products/Debug/PackageFrameworks\ /Users/michielvh/code/one-b2c/ssm-connect/.build/DerivedData/Build/Products/Debug/PackageFrameworks\ /Users/michielvh/code/one-b2c/ssm-connect/.build/DerivedData/Build/Products/Debug/PackageFrameworks\ /Users/michielvh/code/one-b2c/ssm-connect/.build/DerivedData/Build/Products/Debug/PackageFrameworks\ /Users/michielvh/code/one-b2c/ssm-connect/.build/DerivedData/Build/Products/Debug/PackageFrameworks\ /Users/michielvh/code/one-b2c/ssm-connect/.build/DerivedData/Build/Products/Debug/PackageFrameworks\ /Users/michielvh/code/one-b2c/ssm-connect/.build/DerivedData/Build/Products/Debug/PackageFrameworks\ /Users/michielvh/code/one-b2c/ssm-connect/.build/DerivedData/Build/Products/Debug/PackageFrameworks\ /Users/michielvh/code/one-b2c/ssm-connect/.build/DerivedData/Build/Products/Debug/PackageFrameworks\ /Users/michielvh/code/one-b2c/ssm-connect/.build/DerivedData/Build/Products/Debug/PackageFrameworks\ /Users/michielvh/code/one-b2c/ssm-connect/.build/DerivedData/Build/Products/Debug/PackageFrameworks\ /Users/michielvh/code/one-b2c/ssm-connect/.build/DerivedData/Build/Products/Debug/PackageFrameworks\ /Users/michielvh/code/one-b2c/ssm-connect/.build/DerivedData/Build/Products/Debug/PackageFrameworks\ /Users/michielvh/code/one-b2c/ssm-connect/.build/DerivedData/Build/Products/Debug/PackageFrameworks\ /Users/michielvh/code/one-b2c/ssm-connect/.build/DerivedData/Build/Products/Debug/PackageFrameworks\ /Users/michielvh/code/one-b2c/ssm-connect/.build/DerivedData/Build/Products/Debug/PackageFrameworks\ /Users/michielvh/code/one-b2c/ssm-connect/.build/DerivedData/Build/Products/Debug/PackageFrameworks\ /Users/michielvh/code/one-b2c/ssm-connect/.build/DerivedData/Build/Products/Debug/PackageFrameworks\ /Users/michielvh/code/one-b2c/ssm-connect/.build/DerivedData/Build/Products/Debug/PackageFrameworks\ /Users/michielvh/code/one-b2c/ssm-connect/.build/DerivedData/Build/Products/Debug/PackageFrameworks\ /Users/michielvh/code/one-b2c/ssm-connect/.build/DerivedData/Build/Products/Debug/PackageFrameworks\ /Users/michielvh/code/one-b2c/ssm-connect/.build/DerivedData/Build/Products/Debug/PackageFrameworks\ /Users/michielvh/code/one-b2c/ssm-connect/.build/DerivedData/Build/Products/Debug/PackageFrameworks\ /Users/michielvh/code/one-b2c/ssm-connect/.build/DerivedData/Build/Products/Debug/PackageFrameworks\ /Users/michielvh/code/one-b2c/ssm-connect/.build/DerivedData/Build/Products/Debug/PackageFrameworks\ /Users/michielvh/code/one-b2c/ssm-connect/.build/DerivedData/Build/Products/Debug/PackageFrameworks\ /Users/michielvh/code/one-b2c/ssm-connect/.build/DerivedData/Build/Products/Debug/PackageFrameworks\ /Users/michielvh/code/one-b2c/ssm-connect/.build/DerivedData/Build/Products/Debug/PackageFrameworks\ /Users/michielvh/code/one-b2c/ssm-connect/.build/DerivedData/Build/Products/Debug/PackageFrameworks\ /Users/michielvh/code/one-b2c/ssm-connect/.build/DerivedData/Build/Products/Debug/PackageFrameworks\ /Users/michielvh/code/one-b2c/ssm-connect/.build/DerivedData/Build/Products/Debug/PackageFrameworks\ /Users/michielvh/code/one-b2c/ssm-connect/.build/DerivedData/Build/Products/Debug/PackageFrameworks\ /Users/michielvh/code/one-b2c/ssm-connect/.build/DerivedData/Build/Products/Debug/PackageFrameworks\ /Users/michielvh/code/one-b2c/ssm-connect/.build/DerivedData/Build/Products/Debug/PackageFrameworks\ /Users/michielvh/code/one-b2c/ssm-connect/.build/DerivedData/Build/Products/Debug/PackageFrameworks\ /Users/michielvh/code/one-b2c/ssm-connect/.build/DerivedData/Build/Products/Debug/PackageFrameworks\ /Users/michielvh/code/one-b2c/ssm-connect/.build/DerivedData/Build/Products/Debug\ 
    export FRAMEWORK_VERSION\=A
    export FULL_PRODUCT_NAME\=SSMConnect.app
    export FUSE_BUILD_PHASES\=YES
    export FUSE_BUILD_SCRIPT_PHASES\=NO
    export GCC3_VERSION\=3.3
    export GCC_C_LANGUAGE_STANDARD\=gnu11
    export GCC_DYNAMIC_NO_PIC\=NO
    export GCC_INLINES_ARE_PRIVATE_EXTERN\=YES
    export GCC_NO_COMMON_BLOCKS\=YES
    export GCC_OPTIMIZATION_LEVEL\=0
    export GCC_PFE_FILE_C_DIALECTS\=c\ objective-c\ c++\ objective-c++
    export GCC_PREPROCESSOR_DEFINITIONS\=\ DEBUG\=1
    export GCC_SYMBOLS_PRIVATE_EXTERN\=NO
    export GCC_TREAT_WARNINGS_AS_ERRORS\=NO
    export GCC_VERSION\=com.apple.compilers.llvm.clang.1_0
    export GCC_VERSION_IDENTIFIER\=com_apple_compilers_llvm_clang_1_0
    export GCC_WARN_64_TO_32_BIT_CONVERSION\=YES
    export GCC_WARN_ABOUT_RETURN_TYPE\=YES_ERROR
    export GCC_WARN_UNDECLARED_SELECTOR\=YES
    export GCC_WARN_UNINITIALIZED_AUTOS\=YES_AGGRESSIVE
    export GCC_WARN_UNUSED_FUNCTION\=YES
    export GCC_WARN_UNUSED_VARIABLE\=YES
    export GENERATED_MODULEMAP_DIR\=/Users/michielvh/code/one-b2c/ssm-connect/.build/DerivedData/Build/Intermediates.noindex/GeneratedModuleMaps
    export GENERATE_INFOPLIST_FILE\=NO
    export GENERATE_INTERMEDIATE_TEXT_BASED_STUBS\=YES
    export GENERATE_PKGINFO_FILE\=YES
    export GENERATE_PRELINK_OBJECT_FILE\=NO
    export GENERATE_PROFILING_CODE\=NO
    export GENERATE_TEXT_BASED_STUBS\=NO
    export GID\=20
    export GROUP\=staff
    export HEADERMAP_INCLUDES_FLAT_ENTRIES_FOR_TARGET_BEING_BUILT\=YES
    export HEADERMAP_INCLUDES_FRAMEWORK_ENTRIES_FOR_ALL_PRODUCT_TYPES\=YES
    export HEADERMAP_INCLUDES_FRAMEWORK_ENTRIES_FOR_TARGETS_NOT_BEING_BUILT\=YES
    export HEADERMAP_INCLUDES_NONPUBLIC_NONPRIVATE_HEADERS\=YES
    export HEADERMAP_INCLUDES_PROJECT_HEADERS\=YES
    export HEADERMAP_USES_FRAMEWORK_PREFIX_ENTRIES\=YES
    export HEADERMAP_USES_VFS\=NO
    export HEADER_SEARCH_PATHS\=/Users/michielvh/code/one-b2c/ssm-connect/.build/DerivedData/SourcePackages/checkouts/aws-crt-swift/aws-common-runtime/aws-c-mqtt/include\ /Users/michielvh/code/one-b2c/ssm-connect/.build/DerivedData/SourcePackages/checkouts/aws-crt-swift/aws-common-runtime/aws-c-event-stream/include\ /Users/michielvh/code/one-b2c/ssm-connect/.build/DerivedData/SourcePackages/checkouts/aws-crt-swift/aws-common-runtime/aws-checksums/include\ /Users/michielvh/code/one-b2c/ssm-connect/.build/DerivedData/SourcePackages/checkouts/aws-crt-swift/aws-common-runtime/aws-c-auth/include\ /Users/michielvh/code/one-b2c/ssm-connect/.build/DerivedData/SourcePackages/checkouts/aws-crt-swift/aws-common-runtime/aws-c-sdkutils/include\ /Users/michielvh/code/one-b2c/ssm-connect/.build/DerivedData/SourcePackages/checkouts/aws-crt-swift/aws-common-runtime/aws-c-http/include\ /Users/michielvh/code/one-b2c/ssm-connect/.build/DerivedData/SourcePackages/checkouts/aws-crt-swift/aws-common-runtime/aws-c-io/include\ /Users/michielvh/code/one-b2c/ssm-connect/.build/DerivedData/SourcePackages/checkouts/aws-crt-swift/aws-common-runtime/aws-c-cal/include\ /Users/michielvh/code/one-b2c/ssm-connect/.build/DerivedData/SourcePackages/checkouts/aws-crt-swift/aws-common-runtime/aws-c-compression/include\ /Users/michielvh/code/one-b2c/ssm-connect/.build/DerivedData/SourcePackages/checkouts/aws-crt-swift/aws-common-runtime/aws-c-common/include\ /Users/michielvh/code/one-b2c/ssm-connect/.build/DerivedData/SourcePackages/checkouts/aws-crt-swift/aws-common-runtime/config/.\ /Users/michielvh/code/one-b2c/ssm-connect/.build/DerivedData/Build/Products/Debug/include\ 
    export HOME\=/Users/michielvh
    export HOST_ARCH\=arm64
    export HOST_PLATFORM\=macosx
    export ICONV\=/usr/bin/iconv
    export IMPLICIT_DEPENDENCY_DOMAIN\=default
    export INDEX_STORE_COMPRESS\=NO
    export INDEX_STORE_ONLY_PROJECT_FILES\=NO
    export INFOPLIST_ENABLE_CFBUNDLEICONS_MERGE\=YES
    export INFOPLIST_EXPAND_BUILD_SETTINGS\=YES
    export INFOPLIST_FILE\=SSMConnect/Info.plist
    export INFOPLIST_OUTPUT_FORMAT\=same-as-input
    export INFOPLIST_PATH\=SSMConnect.app/Contents/Info.plist
    export INFOPLIST_PREPROCESS\=NO
    export INFOSTRINGS_PATH\=SSMConnect.app/Contents/Resources/en.lproj/InfoPlist.strings
    export INLINE_PRIVATE_FRAMEWORKS\=NO
    export INSTALLAPI_IGNORE_SKIP_INSTALL\=YES
    export INSTALLHDRS_COPY_PHASE\=NO
    export INSTALLHDRS_SCRIPT_PHASE\=NO
    export INSTALL_DIR\=/tmp/SSMConnect.dst/Applications
    export INSTALL_GROUP\=staff
    export INSTALL_MODE_FLAG\=u+w,go-w,a+rX
    export INSTALL_OWNER\=michielvh
    export INSTALL_PATH\=/Applications
    export INSTALL_ROOT\=/tmp/SSMConnect.dst
    export IOS_UNZIPPERED_TWIN_PREFIX_PATH\=/System/iOSSupport
    export IS_MACCATALYST\=NO
    export IS_UNOPTIMIZED_BUILD\=YES
    export JAVAC_DEFAULT_FLAGS\=-J-Xms64m\ -J-XX:NewSize\=4M\ -J-Dfile.encoding\=UTF8
    export JAVA_APP_STUB\=/System/Library/Frameworks/JavaVM.framework/Resources/MacOS/JavaApplicationStub
    export JAVA_ARCHIVE_CLASSES\=YES
    export JAVA_ARCHIVE_TYPE\=JAR
    export JAVA_COMPILER\=/usr/bin/javac
    export JAVA_FOLDER_PATH\=SSMConnect.app/Contents/Resources/Java
    export JAVA_FRAMEWORK_RESOURCES_DIRS\=Resources
    export JAVA_JAR_FLAGS\=cv
    export JAVA_SOURCE_SUBDIR\=.
    export JAVA_USE_DEPENDENCIES\=YES
    export JAVA_ZIP_FLAGS\=-urg
    export JIKES_DEFAULT_FLAGS\=+E\ +OLDCSO
    export KASAN_CFLAGS_CLASSIC\=-DKASAN\=1\ -DKASAN_CLASSIC\=1\ -fsanitize\=address\ -mllvm\ -asan-globals-live-support\ -mllvm\ -asan-force-dynamic-shadow
    export KASAN_CFLAGS_TBI\=-DKASAN\=1\ -DKASAN_TBI\=1\ -fsanitize\=kernel-hwaddress\ -mllvm\ -hwasan-recover\=0\ -mllvm\ -hwasan-instrument-atomics\=0\ -mllvm\ -hwasan-instrument-stack\=1\ -mllvm\ -hwasan-generate-tags-with-calls\=1\ -mllvm\ -hwasan-instrument-with-calls\=1\ -mllvm\ -hwasan-use-short-granules\=0\ -mllvm\ -hwasan-memory-access-callback-prefix\=__asan_
    export KASAN_DEFAULT_CFLAGS\=-DKASAN\=1\ -DKASAN_CLASSIC\=1\ -fsanitize\=address\ -mllvm\ -asan-globals-live-support\ -mllvm\ -asan-force-dynamic-shadow
    export KEEP_PRIVATE_EXTERNS\=NO
    export LD_DEPENDENCY_INFO_FILE\=/Users/michielvh/code/one-b2c/ssm-connect/.build/DerivedData/Build/Intermediates.noindex/SSMConnect.build/Debug/SSMConnect.build/Objects-normal/undefined_arch/SSMConnect_dependency_info.dat
    export LD_EXPORT_SYMBOLS\=YES
    export LD_GENERATE_MAP_FILE\=NO
    export LD_MAP_FILE_PATH\=/Users/michielvh/code/one-b2c/ssm-connect/.build/DerivedData/Build/Intermediates.noindex/SSMConnect.build/Debug/SSMConnect.build/SSMConnect-LinkMap-normal-undefined_arch.txt
    export LD_NO_PIE\=NO
    export LD_QUOTE_LINKER_ARGUMENTS_FOR_COMPILER_DRIVER\=YES
    export LD_RUNPATH_SEARCH_PATHS\=/Users/michielvh/code/one-b2c/ssm-connect/.build/DerivedData/Build/Products/Debug/PackageFrameworks\ /Users/michielvh/code/one-b2c/ssm-connect/.build/DerivedData/Build/Products/Debug/PackageFrameworks\ /Users/michielvh/code/one-b2c/ssm-connect/.build/DerivedData/Build/Products/Debug/PackageFrameworks\ /Users/michielvh/code/one-b2c/ssm-connect/.build/DerivedData/Build/Products/Debug/PackageFrameworks\ /Users/michielvh/code/one-b2c/ssm-connect/.build/DerivedData/Build/Products/Debug/PackageFrameworks\ /Users/michielvh/code/one-b2c/ssm-connect/.build/DerivedData/Build/Products/Debug/PackageFrameworks\ /Users/michielvh/code/one-b2c/ssm-connect/.build/DerivedData/Build/Products/Debug/PackageFrameworks\ /Users/michielvh/code/one-b2c/ssm-connect/.build/DerivedData/Build/Products/Debug/PackageFrameworks\ /Users/michielvh/code/one-b2c/ssm-connect/.build/DerivedData/Build/Products/Debug/PackageFrameworks\ /Users/michielvh/code/one-b2c/ssm-connect/.build/DerivedData/Build/Products/Debug/PackageFrameworks\ /Users/michielvh/code/one-b2c/ssm-connect/.build/DerivedData/Build/Products/Debug/PackageFrameworks\ /Users/michielvh/code/one-b2c/ssm-connect/.build/DerivedData/Build/Products/Debug/PackageFrameworks\ /Users/michielvh/code/one-b2c/ssm-connect/.build/DerivedData/Build/Products/Debug/PackageFrameworks\ /Users/michielvh/code/one-b2c/ssm-connect/.build/DerivedData/Build/Products/Debug/PackageFrameworks\ /Users/michielvh/code/one-b2c/ssm-connect/.build/DerivedData/Build/Products/Debug/PackageFrameworks\ /Users/michielvh/code/one-b2c/ssm-connect/.build/DerivedData/Build/Products/Debug/PackageFrameworks\ /Users/michielvh/code/one-b2c/ssm-connect/.build/DerivedData/Build/Products/Debug/PackageFrameworks\ /Users/michielvh/code/one-b2c/ssm-connect/.build/DerivedData/Build/Products/Debug/PackageFrameworks\ /Users/michielvh/code/one-b2c/ssm-connect/.build/DerivedData/Build/Products/Debug/PackageFrameworks\ /Users/michielvh/code/one-b2c/ssm-connect/.build/DerivedData/Build/Products/Debug/PackageFrameworks\ /Users/michielvh/code/one-b2c/ssm-connect/.build/DerivedData/Build/Products/Debug/PackageFrameworks\ /Users/michielvh/code/one-b2c/ssm-connect/.build/DerivedData/Build/Products/Debug/PackageFrameworks\ /Users/michielvh/code/one-b2c/ssm-connect/.build/DerivedData/Build/Products/Debug/PackageFrameworks\ /Users/michielvh/code/one-b2c/ssm-connect/.build/DerivedData/Build/Products/Debug/PackageFrameworks\ /Users/michielvh/code/one-b2c/ssm-connect/.build/DerivedData/Build/Products/Debug/PackageFrameworks\ /Users/michielvh/code/one-b2c/ssm-connect/.build/DerivedData/Build/Products/Debug/PackageFrameworks\ /Users/michielvh/code/one-b2c/ssm-connect/.build/DerivedData/Build/Products/Debug/PackageFrameworks\ /Users/michielvh/code/one-b2c/ssm-connect/.build/DerivedData/Build/Products/Debug/PackageFrameworks\ /Users/michielvh/code/one-b2c/ssm-connect/.build/DerivedData/Build/Products/Debug/PackageFrameworks\ /Users/michielvh/code/one-b2c/ssm-connect/.build/DerivedData/Build/Products/Debug/PackageFrameworks\ /Users/michielvh/code/one-b2c/ssm-connect/.build/DerivedData/Build/Products/Debug/PackageFrameworks\ /Users/michielvh/code/one-b2c/ssm-connect/.build/DerivedData/Build/Products/Debug/PackageFrameworks\ /Users/michielvh/code/one-b2c/ssm-connect/.build/DerivedData/Build/Products/Debug/PackageFrameworks\ /Users/michielvh/code/one-b2c/ssm-connect/.build/DerivedData/Build/Products/Debug/PackageFrameworks\ /Users/michielvh/code/one-b2c/ssm-connect/.build/DerivedData/Build/Products/Debug/PackageFrameworks\ /Users/michielvh/code/one-b2c/ssm-connect/.build/DerivedData/Build/Products/Debug/PackageFrameworks\ /Users/michielvh/code/one-b2c/ssm-connect/.build/DerivedData/Build/Products/Debug/PackageFrameworks\ /Users/michielvh/code/one-b2c/ssm-connect/.build/DerivedData/Build/Products/Debug/PackageFrameworks\ /Users/michielvh/code/one-b2c/ssm-connect/.build/DerivedData/Build/Products/Debug/PackageFrameworks\ /Users/michielvh/code/one-b2c/ssm-connect/.build/DerivedData/Build/Products/Debug/PackageFrameworks\ /Users/michielvh/code/one-b2c/ssm-connect/.build/DerivedData/Build/Products/Debug/PackageFrameworks\ /Users/michielvh/code/one-b2c/ssm-connect/.build/DerivedData/Build/Products/Debug/PackageFrameworks\ /Users/michielvh/code/one-b2c/ssm-connect/.build/DerivedData/Build/Products/Debug/PackageFrameworks\ /Users/michielvh/code/one-b2c/ssm-connect/.build/DerivedData/Build/Products/Debug/PackageFrameworks\ /Users/michielvh/code/one-b2c/ssm-connect/.build/DerivedData/Build/Products/Debug/PackageFrameworks\ /Users/michielvh/code/one-b2c/ssm-connect/.build/DerivedData/Build/Products/Debug/PackageFrameworks\ /Users/michielvh/code/one-b2c/ssm-connect/.build/DerivedData/Build/Products/Debug/PackageFrameworks\ /Users/michielvh/code/one-b2c/ssm-connect/.build/DerivedData/Build/Products/Debug/PackageFrameworks\ /Users/michielvh/code/one-b2c/ssm-connect/.build/DerivedData/Build/Products/Debug/PackageFrameworks\ /Users/michielvh/code/one-b2c/ssm-connect/.build/DerivedData/Build/Products/Debug/PackageFrameworks\ /Users/michielvh/code/one-b2c/ssm-connect/.build/DerivedData/Build/Products/Debug/PackageFrameworks\ /Users/michielvh/code/one-b2c/ssm-connect/.build/DerivedData/Build/Products/Debug/PackageFrameworks\ /Users/michielvh/code/one-b2c/ssm-connect/.build/DerivedData/Build/Products/Debug/PackageFrameworks\ /Users/michielvh/code/one-b2c/ssm-connect/.build/DerivedData/Build/Products/Debug/PackageFrameworks\ /Users/michielvh/code/one-b2c/ssm-connect/.build/DerivedData/Build/Products/Debug/PackageFrameworks\ /Users/michielvh/code/one-b2c/ssm-connect/.build/DerivedData/Build/Products/Debug/PackageFrameworks\ /Users/michielvh/code/one-b2c/ssm-connect/.build/DerivedData/Build/Products/Debug/PackageFrameworks\ \ @executable_path/../Frameworks
    export LD_RUNPATH_SEARCH_PATHS_YES\=@loader_path/../Frameworks
    export LD_SHARED_CACHE_ELIGIBLE\=Automatic
    export LD_WARN_DUPLICATE_LIBRARIES\=NO
    export LD_WARN_UNUSED_DYLIBS\=NO
    export LEGACY_DEVELOPER_DIR\=/Applications/Xcode.app/Contents/PlugIns/Xcode3Core.ideplugin/Contents/SharedSupport/Developer
    export LEX\=lex
    export LIBRARY_DEXT_INSTALL_PATH\=/Library/DriverExtensions
    export LIBRARY_FLAG_NOSPACE\=YES
    export LIBRARY_FLAG_PREFIX\=-l
    export LIBRARY_KEXT_INSTALL_PATH\=/Library/Extensions
    export LIBRARY_SEARCH_PATHS\=/Users/michielvh/code/one-b2c/ssm-connect/.build/DerivedData/Build/Products/Debug\ 
    export LINKER_DISPLAYS_MANGLED_NAMES\=NO
    export LINK_FILE_LIST_normal_arm64\=/Users/michielvh/code/one-b2c/ssm-connect/.build/DerivedData/Build/Intermediates.noindex/SSMConnect.build/Debug/SSMConnect.build/Objects-normal/arm64/SSMConnect.LinkFileList
    export LINK_OBJC_RUNTIME\=YES
    export LINK_WITH_STANDARD_LIBRARIES\=YES
    export LLVM_TARGET_TRIPLE_OS_VERSION\=macos14.0
    export LLVM_TARGET_TRIPLE_OS_VERSION_NO\=macos14.0
    export LLVM_TARGET_TRIPLE_OS_VERSION_YES\=macos26.5
    export LLVM_TARGET_TRIPLE_VENDOR\=apple
    export LM_AUX_CONST_METADATA_LIST_PATH_normal_arm64\=/Users/michielvh/code/one-b2c/ssm-connect/.build/DerivedData/Build/Intermediates.noindex/SSMConnect.build/Debug/SSMConnect.build/Objects-normal/arm64/SSMConnect.SwiftConstValuesFileList
    export LOCALIZATION_EXPORT_SUPPORTED\=YES
    export LOCALIZATION_PREFERS_STRING_CATALOGS\=NO
    export LOCALIZED_RESOURCES_FOLDER_PATH\=SSMConnect.app/Contents/Resources/en.lproj
    export LOCALIZED_STRING_CODE_COMMENTS\=NO
    export LOCALIZED_STRING_MACRO_NAMES\=NSLocalizedString\ CFCopyLocalizedString
    export LOCALIZED_STRING_SWIFTUI_SUPPORT\=YES
    export LOCAL_ADMIN_APPS_DIR\=/Applications/Utilities
    export LOCAL_APPS_DIR\=/Applications
    export LOCAL_DEVELOPER_DIR\=/Library/Developer
    export LOCAL_LIBRARY_DIR\=/Library
    export LOCROOT\=/Users/michielvh/code/one-b2c/ssm-connect
    export LOCSYMROOT\=/Users/michielvh/code/one-b2c/ssm-connect
    export MACH_O_TYPE\=mh_execute
    export MACOSX_DEPLOYMENT_TARGET\=14.0
    export MAC_OS_X_PRODUCT_BUILD_VERSION\=25E246
    export MAC_OS_X_VERSION_ACTUAL\=260400
    export MAC_OS_X_VERSION_MAJOR\=260000
    export MAC_OS_X_VERSION_MINOR\=260400
    export MAKE_MERGEABLE\=NO
    export MERGEABLE_LIBRARY\=NO
    export MERGED_BINARY_TYPE\=none
    export MERGE_LINKED_LIBRARIES\=NO
    export METAL_LIBRARY_FILE_BASE\=default
    export METAL_LIBRARY_OUTPUT_DIR\=/Users/michielvh/code/one-b2c/ssm-connect/.build/DerivedData/Build/Products/Debug/SSMConnect.app/Contents/Resources
    export MODULES_FOLDER_PATH\=SSMConnect.app/Contents/Modules
    export MODULE_CACHE_DIR\=/Users/michielvh/code/one-b2c/ssm-connect/.build/DerivedData/ModuleCache.noindex
    export MTL_ENABLE_DEBUG_INFO\=INCLUDE_SOURCE
    export MTL_FAST_MATH\=YES
    export NATIVE_ARCH\=arm64
    export NATIVE_ARCH_32_BIT\=arm
    export NATIVE_ARCH_64_BIT\=arm64
    export NATIVE_ARCH_ACTUAL\=arm64
    export NO_COMMON\=YES
    export OBJECT_FILE_DIR\=/Users/michielvh/code/one-b2c/ssm-connect/.build/DerivedData/Build/Intermediates.noindex/SSMConnect.build/Debug/SSMConnect.build/Objects
    export OBJECT_FILE_DIR_normal\=/Users/michielvh/code/one-b2c/ssm-connect/.build/DerivedData/Build/Intermediates.noindex/SSMConnect.build/Debug/SSMConnect.build/Objects-normal
    export OBJROOT\=/Users/michielvh/code/one-b2c/ssm-connect/.build/DerivedData/Build/Intermediates.noindex
    export ONLY_ACTIVE_ARCH\=YES
    export OS\=MACOS
    export OSAC\=/usr/bin/osacompile
    export OTHER_CFLAGS\=-fmodule-map-file\=/Users/michielvh/code/one-b2c/ssm-connect/.build/DerivedData/Build/Intermediates.noindex/GeneratedModuleMaps/AWSSSOOIDC.modulemap\ -fmodule-map-file\=/Users/michielvh/code/one-b2c/ssm-connect/.build/DerivedData/Build/Intermediates.noindex/GeneratedModuleMaps/AWSSSO.modulemap\ -fmodule-map-file\=/Users/michielvh/code/one-b2c/ssm-connect/.build/DerivedData/Build/Intermediates.noindex/GeneratedModuleMaps/AWSEC2.modulemap\ -fmodule-map-file\=/Users/michielvh/code/one-b2c/ssm-connect/.build/DerivedData/Build/Intermediates.noindex/GeneratedModuleMaps/SmithyWaitersAPI.modulemap\ -fmodule-map-file\=/Users/michielvh/code/one-b2c/ssm-connect/.build/DerivedData/Build/Intermediates.noindex/GeneratedModuleMaps/AWSSSM.modulemap\ -fmodule-map-file\=/Users/michielvh/code/one-b2c/ssm-connect/.build/DerivedData/SourcePackages/checkouts/aws-crt-swift/Source/LibNative/module.modulemap\ -fmodule-map-file\=/Users/michielvh/code/one-b2c/ssm-connect/.build/DerivedData/Build/Intermediates.noindex/GeneratedModuleMaps/AwsCMqtt.modulemap\ -fmodule-map-file\=/Users/michielvh/code/one-b2c/ssm-connect/.build/DerivedData/Build/Intermediates.noindex/GeneratedModuleMaps/AwsCEventStream.modulemap\ -fmodule-map-file\=/Users/michielvh/code/one-b2c/ssm-connect/.build/DerivedData/Build/Intermediates.noindex/GeneratedModuleMaps/AwsCChecksums.modulemap\ -fmodule-map-file\=/Users/michielvh/code/one-b2c/ssm-connect/.build/DerivedData/Build/Intermediates.noindex/GeneratedModuleMaps/AwsCAuth.modulemap\ -fmodule-map-file\=/Users/michielvh/code/one-b2c/ssm-connect/.build/DerivedData/Build/Intermediates.noindex/GeneratedModuleMaps/AwsCSdkUtils.modulemap\ -fmodule-map-file\=/Users/michielvh/code/one-b2c/ssm-connect/.build/DerivedData/Build/Intermediates.noindex/GeneratedModuleMaps/AwsCHttp.modulemap\ -fmodule-map-file\=/Users/michielvh/code/one-b2c/ssm-connect/.build/DerivedData/Build/Intermediates.noindex/GeneratedModuleMaps/AwsCIo.modulemap\ -fmodule-map-file\=/Users/michielvh/code/one-b2c/ssm-connect/.build/DerivedData/Build/Intermediates.noindex/GeneratedModuleMaps/AwsCCal.modulemap\ -fmodule-map-file\=/Users/michielvh/code/one-b2c/ssm-connect/.build/DerivedData/Build/Intermediates.noindex/GeneratedModuleMaps/AwsCCompression.modulemap\ -fmodule-map-file\=/Users/michielvh/code/one-b2c/ssm-connect/.build/DerivedData/Build/Intermediates.noindex/GeneratedModuleMaps/AwsCCommon.modulemap\ -fmodule-map-file\=/Users/michielvh/code/one-b2c/ssm-connect/.build/DerivedData/Build/Intermediates.noindex/GeneratedModuleMaps/AwsCommonRuntimeKit.modulemap\ -fmodule-map-file\=/Users/michielvh/code/one-b2c/ssm-connect/.build/DerivedData/Build/Intermediates.noindex/GeneratedModuleMaps/ClientRuntime.modulemap\ -fmodule-map-file\=/Users/michielvh/code/one-b2c/ssm-connect/.build/DerivedData/Build/Intermediates.noindex/GeneratedModuleMaps/SmithyCBOR.modulemap\ -fmodule-map-file\=/Users/michielvh/code/one-b2c/ssm-connect/.build/DerivedData/Build/Intermediates.noindex/GeneratedModuleMaps/SmithyChecksums.modulemap\ -fmodule-map-file\=/Users/michielvh/code/one-b2c/ssm-connect/.build/DerivedData/Build/Intermediates.noindex/GeneratedModuleMaps/SmithyEventStreams.modulemap\ -fmodule-map-file\=/Users/michielvh/code/one-b2c/ssm-connect/.build/DerivedData/Build/Intermediates.noindex/GeneratedModuleMaps/SmithyEventStreamsAuthAPI.modulemap\ -fmodule-map-file\=/Users/michielvh/code/one-b2c/ssm-connect/.build/DerivedData/Build/Intermediates.noindex/GeneratedModuleMaps/SmithyEventStreamsAPI.modulemap\ -fmodule-map-file\=/Users/michielvh/code/one-b2c/ssm-connect/.build/DerivedData/Build/Intermediates.noindex/GeneratedModuleMaps/SmithyHTTPAuth.modulemap\ -fmodule-map-file\=/Users/michielvh/code/one-b2c/ssm-connect/.build/DerivedData/Build/Intermediates.noindex/GeneratedModuleMaps/SmithyChecksumsAPI.modulemap\ -fmodule-map-file\=/Users/michielvh/code/one-b2c/ssm-connect/.build/DerivedData/Build/Intermediates.noindex/GeneratedModuleMaps/SmithyHTTPClient.modulemap\ -fmodule-map-file\=/Users/michielvh/code/one-b2c/ssm-connect/.build/DerivedData/Build/Intermediates.noindex/GeneratedModuleMaps/SmithyStreams.modulemap\ -fmodule-map-file\=/Users/michielvh/code/one-b2c/ssm-connect/.build/DerivedData/Build/Intermediates.noindex/GeneratedModuleMaps/SmithyIdentity.modulemap\ -fmodule-map-file\=/Users/michielvh/code/one-b2c/ssm-connect/.build/DerivedData/Build/Intermediates.noindex/GeneratedModuleMaps/SmithyRetries.modulemap\ -fmodule-map-file\=/Users/michielvh/code/one-b2c/ssm-connect/.build/DerivedData/Build/Intermediates.noindex/GeneratedModuleMaps/SmithyRetriesAPI.modulemap\ -fmodule-map-file\=/Users/michielvh/code/one-b2c/ssm-connect/.build/DerivedData/Build/Intermediates.noindex/GeneratedModuleMaps/SmithyHTTPClientAPI.modulemap\ -fmodule-map-file\=/Users/michielvh/code/one-b2c/ssm-connect/.build/DerivedData/Build/Intermediates.noindex/GeneratedModuleMaps/SmithyTelemetryAPI.modulemap\ -fmodule-map-file\=/Users/michielvh/code/one-b2c/ssm-connect/.build/DerivedData/Build/Intermediates.noindex/GeneratedModuleMaps/SmithyAWSJSON.modulemap\ -fmodule-map-file\=/Users/michielvh/code/one-b2c/ssm-connect/.build/DerivedData/Build/Intermediates.noindex/GeneratedModuleMaps/SmithyIdentityAPI.modulemap\ -fmodule-map-file\=/Users/michielvh/code/one-b2c/ssm-connect/.build/DerivedData/Build/Intermediates.noindex/GeneratedModuleMaps/SmithyHTTPAPI.modulemap\ -fmodule-map-file\=/Users/michielvh/code/one-b2c/ssm-connect/.build/DerivedData/Build/Intermediates.noindex/GeneratedModuleMaps/SmithyHTTPAuthAPI.modulemap\ -fmodule-map-file\=/Users/michielvh/code/one-b2c/ssm-connect/.build/DerivedData/Build/Intermediates.noindex/GeneratedModuleMaps/SmithyJSON.modulemap\ -fmodule-map-file\=/Users/michielvh/code/one-b2c/ssm-connect/.build/DerivedData/Build/Intermediates.noindex/GeneratedModuleMaps/SmithyFormURL.modulemap\ -fmodule-map-file\=/Users/michielvh/code/one-b2c/ssm-connect/.build/DerivedData/Build/Intermediates.noindex/GeneratedModuleMaps/Logging.modulemap\ -fmodule-map-file\=/Users/michielvh/code/one-b2c/ssm-connect/.build/DerivedData/Build/Intermediates.noindex/GeneratedModuleMaps/SmithyReadWrite.modulemap\ -fmodule-map-file\=/Users/michielvh/code/one-b2c/ssm-connect/.build/DerivedData/Build/Intermediates.noindex/GeneratedModuleMaps/SmithyTimestamps.modulemap\ -fmodule-map-file\=/Users/michielvh/code/one-b2c/ssm-connect/.build/DerivedData/Build/Intermediates.noindex/GeneratedModuleMaps/SmithySerialization.modulemap\ -fmodule-map-file\=/Users/michielvh/code/one-b2c/ssm-connect/.build/DerivedData/Build/Intermediates.noindex/GeneratedModuleMaps/Smithy.modulemap\ -fmodule-map-file\=/Users/michielvh/code/one-b2c/ssm-connect/.build/DerivedData/Build/Intermediates.noindex/GeneratedModuleMaps/SmithyXML.modulemap\ -fmodule-map-file\=/Users/michielvh/code/one-b2c/ssm-connect/.build/DerivedData/Build/Intermediates.noindex/GeneratedModuleMaps/AWSSDKIdentity.modulemap\ -fmodule-map-file\=/Users/michielvh/code/one-b2c/ssm-connect/.build/DerivedData/Build/Intermediates.noindex/GeneratedModuleMaps/InternalAWSSignin.modulemap\ -fmodule-map-file\=/Users/michielvh/code/one-b2c/ssm-connect/.build/DerivedData/Build/Intermediates.noindex/GeneratedModuleMaps/InternalAWSSTS.modulemap\ -fmodule-map-file\=/Users/michielvh/code/one-b2c/ssm-connect/.build/DerivedData/Build/Intermediates.noindex/GeneratedModuleMaps/InternalAWSSSOOIDC.modulemap\ -fmodule-map-file\=/Users/michielvh/code/one-b2c/ssm-connect/.build/DerivedData/Build/Intermediates.noindex/GeneratedModuleMaps/InternalAWSSSO.modulemap\ -fmodule-map-file\=/Users/michielvh/code/one-b2c/ssm-connect/.build/DerivedData/Build/Intermediates.noindex/GeneratedModuleMaps/InternalAWSCognitoIdentity.modulemap\ -fmodule-map-file\=/Users/michielvh/code/one-b2c/ssm-connect/.build/DerivedData/Build/Intermediates.noindex/GeneratedModuleMaps/AWSClientRuntime.modulemap\ -fmodule-map-file\=/Users/michielvh/code/one-b2c/ssm-connect/.build/DerivedData/Build/Intermediates.noindex/GeneratedModuleMaps/AWSSDKDynamic.modulemap\ -fmodule-map-file\=/Users/michielvh/code/one-b2c/ssm-connect/.build/DerivedData/Build/Intermediates.noindex/GeneratedModuleMaps/AWSSDKHTTPAuth.modulemap\ -fmodule-map-file\=/Users/michielvh/code/one-b2c/ssm-connect/.build/DerivedData/Build/Intermediates.noindex/GeneratedModuleMaps/AWSSDKChecksums.modulemap\ -fmodule-map-file\=/Users/michielvh/code/one-b2c/ssm-connect/.build/DerivedData/Build/Intermediates.noindex/GeneratedModuleMaps/AWSSDKIdentityAPI.modulemap\ -fmodule-map-file\=/Users/michielvh/code/one-b2c/ssm-connect/.build/DerivedData/Build/Intermediates.noindex/GeneratedModuleMaps/AWSSDKCommon.modulemap\ -fmodule-map-file\=/Users/michielvh/code/one-b2c/ssm-connect/.build/DerivedData/Build/Intermediates.noindex/GeneratedModuleMaps/AWSSecretsManager.modulemap\ 
    export OTHER_CPLUSPLUSFLAGS\=-fmodule-map-file\=/Users/michielvh/code/one-b2c/ssm-connect/.build/DerivedData/Build/Intermediates.noindex/GeneratedModuleMaps/AWSSSOOIDC.modulemap\ -fmodule-map-file\=/Users/michielvh/code/one-b2c/ssm-connect/.build/DerivedData/Build/Intermediates.noindex/GeneratedModuleMaps/AWSSSO.modulemap\ -fmodule-map-file\=/Users/michielvh/code/one-b2c/ssm-connect/.build/DerivedData/Build/Intermediates.noindex/GeneratedModuleMaps/AWSEC2.modulemap\ -fmodule-map-file\=/Users/michielvh/code/one-b2c/ssm-connect/.build/DerivedData/Build/Intermediates.noindex/GeneratedModuleMaps/SmithyWaitersAPI.modulemap\ -fmodule-map-file\=/Users/michielvh/code/one-b2c/ssm-connect/.build/DerivedData/Build/Intermediates.noindex/GeneratedModuleMaps/AWSSSM.modulemap\ -fmodule-map-file\=/Users/michielvh/code/one-b2c/ssm-connect/.build/DerivedData/SourcePackages/checkouts/aws-crt-swift/Source/LibNative/module.modulemap\ -fmodule-map-file\=/Users/michielvh/code/one-b2c/ssm-connect/.build/DerivedData/Build/Intermediates.noindex/GeneratedModuleMaps/AwsCMqtt.modulemap\ -fmodule-map-file\=/Users/michielvh/code/one-b2c/ssm-connect/.build/DerivedData/Build/Intermediates.noindex/GeneratedModuleMaps/AwsCEventStream.modulemap\ -fmodule-map-file\=/Users/michielvh/code/one-b2c/ssm-connect/.build/DerivedData/Build/Intermediates.noindex/GeneratedModuleMaps/AwsCChecksums.modulemap\ -fmodule-map-file\=/Users/michielvh/code/one-b2c/ssm-connect/.build/DerivedData/Build/Intermediates.noindex/GeneratedModuleMaps/AwsCAuth.modulemap\ -fmodule-map-file\=/Users/michielvh/code/one-b2c/ssm-connect/.build/DerivedData/Build/Intermediates.noindex/GeneratedModuleMaps/AwsCSdkUtils.modulemap\ -fmodule-map-file\=/Users/michielvh/code/one-b2c/ssm-connect/.build/DerivedData/Build/Intermediates.noindex/GeneratedModuleMaps/AwsCHttp.modulemap\ -fmodule-map-file\=/Users/michielvh/code/one-b2c/ssm-connect/.build/DerivedData/Build/Intermediates.noindex/GeneratedModuleMaps/AwsCIo.modulemap\ -fmodule-map-file\=/Users/michielvh/code/one-b2c/ssm-connect/.build/DerivedData/Build/Intermediates.noindex/GeneratedModuleMaps/AwsCCal.modulemap\ -fmodule-map-file\=/Users/michielvh/code/one-b2c/ssm-connect/.build/DerivedData/Build/Intermediates.noindex/GeneratedModuleMaps/AwsCCompression.modulemap\ -fmodule-map-file\=/Users/michielvh/code/one-b2c/ssm-connect/.build/DerivedData/Build/Intermediates.noindex/GeneratedModuleMaps/AwsCCommon.modulemap\ -fmodule-map-file\=/Users/michielvh/code/one-b2c/ssm-connect/.build/DerivedData/Build/Intermediates.noindex/GeneratedModuleMaps/AwsCommonRuntimeKit.modulemap\ -fmodule-map-file\=/Users/michielvh/code/one-b2c/ssm-connect/.build/DerivedData/Build/Intermediates.noindex/GeneratedModuleMaps/ClientRuntime.modulemap\ -fmodule-map-file\=/Users/michielvh/code/one-b2c/ssm-connect/.build/DerivedData/Build/Intermediates.noindex/GeneratedModuleMaps/SmithyCBOR.modulemap\ -fmodule-map-file\=/Users/michielvh/code/one-b2c/ssm-connect/.build/DerivedData/Build/Intermediates.noindex/GeneratedModuleMaps/SmithyChecksums.modulemap\ -fmodule-map-file\=/Users/michielvh/code/one-b2c/ssm-connect/.build/DerivedData/Build/Intermediates.noindex/GeneratedModuleMaps/SmithyEventStreams.modulemap\ -fmodule-map-file\=/Users/michielvh/code/one-b2c/ssm-connect/.build/DerivedData/Build/Intermediates.noindex/GeneratedModuleMaps/SmithyEventStreamsAuthAPI.modulemap\ -fmodule-map-file\=/Users/michielvh/code/one-b2c/ssm-connect/.build/DerivedData/Build/Intermediates.noindex/GeneratedModuleMaps/SmithyEventStreamsAPI.modulemap\ -fmodule-map-file\=/Users/michielvh/code/one-b2c/ssm-connect/.build/DerivedData/Build/Intermediates.noindex/GeneratedModuleMaps/SmithyHTTPAuth.modulemap\ -fmodule-map-file\=/Users/michielvh/code/one-b2c/ssm-connect/.build/DerivedData/Build/Intermediates.noindex/GeneratedModuleMaps/SmithyChecksumsAPI.modulemap\ -fmodule-map-file\=/Users/michielvh/code/one-b2c/ssm-connect/.build/DerivedData/Build/Intermediates.noindex/GeneratedModuleMaps/SmithyHTTPClient.modulemap\ -fmodule-map-file\=/Users/michielvh/code/one-b2c/ssm-connect/.build/DerivedData/Build/Intermediates.noindex/GeneratedModuleMaps/SmithyStreams.modulemap\ -fmodule-map-file\=/Users/michielvh/code/one-b2c/ssm-connect/.build/DerivedData/Build/Intermediates.noindex/GeneratedModuleMaps/SmithyIdentity.modulemap\ -fmodule-map-file\=/Users/michielvh/code/one-b2c/ssm-connect/.build/DerivedData/Build/Intermediates.noindex/GeneratedModuleMaps/SmithyRetries.modulemap\ -fmodule-map-file\=/Users/michielvh/code/one-b2c/ssm-connect/.build/DerivedData/Build/Intermediates.noindex/GeneratedModuleMaps/SmithyRetriesAPI.modulemap\ -fmodule-map-file\=/Users/michielvh/code/one-b2c/ssm-connect/.build/DerivedData/Build/Intermediates.noindex/GeneratedModuleMaps/SmithyHTTPClientAPI.modulemap\ -fmodule-map-file\=/Users/michielvh/code/one-b2c/ssm-connect/.build/DerivedData/Build/Intermediates.noindex/GeneratedModuleMaps/SmithyTelemetryAPI.modulemap\ -fmodule-map-file\=/Users/michielvh/code/one-b2c/ssm-connect/.build/DerivedData/Build/Intermediates.noindex/GeneratedModuleMaps/SmithyAWSJSON.modulemap\ -fmodule-map-file\=/Users/michielvh/code/one-b2c/ssm-connect/.build/DerivedData/Build/Intermediates.noindex/GeneratedModuleMaps/SmithyIdentityAPI.modulemap\ -fmodule-map-file\=/Users/michielvh/code/one-b2c/ssm-connect/.build/DerivedData/Build/Intermediates.noindex/GeneratedModuleMaps/SmithyHTTPAPI.modulemap\ -fmodule-map-file\=/Users/michielvh/code/one-b2c/ssm-connect/.build/DerivedData/Build/Intermediates.noindex/GeneratedModuleMaps/SmithyHTTPAuthAPI.modulemap\ -fmodule-map-file\=/Users/michielvh/code/one-b2c/ssm-connect/.build/DerivedData/Build/Intermediates.noindex/GeneratedModuleMaps/SmithyJSON.modulemap\ -fmodule-map-file\=/Users/michielvh/code/one-b2c/ssm-connect/.build/DerivedData/Build/Intermediates.noindex/GeneratedModuleMaps/SmithyFormURL.modulemap\ -fmodule-map-file\=/Users/michielvh/code/one-b2c/ssm-connect/.build/DerivedData/Build/Intermediates.noindex/GeneratedModuleMaps/Logging.modulemap\ -fmodule-map-file\=/Users/michielvh/code/one-b2c/ssm-connect/.build/DerivedData/Build/Intermediates.noindex/GeneratedModuleMaps/SmithyReadWrite.modulemap\ -fmodule-map-file\=/Users/michielvh/code/one-b2c/ssm-connect/.build/DerivedData/Build/Intermediates.noindex/GeneratedModuleMaps/SmithyTimestamps.modulemap\ -fmodule-map-file\=/Users/michielvh/code/one-b2c/ssm-connect/.build/DerivedData/Build/Intermediates.noindex/GeneratedModuleMaps/SmithySerialization.modulemap\ -fmodule-map-file\=/Users/michielvh/code/one-b2c/ssm-connect/.build/DerivedData/Build/Intermediates.noindex/GeneratedModuleMaps/Smithy.modulemap\ -fmodule-map-file\=/Users/michielvh/code/one-b2c/ssm-connect/.build/DerivedData/Build/Intermediates.noindex/GeneratedModuleMaps/SmithyXML.modulemap\ -fmodule-map-file\=/Users/michielvh/code/one-b2c/ssm-connect/.build/DerivedData/Build/Intermediates.noindex/GeneratedModuleMaps/AWSSDKIdentity.modulemap\ -fmodule-map-file\=/Users/michielvh/code/one-b2c/ssm-connect/.build/DerivedData/Build/Intermediates.noindex/GeneratedModuleMaps/InternalAWSSignin.modulemap\ -fmodule-map-file\=/Users/michielvh/code/one-b2c/ssm-connect/.build/DerivedData/Build/Intermediates.noindex/GeneratedModuleMaps/InternalAWSSTS.modulemap\ -fmodule-map-file\=/Users/michielvh/code/one-b2c/ssm-connect/.build/DerivedData/Build/Intermediates.noindex/GeneratedModuleMaps/InternalAWSSSOOIDC.modulemap\ -fmodule-map-file\=/Users/michielvh/code/one-b2c/ssm-connect/.build/DerivedData/Build/Intermediates.noindex/GeneratedModuleMaps/InternalAWSSSO.modulemap\ -fmodule-map-file\=/Users/michielvh/code/one-b2c/ssm-connect/.build/DerivedData/Build/Intermediates.noindex/GeneratedModuleMaps/InternalAWSCognitoIdentity.modulemap\ -fmodule-map-file\=/Users/michielvh/code/one-b2c/ssm-connect/.build/DerivedData/Build/Intermediates.noindex/GeneratedModuleMaps/AWSClientRuntime.modulemap\ -fmodule-map-file\=/Users/michielvh/code/one-b2c/ssm-connect/.build/DerivedData/Build/Intermediates.noindex/GeneratedModuleMaps/AWSSDKDynamic.modulemap\ -fmodule-map-file\=/Users/michielvh/code/one-b2c/ssm-connect/.build/DerivedData/Build/Intermediates.noindex/GeneratedModuleMaps/AWSSDKHTTPAuth.modulemap\ -fmodule-map-file\=/Users/michielvh/code/one-b2c/ssm-connect/.build/DerivedData/Build/Intermediates.noindex/GeneratedModuleMaps/AWSSDKChecksums.modulemap\ -fmodule-map-file\=/Users/michielvh/code/one-b2c/ssm-connect/.build/DerivedData/Build/Intermediates.noindex/GeneratedModuleMaps/AWSSDKIdentityAPI.modulemap\ -fmodule-map-file\=/Users/michielvh/code/one-b2c/ssm-connect/.build/DerivedData/Build/Intermediates.noindex/GeneratedModuleMaps/AWSSDKCommon.modulemap\ -fmodule-map-file\=/Users/michielvh/code/one-b2c/ssm-connect/.build/DerivedData/Build/Intermediates.noindex/GeneratedModuleMaps/AWSSecretsManager.modulemap\ 
    export OTHER_LDFLAGS\=-Wl,-no_warn_duplicate_libraries\ -Wl,-no_warn_duplicate_libraries\ -Wl,-no_warn_duplicate_libraries\ -Wl,-no_warn_duplicate_libraries\ -Wl,-no_warn_duplicate_libraries\ -Wl,-no_warn_duplicate_libraries\ -Wl,-no_warn_duplicate_libraries\ -Wl,-no_warn_duplicate_libraries\ -Wl,-no_warn_duplicate_libraries\ -Wl,-no_warn_duplicate_libraries\ -Wl,-no_warn_duplicate_libraries\ -Wl,-no_warn_duplicate_libraries\ -Wl,-no_warn_duplicate_libraries\ -Wl,-no_warn_duplicate_libraries\ -Wl,-no_warn_duplicate_libraries\ -Wl,-no_warn_duplicate_libraries\ -Wl,-no_warn_duplicate_libraries\ -Wl,-no_warn_duplicate_libraries\ -Wl,-no_warn_duplicate_libraries\ -Wl,-no_warn_duplicate_libraries\ -Wl,-no_warn_duplicate_libraries\ -Wl,-no_warn_duplicate_libraries\ -Wl,-no_warn_duplicate_libraries\ -Wl,-no_warn_duplicate_libraries\ -Wl,-no_warn_duplicate_libraries\ -Wl,-no_warn_duplicate_libraries\ -Wl,-no_warn_duplicate_libraries\ -Wl,-no_warn_duplicate_libraries\ -Wl,-no_warn_duplicate_libraries\ -Wl,-no_warn_duplicate_libraries\ -Wl,-no_warn_duplicate_libraries\ -Wl,-no_warn_duplicate_libraries\ -Wl,-no_warn_duplicate_libraries\ -Wl,-no_warn_duplicate_libraries\ -Wl,-no_warn_duplicate_libraries\ -Wl,-no_warn_duplicate_libraries\ -Wl,-no_warn_duplicate_libraries\ -Wl,-no_warn_duplicate_libraries\ -Wl,-no_warn_duplicate_libraries\ -Wl,-no_warn_duplicate_libraries\ -Wl,-no_warn_duplicate_libraries\ -Wl,-no_warn_duplicate_libraries\ -Wl,-no_warn_duplicate_libraries\ -Wl,-no_warn_duplicate_libraries\ -Wl,-no_warn_duplicate_libraries\ -Wl,-no_warn_duplicate_libraries\ -Wl,-no_warn_duplicate_libraries\ -Wl,-no_warn_duplicate_libraries\ -Wl,-no_warn_duplicate_libraries\ -Wl,-no_warn_duplicate_libraries\ -Wl,-no_warn_duplicate_libraries\ -Wl,-no_warn_duplicate_libraries\ -Wl,-no_warn_duplicate_libraries\ -Wl,-no_warn_duplicate_libraries\ -Wl,-no_warn_duplicate_libraries\ -Wl,-no_warn_duplicate_libraries\ -Wl,-no_warn_duplicate_libraries\ 
    export OTHER_SWIFT_FLAGS\=-Xcc\ -fmodule-map-file\=/Users/michielvh/code/one-b2c/ssm-connect/.build/DerivedData/SourcePackages/checkouts/aws-crt-swift/Source/LibNative/module.modulemap\ -Xcc\ -fmodule-map-file\=/Users/michielvh/code/one-b2c/ssm-connect/.build/DerivedData/Build/Intermediates.noindex/GeneratedModuleMaps/AwsCMqtt.modulemap\ -Xcc\ -fmodule-map-file\=/Users/michielvh/code/one-b2c/ssm-connect/.build/DerivedData/Build/Intermediates.noindex/GeneratedModuleMaps/AwsCEventStream.modulemap\ -Xcc\ -fmodule-map-file\=/Users/michielvh/code/one-b2c/ssm-connect/.build/DerivedData/Build/Intermediates.noindex/GeneratedModuleMaps/AwsCChecksums.modulemap\ -Xcc\ -fmodule-map-file\=/Users/michielvh/code/one-b2c/ssm-connect/.build/DerivedData/Build/Intermediates.noindex/GeneratedModuleMaps/AwsCAuth.modulemap\ -Xcc\ -fmodule-map-file\=/Users/michielvh/code/one-b2c/ssm-connect/.build/DerivedData/Build/Intermediates.noindex/GeneratedModuleMaps/AwsCSdkUtils.modulemap\ -Xcc\ -fmodule-map-file\=/Users/michielvh/code/one-b2c/ssm-connect/.build/DerivedData/Build/Intermediates.noindex/GeneratedModuleMaps/AwsCHttp.modulemap\ -Xcc\ -fmodule-map-file\=/Users/michielvh/code/one-b2c/ssm-connect/.build/DerivedData/Build/Intermediates.noindex/GeneratedModuleMaps/AwsCIo.modulemap\ -Xcc\ -fmodule-map-file\=/Users/michielvh/code/one-b2c/ssm-connect/.build/DerivedData/Build/Intermediates.noindex/GeneratedModuleMaps/AwsCCal.modulemap\ -Xcc\ -fmodule-map-file\=/Users/michielvh/code/one-b2c/ssm-connect/.build/DerivedData/Build/Intermediates.noindex/GeneratedModuleMaps/AwsCCompression.modulemap\ -Xcc\ -fmodule-map-file\=/Users/michielvh/code/one-b2c/ssm-connect/.build/DerivedData/Build/Intermediates.noindex/GeneratedModuleMaps/AwsCCommon.modulemap\ 
    export PACKAGE_TYPE\=com.apple.package-type.wrapper.application
    export PASCAL_STRINGS\=YES
    export PATH\=/Applications/Xcode.app/Contents/SharedFrameworks/SwiftBuild.framework/Versions/A/PlugIns/SWBBuildService.bundle/Contents/PlugIns/SWBUniversalPlatformPlugin.bundle/Contents/Frameworks/SWBUniversalPlatform.framework/Resources:/Applications/Xcode.app/Contents/Developer/Toolchains/XcodeDefault.xctoolchain/usr/bin:/Applications/Xcode.app/Contents/Developer/Toolchains/XcodeDefault.xctoolchain/usr/local/bin:/Applications/Xcode.app/Contents/Developer/Toolchains/XcodeDefault.xctoolchain/usr/libexec:/Applications/Xcode.app/Contents/Developer/Platforms/MacOSX.platform/usr/bin:/Applications/Xcode.app/Contents/Developer/Platforms/MacOSX.platform/usr/local/bin:/Applications/Xcode.app/Contents/Developer/Platforms/MacOSX.platform/Developer/usr/bin:/Applications/Xcode.app/Contents/Developer/Platforms/MacOSX.platform/Developer/usr/local/bin:/Applications/Xcode.app/Contents/Developer/usr/bin:/Applications/Xcode.app/Contents/Developer/usr/local/bin:/Users/michielvh/.antigravity/antigravity/bin:/Users/michielvh/go/bin:/Users/michielvh/Library/Application\ Support/Code/User/globalStorage/github.copilot-chat/debugCommand:/Users/michielvh/Library/Application\ Support/Code/User/globalStorage/github.copilot-chat/copilotCli:/Library/Frameworks/Python.framework/Versions/3.13/bin:/opt/homebrew/bin:/opt/homebrew/sbin:/usr/local/bin:/System/Cryptexes/App/usr/bin:/usr/bin:/bin:/usr/sbin:/sbin:/var/run/com.apple.security.cryptexd/codex.system/bootstrap/usr/local/bin:/var/run/com.apple.security.cryptexd/codex.system/bootstrap/usr/bin:/var/run/com.apple.security.cryptexd/codex.system/bootstrap/usr/appleinternal/bin:/opt/pkg/env/active/bin:/opt/pmk/env/global/bin:/Library/Apple/usr/bin:/Users/michielvh/.zi/polaris/sbin:/Users/michielvh/.zi/polaris/bin:/Users/michielvh/.vscode/extensions/ms-python.debugpy-2026.6.0-darwin-arm64/bundled/scripts/noConfigScripts
    export PATH_PREFIXES_EXCLUDED_FROM_HEADER_DEPENDENCIES\=/usr/include\ /usr/local/include\ /System/Library/Frameworks\ /System/Library/PrivateFrameworks\ /Applications/Xcode.app/Contents/Developer/Headers\ /Applications/Xcode.app/Contents/Developer/SDKs\ /Applications/Xcode.app/Contents/Developer/Platforms
    export PBDEVELOPMENTPLIST_PATH\=SSMConnect.app/Contents/pbdevelopment.plist
    export PER_ARCH_MODULE_FILE_DIR\=/Users/michielvh/code/one-b2c/ssm-connect/.build/DerivedData/Build/Intermediates.noindex/SSMConnect.build/Debug/SSMConnect.build/Objects-normal/undefined_arch
    export PER_ARCH_OBJECT_FILE_DIR\=/Users/michielvh/code/one-b2c/ssm-connect/.build/DerivedData/Build/Intermediates.noindex/SSMConnect.build/Debug/SSMConnect.build/Objects-normal/undefined_arch
    export PER_VARIANT_OBJECT_FILE_DIR\=/Users/michielvh/code/one-b2c/ssm-connect/.build/DerivedData/Build/Intermediates.noindex/SSMConnect.build/Debug/SSMConnect.build/Objects-normal
    export PKGINFO_FILE_PATH\=/Users/michielvh/code/one-b2c/ssm-connect/.build/DerivedData/Build/Intermediates.noindex/SSMConnect.build/Debug/SSMConnect.build/PkgInfo
    export PKGINFO_PATH\=SSMConnect.app/Contents/PkgInfo
    export PLATFORM_DEVELOPER_APPLICATIONS_DIR\=/Applications/Xcode.app/Contents/Developer/Applications
    export PLATFORM_DEVELOPER_BIN_DIR\=/Applications/Xcode.app/Contents/Developer/usr/bin
    export PLATFORM_DEVELOPER_LIBRARY_DIR\=/Applications/Xcode.app/Contents/Developer/Library
    export PLATFORM_DEVELOPER_SDK_DIR\=/Applications/Xcode.app/Contents/Developer/Platforms/MacOSX.platform/Developer/SDKs
    export PLATFORM_DEVELOPER_TOOLS_DIR\=/Applications/Xcode.app/Contents/Developer/Tools
    export PLATFORM_DEVELOPER_USR_DIR\=/Applications/Xcode.app/Contents/Developer/usr
    export PLATFORM_DIR\=/Applications/Xcode.app/Contents/Developer/Platforms/MacOSX.platform
    export PLATFORM_DISPLAY_NAME\=macOS
    export PLATFORM_FAMILY_NAME\=macOS
    export PLATFORM_NAME\=macosx
    export PLATFORM_PREFERRED_ARCH\=x86_64
    export PLATFORM_PRODUCT_BUILD_VERSION\=25F70
    export PLATFORM_REQUIRES_SWIFT_AUTOLINK_EXTRACT\=NO
    export PLATFORM_REQUIRES_SWIFT_MODULEWRAP\=NO
    export PLATFORM_USES_DSYMS\=YES
    export PLIST_FILE_OUTPUT_FORMAT\=same-as-input
    export PLUGINS_FOLDER_PATH\=SSMConnect.app/Contents/PlugIns
    export PRECOMPS_INCLUDE_HEADERS_FROM_BUILT_PRODUCTS_DIR\=YES
    export PRECOMP_DESTINATION_DIR\=/Users/michielvh/code/one-b2c/ssm-connect/.build/DerivedData/Build/Intermediates.noindex/SSMConnect.build/Debug/SSMConnect.build/PrefixHeaders
    export PRIVATE_HEADERS_FOLDER_PATH\=SSMConnect.app/Contents/PrivateHeaders
    export PROCESSED_INFOPLIST_PATH\=/Users/michielvh/code/one-b2c/ssm-connect/.build/DerivedData/Build/Intermediates.noindex/SSMConnect.build/Debug/SSMConnect.build/Objects-normal/undefined_arch/Processed-Info.plist
    export PRODUCT_BUNDLE_IDENTIFIER\=pro.vhco.ssm-connect
    export PRODUCT_BUNDLE_PACKAGE_TYPE\=APPL
    export PRODUCT_MODULE_NAME\=SSMConnect
    export PRODUCT_NAME\=SSMConnect
    export PRODUCT_SETTINGS_PATH\=/Users/michielvh/code/one-b2c/ssm-connect/SSMConnect/Info.plist
    export PRODUCT_TYPE\=com.apple.product-type.application
    export PROFILING_CODE\=NO
    export PROJECT\=SSMConnect
    export PROJECT_DERIVED_FILE_DIR\=/Users/michielvh/code/one-b2c/ssm-connect/.build/DerivedData/Build/Intermediates.noindex/SSMConnect.build/DerivedSources
    export PROJECT_DIR\=/Users/michielvh/code/one-b2c/ssm-connect
    export PROJECT_FILE_PATH\=/Users/michielvh/code/one-b2c/ssm-connect/SSMConnect.xcodeproj
    export PROJECT_GUID\=143d7d7ca523301723e96f80ac4f74bb
    export PROJECT_NAME\=SSMConnect
    export PROJECT_TEMP_DIR\=/Users/michielvh/code/one-b2c/ssm-connect/.build/DerivedData/Build/Intermediates.noindex/SSMConnect.build
    export PROJECT_TEMP_ROOT\=/Users/michielvh/code/one-b2c/ssm-connect/.build/DerivedData/Build/Intermediates.noindex
    export PROVISIONING_PROFILE_REQUIRED\=NO
    export PROVISIONING_PROFILE_REQUIRED_YES_YES\=YES
    export PROVISIONING_PROFILE_SUPPORTED\=YES
    export PUBLIC_HEADERS_FOLDER_PATH\=SSMConnect.app/Contents/Headers
    export RECOMMENDED_MACOSX_DEPLOYMENT_TARGET\=11.0
    export RECURSIVE_SEARCH_PATHS_FOLLOW_SYMLINKS\=YES
    export REMOVE_CVS_FROM_RESOURCES\=YES
    export REMOVE_GIT_FROM_RESOURCES\=YES
    export REMOVE_HEADERS_FROM_EMBEDDED_BUNDLES\=YES
    export REMOVE_HG_FROM_RESOURCES\=YES
    export REMOVE_STATIC_EXECUTABLES_FROM_EMBEDDED_BUNDLES\=YES
    export REMOVE_SVN_FROM_RESOURCES\=YES
    export RESCHEDULE_INDEPENDENT_HEADERS_PHASES\=YES
    export REZ_COLLECTOR_DIR\=/Users/michielvh/code/one-b2c/ssm-connect/.build/DerivedData/Build/Intermediates.noindex/SSMConnect.build/Debug/SSMConnect.build/ResourceManagerResources
    export REZ_OBJECTS_DIR\=/Users/michielvh/code/one-b2c/ssm-connect/.build/DerivedData/Build/Intermediates.noindex/SSMConnect.build/Debug/SSMConnect.build/ResourceManagerResources/Objects
    export REZ_SEARCH_PATHS\=/Users/michielvh/code/one-b2c/ssm-connect/.build/DerivedData/Build/Products/Debug\ 
    export RPATH_ORIGIN\=@loader_path
    export RUNTIME_EXCEPTION_ALLOW_DYLD_ENVIRONMENT_VARIABLES\=NO
    export RUNTIME_EXCEPTION_ALLOW_JIT\=NO
    export RUNTIME_EXCEPTION_ALLOW_UNSIGNED_EXECUTABLE_MEMORY\=NO
    export RUNTIME_EXCEPTION_DEBUGGING_TOOL\=NO
    export RUNTIME_EXCEPTION_DISABLE_EXECUTABLE_PAGE_PROTECTION\=NO
    export RUNTIME_EXCEPTION_DISABLE_LIBRARY_VALIDATION\=NO
    export SCANNING_PCM_KEEP_CACHE_DIRECTORY\=YES
    export SCAN_ALL_SOURCE_FILES_FOR_INCLUDES\=NO
    export SCRIPTS_FOLDER_PATH\=SSMConnect.app/Contents/Resources/Scripts
    export SCRIPT_INPUT_FILE_COUNT\=0
    export SCRIPT_INPUT_FILE_LIST_COUNT\=0
    export SCRIPT_OUTPUT_FILE_COUNT\=0
    export SCRIPT_OUTPUT_FILE_LIST_COUNT\=0
    export SDKROOT\=/Applications/Xcode.app/Contents/Developer/Platforms/MacOSX.platform/Developer/SDKs/MacOSX26.5.sdk
    export SDK_DIR\=/Applications/Xcode.app/Contents/Developer/Platforms/MacOSX.platform/Developer/SDKs/MacOSX26.5.sdk
    export SDK_DIR_macosx\=/Applications/Xcode.app/Contents/Developer/Platforms/MacOSX.platform/Developer/SDKs/MacOSX26.5.sdk
    export SDK_DIR_macosx26_5\=/Applications/Xcode.app/Contents/Developer/Platforms/MacOSX.platform/Developer/SDKs/MacOSX26.5.sdk
    export SDK_NAME\=macosx26.5
    export SDK_NAMES\=macosx26.5
    export SDK_PRODUCT_BUILD_VERSION\=25F70
    export SDK_STAT_CACHE_DIR\=/Users/michielvh/code/one-b2c/ssm-connect/.build/DerivedData
    export SDK_STAT_CACHE_ENABLE\=YES
    export SDK_STAT_CACHE_PATH\=/Users/michielvh/code/one-b2c/ssm-connect/.build/DerivedData/SDKStatCaches.noindex/macosx26.5-25F70-e082c4a02f00227109f4ed75e425c832.sdkstatcache
    export SDK_VERSION\=26.5
    export SDK_VERSION_ACTUAL\=260500
    export SDK_VERSION_MAJOR\=260000
    export SDK_VERSION_MINOR\=260500
    export SED\=/usr/bin/sed
    export SEPARATE_STRIP\=NO
    export SEPARATE_SYMBOL_EDIT\=NO
    export SET_DIR_MODE_OWNER_GROUP\=YES
    export SET_FILE_MODE_OWNER_GROUP\=NO
    export SHALLOW_BUNDLE\=NO
    export SHALLOW_BUNDLE_PLATFORM\=NO
    export SHALLOW_BUNDLE_TRIPLE\=macos
    export SHALLOW_BUNDLE_ios_macabi\=NO
    export SHALLOW_BUNDLE_macos\=NO
    export SHARED_DERIVED_FILE_DIR\=/Users/michielvh/code/one-b2c/ssm-connect/.build/DerivedData/Build/Products/Debug/DerivedSources
    export SHARED_FRAMEWORKS_FOLDER_PATH\=SSMConnect.app/Contents/SharedFrameworks
    export SHARED_PRECOMPS_DIR\=/Users/michielvh/code/one-b2c/ssm-connect/.build/DerivedData/Build/Intermediates.noindex/PrecompiledHeaders
    export SHARED_SUPPORT_FOLDER_PATH\=SSMConnect.app/Contents/SharedSupport
    export SKIP_INSTALL\=NO
    export SKIP_MERGEABLE_LIBRARY_BUNDLE_HOOK\=NO
    export SOURCE_ROOT\=/Users/michielvh/code/one-b2c/ssm-connect
    export SRCROOT\=/Users/michielvh/code/one-b2c/ssm-connect
    export STRINGSDATA_DIR\=/Users/michielvh/code/one-b2c/ssm-connect/.build/DerivedData/Build/Intermediates.noindex/SSMConnect.build/Debug/SSMConnect.build/Objects-normal/undefined_arch
    export STRINGSDATA_ROOT\=/Users/michielvh/code/one-b2c/ssm-connect/.build/DerivedData/Build/Intermediates.noindex/SSMConnect.build/Debug/SSMConnect.build
    export STRINGS_FILE_INFOPLIST_RENAME\=YES
    export STRINGS_FILE_OUTPUT_ENCODING\=UTF-16
    export STRING_CATALOG_GENERATE_SYMBOLS\=NO
    export STRIP_BITCODE_FROM_COPIED_FILES\=NO
    export STRIP_INSTALLED_PRODUCT\=NO
    export STRIP_PNG_TEXT\=NO
    export STRIP_STYLE\=all
    export STRIP_SWIFT_SYMBOLS\=YES
    export SUPPORTED_PLATFORMS\=macosx
    export SUPPORTS_MACCATALYST\=NO
    export SUPPORTS_ON_DEMAND_RESOURCES\=NO
    export SUPPORTS_TEXT_BASED_API\=NO
    export SUPPRESS_WARNINGS\=NO
    export SWIFT_ACTIVE_COMPILATION_CONDITIONS\=DEBUG
    export SWIFT_EMIT_CONST_VALUE_PROTOCOLS\=AnyResolverProviding\ AppEntity\ AppEnum\ AppExtension\ AppIntent\ AppIntentsPackage\ AppShortcutProviding\ AppShortcutsProvider\ AppUnionValue\ AppUnionValueCasesProviding\ DynamicOptionsProvider\ EntityQuery\ ExtensionPointDefining\ IntentValueQuery\ Resolver\ TransientEntity\ _AssistantIntentsProvider\ _GenerativeFunctionExtractable\ _IntentValueRepresentable
    export SWIFT_EMIT_LOC_STRINGS\=NO
    export SWIFT_ENABLE_EXPLICIT_MODULES\=YES
    export SWIFT_OPTIMIZATION_LEVEL\=-Onone
    export SWIFT_PLATFORM_TARGET_PREFIX\=macos
    export SWIFT_RESPONSE_FILE_PATH_normal_arm64\=/Users/michielvh/code/one-b2c/ssm-connect/.build/DerivedData/Build/Intermediates.noindex/SSMConnect.build/Debug/SSMConnect.build/Objects-normal/arm64/SSMConnect.SwiftFileList
    export SWIFT_VERSION\=5
    export SYMROOT\=/Users/michielvh/code/one-b2c/ssm-connect/.build/DerivedData/Build/Products
    export SYSTEM_ADMIN_APPS_DIR\=/Applications/Utilities
    export SYSTEM_APPS_DIR\=/Applications
    export SYSTEM_CORE_SERVICES_DIR\=/System/Library/CoreServices
    export SYSTEM_DEMOS_DIR\=/Applications/Extras
    export SYSTEM_DEVELOPER_APPS_DIR\=/Applications/Xcode.app/Contents/Developer/Applications
    export SYSTEM_DEVELOPER_BIN_DIR\=/Applications/Xcode.app/Contents/Developer/usr/bin
    export SYSTEM_DEVELOPER_DEMOS_DIR\=/Applications/Xcode.app/Contents/Developer/Applications/Utilities/Built\ Examples
    export SYSTEM_DEVELOPER_DIR\=/Applications/Xcode.app/Contents/Developer
    export SYSTEM_DEVELOPER_DOC_DIR\=/Applications/Xcode.app/Contents/Developer/ADC\ Reference\ Library
    export SYSTEM_DEVELOPER_GRAPHICS_TOOLS_DIR\=/Applications/Xcode.app/Contents/Developer/Applications/Graphics\ Tools
    export SYSTEM_DEVELOPER_JAVA_TOOLS_DIR\=/Applications/Xcode.app/Contents/Developer/Applications/Java\ Tools
    export SYSTEM_DEVELOPER_PERFORMANCE_TOOLS_DIR\=/Applications/Xcode.app/Contents/Developer/Applications/Performance\ Tools
    export SYSTEM_DEVELOPER_RELEASENOTES_DIR\=/Applications/Xcode.app/Contents/Developer/ADC\ Reference\ Library/releasenotes
    export SYSTEM_DEVELOPER_TOOLS\=/Applications/Xcode.app/Contents/Developer/Tools
    export SYSTEM_DEVELOPER_TOOLS_DOC_DIR\=/Applications/Xcode.app/Contents/Developer/ADC\ Reference\ Library/documentation/DeveloperTools
    export SYSTEM_DEVELOPER_TOOLS_RELEASENOTES_DIR\=/Applications/Xcode.app/Contents/Developer/ADC\ Reference\ Library/releasenotes/DeveloperTools
    export SYSTEM_DEVELOPER_USR_DIR\=/Applications/Xcode.app/Contents/Developer/usr
    export SYSTEM_DEVELOPER_UTILITIES_DIR\=/Applications/Xcode.app/Contents/Developer/Applications/Utilities
    export SYSTEM_DEXT_INSTALL_PATH\=/System/Library/DriverExtensions
    export SYSTEM_DOCUMENTATION_DIR\=/Library/Documentation
    export SYSTEM_EXTENSIONS_FOLDER_PATH\=SSMConnect.app/Contents/Library/SystemExtensions
    export SYSTEM_EXTENSIONS_FOLDER_PATH_SHALLOW_BUNDLE_NO\=SSMConnect.app/Contents/Library/SystemExtensions
    export SYSTEM_EXTENSIONS_FOLDER_PATH_SHALLOW_BUNDLE_YES\=SSMConnect.app/Contents/SystemExtensions
    export SYSTEM_KEXT_INSTALL_PATH\=/System/Library/Extensions
    export SYSTEM_LIBRARY_DIR\=/System/Library
    export TAPI_DEMANGLE\=YES
    export TAPI_ENABLE_PROJECT_HEADERS\=NO
    export TAPI_LANGUAGE\=objective-c
    export TAPI_LANGUAGE_STANDARD\=compiler-default
    export TAPI_USE_SRCROOT\=YES
    export TAPI_VERIFY_MODE\=Pedantic
    export TARGETNAME\=SSMConnect
    export TARGET_BUILD_DIR\=/Users/michielvh/code/one-b2c/ssm-connect/.build/DerivedData/Build/Products/Debug
    export TARGET_NAME\=SSMConnect
    export TARGET_TEMP_DIR\=/Users/michielvh/code/one-b2c/ssm-connect/.build/DerivedData/Build/Intermediates.noindex/SSMConnect.build/Debug/SSMConnect.build
    export TEMP_DIR\=/Users/michielvh/code/one-b2c/ssm-connect/.build/DerivedData/Build/Intermediates.noindex/SSMConnect.build/Debug/SSMConnect.build
    export TEMP_FILES_DIR\=/Users/michielvh/code/one-b2c/ssm-connect/.build/DerivedData/Build/Intermediates.noindex/SSMConnect.build/Debug/SSMConnect.build
    export TEMP_FILE_DIR\=/Users/michielvh/code/one-b2c/ssm-connect/.build/DerivedData/Build/Intermediates.noindex/SSMConnect.build/Debug/SSMConnect.build
    export TEMP_ROOT\=/Users/michielvh/code/one-b2c/ssm-connect/.build/DerivedData/Build/Intermediates.noindex
    export TEMP_SANDBOX_DIR\=/Users/michielvh/code/one-b2c/ssm-connect/.build/DerivedData/Build/Intermediates.noindex/TemporaryTaskSandboxes
    export TEST_FRAMEWORK_SEARCH_PATHS\=\ /Applications/Xcode.app/Contents/Developer/Platforms/MacOSX.platform/Developer/Library/Frameworks
    export TEST_LIBRARY_SEARCH_PATHS\=\ /Applications/Xcode.app/Contents/Developer/Platforms/MacOSX.platform/Developer/usr/lib
    export TOOLCHAINS\=com.apple.dt.toolchain.XcodeDefault
    export TOOLCHAIN_DIR\=/Applications/Xcode.app/Contents/Developer/Toolchains/XcodeDefault.xctoolchain
    export TREAT_MISSING_BASELINES_AS_TEST_FAILURES\=NO
    export TREAT_MISSING_SCRIPT_PHASE_OUTPUTS_AS_ERRORS\=NO
    export UID\=501
    export UNINSTALLED_PRODUCTS_DIR\=/Users/michielvh/code/one-b2c/ssm-connect/.build/DerivedData/Build/Intermediates.noindex/UninstalledProducts
    export UNLOCALIZED_RESOURCES_FOLDER_PATH\=SSMConnect.app/Contents/Resources
    export UNLOCALIZED_RESOURCES_FOLDER_PATH_SHALLOW_BUNDLE_NO\=SSMConnect.app/Contents/Resources
    export UNLOCALIZED_RESOURCES_FOLDER_PATH_SHALLOW_BUNDLE_YES\=SSMConnect.app/Contents
    export UNSTRIPPED_PRODUCT\=NO
    export USER\=michielvh
    export USER_APPS_DIR\=/Users/michielvh/Applications
    export USER_LIBRARY_DIR\=/Users/michielvh/Library
    export USE_DYNAMIC_NO_PIC\=YES
    export USE_HEADERMAP\=YES
    export USE_HEADER_SYMLINKS\=NO
    export VALIDATE_DEVELOPMENT_ASSET_PATHS\=YES_ERROR
    export VALIDATE_PRODUCT\=NO
    export VALID_ARCHS\=arm64\ arm64e\ i386\ x86_64
    export VERBOSE_PBXCP\=NO
    export VERSIONPLIST_PATH\=SSMConnect.app/Contents/version.plist
    export VERSION_INFO_BUILDER\=michielvh
    export VERSION_INFO_FILE\=SSMConnect_vers.c
    export VERSION_INFO_STRING\=\"@\(\#\)PROGRAM:SSMConnect\ \ PROJECT:SSMConnect-\"
    export WORKSPACE_DIR\=/Users/michielvh/code/one-b2c/ssm-connect/SSMConnect.xcodeproj
    export WRAPPER_EXTENSION\=app
    export WRAPPER_NAME\=SSMConnect.app
    export WRAPPER_SUFFIX\=.app
    export WRAP_ASSET_PACKS_IN_SEPARATE_DIRECTORIES\=NO
    export XCODE_APP_SUPPORT_DIR\=/Applications/Xcode.app/Contents/Developer/Library/Xcode
    export XCODE_PRODUCT_BUILD_VERSION\=17F42
    export XCODE_VERSION_ACTUAL\=2650
    export XCODE_VERSION_MAJOR\=2600
    export XCODE_VERSION_MINOR\=2650
    export XPCSERVICES_FOLDER_PATH\=SSMConnect.app/Contents/XPCServices
    export YACC\=yacc
    export _BOOL_\=NO
    export _BOOL_NO\=NO
    export _BOOL_YES\=YES
    export _DEVELOPMENT_TEAM_IS_EMPTY\=YES
    export _DISCOVER_COMMAND_LINE_LINKER_INPUTS\=YES
    export _DISCOVER_COMMAND_LINE_LINKER_INPUTS_INCLUDE_WL\=YES
    export _IS_EMPTY_\=YES
    export _LD_MULTIARCH\=YES
    export _MACOSX_DEPLOYMENT_TARGET_IS_EMPTY\=NO
    export _WRAPPER_CONTENTS_DIR\=/Contents
    export _WRAPPER_CONTENTS_DIR_SHALLOW_BUNDLE_NO\=/Contents
    export _WRAPPER_PARENT_PATH\=/..
    export _WRAPPER_PARENT_PATH_SHALLOW_BUNDLE_NO\=/..
    export _WRAPPER_RESOURCES_DIR\=/Resources
    export _WRAPPER_RESOURCES_DIR_SHALLOW_BUNDLE_NO\=/Resources
    export __DIAGNOSE_DEPRECATED_ARCHS\=YES
    export __IS_NOT_MACOS\=NO
    export __IS_NOT_MACOS_macosx\=NO
    export __IS_NOT_SIMULATOR\=YES
    export __IS_NOT_SIMULATOR_simulator\=NO
    export __ORIGINAL_SDK_DEFINED_LLVM_TARGET_TRIPLE_SYS\=macos
    export arch\=undefined_arch
    export variant\=normal
    /bin/sh -c /Users/michielvh/code/one-b2c/ssm-connect/.build/DerivedData/Build/Intermediates.noindex/SSMConnect.build/Debug/SSMConnect.build/Script-137EE6F9EC8B56E19FCCC4A3.sh

CopySwiftLibs /Users/michielvh/code/one-b2c/ssm-connect/.build/DerivedData/Build/Products/Debug/SSMConnect.app (in target 'SSMConnect' from project 'SSMConnect')
    cd /Users/michielvh/code/one-b2c/ssm-connect
    builtin-swiftStdLibTool --copy --verbose --sign - --scan-executable /Users/michielvh/code/one-b2c/ssm-connect/.build/DerivedData/Build/Products/Debug/SSMConnect.app/Contents/MacOS/SSMConnect.debug.dylib --scan-folder /Users/michielvh/code/one-b2c/ssm-connect/.build/DerivedData/Build/Products/Debug/SSMConnect.app/Contents/Frameworks --scan-folder /Users/michielvh/code/one-b2c/ssm-connect/.build/DerivedData/Build/Products/Debug/SSMConnect.app/Contents/PlugIns --scan-folder /Users/michielvh/code/one-b2c/ssm-connect/.build/DerivedData/Build/Products/Debug/SSMConnect.app/Contents/Library/SystemExtensions --scan-folder /Users/michielvh/code/one-b2c/ssm-connect/.build/DerivedData/Build/Products/Debug/SSMConnect.app/Contents/Extensions --platform macosx --toolchain /Applications/Xcode.app/Contents/Developer/Toolchains/XcodeDefault.xctoolchain --destination /Users/michielvh/code/one-b2c/ssm-connect/.build/DerivedData/Build/Products/Debug/SSMConnect.app/Contents/Frameworks --strip-bitcode --strip-bitcode-tool /Applications/Xcode.app/Contents/Developer/Toolchains/XcodeDefault.xctoolchain/usr/bin/bitcode_strip --emit-dependency-info /Users/michielvh/code/one-b2c/ssm-connect/.build/DerivedData/Build/Intermediates.noindex/SSMConnect.build/Debug/SSMConnect.build/SwiftStdLibToolInputDependencies.dep --filter-for-swift-os --back-deploy-swift-span

ExtractAppIntentsMetadata (in target 'SSMConnect' from project 'SSMConnect')
    cd /Users/michielvh/code/one-b2c/ssm-connect
    /Applications/Xcode.app/Contents/Developer/Toolchains/XcodeDefault.xctoolchain/usr/bin/appintentsmetadataprocessor --toolchain-dir /Applications/Xcode.app/Contents/Developer/Toolchains/XcodeDefault.xctoolchain --module-name SSMConnect --sdk-root /Applications/Xcode.app/Contents/Developer/Platforms/MacOSX.platform/Developer/SDKs/MacOSX26.5.sdk --xcode-version 17F42 --platform-family macOS --deployment-target 14.0 --bundle-identifier pro.vhco.ssm-connect --output /Users/michielvh/code/one-b2c/ssm-connect/.build/DerivedData/Build/Products/Debug/SSMConnect.app/Contents/Resources --target-triple arm64-apple-macos14.0 --binary-file /Users/michielvh/code/one-b2c/ssm-connect/.build/DerivedData/Build/Products/Debug/SSMConnect.app/Contents/MacOS/SSMConnect --dependency-file /Users/michielvh/code/one-b2c/ssm-connect/.build/DerivedData/Build/Intermediates.noindex/SSMConnect.build/Debug/SSMConnect.build/Objects-normal/arm64/SSMConnect_dependency_info.dat --stringsdata-file /Users/michielvh/code/one-b2c/ssm-connect/.build/DerivedData/Build/Intermediates.noindex/SSMConnect.build/Debug/SSMConnect.build/Objects-normal/arm64/ExtractedAppShortcutsMetadata.stringsdata --source-file-list /Users/michielvh/code/one-b2c/ssm-connect/.build/DerivedData/Build/Intermediates.noindex/SSMConnect.build/Debug/SSMConnect.build/Objects-normal/arm64/SSMConnect.SwiftFileList --metadata-file-list /Users/michielvh/code/one-b2c/ssm-connect/.build/DerivedData/Build/Intermediates.noindex/SSMConnect.build/Debug/SSMConnect.build/SSMConnect.DependencyMetadataFileList --static-metadata-file-list /Users/michielvh/code/one-b2c/ssm-connect/.build/DerivedData/Build/Intermediates.noindex/SSMConnect.build/Debug/SSMConnect.build/SSMConnect.DependencyStaticMetadataFileList --swift-const-vals-list /Users/michielvh/code/one-b2c/ssm-connect/.build/DerivedData/Build/Intermediates.noindex/SSMConnect.build/Debug/SSMConnect.build/Objects-normal/arm64/SSMConnect.SwiftConstValuesFileList --compile-time-extraction --deployment-aware-processing --validate-assistant-intents --no-app-shortcuts-localization
2026-06-05 21:03:42.955 appintentsmetadataprocessor[29123:29998202] Starting appintentsmetadataprocessor export
2026-06-05 21:03:42.956 appintentsmetadataprocessor[29123:29998202] warning: Metadata extraction skipped. No AppIntents.framework dependency found.

SwiftDriver SSMConnectTests normal arm64 com.apple.xcode.tools.swift.compiler (in target 'SSMConnectTests' from project 'SSMConnect')
    cd /Users/michielvh/code/one-b2c/ssm-connect
    builtin-SwiftDriver -- /Applications/Xcode.app/Contents/Developer/Toolchains/XcodeDefault.xctoolchain/usr/bin/swiftc -module-name SSMConnectTests -Onone @/Users/michielvh/code/one-b2c/ssm-connect/.build/DerivedData/Build/Intermediates.noindex/SSMConnect.build/Debug/SSMConnectTests.build/Objects-normal/arm64/SSMConnectTests.SwiftFileList -DDEBUG -Xcc -fmodule-map-file\=/Users/michielvh/code/one-b2c/ssm-connect/.build/DerivedData/SourcePackages/checkouts/aws-crt-swift/Source/LibNative/module.modulemap -Xcc -fmodule-map-file\=/Users/michielvh/code/one-b2c/ssm-connect/.build/DerivedData/Build/Intermediates.noindex/GeneratedModuleMaps/AwsCMqtt.modulemap -Xcc -fmodule-map-file\=/Users/michielvh/code/one-b2c/ssm-connect/.build/DerivedData/Build/Intermediates.noindex/GeneratedModuleMaps/AwsCEventStream.modulemap -Xcc -fmodule-map-file\=/Users/michielvh/code/one-b2c/ssm-connect/.build/DerivedData/Build/Intermediates.noindex/GeneratedModuleMaps/AwsCChecksums.modulemap -Xcc -fmodule-map-file\=/Users/michielvh/code/one-b2c/ssm-connect/.build/DerivedData/Build/Intermediates.noindex/GeneratedModuleMaps/AwsCAuth.modulemap -Xcc -fmodule-map-file\=/Users/michielvh/code/one-b2c/ssm-connect/.build/DerivedData/Build/Intermediates.noindex/GeneratedModuleMaps/AwsCSdkUtils.modulemap -Xcc -fmodule-map-file\=/Users/michielvh/code/one-b2c/ssm-connect/.build/DerivedData/Build/Intermediates.noindex/GeneratedModuleMaps/AwsCHttp.modulemap -Xcc -fmodule-map-file\=/Users/michielvh/code/one-b2c/ssm-connect/.build/DerivedData/Build/Intermediates.noindex/GeneratedModuleMaps/AwsCIo.modulemap -Xcc -fmodule-map-file\=/Users/michielvh/code/one-b2c/ssm-connect/.build/DerivedData/Build/Intermediates.noindex/GeneratedModuleMaps/AwsCCal.modulemap -Xcc -fmodule-map-file\=/Users/michielvh/code/one-b2c/ssm-connect/.build/DerivedData/Build/Intermediates.noindex/GeneratedModuleMaps/AwsCCompression.modulemap -Xcc -fmodule-map-file\=/Users/michielvh/code/one-b2c/ssm-connect/.build/DerivedData/Build/Intermediates.noindex/GeneratedModuleMaps/AwsCCommon.modulemap -plugin-path /Applications/Xcode.app/Contents/Developer/Toolchains/XcodeDefault.xctoolchain/usr/lib/swift/host/plugins/testing -enable-bare-slash-regex -enable-experimental-feature DebugDescriptionMacro -sdk /Applications/Xcode.app/Contents/Developer/Platforms/MacOSX.platform/Developer/SDKs/MacOSX26.5.sdk -target arm64-apple-macos14.0 -g -module-cache-path /Users/michielvh/code/one-b2c/ssm-connect/.build/DerivedData/ModuleCache.noindex -Xfrontend -serialize-debugging-options -enable-testing -index-store-path /Users/michielvh/code/one-b2c/ssm-connect/.build/DerivedData/Index.noindex/DataStore -Xcc -D_LIBCPP_HARDENING_MODE\=_LIBCPP_HARDENING_MODE_DEBUG -swift-version 5 -I /Users/michielvh/code/one-b2c/ssm-connect/.build/DerivedData/Build/Products/Debug -Isystem /Applications/Xcode.app/Contents/Developer/Platforms/MacOSX.platform/Developer/usr/lib -F /Users/michielvh/code/one-b2c/ssm-connect/.build/DerivedData/Build/Products/Debug/PackageFrameworks -F /Users/michielvh/code/one-b2c/ssm-connect/.build/DerivedData/Build/Products/Debug/PackageFrameworks -F /Users/michielvh/code/one-b2c/ssm-connect/.build/DerivedData/Build/Products/Debug/PackageFrameworks -F /Users/michielvh/code/one-b2c/ssm-connect/.build/DerivedData/Build/Products/Debug/PackageFrameworks -F /Users/michielvh/code/one-b2c/ssm-connect/.build/DerivedData/Build/Products/Debug/PackageFrameworks -F /Users/michielvh/code/one-b2c/ssm-connect/.build/DerivedData/Build/Products/Debug/PackageFrameworks -F /Users/michielvh/code/one-b2c/ssm-connect/.build/DerivedData/Build/Products/Debug/PackageFrameworks -F /Users/michielvh/code/one-b2c/ssm-connect/.build/DerivedData/Build/Products/Debug/PackageFrameworks -F /Users/michielvh/code/one-b2c/ssm-connect/.build/DerivedData/Build/Products/Debug/PackageFrameworks -F /Users/michielvh/code/one-b2c/ssm-connect/.build/DerivedData/Build/Products/Debug/PackageFrameworks -F /Users/michielvh/code/one-b2c/ssm-connect/.build/DerivedData/Build/Products/Debug/PackageFrameworks -F /Users/michielvh/code/one-b2c/ssm-connect/.build/DerivedData/Build/Products/Debug/PackageFrameworks -F /Users/michielvh/code/one-b2c/ssm-connect/.build/DerivedData/Build/Products/Debug/PackageFrameworks -F /Users/michielvh/code/one-b2c/ssm-connect/.build/DerivedData/Build/Products/Debug/PackageFrameworks -F /Users/michielvh/code/one-b2c/ssm-connect/.build/DerivedData/Build/Products/Debug/PackageFrameworks -F /Users/michielvh/code/one-b2c/ssm-connect/.build/DerivedData/Build/Products/Debug/PackageFrameworks -F /Users/michielvh/code/one-b2c/ssm-connect/.build/DerivedData/Build/Products/Debug/PackageFrameworks -F /Users/michielvh/code/one-b2c/ssm-connect/.build/DerivedData/Build/Products/Debug/PackageFrameworks -F /Users/michielvh/code/one-b2c/ssm-connect/.build/DerivedData/Build/Products/Debug/PackageFrameworks -F /Users/michielvh/code/one-b2c/ssm-connect/.build/DerivedData/Build/Products/Debug/PackageFrameworks -F /Users/michielvh/code/one-b2c/ssm-connect/.build/DerivedData/Build/Products/Debug/PackageFrameworks -F /Users/michielvh/code/one-b2c/ssm-connect/.build/DerivedData/Build/Products/Debug/PackageFrameworks -F /Users/michielvh/code/one-b2c/ssm-connect/.build/DerivedData/Build/Products/Debug/PackageFrameworks -F /Users/michielvh/code/one-b2c/ssm-connect/.build/DerivedData/Build/Products/Debug/PackageFrameworks -F /Users/michielvh/code/one-b2c/ssm-connect/.build/DerivedData/Build/Products/Debug/PackageFrameworks -F /Users/michielvh/code/one-b2c/ssm-connect/.build/DerivedData/Build/Products/Debug/PackageFrameworks -F /Users/michielvh/code/one-b2c/ssm-connect/.build/DerivedData/Build/Products/Debug/PackageFrameworks -F /Users/michielvh/code/one-b2c/ssm-connect/.build/DerivedData/Build/Products/Debug/PackageFrameworks -F /Users/michielvh/code/one-b2c/ssm-connect/.build/DerivedData/Build/Products/Debug/PackageFrameworks -F /Users/michielvh/code/one-b2c/ssm-connect/.build/DerivedData/Build/Products/Debug/PackageFrameworks -F /Users/michielvh/code/one-b2c/ssm-connect/.build/DerivedData/Build/Products/Debug/PackageFrameworks -F /Users/michielvh/code/one-b2c/ssm-connect/.build/DerivedData/Build/Products/Debug/PackageFrameworks -F /Users/michielvh/code/one-b2c/ssm-connect/.build/DerivedData/Build/Products/Debug/PackageFrameworks -F /Users/michielvh/code/one-b2c/ssm-connect/.build/DerivedData/Build/Products/Debug/PackageFrameworks -F /Users/michielvh/code/one-b2c/ssm-connect/.build/DerivedData/Build/Products/Debug/PackageFrameworks -F /Users/michielvh/code/one-b2c/ssm-connect/.build/DerivedData/Build/Products/Debug/PackageFrameworks -F /Users/michielvh/code/one-b2c/ssm-connect/.build/DerivedData/Build/Products/Debug/PackageFrameworks -F /Users/michielvh/code/one-b2c/ssm-connect/.build/DerivedData/Build/Products/Debug/PackageFrameworks -F /Users/michielvh/code/one-b2c/ssm-connect/.build/DerivedData/Build/Products/Debug/PackageFrameworks -F /Users/michielvh/code/one-b2c/ssm-connect/.build/DerivedData/Build/Products/Debug/PackageFrameworks -F /Users/michielvh/code/one-b2c/ssm-connect/.build/DerivedData/Build/Products/Debug/PackageFrameworks -F /Users/michielvh/code/one-b2c/ssm-connect/.build/DerivedData/Build/Products/Debug/PackageFrameworks -F /Users/michielvh/code/one-b2c/ssm-connect/.build/DerivedData/Build/Products/Debug/PackageFrameworks -F /Users/michielvh/code/one-b2c/ssm-connect/.build/DerivedData/Build/Products/Debug/PackageFrameworks -F /Users/michielvh/code/one-b2c/ssm-connect/.build/DerivedData/Build/Products/Debug/PackageFrameworks -F /Users/michielvh/code/one-b2c/ssm-connect/.build/DerivedData/Build/Products/Debug/PackageFrameworks -F /Users/michielvh/code/one-b2c/ssm-connect/.build/DerivedData/Build/Products/Debug/PackageFrameworks -F /Users/michielvh/code/one-b2c/ssm-connect/.build/DerivedData/Build/Products/Debug/PackageFrameworks -F /Users/michielvh/code/one-b2c/ssm-connect/.build/DerivedData/Build/Products/Debug/PackageFrameworks -F /Users/michielvh/code/one-b2c/ssm-connect/.build/DerivedData/Build/Products/Debug/PackageFrameworks -F /Users/michielvh/code/one-b2c/ssm-connect/.build/DerivedData/Build/Products/Debug/PackageFrameworks -F /Users/michielvh/code/one-b2c/ssm-connect/.build/DerivedData/Build/Products/Debug/PackageFrameworks -F /Users/michielvh/code/one-b2c/ssm-connect/.build/DerivedData/Build/Products/Debug/PackageFrameworks -F /Users/michielvh/code/one-b2c/ssm-connect/.build/DerivedData/Build/Products/Debug/PackageFrameworks -F /Users/michielvh/code/one-b2c/ssm-connect/.build/DerivedData/Build/Products/Debug/PackageFrameworks -F /Users/michielvh/code/one-b2c/ssm-connect/.build/DerivedData/Build/Products/Debug/PackageFrameworks -F /Users/michielvh/code/one-b2c/ssm-connect/.build/DerivedData/Build/Products/Debug/PackageFrameworks -F /Users/michielvh/code/one-b2c/ssm-connect/.build/DerivedData/Build/Products/Debug -F /Applications/Xcode.app/Contents/Developer/Platforms/MacOSX.platform/Developer/Library/Frameworks -c -j18 -enable-batch-mode -incremental -Xcc -ivfsstatcache -Xcc /Users/michielvh/code/one-b2c/ssm-connect/.build/DerivedData/SDKStatCaches.noindex/macosx26.5-25F70-e082c4a02f00227109f4ed75e425c832.sdkstatcache -output-file-map /Users/michielvh/code/one-b2c/ssm-connect/.build/DerivedData/Build/Intermediates.noindex/SSMConnect.build/Debug/SSMConnectTests.build/Objects-normal/arm64/SSMConnectTests-OutputFileMap.json -use-frontend-parseable-output -save-temps -no-color-diagnostics -explicit-module-build -module-cache-path /Users/michielvh/code/one-b2c/ssm-connect/.build/DerivedData/Build/Intermediates.noindex/SwiftExplicitPrecompiledModules -clang-scanner-module-cache-path /Users/michielvh/code/one-b2c/ssm-connect/.build/DerivedData/ModuleCache.noindex -sdk-module-cache-path /Users/michielvh/code/one-b2c/ssm-connect/.build/DerivedData/ModuleCache.noindex -serialize-diagnostics -emit-dependencies -emit-module -emit-module-path /Users/michielvh/code/one-b2c/ssm-connect/.build/DerivedData/Build/Intermediates.noindex/SSMConnect.build/Debug/SSMConnectTests.build/Objects-normal/arm64/SSMConnectTests.swiftmodule -validate-clang-modules-once -clang-build-session-file /Users/michielvh/code/one-b2c/ssm-connect/.build/DerivedData/ModuleCache.noindex/Session.modulevalidation -Xcc -I/Users/michielvh/code/one-b2c/ssm-connect/.build/DerivedData/Build/Intermediates.noindex/SSMConnect.build/Debug/SSMConnectTests.build/swift-overrides.hmap -emit-const-values -Xfrontend -const-gather-protocols-file -Xfrontend /Users/michielvh/code/one-b2c/ssm-connect/.build/DerivedData/Build/Intermediates.noindex/SSMConnect.build/Debug/SSMConnectTests.build/Objects-normal/arm64/SSMConnectTests_const_extract_protocols.json -Xcc -iquote -Xcc /Users/michielvh/code/one-b2c/ssm-connect/.build/DerivedData/Build/Intermediates.noindex/SSMConnect.build/Debug/SSMConnectTests.build/SSMConnectTests-generated-files.hmap -Xcc -I/Users/michielvh/code/one-b2c/ssm-connect/.build/DerivedData/Build/Intermediates.noindex/SSMConnect.build/Debug/SSMConnectTests.build/SSMConnectTests-own-target-headers.hmap -Xcc -I/Users/michielvh/code/one-b2c/ssm-connect/.build/DerivedData/Build/Intermediates.noindex/SSMConnect.build/Debug/SSMConnectTests.build/SSMConnectTests-all-non-framework-target-headers.hmap -Xcc -ivfsoverlay -Xcc /Users/michielvh/code/one-b2c/ssm-connect/.build/DerivedData/Build/Intermediates.noindex/SSMConnect.build/Debug/SSMConnect-143d7d7ca523301723e96f80ac4f74bb-VFS/all-product-headers.yaml -Xcc -iquote -Xcc /Users/michielvh/code/one-b2c/ssm-connect/.build/DerivedData/Build/Intermediates.noindex/SSMConnect.build/Debug/SSMConnectTests.build/SSMConnectTests-project-headers.hmap -Xcc -I/Users/michielvh/code/one-b2c/ssm-connect/.build/DerivedData/SourcePackages/checkouts/aws-crt-swift/aws-common-runtime/aws-c-mqtt/include -Xcc -I/Users/michielvh/code/one-b2c/ssm-connect/.build/DerivedData/SourcePackages/checkouts/aws-crt-swift/aws-common-runtime/aws-c-event-stream/include -Xcc -I/Users/michielvh/code/one-b2c/ssm-connect/.build/DerivedData/SourcePackages/checkouts/aws-crt-swift/aws-common-runtime/aws-checksums/include -Xcc -I/Users/michielvh/code/one-b2c/ssm-connect/.build/DerivedData/SourcePackages/checkouts/aws-crt-swift/aws-common-runtime/aws-c-auth/include -Xcc -I/Users/michielvh/code/one-b2c/ssm-connect/.build/DerivedData/SourcePackages/checkouts/aws-crt-swift/aws-common-runtime/aws-c-sdkutils/include -Xcc -I/Users/michielvh/code/one-b2c/ssm-connect/.build/DerivedData/SourcePackages/checkouts/aws-crt-swift/aws-common-runtime/aws-c-http/include -Xcc -I/Users/michielvh/code/one-b2c/ssm-connect/.build/DerivedData/SourcePackages/checkouts/aws-crt-swift/aws-common-runtime/aws-c-io/include -Xcc -I/Users/michielvh/code/one-b2c/ssm-connect/.build/DerivedData/SourcePackages/checkouts/aws-crt-swift/aws-common-runtime/aws-c-cal/include -Xcc -I/Users/michielvh/code/one-b2c/ssm-connect/.build/DerivedData/SourcePackages/checkouts/aws-crt-swift/aws-common-runtime/aws-c-compression/include -Xcc -I/Users/michielvh/code/one-b2c/ssm-connect/.build/DerivedData/SourcePackages/checkouts/aws-crt-swift/aws-common-runtime/aws-c-common/include -Xcc -I/Users/michielvh/code/one-b2c/ssm-connect/.build/DerivedData/SourcePackages/checkouts/aws-crt-swift/aws-common-runtime/config -Xcc -I/Users/michielvh/code/one-b2c/ssm-connect/.build/DerivedData/Build/Products/Debug/include -Xcc -I/Users/michielvh/code/one-b2c/ssm-connect/.build/DerivedData/Build/Intermediates.noindex/SSMConnect.build/Debug/SSMConnectTests.build/DerivedSources-normal/arm64 -Xcc -I/Users/michielvh/code/one-b2c/ssm-connect/.build/DerivedData/Build/Intermediates.noindex/SSMConnect.build/Debug/SSMConnectTests.build/DerivedSources/arm64 -Xcc -I/Users/michielvh/code/one-b2c/ssm-connect/.build/DerivedData/Build/Intermediates.noindex/SSMConnect.build/Debug/SSMConnectTests.build/DerivedSources -Xcc -DDEBUG\=1 -emit-objc-header -emit-objc-header-path /Users/michielvh/code/one-b2c/ssm-connect/.build/DerivedData/Build/Intermediates.noindex/SSMConnect.build/Debug/SSMConnectTests.build/Objects-normal/arm64/SSMConnectTests-Swift.h -working-directory /Users/michielvh/code/one-b2c/ssm-connect -experimental-emit-module-separately -disable-cmo

Copy /Users/michielvh/code/one-b2c/ssm-connect/.build/DerivedData/Build/Products/Debug/SSMConnect.app/Contents/PlugIns/SSMConnectTests.xctest/Contents/Resources/smithy-swift_ClientRuntime.bundle /Users/michielvh/code/one-b2c/ssm-connect/.build/DerivedData/Build/Products/Debug/smithy-swift_ClientRuntime.bundle (in target 'SSMConnectTests' from project 'SSMConnect')
    cd /Users/michielvh/code/one-b2c/ssm-connect
    builtin-copy -exclude .DS_Store -exclude CVS -exclude .svn -exclude .git -exclude .hg -resolve-src-symlinks /Users/michielvh/code/one-b2c/ssm-connect/.build/DerivedData/Build/Products/Debug/smithy-swift_ClientRuntime.bundle /Users/michielvh/code/one-b2c/ssm-connect/.build/DerivedData/Build/Products/Debug/SSMConnect.app/Contents/PlugIns/SSMConnectTests.xctest/Contents/Resources

Copy /Users/michielvh/code/one-b2c/ssm-connect/.build/DerivedData/Build/Products/Debug/SSMConnect.app/Contents/PlugIns/SSMConnectTests.xctest/Contents/Resources/aws-sdk-swift_AWSClientRuntime.bundle /Users/michielvh/code/one-b2c/ssm-connect/.build/DerivedData/Build/Products/Debug/aws-sdk-swift_AWSClientRuntime.bundle (in target 'SSMConnectTests' from project 'SSMConnect')
    cd /Users/michielvh/code/one-b2c/ssm-connect
    builtin-copy -exclude .DS_Store -exclude CVS -exclude .svn -exclude .git -exclude .hg -resolve-src-symlinks /Users/michielvh/code/one-b2c/ssm-connect/.build/DerivedData/Build/Products/Debug/aws-sdk-swift_AWSClientRuntime.bundle /Users/michielvh/code/one-b2c/ssm-connect/.build/DerivedData/Build/Products/Debug/SSMConnect.app/Contents/PlugIns/SSMConnectTests.xctest/Contents/Resources

Copy /Users/michielvh/code/one-b2c/ssm-connect/.build/DerivedData/Build/Products/Debug/SSMConnect.app/Contents/PlugIns/SSMConnectTests.xctest/Contents/Resources/aws-crt-swift_AwsCommonRuntimeKit.bundle /Users/michielvh/code/one-b2c/ssm-connect/.build/DerivedData/Build/Products/Debug/aws-crt-swift_AwsCommonRuntimeKit.bundle (in target 'SSMConnectTests' from project 'SSMConnect')
    cd /Users/michielvh/code/one-b2c/ssm-connect
    builtin-copy -exclude .DS_Store -exclude CVS -exclude .svn -exclude .git -exclude .hg -resolve-src-symlinks /Users/michielvh/code/one-b2c/ssm-connect/.build/DerivedData/Build/Products/Debug/aws-crt-swift_AwsCommonRuntimeKit.bundle /Users/michielvh/code/one-b2c/ssm-connect/.build/DerivedData/Build/Products/Debug/SSMConnect.app/Contents/PlugIns/SSMConnectTests.xctest/Contents/Resources

ProcessInfoPlistFile /Users/michielvh/code/one-b2c/ssm-connect/.build/DerivedData/Build/Products/Debug/SSMConnect.app/Contents/PlugIns/SSMConnectTests.xctest/Contents/Info.plist /Users/michielvh/code/one-b2c/ssm-connect/.build/DerivedData/Build/Intermediates.noindex/SSMConnect.build/Debug/SSMConnectTests.build/empty-SSMConnectTests.plist (in target 'SSMConnectTests' from project 'SSMConnect')
    cd /Users/michielvh/code/one-b2c/ssm-connect
    builtin-infoPlistUtility /Users/michielvh/code/one-b2c/ssm-connect/.build/DerivedData/Build/Intermediates.noindex/SSMConnect.build/Debug/SSMConnectTests.build/empty-SSMConnectTests.plist -producttype com.apple.product-type.bundle.unit-test -expandbuildsettings -platform macosx -scanforprivacyfile /Users/michielvh/code/one-b2c/ssm-connect/.build/DerivedData/Build/Products/Debug/SSMConnect.app/Contents/PlugIns/SSMConnectTests.xctest/Contents/Resources/aws-crt-swift_AwsCommonRuntimeKit.bundle -scanforprivacyfile /Users/michielvh/code/one-b2c/ssm-connect/.build/DerivedData/Build/Products/Debug/SSMConnect.app/Contents/PlugIns/SSMConnectTests.xctest/Contents/Resources/aws-sdk-swift_AWSClientRuntime.bundle -scanforprivacyfile /Users/michielvh/code/one-b2c/ssm-connect/.build/DerivedData/Build/Products/Debug/SSMConnect.app/Contents/PlugIns/SSMConnectTests.xctest/Contents/Resources/smithy-swift_ClientRuntime.bundle -o /Users/michielvh/code/one-b2c/ssm-connect/.build/DerivedData/Build/Products/Debug/SSMConnect.app/Contents/PlugIns/SSMConnectTests.xctest/Contents/Info.plist

SwiftEmitModule normal arm64 Emitting\ module\ for\ SSMConnectTests (in target 'SSMConnectTests' from project 'SSMConnect')

EmitSwiftModule normal arm64 (in target 'SSMConnectTests' from project 'SSMConnect')
    cd /Users/michielvh/code/one-b2c/ssm-connect
    

SwiftCompile normal arm64 Compiling\ AWSAuthProviderTests.swift /Users/michielvh/code/one-b2c/ssm-connect/SSMConnectTests/Auth/AWSAuthProviderTests.swift (in target 'SSMConnectTests' from project 'SSMConnect')
SwiftCompile normal arm64 /Users/michielvh/code/one-b2c/ssm-connect/SSMConnectTests/Auth/AWSAuthProviderTests.swift (in target 'SSMConnectTests' from project 'SSMConnect')
    cd /Users/michielvh/code/one-b2c/ssm-connect
    

SwiftCompile normal arm64 Compiling\ SSOCacheReaderTests.swift /Users/michielvh/code/one-b2c/ssm-connect/SSMConnectTests/Auth/SSOCacheReaderTests.swift (in target 'SSMConnectTests' from project 'SSMConnect')

SwiftCompile normal arm64 /Users/michielvh/code/one-b2c/ssm-connect/SSMConnectTests/Auth/SSOCacheReaderTests.swift (in target 'SSMConnectTests' from project 'SSMConnect')
    cd /Users/michielvh/code/one-b2c/ssm-connect
    

SwiftCompile normal arm64 Compiling\ AuthTestDoubles.swift /Users/michielvh/code/one-b2c/ssm-connect/SSMConnectTests/Auth/AuthTestDoubles.swift (in target 'SSMConnectTests' from project 'SSMConnect')

SwiftCompile normal arm64 /Users/michielvh/code/one-b2c/ssm-connect/SSMConnectTests/Auth/AuthTestDoubles.swift (in target 'SSMConnectTests' from project 'SSMConnect')
    cd /Users/michielvh/code/one-b2c/ssm-connect
    

SwiftDriverJobDiscovery normal arm64 Compiling AuthTestDoubles.swift (in target 'SSMConnectTests' from project 'SSMConnect')

SwiftDriverJobDiscovery normal arm64 Emitting module for SSMConnectTests (in target 'SSMConnectTests' from project 'SSMConnect')

SwiftDriver\ Compilation\ Requirements SSMConnectTests normal arm64 com.apple.xcode.tools.swift.compiler (in target 'SSMConnectTests' from project 'SSMConnect')
    cd /Users/michielvh/code/one-b2c/ssm-connect
    builtin-Swift-Compilation-Requirements -- /Applications/Xcode.app/Contents/Developer/Toolchains/XcodeDefault.xctoolchain/usr/bin/swiftc -module-name SSMConnectTests -Onone @/Users/michielvh/code/one-b2c/ssm-connect/.build/DerivedData/Build/Intermediates.noindex/SSMConnect.build/Debug/SSMConnectTests.build/Objects-normal/arm64/SSMConnectTests.SwiftFileList -DDEBUG -Xcc -fmodule-map-file\=/Users/michielvh/code/one-b2c/ssm-connect/.build/DerivedData/SourcePackages/checkouts/aws-crt-swift/Source/LibNative/module.modulemap -Xcc -fmodule-map-file\=/Users/michielvh/code/one-b2c/ssm-connect/.build/DerivedData/Build/Intermediates.noindex/GeneratedModuleMaps/AwsCMqtt.modulemap -Xcc -fmodule-map-file\=/Users/michielvh/code/one-b2c/ssm-connect/.build/DerivedData/Build/Intermediates.noindex/GeneratedModuleMaps/AwsCEventStream.modulemap -Xcc -fmodule-map-file\=/Users/michielvh/code/one-b2c/ssm-connect/.build/DerivedData/Build/Intermediates.noindex/GeneratedModuleMaps/AwsCChecksums.modulemap -Xcc -fmodule-map-file\=/Users/michielvh/code/one-b2c/ssm-connect/.build/DerivedData/Build/Intermediates.noindex/GeneratedModuleMaps/AwsCAuth.modulemap -Xcc -fmodule-map-file\=/Users/michielvh/code/one-b2c/ssm-connect/.build/DerivedData/Build/Intermediates.noindex/GeneratedModuleMaps/AwsCSdkUtils.modulemap -Xcc -fmodule-map-file\=/Users/michielvh/code/one-b2c/ssm-connect/.build/DerivedData/Build/Intermediates.noindex/GeneratedModuleMaps/AwsCHttp.modulemap -Xcc -fmodule-map-file\=/Users/michielvh/code/one-b2c/ssm-connect/.build/DerivedData/Build/Intermediates.noindex/GeneratedModuleMaps/AwsCIo.modulemap -Xcc -fmodule-map-file\=/Users/michielvh/code/one-b2c/ssm-connect/.build/DerivedData/Build/Intermediates.noindex/GeneratedModuleMaps/AwsCCal.modulemap -Xcc -fmodule-map-file\=/Users/michielvh/code/one-b2c/ssm-connect/.build/DerivedData/Build/Intermediates.noindex/GeneratedModuleMaps/AwsCCompression.modulemap -Xcc -fmodule-map-file\=/Users/michielvh/code/one-b2c/ssm-connect/.build/DerivedData/Build/Intermediates.noindex/GeneratedModuleMaps/AwsCCommon.modulemap -plugin-path /Applications/Xcode.app/Contents/Developer/Toolchains/XcodeDefault.xctoolchain/usr/lib/swift/host/plugins/testing -enable-bare-slash-regex -enable-experimental-feature DebugDescriptionMacro -sdk /Applications/Xcode.app/Contents/Developer/Platforms/MacOSX.platform/Developer/SDKs/MacOSX26.5.sdk -target arm64-apple-macos14.0 -g -module-cache-path /Users/michielvh/code/one-b2c/ssm-connect/.build/DerivedData/ModuleCache.noindex -Xfrontend -serialize-debugging-options -enable-testing -index-store-path /Users/michielvh/code/one-b2c/ssm-connect/.build/DerivedData/Index.noindex/DataStore -Xcc -D_LIBCPP_HARDENING_MODE\=_LIBCPP_HARDENING_MODE_DEBUG -swift-version 5 -I /Users/michielvh/code/one-b2c/ssm-connect/.build/DerivedData/Build/Products/Debug -Isystem /Applications/Xcode.app/Contents/Developer/Platforms/MacOSX.platform/Developer/usr/lib -F /Users/michielvh/code/one-b2c/ssm-connect/.build/DerivedData/Build/Products/Debug/PackageFrameworks -F /Users/michielvh/code/one-b2c/ssm-connect/.build/DerivedData/Build/Products/Debug/PackageFrameworks -F /Users/michielvh/code/one-b2c/ssm-connect/.build/DerivedData/Build/Products/Debug/PackageFrameworks -F /Users/michielvh/code/one-b2c/ssm-connect/.build/DerivedData/Build/Products/Debug/PackageFrameworks -F /Users/michielvh/code/one-b2c/ssm-connect/.build/DerivedData/Build/Products/Debug/PackageFrameworks -F /Users/michielvh/code/one-b2c/ssm-connect/.build/DerivedData/Build/Products/Debug/PackageFrameworks -F /Users/michielvh/code/one-b2c/ssm-connect/.build/DerivedData/Build/Products/Debug/PackageFrameworks -F /Users/michielvh/code/one-b2c/ssm-connect/.build/DerivedData/Build/Products/Debug/PackageFrameworks -F /Users/michielvh/code/one-b2c/ssm-connect/.build/DerivedData/Build/Products/Debug/PackageFrameworks -F /Users/michielvh/code/one-b2c/ssm-connect/.build/DerivedData/Build/Products/Debug/PackageFrameworks -F /Users/michielvh/code/one-b2c/ssm-connect/.build/DerivedData/Build/Products/Debug/PackageFrameworks -F /Users/michielvh/code/one-b2c/ssm-connect/.build/DerivedData/Build/Products/Debug/PackageFrameworks -F /Users/michielvh/code/one-b2c/ssm-connect/.build/DerivedData/Build/Products/Debug/PackageFrameworks -F /Users/michielvh/code/one-b2c/ssm-connect/.build/DerivedData/Build/Products/Debug/PackageFrameworks -F /Users/michielvh/code/one-b2c/ssm-connect/.build/DerivedData/Build/Products/Debug/PackageFrameworks -F /Users/michielvh/code/one-b2c/ssm-connect/.build/DerivedData/Build/Products/Debug/PackageFrameworks -F /Users/michielvh/code/one-b2c/ssm-connect/.build/DerivedData/Build/Products/Debug/PackageFrameworks -F /Users/michielvh/code/one-b2c/ssm-connect/.build/DerivedData/Build/Products/Debug/PackageFrameworks -F /Users/michielvh/code/one-b2c/ssm-connect/.build/DerivedData/Build/Products/Debug/PackageFrameworks -F /Users/michielvh/code/one-b2c/ssm-connect/.build/DerivedData/Build/Products/Debug/PackageFrameworks -F /Users/michielvh/code/one-b2c/ssm-connect/.build/DerivedData/Build/Products/Debug/PackageFrameworks -F /Users/michielvh/code/one-b2c/ssm-connect/.build/DerivedData/Build/Products/Debug/PackageFrameworks -F /Users/michielvh/code/one-b2c/ssm-connect/.build/DerivedData/Build/Products/Debug/PackageFrameworks -F /Users/michielvh/code/one-b2c/ssm-connect/.build/DerivedData/Build/Products/Debug/PackageFrameworks -F /Users/michielvh/code/one-b2c/ssm-connect/.build/DerivedData/Build/Products/Debug/PackageFrameworks -F /Users/michielvh/code/one-b2c/ssm-connect/.build/DerivedData/Build/Products/Debug/PackageFrameworks -F /Users/michielvh/code/one-b2c/ssm-connect/.build/DerivedData/Build/Products/Debug/PackageFrameworks -F /Users/michielvh/code/one-b2c/ssm-connect/.build/DerivedData/Build/Products/Debug/PackageFrameworks -F /Users/michielvh/code/one-b2c/ssm-connect/.build/DerivedData/Build/Products/Debug/PackageFrameworks -F /Users/michielvh/code/one-b2c/ssm-connect/.build/DerivedData/Build/Products/Debug/PackageFrameworks -F /Users/michielvh/code/one-b2c/ssm-connect/.build/DerivedData/Build/Products/Debug/PackageFrameworks -F /Users/michielvh/code/one-b2c/ssm-connect/.build/DerivedData/Build/Products/Debug/PackageFrameworks -F /Users/michielvh/code/one-b2c/ssm-connect/.build/DerivedData/Build/Products/Debug/PackageFrameworks -F /Users/michielvh/code/one-b2c/ssm-connect/.build/DerivedData/Build/Products/Debug/PackageFrameworks -F /Users/michielvh/code/one-b2c/ssm-connect/.build/DerivedData/Build/Products/Debug/PackageFrameworks -F /Users/michielvh/code/one-b2c/ssm-connect/.build/DerivedData/Build/Products/Debug/PackageFrameworks -F /Users/michielvh/code/one-b2c/ssm-connect/.build/DerivedData/Build/Products/Debug/PackageFrameworks -F /Users/michielvh/code/one-b2c/ssm-connect/.build/DerivedData/Build/Products/Debug/PackageFrameworks -F /Users/michielvh/code/one-b2c/ssm-connect/.build/DerivedData/Build/Products/Debug/PackageFrameworks -F /Users/michielvh/code/one-b2c/ssm-connect/.build/DerivedData/Build/Products/Debug/PackageFrameworks -F /Users/michielvh/code/one-b2c/ssm-connect/.build/DerivedData/Build/Products/Debug/PackageFrameworks -F /Users/michielvh/code/one-b2c/ssm-connect/.build/DerivedData/Build/Products/Debug/PackageFrameworks -F /Users/michielvh/code/one-b2c/ssm-connect/.build/DerivedData/Build/Products/Debug/PackageFrameworks -F /Users/michielvh/code/one-b2c/ssm-connect/.build/DerivedData/Build/Products/Debug/PackageFrameworks -F /Users/michielvh/code/one-b2c/ssm-connect/.build/DerivedData/Build/Products/Debug/PackageFrameworks -F /Users/michielvh/code/one-b2c/ssm-connect/.build/DerivedData/Build/Products/Debug/PackageFrameworks -F /Users/michielvh/code/one-b2c/ssm-connect/.build/DerivedData/Build/Products/Debug/PackageFrameworks -F /Users/michielvh/code/one-b2c/ssm-connect/.build/DerivedData/Build/Products/Debug/PackageFrameworks -F /Users/michielvh/code/one-b2c/ssm-connect/.build/DerivedData/Build/Products/Debug/PackageFrameworks -F /Users/michielvh/code/one-b2c/ssm-connect/.build/DerivedData/Build/Products/Debug/PackageFrameworks -F /Users/michielvh/code/one-b2c/ssm-connect/.build/DerivedData/Build/Products/Debug/PackageFrameworks -F /Users/michielvh/code/one-b2c/ssm-connect/.build/DerivedData/Build/Products/Debug/PackageFrameworks -F /Users/michielvh/code/one-b2c/ssm-connect/.build/DerivedData/Build/Products/Debug/PackageFrameworks -F /Users/michielvh/code/one-b2c/ssm-connect/.build/DerivedData/Build/Products/Debug/PackageFrameworks -F /Users/michielvh/code/one-b2c/ssm-connect/.build/DerivedData/Build/Products/Debug/PackageFrameworks -F /Users/michielvh/code/one-b2c/ssm-connect/.build/DerivedData/Build/Products/Debug/PackageFrameworks -F /Users/michielvh/code/one-b2c/ssm-connect/.build/DerivedData/Build/Products/Debug/PackageFrameworks -F /Users/michielvh/code/one-b2c/ssm-connect/.build/DerivedData/Build/Products/Debug -F /Applications/Xcode.app/Contents/Developer/Platforms/MacOSX.platform/Developer/Library/Frameworks -c -j18 -enable-batch-mode -incremental -Xcc -ivfsstatcache -Xcc /Users/michielvh/code/one-b2c/ssm-connect/.build/DerivedData/SDKStatCaches.noindex/macosx26.5-25F70-e082c4a02f00227109f4ed75e425c832.sdkstatcache -output-file-map /Users/michielvh/code/one-b2c/ssm-connect/.build/DerivedData/Build/Intermediates.noindex/SSMConnect.build/Debug/SSMConnectTests.build/Objects-normal/arm64/SSMConnectTests-OutputFileMap.json -use-frontend-parseable-output -save-temps -no-color-diagnostics -explicit-module-build -module-cache-path /Users/michielvh/code/one-b2c/ssm-connect/.build/DerivedData/Build/Intermediates.noindex/SwiftExplicitPrecompiledModules -clang-scanner-module-cache-path /Users/michielvh/code/one-b2c/ssm-connect/.build/DerivedData/ModuleCache.noindex -sdk-module-cache-path /Users/michielvh/code/one-b2c/ssm-connect/.build/DerivedData/ModuleCache.noindex -serialize-diagnostics -emit-dependencies -emit-module -emit-module-path /Users/michielvh/code/one-b2c/ssm-connect/.build/DerivedData/Build/Intermediates.noindex/SSMConnect.build/Debug/SSMConnectTests.build/Objects-normal/arm64/SSMConnectTests.swiftmodule -validate-clang-modules-once -clang-build-session-file /Users/michielvh/code/one-b2c/ssm-connect/.build/DerivedData/ModuleCache.noindex/Session.modulevalidation -Xcc -I/Users/michielvh/code/one-b2c/ssm-connect/.build/DerivedData/Build/Intermediates.noindex/SSMConnect.build/Debug/SSMConnectTests.build/swift-overrides.hmap -emit-const-values -Xfrontend -const-gather-protocols-file -Xfrontend /Users/michielvh/code/one-b2c/ssm-connect/.build/DerivedData/Build/Intermediates.noindex/SSMConnect.build/Debug/SSMConnectTests.build/Objects-normal/arm64/SSMConnectTests_const_extract_protocols.json -Xcc -iquote -Xcc /Users/michielvh/code/one-b2c/ssm-connect/.build/DerivedData/Build/Intermediates.noindex/SSMConnect.build/Debug/SSMConnectTests.build/SSMConnectTests-generated-files.hmap -Xcc -I/Users/michielvh/code/one-b2c/ssm-connect/.build/DerivedData/Build/Intermediates.noindex/SSMConnect.build/Debug/SSMConnectTests.build/SSMConnectTests-own-target-headers.hmap -Xcc -I/Users/michielvh/code/one-b2c/ssm-connect/.build/DerivedData/Build/Intermediates.noindex/SSMConnect.build/Debug/SSMConnectTests.build/SSMConnectTests-all-non-framework-target-headers.hmap -Xcc -ivfsoverlay -Xcc /Users/michielvh/code/one-b2c/ssm-connect/.build/DerivedData/Build/Intermediates.noindex/SSMConnect.build/Debug/SSMConnect-143d7d7ca523301723e96f80ac4f74bb-VFS/all-product-headers.yaml -Xcc -iquote -Xcc /Users/michielvh/code/one-b2c/ssm-connect/.build/DerivedData/Build/Intermediates.noindex/SSMConnect.build/Debug/SSMConnectTests.build/SSMConnectTests-project-headers.hmap -Xcc -I/Users/michielvh/code/one-b2c/ssm-connect/.build/DerivedData/SourcePackages/checkouts/aws-crt-swift/aws-common-runtime/aws-c-mqtt/include -Xcc -I/Users/michielvh/code/one-b2c/ssm-connect/.build/DerivedData/SourcePackages/checkouts/aws-crt-swift/aws-common-runtime/aws-c-event-stream/include -Xcc -I/Users/michielvh/code/one-b2c/ssm-connect/.build/DerivedData/SourcePackages/checkouts/aws-crt-swift/aws-common-runtime/aws-checksums/include -Xcc -I/Users/michielvh/code/one-b2c/ssm-connect/.build/DerivedData/SourcePackages/checkouts/aws-crt-swift/aws-common-runtime/aws-c-auth/include -Xcc -I/Users/michielvh/code/one-b2c/ssm-connect/.build/DerivedData/SourcePackages/checkouts/aws-crt-swift/aws-common-runtime/aws-c-sdkutils/include -Xcc -I/Users/michielvh/code/one-b2c/ssm-connect/.build/DerivedData/SourcePackages/checkouts/aws-crt-swift/aws-common-runtime/aws-c-http/include -Xcc -I/Users/michielvh/code/one-b2c/ssm-connect/.build/DerivedData/SourcePackages/checkouts/aws-crt-swift/aws-common-runtime/aws-c-io/include -Xcc -I/Users/michielvh/code/one-b2c/ssm-connect/.build/DerivedData/SourcePackages/checkouts/aws-crt-swift/aws-common-runtime/aws-c-cal/include -Xcc -I/Users/michielvh/code/one-b2c/ssm-connect/.build/DerivedData/SourcePackages/checkouts/aws-crt-swift/aws-common-runtime/aws-c-compression/include -Xcc -I/Users/michielvh/code/one-b2c/ssm-connect/.build/DerivedData/SourcePackages/checkouts/aws-crt-swift/aws-common-runtime/aws-c-common/include -Xcc -I/Users/michielvh/code/one-b2c/ssm-connect/.build/DerivedData/SourcePackages/checkouts/aws-crt-swift/aws-common-runtime/config -Xcc -I/Users/michielvh/code/one-b2c/ssm-connect/.build/DerivedData/Build/Products/Debug/include -Xcc -I/Users/michielvh/code/one-b2c/ssm-connect/.build/DerivedData/Build/Intermediates.noindex/SSMConnect.build/Debug/SSMConnectTests.build/DerivedSources-normal/arm64 -Xcc -I/Users/michielvh/code/one-b2c/ssm-connect/.build/DerivedData/Build/Intermediates.noindex/SSMConnect.build/Debug/SSMConnectTests.build/DerivedSources/arm64 -Xcc -I/Users/michielvh/code/one-b2c/ssm-connect/.build/DerivedData/Build/Intermediates.noindex/SSMConnect.build/Debug/SSMConnectTests.build/DerivedSources -Xcc -DDEBUG\=1 -emit-objc-header -emit-objc-header-path /Users/michielvh/code/one-b2c/ssm-connect/.build/DerivedData/Build/Intermediates.noindex/SSMConnect.build/Debug/SSMConnectTests.build/Objects-normal/arm64/SSMConnectTests-Swift.h -working-directory /Users/michielvh/code/one-b2c/ssm-connect -experimental-emit-module-separately -disable-cmo

Copy /Users/michielvh/code/one-b2c/ssm-connect/.build/DerivedData/Build/Products/Debug/SSMConnectTests.swiftmodule/Project/arm64-apple-macos.swiftsourceinfo /Users/michielvh/code/one-b2c/ssm-connect/.build/DerivedData/Build/Intermediates.noindex/SSMConnect.build/Debug/SSMConnectTests.build/Objects-normal/arm64/SSMConnectTests.swiftsourceinfo (in target 'SSMConnectTests' from project 'SSMConnect')
    cd /Users/michielvh/code/one-b2c/ssm-connect
    builtin-copy -exclude .DS_Store -exclude CVS -exclude .svn -exclude .git -exclude .hg -resolve-src-symlinks -rename /Users/michielvh/code/one-b2c/ssm-connect/.build/DerivedData/Build/Intermediates.noindex/SSMConnect.build/Debug/SSMConnectTests.build/Objects-normal/arm64/SSMConnectTests.swiftsourceinfo /Users/michielvh/code/one-b2c/ssm-connect/.build/DerivedData/Build/Products/Debug/SSMConnectTests.swiftmodule/Project/arm64-apple-macos.swiftsourceinfo

Copy /Users/michielvh/code/one-b2c/ssm-connect/.build/DerivedData/Build/Products/Debug/SSMConnectTests.swiftmodule/arm64-apple-macos.abi.json /Users/michielvh/code/one-b2c/ssm-connect/.build/DerivedData/Build/Intermediates.noindex/SSMConnect.build/Debug/SSMConnectTests.build/Objects-normal/arm64/SSMConnectTests.abi.json (in target 'SSMConnectTests' from project 'SSMConnect')
    cd /Users/michielvh/code/one-b2c/ssm-connect
    builtin-copy -exclude .DS_Store -exclude CVS -exclude .svn -exclude .git -exclude .hg -resolve-src-symlinks -rename /Users/michielvh/code/one-b2c/ssm-connect/.build/DerivedData/Build/Intermediates.noindex/SSMConnect.build/Debug/SSMConnectTests.build/Objects-normal/arm64/SSMConnectTests.abi.json /Users/michielvh/code/one-b2c/ssm-connect/.build/DerivedData/Build/Products/Debug/SSMConnectTests.swiftmodule/arm64-apple-macos.abi.json

SwiftDriverJobDiscovery normal arm64 Compiling SSOCacheReaderTests.swift (in target 'SSMConnectTests' from project 'SSMConnect')

SwiftDriverJobDiscovery normal arm64 Compiling AWSAuthProviderTests.swift (in target 'SSMConnectTests' from project 'SSMConnect')

SwiftDriver\ Compilation SSMConnectTests normal arm64 com.apple.xcode.tools.swift.compiler (in target 'SSMConnectTests' from project 'SSMConnect')
    cd /Users/michielvh/code/one-b2c/ssm-connect
    builtin-Swift-Compilation -- /Applications/Xcode.app/Contents/Developer/Toolchains/XcodeDefault.xctoolchain/usr/bin/swiftc -module-name SSMConnectTests -Onone @/Users/michielvh/code/one-b2c/ssm-connect/.build/DerivedData/Build/Intermediates.noindex/SSMConnect.build/Debug/SSMConnectTests.build/Objects-normal/arm64/SSMConnectTests.SwiftFileList -DDEBUG -Xcc -fmodule-map-file\=/Users/michielvh/code/one-b2c/ssm-connect/.build/DerivedData/SourcePackages/checkouts/aws-crt-swift/Source/LibNative/module.modulemap -Xcc -fmodule-map-file\=/Users/michielvh/code/one-b2c/ssm-connect/.build/DerivedData/Build/Intermediates.noindex/GeneratedModuleMaps/AwsCMqtt.modulemap -Xcc -fmodule-map-file\=/Users/michielvh/code/one-b2c/ssm-connect/.build/DerivedData/Build/Intermediates.noindex/GeneratedModuleMaps/AwsCEventStream.modulemap -Xcc -fmodule-map-file\=/Users/michielvh/code/one-b2c/ssm-connect/.build/DerivedData/Build/Intermediates.noindex/GeneratedModuleMaps/AwsCChecksums.modulemap -Xcc -fmodule-map-file\=/Users/michielvh/code/one-b2c/ssm-connect/.build/DerivedData/Build/Intermediates.noindex/GeneratedModuleMaps/AwsCAuth.modulemap -Xcc -fmodule-map-file\=/Users/michielvh/code/one-b2c/ssm-connect/.build/DerivedData/Build/Intermediates.noindex/GeneratedModuleMaps/AwsCSdkUtils.modulemap -Xcc -fmodule-map-file\=/Users/michielvh/code/one-b2c/ssm-connect/.build/DerivedData/Build/Intermediates.noindex/GeneratedModuleMaps/AwsCHttp.modulemap -Xcc -fmodule-map-file\=/Users/michielvh/code/one-b2c/ssm-connect/.build/DerivedData/Build/Intermediates.noindex/GeneratedModuleMaps/AwsCIo.modulemap -Xcc -fmodule-map-file\=/Users/michielvh/code/one-b2c/ssm-connect/.build/DerivedData/Build/Intermediates.noindex/GeneratedModuleMaps/AwsCCal.modulemap -Xcc -fmodule-map-file\=/Users/michielvh/code/one-b2c/ssm-connect/.build/DerivedData/Build/Intermediates.noindex/GeneratedModuleMaps/AwsCCompression.modulemap -Xcc -fmodule-map-file\=/Users/michielvh/code/one-b2c/ssm-connect/.build/DerivedData/Build/Intermediates.noindex/GeneratedModuleMaps/AwsCCommon.modulemap -plugin-path /Applications/Xcode.app/Contents/Developer/Toolchains/XcodeDefault.xctoolchain/usr/lib/swift/host/plugins/testing -enable-bare-slash-regex -enable-experimental-feature DebugDescriptionMacro -sdk /Applications/Xcode.app/Contents/Developer/Platforms/MacOSX.platform/Developer/SDKs/MacOSX26.5.sdk -target arm64-apple-macos14.0 -g -module-cache-path /Users/michielvh/code/one-b2c/ssm-connect/.build/DerivedData/ModuleCache.noindex -Xfrontend -serialize-debugging-options -enable-testing -index-store-path /Users/michielvh/code/one-b2c/ssm-connect/.build/DerivedData/Index.noindex/DataStore -Xcc -D_LIBCPP_HARDENING_MODE\=_LIBCPP_HARDENING_MODE_DEBUG -swift-version 5 -I /Users/michielvh/code/one-b2c/ssm-connect/.build/DerivedData/Build/Products/Debug -Isystem /Applications/Xcode.app/Contents/Developer/Platforms/MacOSX.platform/Developer/usr/lib -F /Users/michielvh/code/one-b2c/ssm-connect/.build/DerivedData/Build/Products/Debug/PackageFrameworks -F /Users/michielvh/code/one-b2c/ssm-connect/.build/DerivedData/Build/Products/Debug/PackageFrameworks -F /Users/michielvh/code/one-b2c/ssm-connect/.build/DerivedData/Build/Products/Debug/PackageFrameworks -F /Users/michielvh/code/one-b2c/ssm-connect/.build/DerivedData/Build/Products/Debug/PackageFrameworks -F /Users/michielvh/code/one-b2c/ssm-connect/.build/DerivedData/Build/Products/Debug/PackageFrameworks -F /Users/michielvh/code/one-b2c/ssm-connect/.build/DerivedData/Build/Products/Debug/PackageFrameworks -F /Users/michielvh/code/one-b2c/ssm-connect/.build/DerivedData/Build/Products/Debug/PackageFrameworks -F /Users/michielvh/code/one-b2c/ssm-connect/.build/DerivedData/Build/Products/Debug/PackageFrameworks -F /Users/michielvh/code/one-b2c/ssm-connect/.build/DerivedData/Build/Products/Debug/PackageFrameworks -F /Users/michielvh/code/one-b2c/ssm-connect/.build/DerivedData/Build/Products/Debug/PackageFrameworks -F /Users/michielvh/code/one-b2c/ssm-connect/.build/DerivedData/Build/Products/Debug/PackageFrameworks -F /Users/michielvh/code/one-b2c/ssm-connect/.build/DerivedData/Build/Products/Debug/PackageFrameworks -F /Users/michielvh/code/one-b2c/ssm-connect/.build/DerivedData/Build/Products/Debug/PackageFrameworks -F /Users/michielvh/code/one-b2c/ssm-connect/.build/DerivedData/Build/Products/Debug/PackageFrameworks -F /Users/michielvh/code/one-b2c/ssm-connect/.build/DerivedData/Build/Products/Debug/PackageFrameworks -F /Users/michielvh/code/one-b2c/ssm-connect/.build/DerivedData/Build/Products/Debug/PackageFrameworks -F /Users/michielvh/code/one-b2c/ssm-connect/.build/DerivedData/Build/Products/Debug/PackageFrameworks -F /Users/michielvh/code/one-b2c/ssm-connect/.build/DerivedData/Build/Products/Debug/PackageFrameworks -F /Users/michielvh/code/one-b2c/ssm-connect/.build/DerivedData/Build/Products/Debug/PackageFrameworks -F /Users/michielvh/code/one-b2c/ssm-connect/.build/DerivedData/Build/Products/Debug/PackageFrameworks -F /Users/michielvh/code/one-b2c/ssm-connect/.build/DerivedData/Build/Products/Debug/PackageFrameworks -F /Users/michielvh/code/one-b2c/ssm-connect/.build/DerivedData/Build/Products/Debug/PackageFrameworks -F /Users/michielvh/code/one-b2c/ssm-connect/.build/DerivedData/Build/Products/Debug/PackageFrameworks -F /Users/michielvh/code/one-b2c/ssm-connect/.build/DerivedData/Build/Products/Debug/PackageFrameworks -F /Users/michielvh/code/one-b2c/ssm-connect/.build/DerivedData/Build/Products/Debug/PackageFrameworks -F /Users/michielvh/code/one-b2c/ssm-connect/.build/DerivedData/Build/Products/Debug/PackageFrameworks -F /Users/michielvh/code/one-b2c/ssm-connect/.build/DerivedData/Build/Products/Debug/PackageFrameworks -F /Users/michielvh/code/one-b2c/ssm-connect/.build/DerivedData/Build/Products/Debug/PackageFrameworks -F /Users/michielvh/code/one-b2c/ssm-connect/.build/DerivedData/Build/Products/Debug/PackageFrameworks -F /Users/michielvh/code/one-b2c/ssm-connect/.build/DerivedData/Build/Products/Debug/PackageFrameworks -F /Users/michielvh/code/one-b2c/ssm-connect/.build/DerivedData/Build/Products/Debug/PackageFrameworks -F /Users/michielvh/code/one-b2c/ssm-connect/.build/DerivedData/Build/Products/Debug/PackageFrameworks -F /Users/michielvh/code/one-b2c/ssm-connect/.build/DerivedData/Build/Products/Debug/PackageFrameworks -F /Users/michielvh/code/one-b2c/ssm-connect/.build/DerivedData/Build/Products/Debug/PackageFrameworks -F /Users/michielvh/code/one-b2c/ssm-connect/.build/DerivedData/Build/Products/Debug/PackageFrameworks -F /Users/michielvh/code/one-b2c/ssm-connect/.build/DerivedData/Build/Products/Debug/PackageFrameworks -F /Users/michielvh/code/one-b2c/ssm-connect/.build/DerivedData/Build/Products/Debug/PackageFrameworks -F /Users/michielvh/code/one-b2c/ssm-connect/.build/DerivedData/Build/Products/Debug/PackageFrameworks -F /Users/michielvh/code/one-b2c/ssm-connect/.build/DerivedData/Build/Products/Debug/PackageFrameworks -F /Users/michielvh/code/one-b2c/ssm-connect/.build/DerivedData/Build/Products/Debug/PackageFrameworks -F /Users/michielvh/code/one-b2c/ssm-connect/.build/DerivedData/Build/Products/Debug/PackageFrameworks -F /Users/michielvh/code/one-b2c/ssm-connect/.build/DerivedData/Build/Products/Debug/PackageFrameworks -F /Users/michielvh/code/one-b2c/ssm-connect/.build/DerivedData/Build/Products/Debug/PackageFrameworks -F /Users/michielvh/code/one-b2c/ssm-connect/.build/DerivedData/Build/Products/Debug/PackageFrameworks -F /Users/michielvh/code/one-b2c/ssm-connect/.build/DerivedData/Build/Products/Debug/PackageFrameworks -F /Users/michielvh/code/one-b2c/ssm-connect/.build/DerivedData/Build/Products/Debug/PackageFrameworks -F /Users/michielvh/code/one-b2c/ssm-connect/.build/DerivedData/Build/Products/Debug/PackageFrameworks -F /Users/michielvh/code/one-b2c/ssm-connect/.build/DerivedData/Build/Products/Debug/PackageFrameworks -F /Users/michielvh/code/one-b2c/ssm-connect/.build/DerivedData/Build/Products/Debug/PackageFrameworks -F /Users/michielvh/code/one-b2c/ssm-connect/.build/DerivedData/Build/Products/Debug/PackageFrameworks -F /Users/michielvh/code/one-b2c/ssm-connect/.build/DerivedData/Build/Products/Debug/PackageFrameworks -F /Users/michielvh/code/one-b2c/ssm-connect/.build/DerivedData/Build/Products/Debug/PackageFrameworks -F /Users/michielvh/code/one-b2c/ssm-connect/.build/DerivedData/Build/Products/Debug/PackageFrameworks -F /Users/michielvh/code/one-b2c/ssm-connect/.build/DerivedData/Build/Products/Debug/PackageFrameworks -F /Users/michielvh/code/one-b2c/ssm-connect/.build/DerivedData/Build/Products/Debug/PackageFrameworks -F /Users/michielvh/code/one-b2c/ssm-connect/.build/DerivedData/Build/Products/Debug/PackageFrameworks -F /Users/michielvh/code/one-b2c/ssm-connect/.build/DerivedData/Build/Products/Debug/PackageFrameworks -F /Users/michielvh/code/one-b2c/ssm-connect/.build/DerivedData/Build/Products/Debug -F /Applications/Xcode.app/Contents/Developer/Platforms/MacOSX.platform/Developer/Library/Frameworks -c -j18 -enable-batch-mode -incremental -Xcc -ivfsstatcache -Xcc /Users/michielvh/code/one-b2c/ssm-connect/.build/DerivedData/SDKStatCaches.noindex/macosx26.5-25F70-e082c4a02f00227109f4ed75e425c832.sdkstatcache -output-file-map /Users/michielvh/code/one-b2c/ssm-connect/.build/DerivedData/Build/Intermediates.noindex/SSMConnect.build/Debug/SSMConnectTests.build/Objects-normal/arm64/SSMConnectTests-OutputFileMap.json -use-frontend-parseable-output -save-temps -no-color-diagnostics -explicit-module-build -module-cache-path /Users/michielvh/code/one-b2c/ssm-connect/.build/DerivedData/Build/Intermediates.noindex/SwiftExplicitPrecompiledModules -clang-scanner-module-cache-path /Users/michielvh/code/one-b2c/ssm-connect/.build/DerivedData/ModuleCache.noindex -sdk-module-cache-path /Users/michielvh/code/one-b2c/ssm-connect/.build/DerivedData/ModuleCache.noindex -serialize-diagnostics -emit-dependencies -emit-module -emit-module-path /Users/michielvh/code/one-b2c/ssm-connect/.build/DerivedData/Build/Intermediates.noindex/SSMConnect.build/Debug/SSMConnectTests.build/Objects-normal/arm64/SSMConnectTests.swiftmodule -validate-clang-modules-once -clang-build-session-file /Users/michielvh/code/one-b2c/ssm-connect/.build/DerivedData/ModuleCache.noindex/Session.modulevalidation -Xcc -I/Users/michielvh/code/one-b2c/ssm-connect/.build/DerivedData/Build/Intermediates.noindex/SSMConnect.build/Debug/SSMConnectTests.build/swift-overrides.hmap -emit-const-values -Xfrontend -const-gather-protocols-file -Xfrontend /Users/michielvh/code/one-b2c/ssm-connect/.build/DerivedData/Build/Intermediates.noindex/SSMConnect.build/Debug/SSMConnectTests.build/Objects-normal/arm64/SSMConnectTests_const_extract_protocols.json -Xcc -iquote -Xcc /Users/michielvh/code/one-b2c/ssm-connect/.build/DerivedData/Build/Intermediates.noindex/SSMConnect.build/Debug/SSMConnectTests.build/SSMConnectTests-generated-files.hmap -Xcc -I/Users/michielvh/code/one-b2c/ssm-connect/.build/DerivedData/Build/Intermediates.noindex/SSMConnect.build/Debug/SSMConnectTests.build/SSMConnectTests-own-target-headers.hmap -Xcc -I/Users/michielvh/code/one-b2c/ssm-connect/.build/DerivedData/Build/Intermediates.noindex/SSMConnect.build/Debug/SSMConnectTests.build/SSMConnectTests-all-non-framework-target-headers.hmap -Xcc -ivfsoverlay -Xcc /Users/michielvh/code/one-b2c/ssm-connect/.build/DerivedData/Build/Intermediates.noindex/SSMConnect.build/Debug/SSMConnect-143d7d7ca523301723e96f80ac4f74bb-VFS/all-product-headers.yaml -Xcc -iquote -Xcc /Users/michielvh/code/one-b2c/ssm-connect/.build/DerivedData/Build/Intermediates.noindex/SSMConnect.build/Debug/SSMConnectTests.build/SSMConnectTests-project-headers.hmap -Xcc -I/Users/michielvh/code/one-b2c/ssm-connect/.build/DerivedData/SourcePackages/checkouts/aws-crt-swift/aws-common-runtime/aws-c-mqtt/include -Xcc -I/Users/michielvh/code/one-b2c/ssm-connect/.build/DerivedData/SourcePackages/checkouts/aws-crt-swift/aws-common-runtime/aws-c-event-stream/include -Xcc -I/Users/michielvh/code/one-b2c/ssm-connect/.build/DerivedData/SourcePackages/checkouts/aws-crt-swift/aws-common-runtime/aws-checksums/include -Xcc -I/Users/michielvh/code/one-b2c/ssm-connect/.build/DerivedData/SourcePackages/checkouts/aws-crt-swift/aws-common-runtime/aws-c-auth/include -Xcc -I/Users/michielvh/code/one-b2c/ssm-connect/.build/DerivedData/SourcePackages/checkouts/aws-crt-swift/aws-common-runtime/aws-c-sdkutils/include -Xcc -I/Users/michielvh/code/one-b2c/ssm-connect/.build/DerivedData/SourcePackages/checkouts/aws-crt-swift/aws-common-runtime/aws-c-http/include -Xcc -I/Users/michielvh/code/one-b2c/ssm-connect/.build/DerivedData/SourcePackages/checkouts/aws-crt-swift/aws-common-runtime/aws-c-io/include -Xcc -I/Users/michielvh/code/one-b2c/ssm-connect/.build/DerivedData/SourcePackages/checkouts/aws-crt-swift/aws-common-runtime/aws-c-cal/include -Xcc -I/Users/michielvh/code/one-b2c/ssm-connect/.build/DerivedData/SourcePackages/checkouts/aws-crt-swift/aws-common-runtime/aws-c-compression/include -Xcc -I/Users/michielvh/code/one-b2c/ssm-connect/.build/DerivedData/SourcePackages/checkouts/aws-crt-swift/aws-common-runtime/aws-c-common/include -Xcc -I/Users/michielvh/code/one-b2c/ssm-connect/.build/DerivedData/SourcePackages/checkouts/aws-crt-swift/aws-common-runtime/config -Xcc -I/Users/michielvh/code/one-b2c/ssm-connect/.build/DerivedData/Build/Products/Debug/include -Xcc -I/Users/michielvh/code/one-b2c/ssm-connect/.build/DerivedData/Build/Intermediates.noindex/SSMConnect.build/Debug/SSMConnectTests.build/DerivedSources-normal/arm64 -Xcc -I/Users/michielvh/code/one-b2c/ssm-connect/.build/DerivedData/Build/Intermediates.noindex/SSMConnect.build/Debug/SSMConnectTests.build/DerivedSources/arm64 -Xcc -I/Users/michielvh/code/one-b2c/ssm-connect/.build/DerivedData/Build/Intermediates.noindex/SSMConnect.build/Debug/SSMConnectTests.build/DerivedSources -Xcc -DDEBUG\=1 -emit-objc-header -emit-objc-header-path /Users/michielvh/code/one-b2c/ssm-connect/.build/DerivedData/Build/Intermediates.noindex/SSMConnect.build/Debug/SSMConnectTests.build/Objects-normal/arm64/SSMConnectTests-Swift.h -working-directory /Users/michielvh/code/one-b2c/ssm-connect -experimental-emit-module-separately -disable-cmo

Ld /Users/michielvh/code/one-b2c/ssm-connect/.build/DerivedData/Build/Products/Debug/SSMConnect.app/Contents/PlugIns/SSMConnectTests.xctest/Contents/MacOS/SSMConnectTests normal (in target 'SSMConnectTests' from project 'SSMConnect')
    cd /Users/michielvh/code/one-b2c/ssm-connect
    /Applications/Xcode.app/Contents/Developer/Toolchains/XcodeDefault.xctoolchain/usr/bin/clang -Xlinker -reproducible -target arm64-apple-macos14.0 -bundle -isysroot /Applications/Xcode.app/Contents/Developer/Platforms/MacOSX.platform/Developer/SDKs/MacOSX26.5.sdk -O0 -L/Users/michielvh/code/one-b2c/ssm-connect/.build/DerivedData/Build/Intermediates.noindex/EagerLinkingTBDs/Debug -L/Users/michielvh/code/one-b2c/ssm-connect/.build/DerivedData/Build/Products/Debug -L/Applications/Xcode.app/Contents/Developer/Platforms/MacOSX.platform/Developer/usr/lib -F/Users/michielvh/code/one-b2c/ssm-connect/.build/DerivedData/Build/Intermediates.noindex/EagerLinkingTBDs/Debug -F/Users/michielvh/code/one-b2c/ssm-connect/.build/DerivedData/Build/Products/Debug/PackageFrameworks -F/Users/michielvh/code/one-b2c/ssm-connect/.build/DerivedData/Build/Products/Debug/PackageFrameworks -F/Users/michielvh/code/one-b2c/ssm-connect/.build/DerivedData/Build/Products/Debug/PackageFrameworks -F/Users/michielvh/code/one-b2c/ssm-connect/.build/DerivedData/Build/Products/Debug/PackageFrameworks -F/Users/michielvh/code/one-b2c/ssm-connect/.build/DerivedData/Build/Products/Debug/PackageFrameworks -F/Users/michielvh/code/one-b2c/ssm-connect/.build/DerivedData/Build/Products/Debug/PackageFrameworks -F/Users/michielvh/code/one-b2c/ssm-connect/.build/DerivedData/Build/Products/Debug/PackageFrameworks -F/Users/michielvh/code/one-b2c/ssm-connect/.build/DerivedData/Build/Products/Debug/PackageFrameworks -F/Users/michielvh/code/one-b2c/ssm-connect/.build/DerivedData/Build/Products/Debug/PackageFrameworks -F/Users/michielvh/code/one-b2c/ssm-connect/.build/DerivedData/Build/Products/Debug/PackageFrameworks -F/Users/michielvh/code/one-b2c/ssm-connect/.build/DerivedData/Build/Products/Debug/PackageFrameworks -F/Users/michielvh/code/one-b2c/ssm-connect/.build/DerivedData/Build/Products/Debug/PackageFrameworks -F/Users/michielvh/code/one-b2c/ssm-connect/.build/DerivedData/Build/Products/Debug/PackageFrameworks -F/Users/michielvh/code/one-b2c/ssm-connect/.build/DerivedData/Build/Products/Debug/PackageFrameworks -F/Users/michielvh/code/one-b2c/ssm-connect/.build/DerivedData/Build/Products/Debug/PackageFrameworks -F/Users/michielvh/code/one-b2c/ssm-connect/.build/DerivedData/Build/Products/Debug/PackageFrameworks -F/Users/michielvh/code/one-b2c/ssm-connect/.build/DerivedData/Build/Products/Debug/PackageFrameworks -F/Users/michielvh/code/one-b2c/ssm-connect/.build/DerivedData/Build/Products/Debug/PackageFrameworks -F/Users/michielvh/code/one-b2c/ssm-connect/.build/DerivedData/Build/Products/Debug/PackageFrameworks -F/Users/michielvh/code/one-b2c/ssm-connect/.build/DerivedData/Build/Products/Debug/PackageFrameworks -F/Users/michielvh/code/one-b2c/ssm-connect/.build/DerivedData/Build/Products/Debug/PackageFrameworks -F/Users/michielvh/code/one-b2c/ssm-connect/.build/DerivedData/Build/Products/Debug/PackageFrameworks -F/Users/michielvh/code/one-b2c/ssm-connect/.build/DerivedData/Build/Products/Debug/PackageFrameworks -F/Users/michielvh/code/one-b2c/ssm-connect/.build/DerivedData/Build/Products/Debug/PackageFrameworks -F/Users/michielvh/code/one-b2c/ssm-connect/.build/DerivedData/Build/Products/Debug/PackageFrameworks -F/Users/michielvh/code/one-b2c/ssm-connect/.build/DerivedData/Build/Products/Debug/PackageFrameworks -F/Users/michielvh/code/one-b2c/ssm-connect/.build/DerivedData/Build/Products/Debug/PackageFrameworks -F/Users/michielvh/code/one-b2c/ssm-connect/.build/DerivedData/Build/Products/Debug/PackageFrameworks -F/Users/michielvh/code/one-b2c/ssm-connect/.build/DerivedData/Build/Products/Debug/PackageFrameworks -F/Users/michielvh/code/one-b2c/ssm-connect/.build/DerivedData/Build/Products/Debug/PackageFrameworks -F/Users/michielvh/code/one-b2c/ssm-connect/.build/DerivedData/Build/Products/Debug/PackageFrameworks -F/Users/michielvh/code/one-b2c/ssm-connect/.build/DerivedData/Build/Products/Debug/PackageFrameworks -F/Users/michielvh/code/one-b2c/ssm-connect/.build/DerivedData/Build/Products/Debug/PackageFrameworks -F/Users/michielvh/code/one-b2c/ssm-connect/.build/DerivedData/Build/Products/Debug/PackageFrameworks -F/Users/michielvh/code/one-b2c/ssm-connect/.build/DerivedData/Build/Products/Debug/PackageFrameworks -F/Users/michielvh/code/one-b2c/ssm-connect/.build/DerivedData/Build/Products/Debug/PackageFrameworks -F/Users/michielvh/code/one-b2c/ssm-connect/.build/DerivedData/Build/Products/Debug/PackageFrameworks -F/Users/michielvh/code/one-b2c/ssm-connect/.build/DerivedData/Build/Products/Debug/PackageFrameworks -F/Users/michielvh/code/one-b2c/ssm-connect/.build/DerivedData/Build/Products/Debug/PackageFrameworks -F/Users/michielvh/code/one-b2c/ssm-connect/.build/DerivedData/Build/Products/Debug/PackageFrameworks -F/Users/michielvh/code/one-b2c/ssm-connect/.build/DerivedData/Build/Products/Debug/PackageFrameworks -F/Users/michielvh/code/one-b2c/ssm-connect/.build/DerivedData/Build/Products/Debug/PackageFrameworks -F/Users/michielvh/code/one-b2c/ssm-connect/.build/DerivedData/Build/Products/Debug/PackageFrameworks -F/Users/michielvh/code/one-b2c/ssm-connect/.build/DerivedData/Build/Products/Debug/PackageFrameworks -F/Users/michielvh/code/one-b2c/ssm-connect/.build/DerivedData/Build/Products/Debug/PackageFrameworks -F/Users/michielvh/code/one-b2c/ssm-connect/.build/DerivedData/Build/Products/Debug/PackageFrameworks -F/Users/michielvh/code/one-b2c/ssm-connect/.build/DerivedData/Build/Products/Debug/PackageFrameworks -F/Users/michielvh/code/one-b2c/ssm-connect/.build/DerivedData/Build/Products/Debug/PackageFrameworks -F/Users/michielvh/code/one-b2c/ssm-connect/.build/DerivedData/Build/Products/Debug/PackageFrameworks -F/Users/michielvh/code/one-b2c/ssm-connect/.build/DerivedData/Build/Products/Debug/PackageFrameworks -F/Users/michielvh/code/one-b2c/ssm-connect/.build/DerivedData/Build/Products/Debug/PackageFrameworks -F/Users/michielvh/code/one-b2c/ssm-connect/.build/DerivedData/Build/Products/Debug/PackageFrameworks -F/Users/michielvh/code/one-b2c/ssm-connect/.build/DerivedData/Build/Products/Debug/PackageFrameworks -F/Users/michielvh/code/one-b2c/ssm-connect/.build/DerivedData/Build/Products/Debug/PackageFrameworks -F/Users/michielvh/code/one-b2c/ssm-connect/.build/DerivedData/Build/Products/Debug/PackageFrameworks -F/Users/michielvh/code/one-b2c/ssm-connect/.build/DerivedData/Build/Products/Debug/PackageFrameworks -F/Users/michielvh/code/one-b2c/ssm-connect/.build/DerivedData/Build/Products/Debug/PackageFrameworks -F/Users/michielvh/code/one-b2c/ssm-connect/.build/DerivedData/Build/Products/Debug -iframework /Applications/Xcode.app/Contents/Developer/Platforms/MacOSX.platform/Developer/Library/Frameworks -filelist /Users/michielvh/code/one-b2c/ssm-connect/.build/DerivedData/Build/Intermediates.noindex/SSMConnect.build/Debug/SSMConnectTests.build/Objects-normal/arm64/SSMConnectTests.LinkFileList -Xlinker -rpath -Xlinker /usr/lib/swift -Xlinker -rpath -Xlinker /Users/michielvh/code/one-b2c/ssm-connect/.build/DerivedData/Build/Products/Debug/PackageFrameworks -Xlinker -rpath -Xlinker @loader_path/../Frameworks -Xlinker -rpath -Xlinker @executable_path/../Frameworks -bundle_loader /Users/michielvh/code/one-b2c/ssm-connect/.build/DerivedData/Build/Products/Debug/SSMConnect.app/Contents/MacOS/SSMConnect -Xlinker -object_path_lto -Xlinker /Users/michielvh/code/one-b2c/ssm-connect/.build/DerivedData/Build/Intermediates.noindex/SSMConnect.build/Debug/SSMConnectTests.build/Objects-normal/arm64/SSMConnectTests_lto.o -rdynamic -Xlinker -no_deduplicate -Xlinker -dependency_info -Xlinker /Users/michielvh/code/one-b2c/ssm-connect/.build/DerivedData/Build/Intermediates.noindex/SSMConnect.build/Debug/SSMConnectTests.build/Objects-normal/arm64/SSMConnectTests_dependency_info.dat -fobjc-link-runtime -L/Applications/Xcode.app/Contents/Developer/Toolchains/XcodeDefault.xctoolchain/usr/lib/swift/macosx -L/usr/lib/swift -Xlinker -add_ast_path -Xlinker /Users/michielvh/code/one-b2c/ssm-connect/.build/DerivedData/Build/Intermediates.noindex/SSMConnect.build/Debug/SSMConnectTests.build/Objects-normal/arm64/SSMConnectTests.swiftmodule @/Users/michielvh/code/one-b2c/ssm-connect/.build/DerivedData/Build/Intermediates.noindex/SSMConnect.build/Debug/SSMConnectTests.build/Objects-normal/arm64/SSMConnectTests-linker-args.resp -Wl,-no_warn_duplicate_libraries -Wl,-no_warn_duplicate_libraries -Wl,-no_warn_duplicate_libraries -Wl,-no_warn_duplicate_libraries -Wl,-no_warn_duplicate_libraries -Wl,-no_warn_duplicate_libraries -Wl,-no_warn_duplicate_libraries -Wl,-no_warn_duplicate_libraries -Wl,-no_warn_duplicate_libraries -Wl,-no_warn_duplicate_libraries -Wl,-no_warn_duplicate_libraries -Wl,-no_warn_duplicate_libraries -Wl,-no_warn_duplicate_libraries -Wl,-no_warn_duplicate_libraries -Wl,-no_warn_duplicate_libraries -Wl,-no_warn_duplicate_libraries -Wl,-no_warn_duplicate_libraries -Wl,-no_warn_duplicate_libraries -Wl,-no_warn_duplicate_libraries -Wl,-no_warn_duplicate_libraries -Wl,-no_warn_duplicate_libraries -Wl,-no_warn_duplicate_libraries -Wl,-no_warn_duplicate_libraries -Wl,-no_warn_duplicate_libraries -Wl,-no_warn_duplicate_libraries -Wl,-no_warn_duplicate_libraries -Wl,-no_warn_duplicate_libraries -Wl,-no_warn_duplicate_libraries -Wl,-no_warn_duplicate_libraries -Wl,-no_warn_duplicate_libraries -Wl,-no_warn_duplicate_libraries -Wl,-no_warn_duplicate_libraries -Wl,-no_warn_duplicate_libraries -Wl,-no_warn_duplicate_libraries -Wl,-no_warn_duplicate_libraries -Wl,-no_warn_duplicate_libraries -Wl,-no_warn_duplicate_libraries -Wl,-no_warn_duplicate_libraries -Wl,-no_warn_duplicate_libraries -Wl,-no_warn_duplicate_libraries -Wl,-no_warn_duplicate_libraries -Wl,-no_warn_duplicate_libraries -Wl,-no_warn_duplicate_libraries -Wl,-no_warn_duplicate_libraries -Wl,-no_warn_duplicate_libraries -Wl,-no_warn_duplicate_libraries -Wl,-no_warn_duplicate_libraries -Wl,-no_warn_duplicate_libraries -Wl,-no_warn_duplicate_libraries -Wl,-no_warn_duplicate_libraries -Wl,-no_warn_duplicate_libraries -Wl,-no_warn_duplicate_libraries -Wl,-no_warn_duplicate_libraries -Wl,-no_warn_duplicate_libraries -Wl,-no_warn_duplicate_libraries -Wl,-no_warn_duplicate_libraries -Wl,-no_warn_duplicate_libraries -Xlinker -needed_framework -Xlinker XCTest -framework XCTest -Xlinker -needed-lXCTestSwiftSupport -lXCTestSwiftSupport /Users/michielvh/code/one-b2c/ssm-connect/.build/DerivedData/Build/Products/Debug/SSMConnect.app/Contents/MacOS/SSMConnect.debug.dylib -Xlinker -no_adhoc_codesign -o /Users/michielvh/code/one-b2c/ssm-connect/.build/DerivedData/Build/Products/Debug/SSMConnect.app/Contents/PlugIns/SSMConnectTests.xctest/Contents/MacOS/SSMConnectTests

CopySwiftLibs /Users/michielvh/code/one-b2c/ssm-connect/.build/DerivedData/Build/Products/Debug/SSMConnect.app/Contents/PlugIns/SSMConnectTests.xctest (in target 'SSMConnectTests' from project 'SSMConnect')
    cd /Users/michielvh/code/one-b2c/ssm-connect
    builtin-swiftStdLibTool --copy --verbose --sign - --scan-executable /Users/michielvh/code/one-b2c/ssm-connect/.build/DerivedData/Build/Products/Debug/SSMConnect.app/Contents/PlugIns/SSMConnectTests.xctest/Contents/MacOS/SSMConnectTests --scan-folder /Users/michielvh/code/one-b2c/ssm-connect/.build/DerivedData/Build/Products/Debug/SSMConnect.app/Contents/PlugIns/SSMConnectTests.xctest/Contents/Frameworks --scan-folder /Users/michielvh/code/one-b2c/ssm-connect/.build/DerivedData/Build/Products/Debug/SSMConnect.app/Contents/PlugIns/SSMConnectTests.xctest/Contents/PlugIns --scan-folder /Users/michielvh/code/one-b2c/ssm-connect/.build/DerivedData/Build/Products/Debug/SSMConnect.app/Contents/PlugIns/SSMConnectTests.xctest/Contents/Library/SystemExtensions --scan-folder /Users/michielvh/code/one-b2c/ssm-connect/.build/DerivedData/Build/Products/Debug/SSMConnect.app/Contents/PlugIns/SSMConnectTests.xctest/Contents/Extensions --platform macosx --toolchain /Applications/Xcode.app/Contents/Developer/Toolchains/XcodeDefault.xctoolchain --destination /Users/michielvh/code/one-b2c/ssm-connect/.build/DerivedData/Build/Products/Debug/SSMConnect.app/Contents/PlugIns/SSMConnectTests.xctest/Contents/Frameworks --strip-bitcode --scan-executable /Applications/Xcode.app/Contents/Developer/Platforms/MacOSX.platform/Developer/usr/lib/libXCTestSwiftSupport.dylib --strip-bitcode-tool /Applications/Xcode.app/Contents/Developer/Toolchains/XcodeDefault.xctoolchain/usr/bin/bitcode_strip --emit-dependency-info /Users/michielvh/code/one-b2c/ssm-connect/.build/DerivedData/Build/Intermediates.noindex/SSMConnect.build/Debug/SSMConnectTests.build/SwiftStdLibToolInputDependencies.dep --filter-for-swift-os --back-deploy-swift-span

ExtractAppIntentsMetadata (in target 'SSMConnectTests' from project 'SSMConnect')
    cd /Users/michielvh/code/one-b2c/ssm-connect
    /Applications/Xcode.app/Contents/Developer/Toolchains/XcodeDefault.xctoolchain/usr/bin/appintentsmetadataprocessor --toolchain-dir /Applications/Xcode.app/Contents/Developer/Toolchains/XcodeDefault.xctoolchain --module-name SSMConnectTests --sdk-root /Applications/Xcode.app/Contents/Developer/Platforms/MacOSX.platform/Developer/SDKs/MacOSX26.5.sdk --xcode-version 17F42 --platform-family macOS --deployment-target 14.0 --bundle-identifier pro.vhco.SSMConnectTests --output /Users/michielvh/code/one-b2c/ssm-connect/.build/DerivedData/Build/Products/Debug/SSMConnect.app/Contents/PlugIns/SSMConnectTests.xctest/Contents/Resources --target-triple arm64-apple-macos14.0 --binary-file /Users/michielvh/code/one-b2c/ssm-connect/.build/DerivedData/Build/Products/Debug/SSMConnect.app/Contents/PlugIns/SSMConnectTests.xctest/Contents/MacOS/SSMConnectTests --dependency-file /Users/michielvh/code/one-b2c/ssm-connect/.build/DerivedData/Build/Intermediates.noindex/SSMConnect.build/Debug/SSMConnectTests.build/Objects-normal/arm64/SSMConnectTests_dependency_info.dat --stringsdata-file /Users/michielvh/code/one-b2c/ssm-connect/.build/DerivedData/Build/Intermediates.noindex/SSMConnect.build/Debug/SSMConnectTests.build/Objects-normal/arm64/ExtractedAppShortcutsMetadata.stringsdata --source-file-list /Users/michielvh/code/one-b2c/ssm-connect/.build/DerivedData/Build/Intermediates.noindex/SSMConnect.build/Debug/SSMConnectTests.build/Objects-normal/arm64/SSMConnectTests.SwiftFileList --metadata-file-list /Users/michielvh/code/one-b2c/ssm-connect/.build/DerivedData/Build/Intermediates.noindex/SSMConnect.build/Debug/SSMConnectTests.build/SSMConnectTests.DependencyMetadataFileList --static-metadata-file-list /Users/michielvh/code/one-b2c/ssm-connect/.build/DerivedData/Build/Intermediates.noindex/SSMConnect.build/Debug/SSMConnectTests.build/SSMConnectTests.DependencyStaticMetadataFileList --swift-const-vals-list /Users/michielvh/code/one-b2c/ssm-connect/.build/DerivedData/Build/Intermediates.noindex/SSMConnect.build/Debug/SSMConnectTests.build/Objects-normal/arm64/SSMConnectTests.SwiftConstValuesFileList --compile-time-extraction --deployment-aware-processing --validate-assistant-intents --no-app-shortcuts-localization
2026-06-05 21:03:43.816 appintentsmetadataprocessor[29130:29998255] Starting appintentsmetadataprocessor export
2026-06-05 21:03:43.817 appintentsmetadataprocessor[29130:29998255] warning: Metadata extraction skipped. No AppIntents.framework dependency found.

CodeSign /Users/michielvh/code/one-b2c/ssm-connect/.build/DerivedData/Build/Products/Debug/SSMConnect.app/Contents/PlugIns/SSMConnectTests.xctest (in target 'SSMConnectTests' from project 'SSMConnect')
    cd /Users/michielvh/code/one-b2c/ssm-connect
    
    Signing Identity:     "Sign to Run Locally"
    
    /usr/bin/codesign --force --sign - --timestamp\=none --generate-entitlement-der /Users/michielvh/code/one-b2c/ssm-connect/.build/DerivedData/Build/Products/Debug/SSMConnect.app/Contents/PlugIns/SSMConnectTests.xctest

CodeSign /Users/michielvh/code/one-b2c/ssm-connect/.build/DerivedData/Build/Products/Debug/SSMConnect.app/Contents/MacOS/SSMConnect.debug.dylib (in target 'SSMConnect' from project 'SSMConnect')
    cd /Users/michielvh/code/one-b2c/ssm-connect
    
    Signing Identity:     "Sign to Run Locally"
    
    /usr/bin/codesign --force --sign - --timestamp\=none --generate-entitlement-der /Users/michielvh/code/one-b2c/ssm-connect/.build/DerivedData/Build/Products/Debug/SSMConnect.app/Contents/MacOS/SSMConnect.debug.dylib

CodeSign /Users/michielvh/code/one-b2c/ssm-connect/.build/DerivedData/Build/Products/Debug/SSMConnect.app/Contents/MacOS/__preview.dylib (in target 'SSMConnect' from project 'SSMConnect')
    cd /Users/michielvh/code/one-b2c/ssm-connect
    
    Signing Identity:     "Sign to Run Locally"
    
    /usr/bin/codesign --force --sign - --timestamp\=none --generate-entitlement-der /Users/michielvh/code/one-b2c/ssm-connect/.build/DerivedData/Build/Products/Debug/SSMConnect.app/Contents/MacOS/__preview.dylib
/Users/michielvh/code/one-b2c/ssm-connect/.build/DerivedData/Build/Products/Debug/SSMConnect.app/Contents/MacOS/__preview.dylib: replacing existing signature

CodeSign /Users/michielvh/code/one-b2c/ssm-connect/.build/DerivedData/Build/Products/Debug/SSMConnect.app (in target 'SSMConnect' from project 'SSMConnect')
    cd /Users/michielvh/code/one-b2c/ssm-connect
    
    Signing Identity:     "Sign to Run Locally"
    
    /usr/bin/codesign --force --sign - --entitlements /Users/michielvh/code/one-b2c/ssm-connect/.build/DerivedData/Build/Intermediates.noindex/SSMConnect.build/Debug/SSMConnect.build/SSMConnect.app.xcent --timestamp\=none --generate-entitlement-der /Users/michielvh/code/one-b2c/ssm-connect/.build/DerivedData/Build/Products/Debug/SSMConnect.app

Validate /Users/michielvh/code/one-b2c/ssm-connect/.build/DerivedData/Build/Products/Debug/SSMConnect.app (in target 'SSMConnect' from project 'SSMConnect')
    cd /Users/michielvh/code/one-b2c/ssm-connect
    builtin-validationUtility /Users/michielvh/code/one-b2c/ssm-connect/.build/DerivedData/Build/Products/Debug/SSMConnect.app -no-validate-extension -infoplist-subpath Contents/Info.plist

RegisterWithLaunchServices /Users/michielvh/code/one-b2c/ssm-connect/.build/DerivedData/Build/Products/Debug/SSMConnect.app (in target 'SSMConnect' from project 'SSMConnect')
    cd /Users/michielvh/code/one-b2c/ssm-connect
    /System/Library/Frameworks/CoreServices.framework/Versions/Current/Frameworks/LaunchServices.framework/Versions/Current/Support/lsregister -f -R -trusted /Users/michielvh/code/one-b2c/ssm-connect/.build/DerivedData/Build/Products/Debug/SSMConnect.app

Test Suite 'All tests' started at 2026-06-05 21:03:45.111.
Test Suite 'All tests' passed at 2026-06-05 21:03:45.111.
	 Executed 0 tests, with 0 failures (0 unexpected) in 0.000 (0.000) seconds
◇ Test run started.
↳ Testing Library Version: 1902
↳ Target Platform: arm64e-apple-macos14.0
◇ Suite "AWSAuthProvider" started.
◇ Test "Valid cached token yields credentials without refresh or browser" started.
✔ Test "Valid cached token yields credentials without refresh or browser" passed after 0.001 seconds.
◇ Test "Expired token triggers a silent refresh and cache write-back, no browser" started.
✔ Test "Expired token triggers a silent refresh and cache write-back, no browser" passed after 0.001 seconds.
◇ Test "Failed silent refresh falls back to device authorization, not an error" started.
✔ Test "Failed silent refresh falls back to device authorization, not an error" passed after 0.001 seconds.
◇ Test "No cached token runs device authorization and opens the browser" started.
✔ Test "No cached token runs device authorization and opens the browser" passed after 0.001 seconds.
◇ Test "Device authorization polls through AuthorizationPending before succeeding" started.
✔ Test "Device authorization polls through AuthorizationPending before succeeding" passed after 0.002 seconds.
◇ Test "refreshIfNeeded throws signInRequired with no cached token and never opens a browser" started.
✔ Test "refreshIfNeeded throws signInRequired with no cached token and never opens a browser" passed after 0.001 seconds.
◇ Test "Missing role credentials surface as AuthError.missingRoleCredentials" started.
✔ Test "Missing role credentials surface as AuthError.missingRoleCredentials" passed after 0.001 seconds.
◇ Test "Role-credential expiration is converted from epoch milliseconds" started.
✔ Test "Role-credential expiration is converted from epoch milliseconds" passed after 0.001 seconds.
✔ Suite "AWSAuthProvider" passed after 0.003 seconds.
◇ Suite "ConnectionState" started.
◇ Test "ConnectionState enum has exactly 8 cases per spec §5" started.
✔ Test "ConnectionState enum has exactly 8 cases per spec §5" passed after 0.001 seconds.
◇ Test "Every state provides a non-empty SF Symbol name" started.
✔ Test "Every state provides a non-empty SF Symbol name" passed after 0.001 seconds.
◇ Test "Every state provides a non-empty tooltip" started.
✔ Test "Every state provides a non-empty tooltip" passed after 0.001 seconds.
◇ Test "Connected state is green, error state is red, disconnected is gray" started.
✔ Test "Connected state is green, error state is red, disconnected is gray" passed after 0.001 seconds.
◇ Test "Transitioning states are the 5 in-progress states" started.
✔ Test "Transitioning states are the 5 in-progress states" passed after 0.001 seconds.
✔ Suite "ConnectionState" passed after 0.003 seconds.
◇ Suite "SSOCacheReader" started.
◇ Test "Returns a non-expired token matched by startUrl + region" started.
✔ Test "Returns a non-expired token matched by startUrl + region" passed after 0.001 seconds.
◇ Test "Expired token without a refresh token cannot refresh" started.
✔ Test "Expired token without a refresh token cannot refresh" passed after 0.001 seconds.
◇ Test "Expired token with a valid registration can refresh" started.
✔ Test "Expired token with a valid registration can refresh" passed after 0.001 seconds.
◇ Test "Refresh impossible once the client registration itself has expired" started.
✔ Test "Refresh impossible once the client registration itself has expired" passed after 0.001 seconds.
◇ Test "Returns nil when no file matches the startUrl" started.
✔ Test "Returns nil when no file matches the startUrl" passed after 0.001 seconds.
◇ Test "Malformed files are skipped without failing the lookup" started.
✔ Test "Malformed files are skipped without failing the lookup" passed after 0.001 seconds.
◇ Test "update() writes the refreshed access token back to the same file" started.
✔ Test "update() writes the refreshed access token back to the same file" passed after 0.001 seconds.
✔ Suite "SSOCacheReader" passed after 0.007 seconds.
✔ Test run with 20 tests in 3 suites passed after 0.015 seconds.
2026-06-05 21:03:45.404 xcodebuild[28460:29994921] [MT] IDETestOperationsObserverDebug: 1.420 elapsed -- Testing started completed.
2026-06-05 21:03:45.404 xcodebuild[28460:29994921] [MT] IDETestOperationsObserverDebug: 0.000 sec, +0.000 sec -- start
2026-06-05 21:03:45.404 xcodebuild[28460:29994921] [MT] IDETestOperationsObserverDebug: 1.420 sec, +1.420 sec -- end

Test session results, code coverage, and logs:
	/Users/michielvh/code/one-b2c/ssm-connect/.build/DerivedData/Logs/Test/Test-SSMConnect-2026.06.05_21-03-32-+0200.xcresult

** TEST SUCCEEDED **

Testing started
